--------------------------------------------------------------------------------
Release 7.1.03i Trace H.41
Copyright (c) 1995-2005 Xilinx, Inc.  All rights reserved.

C:/Xilinx71/bin/nt/trce.exe -ise
f:\pt8612\vhdl\xilinx\test_virtex2\riotest\RIOtest.ise -intstyle ise -e 3 -l 3
-s 5 -xml os_controller os_controller.ncd -o os_controller.twr
os_controller.pcf


Design file:              os_controller.ncd
Physical constraint file: os_controller.pcf
Device,speed:             xc2vp20,-5 (PRODUCTION 1.91 2005-05-13)
Report level:             error report

Environment Variable      Effect 
--------------------      ------ 
NONE                      No environment variables were set
--------------------------------------------------------------------------------

INFO:Timing:2698 - No timing constraints found, doing default enumeration.
INFO:Timing:2752 - To get complete path coverage, use the unconstrained paths
   option. All paths that are not constrained will be reported in the
   unconstrained paths section(s) of the report.


Data Sheet report:
-----------------
All values displayed in nanoseconds (ns)

Setup/Hold to clock clk_148
------------+------------+------------+------------------+--------+
            |  Setup to  |  Hold to   |                  |  Clock |
Source      | clk (edge) | clk (edge) |Internal Clock(s) |  Phase |
------------+------------+------------+------------------+--------+
hdsd_in     |    4.643(R)|   -1.794(R)|clk_148_BUFGP     |   0.000|
------------+------------+------------+------------------+--------+

Clock clk_148 to Pad
------------+------------+------------------+--------+
            | clk (edge) |                  |  Clock |
Destination | to PAD     |Internal Clock(s) |  Phase |
------------+------------+------------------+--------+
data_out<0> |   14.311(R)|clk_148_BUFGP     |   0.000|
data_out<10>|   14.125(R)|clk_148_BUFGP     |   0.000|
data_out<11>|   13.803(R)|clk_148_BUFGP     |   0.000|
data_out<12>|   14.446(R)|clk_148_BUFGP     |   0.000|
data_out<13>|   14.107(R)|clk_148_BUFGP     |   0.000|
data_out<14>|   13.605(R)|clk_148_BUFGP     |   0.000|
data_out<15>|   13.635(R)|clk_148_BUFGP     |   0.000|
data_out<16>|   12.887(R)|clk_148_BUFGP     |   0.000|
data_out<17>|   13.267(R)|clk_148_BUFGP     |   0.000|
data_out<18>|   14.685(R)|clk_148_BUFGP     |   0.000|
data_out<19>|   16.133(R)|clk_148_BUFGP     |   0.000|
data_out<1> |   14.232(R)|clk_148_BUFGP     |   0.000|
data_out<2> |   12.841(R)|clk_148_BUFGP     |   0.000|
data_out<3> |   13.304(R)|clk_148_BUFGP     |   0.000|
data_out<4> |   13.303(R)|clk_148_BUFGP     |   0.000|
data_out<5> |   12.412(R)|clk_148_BUFGP     |   0.000|
data_out<6> |   12.536(R)|clk_148_BUFGP     |   0.000|
data_out<7> |   13.480(R)|clk_148_BUFGP     |   0.000|
data_out<8> |   12.712(R)|clk_148_BUFGP     |   0.000|
data_out<9> |   12.879(R)|clk_148_BUFGP     |   0.000|
enable_out  |    9.408(R)|clk_148_BUFGP     |   0.000|
------------+------------+------------------+--------+

Clock to Setup on destination clock clk_148
---------------+---------+---------+---------+---------+
               | Src:Rise| Src:Fall| Src:Rise| Src:Fall|
Source Clock   |Dest:Rise|Dest:Rise|Dest:Fall|Dest:Fall|
---------------+---------+---------+---------+---------+
clk_148        |    3.567|         |         |         |
---------------+---------+---------+---------+---------+

Pad to Pad
---------------+---------------+---------+
Source Pad     |Destination Pad|  Delay  |
---------------+---------------+---------+
data_in<0>     |data_out<0>    |   11.667|
data_in<0>     |data_out<10>   |    8.290|
data_in<0>     |data_out<1>    |   11.588|
data_in<0>     |data_out<2>    |   10.197|
data_in<0>     |data_out<3>    |   10.660|
data_in<0>     |data_out<4>    |   10.421|
data_in<0>     |data_out<5>    |    9.530|
data_in<0>     |data_out<6>    |    9.654|
data_in<0>     |data_out<7>    |   10.598|
data_in<0>     |data_out<8>    |    9.830|
data_in<0>     |data_out<9>    |    9.997|
data_in<10>    |data_out<0>    |    6.539|
data_in<10>    |data_out<10>   |    9.579|
data_in<10>    |data_out<11>   |    9.257|
data_in<10>    |data_out<12>   |    9.900|
data_in<10>    |data_out<13>   |    9.561|
data_in<10>    |data_out<14>   |    8.736|
data_in<10>    |data_out<15>   |    9.041|
data_in<10>    |data_out<16>   |    8.341|
data_in<10>    |data_out<17>   |    8.586|
data_in<10>    |data_out<18>   |    9.515|
data_in<10>    |data_out<19>   |   11.063|
data_in<10>    |data_out<1>    |    6.708|
data_in<11>    |data_out<10>   |    8.304|
data_in<11>    |data_out<11>   |    8.172|
data_in<11>    |data_out<1>    |    7.112|
data_in<11>    |data_out<2>    |    8.170|
data_in<11>    |data_out<3>    |    8.133|
data_in<11>    |data_out<4>    |   10.079|
data_in<11>    |data_out<5>    |    9.188|
data_in<11>    |data_out<6>    |    9.312|
data_in<11>    |data_out<7>    |   10.256|
data_in<11>    |data_out<8>    |    9.488|
data_in<11>    |data_out<9>    |    9.655|
data_in<12>    |data_out<0>    |    8.629|
data_in<12>    |data_out<12>   |    8.747|
data_in<12>    |data_out<13>   |    8.408|
data_in<12>    |data_out<14>   |    9.727|
data_in<12>    |data_out<15>   |    9.757|
data_in<12>    |data_out<16>   |    8.699|
data_in<12>    |data_out<17>   |    9.389|
data_in<12>    |data_out<18>   |   10.807|
data_in<12>    |data_out<19>   |   12.255|
data_in<12>    |data_out<1>    |    8.550|
data_in<12>    |data_out<2>    |    7.328|
data_in<12>    |data_out<4>    |    7.967|
data_in<12>    |data_out<5>    |    7.026|
data_in<13>    |data_out<10>   |    9.351|
data_in<13>    |data_out<11>   |    9.029|
data_in<13>    |data_out<12>   |    9.672|
data_in<13>    |data_out<13>   |    9.333|
data_in<13>    |data_out<3>    |    7.056|
data_in<13>    |data_out<4>    |    9.597|
data_in<13>    |data_out<5>    |    8.706|
data_in<13>    |data_out<6>    |    8.830|
data_in<13>    |data_out<7>    |    9.774|
data_in<13>    |data_out<8>    |    9.006|
data_in<13>    |data_out<9>    |    9.173|
data_in<14>    |data_out<0>    |   10.124|
data_in<14>    |data_out<14>   |    9.786|
data_in<14>    |data_out<15>   |    9.816|
data_in<14>    |data_out<16>   |    8.758|
data_in<14>    |data_out<17>   |    9.448|
data_in<14>    |data_out<18>   |   10.866|
data_in<14>    |data_out<19>   |   12.314|
data_in<14>    |data_out<1>    |   10.045|
data_in<14>    |data_out<2>    |    8.654|
data_in<14>    |data_out<3>    |    9.117|
data_in<14>    |data_out<4>    |    8.859|
data_in<14>    |data_out<8>    |    7.972|
data_in<14>    |data_out<9>    |    7.687|
data_in<15>    |data_out<10>   |    9.936|
data_in<15>    |data_out<11>   |    9.614|
data_in<15>    |data_out<12>   |   10.257|
data_in<15>    |data_out<13>   |    9.918|
data_in<15>    |data_out<14>   |    7.949|
data_in<15>    |data_out<15>   |    8.795|
data_in<15>    |data_out<5>    |    6.914|
data_in<15>    |data_out<6>    |    8.198|
data_in<15>    |data_out<7>    |    9.129|
data_in<15>    |data_out<8>    |    8.556|
data_in<15>    |data_out<9>    |    9.232|
data_in<16>    |data_out<0>    |   11.478|
data_in<16>    |data_out<12>   |    7.599|
data_in<16>    |data_out<13>   |    7.260|
data_in<16>    |data_out<16>   |    9.987|
data_in<16>    |data_out<17>   |    9.336|
data_in<16>    |data_out<18>   |   11.376|
data_in<16>    |data_out<19>   |   12.824|
data_in<16>    |data_out<1>    |   11.399|
data_in<16>    |data_out<2>    |   10.008|
data_in<16>    |data_out<3>    |   10.471|
data_in<16>    |data_out<4>    |   10.123|
data_in<16>    |data_out<5>    |    9.240|
data_in<16>    |data_out<6>    |    8.013|
data_in<17>    |data_out<10>   |   10.364|
data_in<17>    |data_out<11>   |   10.042|
data_in<17>    |data_out<12>   |   10.685|
data_in<17>    |data_out<13>   |   10.346|
data_in<17>    |data_out<14>   |    9.521|
data_in<17>    |data_out<15>   |    9.826|
data_in<17>    |data_out<16>   |    9.126|
data_in<17>    |data_out<17>   |    9.371|
data_in<17>    |data_out<7>    |    6.956|
data_in<17>    |data_out<8>    |    7.085|
data_in<17>    |data_out<9>    |    8.409|
data_in<18>    |data_out<0>    |   10.693|
data_in<18>    |data_out<16>   |    7.536|
data_in<18>    |data_out<17>   |    7.525|
data_in<18>    |data_out<18>   |    9.476|
data_in<18>    |data_out<19>   |   11.024|
data_in<18>    |data_out<1>    |   10.614|
data_in<18>    |data_out<2>    |    9.223|
data_in<18>    |data_out<3>    |    9.686|
data_in<18>    |data_out<4>    |    8.573|
data_in<18>    |data_out<5>    |    8.668|
data_in<18>    |data_out<6>    |    7.952|
data_in<18>    |data_out<7>    |    9.741|
data_in<18>    |data_out<8>    |    7.399|
data_in<19>    |data_out<10>   |   12.585|
data_in<19>    |data_out<11>   |   12.263|
data_in<19>    |data_out<12>   |   12.906|
data_in<19>    |data_out<13>   |   12.567|
data_in<19>    |data_out<14>   |   11.742|
data_in<19>    |data_out<15>   |   12.047|
data_in<19>    |data_out<16>   |   11.347|
data_in<19>    |data_out<17>   |   11.592|
data_in<19>    |data_out<18>   |    9.564|
data_in<19>    |data_out<19>   |    9.359|
data_in<19>    |data_out<9>    |   10.641|
data_in<1>     |data_out<0>    |    7.874|
data_in<1>     |data_out<11>   |    7.625|
data_in<1>     |data_out<12>   |    9.118|
data_in<1>     |data_out<13>   |    8.779|
data_in<1>     |data_out<14>   |   10.098|
data_in<1>     |data_out<15>   |   10.128|
data_in<1>     |data_out<16>   |    9.070|
data_in<1>     |data_out<17>   |    9.760|
data_in<1>     |data_out<18>   |   11.178|
data_in<1>     |data_out<19>   |   12.626|
data_in<1>     |data_out<1>    |    7.795|
data_in<1>     |data_out<2>    |    7.458|
data_in<1>     |data_out<3>    |    7.444|
data_in<2>     |data_out<10>   |    8.688|
data_in<2>     |data_out<11>   |    8.556|
data_in<2>     |data_out<12>   |    7.612|
data_in<2>     |data_out<2>    |    8.554|
data_in<2>     |data_out<3>    |    8.517|
data_in<2>     |data_out<4>    |   10.463|
data_in<2>     |data_out<5>    |    9.572|
data_in<2>     |data_out<6>    |    9.696|
data_in<2>     |data_out<7>    |   10.640|
data_in<2>     |data_out<8>    |    9.872|
data_in<2>     |data_out<9>    |   10.039|
data_in<3>     |data_out<0>    |    8.875|
data_in<3>     |data_out<13>   |    7.601|
data_in<3>     |data_out<14>   |    8.826|
data_in<3>     |data_out<15>   |    8.856|
data_in<3>     |data_out<16>   |    7.798|
data_in<3>     |data_out<17>   |    8.488|
data_in<3>     |data_out<18>   |    9.906|
data_in<3>     |data_out<19>   |   11.354|
data_in<3>     |data_out<1>    |    8.796|
data_in<3>     |data_out<2>    |    7.405|
data_in<3>     |data_out<3>    |    7.868|
data_in<3>     |data_out<6>    |    7.210|
data_in<3>     |data_out<7>    |    6.820|
data_in<4>     |data_out<10>   |    9.379|
data_in<4>     |data_out<11>   |    9.057|
data_in<4>     |data_out<12>   |    9.700|
data_in<4>     |data_out<13>   |    9.361|
data_in<4>     |data_out<14>   |    8.089|
data_in<4>     |data_out<4>    |    9.625|
data_in<4>     |data_out<5>    |    8.734|
data_in<4>     |data_out<6>    |    8.858|
data_in<4>     |data_out<7>    |    9.802|
data_in<4>     |data_out<8>    |    9.034|
data_in<4>     |data_out<9>    |    9.201|
data_in<5>     |data_out<0>    |   11.030|
data_in<5>     |data_out<10>   |    8.457|
data_in<5>     |data_out<11>   |    8.125|
data_in<5>     |data_out<15>   |    8.330|
data_in<5>     |data_out<16>   |   10.076|
data_in<5>     |data_out<17>   |    9.425|
data_in<5>     |data_out<18>   |   11.465|
data_in<5>     |data_out<19>   |   12.913|
data_in<5>     |data_out<1>    |   10.951|
data_in<5>     |data_out<2>    |    9.560|
data_in<5>     |data_out<3>    |   10.023|
data_in<5>     |data_out<4>    |    9.675|
data_in<5>     |data_out<5>    |    8.792|
data_in<6>     |data_out<10>   |   10.588|
data_in<6>     |data_out<11>   |   10.266|
data_in<6>     |data_out<12>   |   10.909|
data_in<6>     |data_out<13>   |   10.570|
data_in<6>     |data_out<14>   |    8.601|
data_in<6>     |data_out<15>   |    9.447|
data_in<6>     |data_out<16>   |    8.318|
data_in<6>     |data_out<6>    |    8.850|
data_in<6>     |data_out<7>    |    9.781|
data_in<6>     |data_out<8>    |    9.208|
data_in<6>     |data_out<9>    |    9.884|
data_in<7>     |data_out<0>    |    9.812|
data_in<7>     |data_out<14>   |    8.382|
data_in<7>     |data_out<15>   |    7.683|
data_in<7>     |data_out<17>   |    7.122|
data_in<7>     |data_out<18>   |    9.683|
data_in<7>     |data_out<19>   |   11.131|
data_in<7>     |data_out<1>    |    9.733|
data_in<7>     |data_out<2>    |    8.342|
data_in<7>     |data_out<3>    |    8.805|
data_in<7>     |data_out<4>    |    7.692|
data_in<7>     |data_out<5>    |    7.787|
data_in<7>     |data_out<6>    |    7.071|
data_in<7>     |data_out<7>    |    8.860|
data_in<8>     |data_out<10>   |   11.005|
data_in<8>     |data_out<11>   |   10.683|
data_in<8>     |data_out<12>   |   11.326|
data_in<8>     |data_out<13>   |   10.987|
data_in<8>     |data_out<14>   |   10.162|
data_in<8>     |data_out<15>   |   10.467|
data_in<8>     |data_out<16>   |    9.767|
data_in<8>     |data_out<17>   |   10.012|
data_in<8>     |data_out<18>   |    7.921|
data_in<8>     |data_out<8>    |    7.726|
data_in<8>     |data_out<9>    |    9.050|
data_in<9>     |data_out<0>    |   12.758|
data_in<9>     |data_out<18>   |    8.747|
data_in<9>     |data_out<19>   |    9.448|
data_in<9>     |data_out<1>    |   12.679|
data_in<9>     |data_out<2>    |   11.288|
data_in<9>     |data_out<3>    |   11.751|
data_in<9>     |data_out<4>    |   11.512|
data_in<9>     |data_out<5>    |   10.621|
data_in<9>     |data_out<6>    |   10.745|
data_in<9>     |data_out<7>    |   11.689|
data_in<9>     |data_out<8>    |   10.921|
data_in<9>     |data_out<9>    |   11.088|
hdsd_in        |data_out<0>    |    8.457|
hdsd_in        |data_out<10>   |    9.141|
hdsd_in        |data_out<11>   |    8.312|
hdsd_in        |data_out<12>   |    9.231|
hdsd_in        |data_out<13>   |    8.892|
hdsd_in        |data_out<14>   |    8.514|
hdsd_in        |data_out<15>   |    9.025|
hdsd_in        |data_out<16>   |    8.292|
hdsd_in        |data_out<17>   |    7.839|
hdsd_in        |data_out<18>   |    9.012|
hdsd_in        |data_out<19>   |   11.249|
hdsd_in        |data_out<1>    |    8.629|
hdsd_in        |data_out<2>    |    7.736|
hdsd_in        |data_out<3>    |    8.320|
hdsd_in        |data_out<4>    |    7.556|
hdsd_in        |data_out<5>    |    7.818|
hdsd_in        |data_out<6>    |    6.927|
hdsd_in        |data_out<7>    |    7.722|
hdsd_in        |data_out<8>    |    7.239|
hdsd_in        |data_out<9>    |    7.526|
hdsd_in        |enable_out     |    9.740|
---------------+---------------+---------+

Analysis completed Fri Nov 25 15:06:52 2005
--------------------------------------------------------------------------------



Peak Memory Usage: 122 MB
