BL51 BANKED LINKER/LOCATER V5.15              06/28/2011  10:14:16  PAGE 1


BL51 BANKED LINKER/LOCATER V5.15, INVOKED BY:
C:\SILABS\MCU\IDEFILES\C51\BIN\BL51NEW.EXE C:\PT8616\SW_ver2.4\MCU\EEPROM_drv.
>> obj, C:\PT8616\SW_ver2.4\MCU\GPS_main.obj, C:\PT8616\SW_ver2.4\MCU\I2C_bus.
>> obj, C:\PT8616\SW_ver2.4\MCU\i2c_slave.obj, C:\PT8616\SW_ver2.4\MCU\LTC_han
>> dler.obj, C:\PT8616\SW_ver2.4\MCU\pt5300_handler.obj, C:\PT8616\SW_ver2.4\M
>> CU\serial.obj, C:\PT8616\SW_ver2.4\MCU\ublox_prot.obj, C:\PT8616\SW_ver2.4\
>> MCU\config.obj TO C:\PT8616\SW_ver2.4\MCU\PT8616 RS (256) PL (68) PW (78)


MEMORY MODEL: SMALL


INPUT MODULES INCLUDED:
  C:\PT8616\SW_ver2.4\MCU\EEPROM_drv.obj (EEPROM_DRV)
  C:\PT8616\SW_ver2.4\MCU\GPS_main.obj (GPS_MAIN)
  C:\PT8616\SW_ver2.4\MCU\I2C_bus.obj (I2C_BUS)
  C:\PT8616\SW_ver2.4\MCU\i2c_slave.obj (I2C_SLAVE)
  C:\PT8616\SW_ver2.4\MCU\LTC_handler.obj (LTC_HANDLER)
  C:\PT8616\SW_ver2.4\MCU\pt5300_handler.obj (PT5300_HANDLER)
  C:\PT8616\SW_ver2.4\MCU\serial.obj (SERIAL)
  C:\PT8616\SW_ver2.4\MCU\ublox_prot.obj (UBLOX_PROT)
  C:\PT8616\SW_ver2.4\MCU\config.obj (CONFIG)
  C:\SILABS\MCU\IDEFILES\C51\LIB\C51S.LIB (?C_STARTUP)
  C:\SILABS\MCU\IDEFILES\C51\LIB\C51S.LIB (?C?COPY)
  C:\SILABS\MCU\IDEFILES\C51\LIB\C51S.LIB (?C?SCDIV)
  C:\SILABS\MCU\IDEFILES\C51\LIB\C51S.LIB (?C?CLDPTR)
  C:\SILABS\MCU\IDEFILES\C51\LIB\C51S.LIB (?C?CLDOPTR)
  C:\SILABS\MCU\IDEFILES\C51\LIB\C51S.LIB (?C?CSTPTR)
  C:\SILABS\MCU\IDEFILES\C51\LIB\C51S.LIB (?C?IMUL)
  C:\SILABS\MCU\IDEFILES\C51\LIB\C51S.LIB (?C?UIDIV)
  C:\SILABS\MCU\IDEFILES\C51\LIB\C51S.LIB (?C?SIDIV)
  C:\SILABS\MCU\IDEFILES\C51\LIB\C51S.LIB (?C?LMUL)
  C:\SILABS\MCU\IDEFILES\C51\LIB\C51S.LIB (?C?ULDIV)
  C:\SILABS\MCU\IDEFILES\C51\LIB\C51S.LIB (?C?SLDIV)
  C:\SILABS\MCU\IDEFILES\C51\LIB\C51S.LIB (?C?ULCMP)
  C:\SILABS\MCU\IDEFILES\C51\LIB\C51S.LIB (?C?LSTXDATA)
  C:\SILABS\MCU\IDEFILES\C51\LIB\C51S.LIB (?C?LSTKXDATA)
  C:\SILABS\MCU\IDEFILES\C51\LIB\C51S.LIB (?C?CCASE)
  C:\SILABS\MCU\IDEFILES\C51\LIB\C51S.LIB (PRINTF)
  C:\SILABS\MCU\IDEFILES\C51\LIB\C51S.LIB (?C?MEMSET)
  C:\SILABS\MCU\IDEFILES\C51\LIB\C51S.LIB (?C_INIT)
  C:\SILABS\MCU\IDEFILES\C51\LIB\C51S.LIB (?C?PLDIIDATA)
  C:\SILABS\MCU\IDEFILES\C51\LIB\C51S.LIB (PUTCHAR)


LINK MAP OF MODULE:  C:\PT8616\SW_ver2.4\MCU\PT8616 (EEPROM_DRV)


            TYPE    BASE      LENGTH    RELOCATION   SEGMENT NAME
            -----------------------------------------------------

            * * * * * * *   D A T A   M E M O R Y   * * * * * * *
            REG     0000H     0008H     ABSOLUTE     "REG BANK 0"
            DATA    0008H     000BH     UNIT         ?DT?UBLOX_PROT
            DATA    0013H     0008H     UNIT         ?DT?LTC_HANDLER
            DATA    001BH     0004H     UNIT         ?DT?I2C_SLAVE
                    001FH     0001H                  *** GAP ***
            BIT     0020H.0   0001H.1   UNIT         _BIT_GROUP_
            BIT     0021H.1   0000H.3   UNIT         ?BI?GPS_MAIN
            BIT     0021H.4   0000H.3   UNIT         ?BI?LTC_HANDLER
            BIT     0021H.7   0000H.2   UNIT         ?BI?UBLOX_PROT
            BIT     0022H.1   0000H.1   UNIT         ?BI?I2C_SLAVE
                    0022H.2   0000H.6                *** GAP ***
            DATA    0023H     0025H     UNIT         ?DT?GPS_MAIN
            DATA    0048H     0025H     UNIT         _DATA_GROUP_
            DATA    006DH     0002H     UNIT         ?DT?SERIAL
BL51 BANKED LINKER/LOCATER V5.15            06/28/2011  10:14:16  PAGE 2


            IDATA   006FH     0001H     UNIT         ?STACK

            * * * * * * *  X D A T A   M E M O R Y  * * * * * * *
            XDATA   0000H     00DDH     UNIT         ?XD?UBLOX_PROT
            XDATA   00DDH     00CCH     UNIT         _XDATA_GROUP_
            XDATA   01A9H     008DH     UNIT         ?XD?LTC_HANDLER
            XDATA   0236H     004FH     UNIT         ?XD?GPS_MAIN
            XDATA   0285H     0010H     UNIT         ?XD?I2C_SLAVE
            XDATA   0295H     0008H     UNIT         ?XD?SERIAL

            * * * * * * *   C O D E   M E M O R Y   * * * * * * *
            CODE    0000H     0003H     ABSOLUTE     
            CODE    0003H     0003H     ABSOLUTE     
            CODE    0006H     000DH     UNIT         ?PR?_SET_BIT?GPS_MAIN
            CODE    0013H     0003H     ABSOLUTE     
            CODE    0016H     000CH     UNIT         ?PR?I2C_STOP?I2C_BUS
                    0022H     0001H                  *** GAP ***
            CODE    0023H     0003H     ABSOLUTE     
            CODE    0026H     0015H     UNIT         ?PR?INIT_DEVICE?CONFIG
            CODE    003BH     0003H     ABSOLUTE     
            CODE    003EH     0032H     UNIT         ?PR?I2C_GETACK?I2C_BUS
            CODE    0070H     0003H     UNIT         ?PR?INT_RISE?GPS_MAIN
            CODE    0073H     0003H     ABSOLUTE     
            CODE    0076H     043EH     UNIT         ?PR?LTC_HANDLER
            CODE    04B4H     043AH     UNIT         ?PR?LTC_MANAGER?LTC_HANDL
>> ER
            CODE    08EEH     03DAH     UNIT         ?C?LIB_CODE
            CODE    0CC8H     03D8H     UNIT         ?PR?MAIN?GPS_MAIN
            CODE    10A0H     035CH     UNIT         ?PR?PRINTF?PRINTF
            CODE    13FCH     033EH     UNIT         ?PR?PT5300_IN_HANDLE?PT53
>> 00_HANDLER
            CODE    173AH     0266H     UNIT         ?CO?UBLOX_PROT
            CODE    19A0H     0220H     UNIT         ?PR?INTERPRET_MESSAGE?UBL
>> OX_PROT
            CODE    1BC0H     013DH     UNIT         ?PR?CHECK_DAYLIGHT_SWITCH
>> ?LTC_HANDLER
            CODE    1CFDH     011CH     UNIT         ?PR?OFFSET_TIME?LTC_HANDL
>> ER
            CODE    1E19H     00E4H     UNIT         ?PR?I2C_PUTCH?I2C_SLAVE
            CODE    1EFDH     00D9H     UNIT         ?PR?PACKET_PROCESS?UBLOX_
>> PROT
            CODE    1FD6H     00D3H     UNIT         ?PR?SETUP_UBLOX?UBLOX_PRO
>> T
            CODE    20A9H     00C4H     UNIT         ?PR?INIT_LTC?LTC_HANDLER
            CODE    216DH     00B6H     UNIT         ?PR?SMBUS_ISR?I2C_SLAVE
            CODE    2223H     00ADH     UNIT         ?PR?_SEND_PACKET?UBLOX_PR
>> OT
            CODE    22D0H     008CH     UNIT         ?C_C51STARTUP
            CODE    235CH     007BH     UNIT         ?PR?PT5300_OUT_HANDLE?PT5
>> 300_HANDLER
            CODE    23D7H     0072H     UNIT         ?PR?SEC_INC?LTC_HANDLER
            CODE    2449H     0071H     UNIT         ?PR?CONFIRM_DAYLIGHT_SWIT
>> CH?LTC_HANDLER
            CODE    24BAH     006EH     UNIT         ?C_INITSEG
            CODE    2528H     006AH     UNIT         ?PR?TRANSMIT_LTC_DATA?LTC
>> _HANDLER
            CODE    2592H     0068H     UNIT         ?PR?UBLOX_PROT
            CODE    25FAH     005AH     UNIT         ?CO?GPS_MAIN
            CODE    2654H     0051H     UNIT         ?PR?GPS_MAIN
            CODE    26A5H     0044H     UNIT         ?C?LDIV
            CODE    26E9H     0043H     UNIT         ?PR?_EEPROM_READ_BYTE?EEP
>> ROM_DRV
            CODE    272CH     0043H     UNIT         ?PR?SORT_QUALITIES?GPS_MA
>> IN
            CODE    276FH     0037H     UNIT         ?PR?_EEPROM_WRITE_BYTE?EE
BL51 BANKED LINKER/LOCATER V5.15            06/28/2011  10:14:16  PAGE 3


>> PROM_DRV
            CODE    27A6H     0036H     UNIT         ?PR?PT5300_HANDLER
            CODE    27DCH     0031H     UNIT         ?PR?_GETCH?SERIAL
            CODE    280DH     002EH     UNIT         ?PR?SERINT0?SERIAL
            CODE    283BH     002CH     UNIT         ?PR?UPDATE_LTC_STRINGS?LT
>> C_HANDLER
            CODE    2867H     0027H     UNIT         ?PR?_FPGA_WRITE_ARRAY?I2C
>> _BUS
            CODE    288EH     0027H     UNIT         ?PR?PUTCHAR?PUTCHAR
            CODE    28B5H     0022H     UNIT         ?PR?_SET_MESSAGE_RATE?UBL
>> OX_PROT
            CODE    28D7H     0021H     UNIT         ?PR?I2C_READBYTE?I2C_BUS
            CODE    28F8H     0020H     UNIT         ?PR?OSCILLATOR_INIT?CONFI
>> G
            CODE    2918H     001EH     UNIT         ?PR?_GET_PACKET?UBLOX_PRO
>> T
            CODE    2936H     001BH     UNIT         ?CO?LTC_HANDLER
            CODE    2951H     0019H     UNIT         ?PR?_I2C_SENDBYTE?I2C_BUS
>> 
            CODE    296AH     0019H     UNIT         ?PR?_FPGA_READ_BYTE?I2C_B
>> US
            CODE    2983H     0019H     UNIT         ?PR?_GET_UTC_TIME?UBLOX_P
>> ROT
            CODE    299CH     0014H     UNIT         ?PR?I2C_START?I2C_BUS
            CODE    29B0H     0013H     UNIT         ?PR?TIMER_INIT?CONFIG
            CODE    29C3H     0013H     UNIT         ?PR?PORT_IO_INIT?CONFIG
            CODE    29D6H     0012H     UNIT         ?PR?SDELAY?I2C_BUS
            CODE    29E8H     0012H     UNIT         ?PR?_FPGA_WRITE_BYTE?I2C_
>> BUS
            CODE    29FAH     0012H     UNIT         ?PR?_BIN_TO_BCD?LTC_HANDL
>> ER
            CODE    2A0CH     0011H     UNIT         ?PR?I2C_BUS
            CODE    2A1DH     0010H     UNIT         ?PR?_DELAY?I2C_BUS
            CODE    2A2DH     0010H     UNIT         ?PR?_POLL_PACKET?UBLOX_PR
>> OT
            CODE    2A3DH     000EH     UNIT         ?PR?_CLEAR_BIT?GPS_MAIN
            CODE    2A4BH     000AH     UNIT         ?PR?I2C_GIVEACK?I2C_BUS
            CODE    2A55H     000AH     UNIT         ?PR?TIMER3_ISR?I2C_SLAVE
            CODE    2A5FH     000AH     UNIT         ?PR?INTERRUPTS_INIT?CONFI
>> G
            CODE    2A69H     0008H     UNIT         ?PR?_PUTCH?SERIAL
            CODE    2A71H     0007H     UNIT         ?PR?PCA_INIT?CONFIG
            CODE    2A78H     0004H     UNIT         ?PR?UART_INIT?CONFIG
            CODE    2A7CH     0004H     UNIT         ?PR?SMBUS_INIT?CONFIG
            CODE    2A80H     0003H     UNIT         ?PR?INT_FALL?GPS_MAIN



OVERLAY MAP OF MODULE:   C:\PT8616\SW_ver2.4\MCU\PT8616 (EEPROM_DRV)


SEGMENT                                            BIT_GROUP          DATA_GRO
>> UP          XDATA_GROUP
  +--> CALLED SEGMENT                           START    LENGTH     START    L
>> ENGTH     START    LENGTH
------------------------------------------------------------------------------
>> -------------------------
?PR?SMBUS_ISR?I2C_SLAVE                         -----    -----      -----    -
>> ----      -----    -----
  +--> ?PR?I2C_PUTCH?I2C_SLAVE
  +--> ?PR?PT5300_OUT_HANDLE?PT5300_HANDLER

?PR?I2C_PUTCH?I2C_SLAVE                         -----    -----      -----    -
>> ----      -----    -----
  +--> ?CO?GPS_MAIN
BL51 BANKED LINKER/LOCATER V5.15            06/28/2011  10:14:16  PAGE 4



*** NEW ROOT ***************************************************

?C_C51STARTUP                                   -----    -----      -----    -
>> ----      -----    -----
  +--> ?PR?MAIN?GPS_MAIN
  +--> ?C_INITSEG

?PR?MAIN?GPS_MAIN                               -----    -----      -----    -
>> ----      -----    -----
  +--> ?PR?INIT_DEVICE?CONFIG
  +--> ?CO?GPS_MAIN
  +--> ?PR?_FPGA_READ_BYTE?I2C_BUS
  +--> ?PR?_SET_BIT?GPS_MAIN
  +--> ?PR?_CLEAR_BIT?GPS_MAIN
  +--> ?PR?PACKET_PROCESS?UBLOX_PROT
  +--> ?PR?CONFIRM_DAYLIGHT_SWITCH?LTC_HANDLER
  +--> ?PR?_POLL_PACKET?UBLOX_PROT
  +--> ?PR?PT5300_IN_HANDLE?PT5300_HANDLER
  +--> ?PR?INTERPRET_MESSAGE?UBLOX_PROT
  +--> ?PR?_FPGA_WRITE_BYTE?I2C_BUS
  +--> ?PR?UPDATE_LTC_STRINGS?LTC_HANDLER
  +--> ?PR?CHECK_DAYLIGHT_SWITCH?LTC_HANDLER
  +--> ?PR?GPS_MAIN
  +--> ?PR?LTC_MANAGER?LTC_HANDLER
  +--> ?PR?TRANSMIT_LTC_DATA?LTC_HANDLER
  +--> ?PR?SORT_QUALITIES?GPS_MAIN
  +--> ?PR?_EEPROM_READ_BYTE?EEPROM_DRV
  +--> ?PR?INIT_LTC?LTC_HANDLER
  +--> ?PR?PRINTF?PRINTF
  +--> ?PR?SETUP_UBLOX?UBLOX_PROT

?PR?INIT_DEVICE?CONFIG                          -----    -----      -----    -
>> ----      -----    -----
  +--> ?PR?PCA_INIT?CONFIG
  +--> ?PR?TIMER_INIT?CONFIG
  +--> ?PR?UART_INIT?CONFIG
  +--> ?PR?SMBUS_INIT?CONFIG
  +--> ?PR?PORT_IO_INIT?CONFIG
  +--> ?PR?OSCILLATOR_INIT?CONFIG
  +--> ?PR?INTERRUPTS_INIT?CONFIG

?PR?_FPGA_READ_BYTE?I2C_BUS                     -----    -----      -----    -
>> ----      -----    -----
  +--> ?PR?I2C_GETACK?I2C_BUS
  +--> ?PR?I2C_START?I2C_BUS
  +--> ?PR?I2C_BUS
  +--> ?PR?I2C_READBYTE?I2C_BUS
  +--> ?PR?I2C_STOP?I2C_BUS

?PR?I2C_GETACK?I2C_BUS                          -----    -----      -----    -
>> ----      -----    -----
  +--> ?PR?I2C_START?I2C_BUS
  +--> ?PR?_I2C_SENDBYTE?I2C_BUS
  +--> ?PR?SDELAY?I2C_BUS

?PR?I2C_START?I2C_BUS                           -----    -----      -----    -
>> ----      -----    -----
  +--> ?PR?SDELAY?I2C_BUS

?PR?_I2C_SENDBYTE?I2C_BUS                       -----    -----      -----    -
>> ----      -----    -----
  +--> ?PR?SDELAY?I2C_BUS

?PR?I2C_BUS                                     -----    -----      -----    -
BL51 BANKED LINKER/LOCATER V5.15            06/28/2011  10:14:16  PAGE 5


>> ----      -----    -----
  +--> ?PR?SDELAY?I2C_BUS
  +--> ?PR?_I2C_SENDBYTE?I2C_BUS
  +--> ?PR?I2C_GETACK?I2C_BUS

?PR?I2C_READBYTE?I2C_BUS                        -----    -----      -----    -
>> ----      -----    -----
  +--> ?PR?SDELAY?I2C_BUS

?PR?I2C_STOP?I2C_BUS                            -----    -----      -----    -
>> ----      -----    -----
  +--> ?PR?SDELAY?I2C_BUS

?PR?_SET_BIT?GPS_MAIN                           -----    -----      -----    -
>> ----      -----    -----
  +--> ?PR?GPS_MAIN

?PR?GPS_MAIN                                    -----    -----      -----    -
>> ----      -----    -----
  +--> ?CO?GPS_MAIN

?PR?_CLEAR_BIT?GPS_MAIN                         -----    -----      -----    -
>> ----      -----    -----
  +--> ?PR?GPS_MAIN

?PR?PACKET_PROCESS?UBLOX_PROT                   -----    -----      -----    -
>> ----      -----    -----
  +--> ?PR?_GETCH?SERIAL
  +--> ?CO?UBLOX_PROT
  +--> ?PR?UBLOX_PROT

?PR?_POLL_PACKET?UBLOX_PROT                     -----    -----      -----    -
>> ----      00DDH    00CCH
  +--> ?PR?UBLOX_PROT
  +--> ?PR?_SEND_PACKET?UBLOX_PROT

?PR?_SEND_PACKET?UBLOX_PROT                     -----    -----      004BH    0
>> 003H      -----    -----
  +--> ?PR?_PUTCH?SERIAL
  +--> ?PR?UBLOX_PROT

?PR?PT5300_IN_HANDLE?PT5300_HANDLER             -----    -----      0048H    0
>> 001H      -----    -----
  +--> ?PR?_SET_BIT?GPS_MAIN
  +--> ?PR?_CLEAR_BIT?GPS_MAIN
  +--> ?PR?_FPGA_WRITE_BYTE?I2C_BUS
  +--> ?PR?_EEPROM_WRITE_BYTE?EEPROM_DRV
  +--> ?PR?PT5300_HANDLER

?PR?_FPGA_WRITE_BYTE?I2C_BUS                    -----    -----      -----    -
>> ----      -----    -----
  +--> ?PR?I2C_START?I2C_BUS
  +--> ?PR?I2C_BUS
  +--> ?PR?I2C_GETACK?I2C_BUS
  +--> ?PR?I2C_STOP?I2C_BUS

?PR?_EEPROM_WRITE_BYTE?EEPROM_DRV               -----    -----      0049H    0
>> 003H      -----    -----
  +--> ?PR?I2C_START?I2C_BUS
  +--> ?PR?_I2C_SENDBYTE?I2C_BUS
  +--> ?PR?I2C_GETACK?I2C_BUS
  +--> ?PR?I2C_STOP?I2C_BUS
  +--> ?PR?_DELAY?I2C_BUS

?PR?INTERPRET_MESSAGE?UBLOX_PROT                -----    -----      004BH    0
BL51 BANKED LINKER/LOCATER V5.15            06/28/2011  10:14:16  PAGE 6


>> 001H      00DDH    00CCH
  +--> ?PR?_GET_PACKET?UBLOX_PROT
  +--> ?PR?UBLOX_PROT

?PR?_GET_PACKET?UBLOX_PROT                      -----    -----      004CH    0
>> 003H      -----    -----

?PR?UPDATE_LTC_STRINGS?LTC_HANDLER              -----    -----      -----    -
>> ----      -----    -----
  +--> ?PR?LTC_HANDLER
  +--> ?PR?PRINTF?PRINTF

?PR?LTC_HANDLER                                 -----    -----      -----    -
>> ----      -----    -----
  +--> ?CO?LTC_HANDLER

?PR?PRINTF?PRINTF                               0020H.0  0001H.1    0048H    0
>> 014H      -----    -----
  +--> ?PR?PUTCHAR?PUTCHAR

?PR?CHECK_DAYLIGHT_SWITCH?LTC_HANDLER           -----    -----      -----    -
>> ----      -----    -----
  +--> ?PR?LTC_HANDLER
  +--> ?PR?_SET_BIT?GPS_MAIN

?PR?LTC_MANAGER?LTC_HANDLER                     -----    -----      0048H    0
>> 011H      -----    -----
  +--> ?PR?_GET_UTC_TIME?UBLOX_PROT
  +--> ?PR?SEC_INC?LTC_HANDLER
  +--> ?PR?LTC_HANDLER
  +--> ?PR?_SET_BIT?GPS_MAIN
  +--> ?PR?_CLEAR_BIT?GPS_MAIN
  +--> ?PR?OFFSET_TIME?LTC_HANDLER
  +--> ?PR?_BIN_TO_BCD?LTC_HANDLER

?PR?_GET_UTC_TIME?UBLOX_PROT                    -----    -----      0059H    0
>> 003H      -----    -----

?PR?SEC_INC?LTC_HANDLER                         -----    -----      -----    -
>> ----      -----    -----
  +--> ?PR?LTC_HANDLER

?PR?OFFSET_TIME?LTC_HANDLER                     -----    -----      0059H    0
>> 014H      -----    -----
  +--> ?PR?LTC_HANDLER

?PR?TRANSMIT_LTC_DATA?LTC_HANDLER               -----    -----      -----    -
>> ----      -----    -----
  +--> ?PR?_FPGA_WRITE_ARRAY?I2C_BUS

?PR?_FPGA_WRITE_ARRAY?I2C_BUS                   -----    -----      0048H    0
>> 005H      -----    -----
  +--> ?PR?I2C_GETACK?I2C_BUS
  +--> ?PR?I2C_BUS
  +--> ?PR?I2C_STOP?I2C_BUS

?PR?SORT_QUALITIES?GPS_MAIN                     -----    -----      0048H    0
>> 001H      -----    -----

?PR?_EEPROM_READ_BYTE?EEPROM_DRV                -----    -----      0048H    0
>> 003H      -----    -----
  +--> ?PR?I2C_START?I2C_BUS
  +--> ?PR?_I2C_SENDBYTE?I2C_BUS
  +--> ?PR?I2C_GETACK?I2C_BUS
  +--> ?PR?I2C_READBYTE?I2C_BUS
BL51 BANKED LINKER/LOCATER V5.15            06/28/2011  10:14:16  PAGE 7


  +--> ?PR?I2C_STOP?I2C_BUS
  +--> ?PR?_DELAY?I2C_BUS

?PR?INIT_LTC?LTC_HANDLER                        -----    -----      -----    -
>> ----      -----    -----
  +--> ?PR?LTC_HANDLER

?PR?SETUP_UBLOX?UBLOX_PROT                      -----    -----      0048H    0
>> 003H      -----    -----
  +--> ?CO?UBLOX_PROT
  +--> ?PR?_SEND_PACKET?UBLOX_PROT
  +--> ?PR?PACKET_PROCESS?UBLOX_PROT
  +--> ?PR?INTERPRET_MESSAGE?UBLOX_PROT
  +--> ?PR?_SET_MESSAGE_RATE?UBLOX_PROT

?PR?_SET_MESSAGE_RATE?UBLOX_PROT                -----    -----      -----    -
>> ----      00DDH    00CCH
  +--> ?PR?UBLOX_PROT
  +--> ?PR?_SEND_PACKET?UBLOX_PROT



SYMBOL TABLE OF MODULE:  C:\PT8616\SW_ver2.4\MCU\PT8616 (EEPROM_DRV)

  VALUE           TYPE          NAME
  ----------------------------------

  -------         MODULE        EEPROM_DRV
  C:0000H         SYMBOL        _ICE_DUMMY_
  C:26E9H         PUBLIC        _EEPROM_read_byte
  C:276FH         PUBLIC        _EEPROM_write_byte
  -------         PROC          _EEPROM_WRITE_BYTE
  D:0049H         SYMBOL        bank
  D:004AH         SYMBOL        adresse
  D:004BH         SYMBOL        byte
  C:276FH         LINE#         3
  C:2775H         LINE#         4
  C:2775H         LINE#         6
  C:277EH         LINE#         8
  C:2781H         LINE#         9
  C:2789H         LINE#         10
  C:278CH         LINE#         11
  C:2791H         LINE#         12
  C:2794H         LINE#         13
  C:2799H         LINE#         14
  C:279CH         LINE#         15
  C:279FH         LINE#         16
  -------         ENDPROC       _EEPROM_WRITE_BYTE
  -------         PROC          _EEPROM_READ_BYTE
  D:0048H         SYMBOL        bank
  D:0049H         SYMBOL        adresse
  -------         DO            
  D:004AH         SYMBOL        in_byte
  -------         ENDDO         
  C:26E9H         LINE#         20
  C:26EDH         LINE#         21
  C:26EDH         LINE#         22
  C:26F0H         LINE#         26
  C:26F9H         LINE#         28
  C:26FCH         LINE#         29
  C:2704H         LINE#         30
  C:2707H         LINE#         31
  C:270CH         LINE#         32
  C:270FH         LINE#         33
  C:2712H         LINE#         34
BL51 BANKED LINKER/LOCATER V5.15            06/28/2011  10:14:16  PAGE 8


  C:2717H         LINE#         35
  C:271AH         LINE#         36
  C:271FH         LINE#         37
  C:2722H         LINE#         38
  C:2729H         LINE#         41
  C:272BH         LINE#         42
  -------         ENDPROC       _EEPROM_READ_BYTE
  -------         ENDMOD        EEPROM_DRV

  -------         MODULE        GPS_MAIN
  C:0000H         SYMBOL        _ICE_DUMMY_
  B:00A0H.6       PUBLIC        NTP_REQUEST
  D:0090H         PUBLIC        P1
  D:00A0H         PUBLIC        P2
  C:272CH         PUBLIC        sort_qualities
  B:0021H.1       PUBLIC        ext1_fall_flag
  D:0023H         PUBLIC        sorted_quality
  D:0027H         PUBLIC        counter
  C:2653H         PUBLIC        current_MCU_sw_version
  B:00A0H.0       PUBLIC        LED1
  B:00A0H.1       PUBLIC        LED2
  C:2A3DH         PUBLIC        _clear_bit
  D:0029H         PUBLIC        FPGA_system_control
  B:0021H.2       PUBLIC        ext1_rise_flag
  B:0021H.3       PUBLIC        OCXO_locked_status
  D:002AH         PUBLIC        blink_count
  B:00A0H.2       PUBLIC        FPGA_reset
  C:0CC8H         PUBLIC        main
  X:0236H         PUBLIC        PT5300_str
  X:0241H         PUBLIC        OCXO_phase_diff
  D:002CH         PUBLIC        main_state
  D:002DH         PUBLIC        master_status_byte
  C:2652H         PUBLIC        current_FPGA_sw_version
  X:0243H         PUBLIC        counter_str
  D:002EH         PUBLIC        OCXO_dac_value
  B:00A0H.5       PUBLIC        NTP_LOCK_STATUS
  X:024EH         PUBLIC        debug_str
  D:0030H         PUBLIC        next_state
  X:0259H         PUBLIC        quality_str
  C:2A80H         PUBLIC        int_fall
  C:0006H         PUBLIC        _set_bit
  D:0031H         PUBLIC        message_counter
  X:0264H         PUBLIC        phase_str
  D:0032H         PUBLIC        NTP_request_edge
  D:0033H         PUBLIC        blinkpat
  X:026FH         PUBLIC        KU_str
  D:0034H         PUBLIC        FPGA_software_version
  D:0035H         PUBLIC        blinkseq
  C:0070H         PUBLIC        int_rise
  X:027AH         PUBLIC        status_str
  D:0036H         PUBLIC        OCXO_avg_dac_value
  B:0090H.0       PUBLIC        timepulse_status
  D:0038H         PUBLIC        signal_quality
  C:2654H         SYMBOL        Com006D
  C:2654H         SYMBOL        L?0110
  C:2656H         SYMBOL        L?0111
  C:265DH         SYMBOL        L?0112
  C:2664H         SYMBOL        L?0113
  C:266EH         SYMBOL        L?0115
  C:266EH         SYMBOL        L?0116
  C:2677H         SYMBOL        L?0117
  C:2683H         SYMBOL        L?0118
  C:2683H         SYMBOL        L?0119
  C:268AH         SYMBOL        L?0120
  C:268AH         SYMBOL        L?0121
BL51 BANKED LINKER/LOCATER V5.15            06/28/2011  10:14:16  PAGE 9


  C:2691H         SYMBOL        L?0122
  C:269BH         SYMBOL        L?0123
  -------         PROC          COM006D
  -------         ENDPROC       COM006D
  -------         PROC          INT_RISE
  C:0070H         LINE#         144
  C:0070H         LINE#         146
  C:0072H         LINE#         147
  -------         ENDPROC       INT_RISE
  -------         PROC          INT_FALL
  C:2A80H         LINE#         150
  C:2A80H         LINE#         152
  C:2A82H         LINE#         153
  -------         ENDPROC       INT_FALL
  -------         PROC          SORT_QUALITIES
  -------         DO            
  D:0006H         SYMBOL        idx1
  D:0007H         SYMBOL        idx2
  D:0048H         SYMBOL        max_quality
  -------         ENDDO         
  C:272CH         LINE#         156
  C:272CH         LINE#         157
  C:272CH         LINE#         159
  C:272FH         LINE#         162
  C:273EH         LINE#         165
  C:2740H         LINE#         166
  C:2740H         LINE#         167
  C:2742H         LINE#         169
  C:2752H         LINE#         171
  C:2757H         LINE#         172
  C:2763H         LINE#         175
  C:276AH         LINE#         176
  C:276EH         LINE#         177
  -------         ENDPROC       SORT_QUALITIES
  C:106DH         SYMBOL        L?0106
  C:1077H         SYMBOL        L?0107
  C:108CH         SYMBOL        L?0108
  C:1096H         SYMBOL        L?0114
  -------         PROC          MAIN
  C:0CC8H         LINE#         219
  C:0CC8H         LINE#         220
  C:0CC8H         LINE#         221
  C:0CCBH         LINE#         224
  C:0CCEH         LINE#         225
  C:0CD1H         LINE#         228
  C:0CDAH         LINE#         229
  C:0CE3H         LINE#         232
  C:0CE3H         LINE#         233
  C:0CE3H         LINE#         239
  C:0CEEH         LINE#         241
  C:0CF9H         LINE#         242
  C:0CFEH         LINE#         244
  C:0D01H         LINE#         247
  C:0D04H         LINE#         250
  C:0D07H         LINE#         253
  C:0D0BH         LINE#         256
  C:0D0EH         LINE#         257
  C:0D11H         LINE#         259
  C:0D17H         LINE#         262
  C:0D1AH         LINE#         263
  C:0D21H         LINE#         266
  C:0D24H         LINE#         267
  C:0D24H         LINE#         268
  C:0D27H         LINE#         269
  C:0D29H         LINE#         270
BL51 BANKED LINKER/LOCATER V5.15            06/28/2011  10:14:16  PAGE 10


  C:0D29H         LINE#         273
  C:0D2CH         LINE#         274
  C:0D2CH         LINE#         275
  C:0D2FH         LINE#         276
  C:0D31H         LINE#         277
  C:0D31H         LINE#         280
  C:0D43H         LINE#         281
  C:0D43H         LINE#         282
  C:0D48H         LINE#         283
  C:0D4AH         LINE#         284
  C:0D4DH         LINE#         286
  C:0D5DH         LINE#         287
  C:0D61H         LINE#         289
  C:0D63H         LINE#         290
  C:0D63H         LINE#         297
  C:0D69H         LINE#         298
  C:0D69H         LINE#         303
  C:0D8CH         LINE#         306
  C:0D93H         LINE#         308
  C:0D98H         LINE#         309
  C:0D98H         LINE#         310
  C:0D9FH         LINE#         311
  C:0DA6H         LINE#         314
  C:0DC1H         LINE#         315
  C:0DD9H         LINE#         316
  C:0DD9H         LINE#         318
  C:0DDCH         LINE#         319
  C:0DDFH         LINE#         321
  C:0DE7H         LINE#         322
  C:0DE9H         LINE#         329
  C:0DF9H         LINE#         336
  C:0DFBH         LINE#         337
  C:0DFDH         LINE#         338
  C:0DFDH         LINE#         341
  C:0E00H         LINE#         342
  C:0E00H         LINE#         344
  C:0E03H         LINE#         345
  C:0E06H         LINE#         346
  C:0E09H         LINE#         348
  C:0E0BH         LINE#         349
  C:0E0DH         LINE#         350
  C:0E0DH         LINE#         357
  C:0E16H         LINE#         358
  C:0E16H         LINE#         359
  C:0E42H         LINE#         360
  C:0E42H         LINE#         361
  C:0E42H         LINE#         362
  C:0E42H         LINE#         365
  C:0E4EH         LINE#         367
  C:0E53H         LINE#         368
  C:0E57H         LINE#         371
  C:0E59H         LINE#         374
  C:0E5DH         LINE#         375
  C:0E85H         LINE#         377
  C:0E88H         LINE#         380
  C:0E93H         LINE#         383
  C:0E9AH         LINE#         384
  C:0EA1H         LINE#         396
  C:0EA7H         LINE#         399
  C:0EADH         LINE#         402
  C:0EB5H         LINE#         403
  C:0EBAH         LINE#         405
  C:0EBDH         LINE#         407
  C:0EBDH         LINE#         408
  C:0EC0H         LINE#         410
BL51 BANKED LINKER/LOCATER V5.15            06/28/2011  10:14:16  PAGE 11


  C:0ECCH         LINE#         412
  C:0ECEH         LINE#         414
  C:0ED1H         LINE#         416
  C:0ED1H         LINE#         417
  C:0ED1H         LINE#         418
  C:0EDAH         LINE#         419
  C:0EDDH         LINE#         421
  C:0EDDH         LINE#         422
  C:0EE0H         LINE#         424
  C:0EECH         LINE#         426
  C:0EEEH         LINE#         429
  C:0EEEH         LINE#         430
  C:0EEEH         LINE#         431
  C:0EF3H         LINE#         433
  C:0EF6H         LINE#         435
  C:0EF6H         LINE#         436
  C:0EF9H         LINE#         438
  C:0F05H         LINE#         440
  C:0F05H         LINE#         441
  C:0F0DH         LINE#         442
  C:0F15H         LINE#         443
  C:0F15H         LINE#         445
  C:0F17H         LINE#         447
  C:0F17H         LINE#         448
  C:0F1AH         LINE#         450
  C:0F20H         LINE#         452
  C:0F22H         LINE#         453
  C:0F2AH         LINE#         454
  C:0F32H         LINE#         456
  C:0F34H         LINE#         458
  C:0F34H         LINE#         459
  C:0F37H         LINE#         461
  C:0F43H         LINE#         464
  C:0F43H         LINE#         465
  C:0F43H         LINE#         467
  C:0F48H         LINE#         468
  C:0F4AH         LINE#         470
  C:0F4AH         LINE#         471
  C:0F4DH         LINE#         473
  C:0F56H         LINE#         475
  C:0F58H         LINE#         477
  C:0F58H         LINE#         478
  C:0F58H         LINE#         480
  C:0F67H         LINE#         482
  C:0F67H         LINE#         484
  C:0F6FH         LINE#         486
  C:0F6FH         LINE#         491
  C:0F6FH         LINE#         492
  C:0F6FH         LINE#         494
  C:0F74H         LINE#         495
  C:0F77H         LINE#         496
  C:0F77H         LINE#         498
  C:0FA3H         LINE#         499
  C:0FA3H         LINE#         500
  C:0FA3H         LINE#         501
  C:0FA6H         LINE#         502
  C:0FA9H         LINE#         504
  C:0FA9H         LINE#         505
  C:0FB7H         LINE#         506
  C:0FB7H         LINE#         507
  C:0FBDH         LINE#         508
  C:0FC0H         LINE#         514
  C:0FC0H         LINE#         515
  C:0FC3H         LINE#         516
  C:0FC3H         LINE#         517
BL51 BANKED LINKER/LOCATER V5.15            06/28/2011  10:14:16  PAGE 12


  C:0FD1H         LINE#         518
  C:0FD1H         LINE#         519
  C:0FD4H         LINE#         525
  C:0FD4H         LINE#         527
  C:0FD7H         LINE#         528
  C:0FDDH         LINE#         531
  C:0FE7H         LINE#         532
  C:0FE7H         LINE#         534
  C:0FF5H         LINE#         535
  C:0FF5H         LINE#         536
  C:0FF7H         LINE#         538
  C:0FFCH         LINE#         540
  C:0FFFH         LINE#         542
  C:0FFFH         LINE#         544
  C:1002H         LINE#         545
  C:1004H         LINE#         548
  C:1019H         LINE#         549
  C:101CH         LINE#         554
  C:101FH         LINE#         556
  C:101FH         LINE#         558
  C:1022H         LINE#         559
  C:1024H         LINE#         561
  C:102CH         LINE#         562
  C:102FH         LINE#         564
  C:1032H         LINE#         566
  C:1032H         LINE#         568
  C:103CH         LINE#         569
  C:1042H         LINE#         572
  C:1045H         LINE#         573
  C:104BH         LINE#         575
  C:1053H         LINE#         576
  C:1053H         LINE#         578
  C:1055H         LINE#         580
  C:1055H         LINE#         581
  C:105BH         LINE#         582
  C:105EH         LINE#         584
  C:1061H         LINE#         586
  C:1061H         LINE#         587
  C:1064H         LINE#         588
  C:1067H         LINE#         599
  C:1067H         LINE#         600
  C:106AH         LINE#         601
  C:106DH         LINE#         602
  C:106DH         LINE#         603
  C:106DH         LINE#         604
  -------         ENDPROC       MAIN
  -------         PROC          _SET_BIT
  D:0001H         SYMBOL        byte
  D:0005H         SYMBOL        bit_number
  C:0006H         LINE#         608
  C:0006H         LINE#         609
  C:0006H         LINE#         610
  -------         ENDPROC       _SET_BIT
  -------         PROC          _CLEAR_BIT
  D:0001H         SYMBOL        byte
  D:0005H         SYMBOL        bit_number
  C:2A3DH         LINE#         614
  C:2A3DH         LINE#         615
  C:2A3DH         LINE#         616
  -------         ENDPROC       _CLEAR_BIT
  -------         ENDMOD        GPS_MAIN

  -------         MODULE        I2C_BUS
  C:0000H         SYMBOL        _ICE_DUMMY_
  D:0090H         PUBLIC        P1
BL51 BANKED LINKER/LOCATER V5.15            06/28/2011  10:14:16  PAGE 13


  C:29D6H         PUBLIC        sdelay
  C:2867H         PUBLIC        _FPGA_write_array
  C:299CH         PUBLIC        i2c_start
  C:296AH         PUBLIC        _FPGA_read_byte
  B:0090H.1       PUBLIC        sda_int_io
  C:2951H         PUBLIC        _i2c_sendbyte
  C:29E8H         PUBLIC        _FPGA_write_byte
  C:0016H         PUBLIC        i2c_stop
  B:0090H.2       PUBLIC        scl_int_io
  C:28D7H         PUBLIC        i2c_readbyte
  D:0088H         PUBLIC        TCON
  C:2A4BH         PUBLIC        i2c_giveack
  D:008CH         PUBLIC        TH0
  D:008AH         PUBLIC        TL0
  C:0052H         PUBLIC        i2c_getack
  C:2A1DH         PUBLIC        _delay
  C:2A0CH         SYMBOL        Com001E
  C:2A0CH         SYMBOL        L?0031
  C:2A0FH         SYMBOL        L?0032
  C:2A17H         SYMBOL        L?0033
  C:2A17H         SYMBOL        L?0034
  -------         PROC          COM001E
  -------         ENDPROC       COM001E
  -------         PROC          _DELAY
  D:0007H         SYMBOL        hi
  D:0005H         SYMBOL        lo
  C:2A1DH         LINE#         9
  C:2A1DH         LINE#         10
  C:2A1DH         LINE#         11
  C:2A20H         LINE#         12
  C:2A22H         LINE#         13
  C:2A24H         LINE#         14
  C:2A27H         LINE#         15
  C:2A2CH         LINE#         17
  -------         ENDPROC       _DELAY
  -------         PROC          SDELAY
  C:29D6H         LINE#         20
  C:29D6H         LINE#         21
  C:29D6H         LINE#         22
  C:29D9H         LINE#         23
  C:29DCH         LINE#         24
  C:29DFH         LINE#         25
  C:29E2H         LINE#         26
  C:29E7H         LINE#         28
  -------         ENDPROC       SDELAY
  -------         PROC          I2C_START
  C:299CH         LINE#         30
  C:299CH         LINE#         31
  C:299CH         LINE#         32
  C:299EH         LINE#         33
  C:29A1H         LINE#         34
  C:29A3H         LINE#         35
  C:29A6H         LINE#         36
  C:29A8H         LINE#         37
  C:29ABH         LINE#         38
  C:29ADH         LINE#         39
  -------         ENDPROC       I2C_START
  -------         PROC          I2C_STOP
  C:0016H         LINE#         42
  C:0016H         LINE#         43
  C:0016H         LINE#         44
  C:0018H         LINE#         45
  C:001AH         LINE#         46
  C:001DH         LINE#         47
  C:001FH         LINE#         48
BL51 BANKED LINKER/LOCATER V5.15            06/28/2011  10:14:16  PAGE 14


  -------         ENDPROC       I2C_STOP
  -------         PROC          _I2C_SENDBYTE
  D:0007H         SYMBOL        byte
  -------         DO            
  D:0006H         SYMBOL        count
  -------         ENDDO         
  C:2951H         LINE#         51
  C:2951H         LINE#         52
  C:2951H         LINE#         53
  C:2953H         LINE#         55
  C:2953H         LINE#         56
  C:2953H         LINE#         57
  C:2957H         LINE#         58
  C:2957H         LINE#         59
  C:2957H         LINE#         60
  C:2957H         LINE#         61
  C:295AH         LINE#         62
  C:295EH         LINE#         63
  C:2961H         LINE#         64
  C:2965H         LINE#         67
  C:2967H         LINE#         69
  -------         ENDPROC       _I2C_SENDBYTE
  -------         PROC          I2C_READBYTE
  -------         DO            
  D:0007H         SYMBOL        inbyte
  D:0006H         SYMBOL        count
  -------         ENDDO         
  C:28D7H         LINE#         72
  C:28D7H         LINE#         73
  C:28D7H         LINE#         74
  C:28D9H         LINE#         75
  C:28DAH         LINE#         77
  C:28DAH         LINE#         78
  C:28DAH         LINE#         79
  C:28DEH         LINE#         80
  C:28E0H         LINE#         81
  C:28E3H         LINE#         82
  C:28E9H         LINE#         83
  C:28EBH         LINE#         84
  C:28EEH         LINE#         85
  C:28F2H         LINE#         87
  C:28F4H         LINE#         88
  C:28F7H         LINE#         90
  C:28F7H         LINE#         91
  -------         ENDPROC       I2C_READBYTE
  C:0047H         SYMBOL        L?0029
  -------         PROC          L?0028
  -------         ENDPROC       L?0028
  C:0047H         SYMBOL        L?0029
  -------         PROC          I2C_GETACK
  -------         DO            
  D:0007H         SYMBOL        count
  D:0006H         SYMBOL        sda_temp
  -------         ENDDO         
  C:0052H         LINE#         93
  C:0052H         LINE#         94
  C:0052H         LINE#         96
  C:0054H         LINE#         97
  C:0056H         LINE#         98
  C:0058H         LINE#         99
  C:005BH         LINE#         100
  C:005BH         LINE#         101
  C:0060H         LINE#         103
  C:0061H         LINE#         104
  C:0064H         LINE#         105
BL51 BANKED LINKER/LOCATER V5.15            06/28/2011  10:14:16  PAGE 15


  C:0067H         LINE#         106
  C:0067H         LINE#         108
  C:0067H         LINE#         109
  C:0067H         LINE#         110
  C:006AH         LINE#         111
  C:006DH         LINE#         113
  C:006FH         LINE#         114
  -------         ENDPROC       I2C_GETACK
  -------         PROC          I2C_GIVEACK
  C:2A4BH         LINE#         116
  C:2A4BH         LINE#         117
  C:2A4BH         LINE#         118
  C:2A4DH         LINE#         119
  C:2A4FH         LINE#         120
  C:2A4FH         LINE#         121
  C:2A4FH         LINE#         122
  C:2A4FH         LINE#         123
  C:2A52H         LINE#         124
  -------         ENDPROC       I2C_GIVEACK
  -------         PROC          _FPGA_READ_BYTE
  D:0005H         SYMBOL        subaddress
  -------         DO            
  D:0004H         SYMBOL        in_byte
  -------         ENDDO         
  C:296AH         LINE#         127
  C:296AH         LINE#         128
  C:296AH         LINE#         129
  C:296AH         LINE#         131
  C:296AH         LINE#         132
  C:296AH         LINE#         133
  C:296AH         LINE#         134
  C:296AH         LINE#         135
  C:296DH         LINE#         136
  C:2970H         LINE#         137
  C:2972H         LINE#         138
  C:2975H         LINE#         139
  C:297AH         LINE#         140
  C:297DH         LINE#         141
  C:2980H         LINE#         143
  C:2982H         LINE#         144
  -------         ENDPROC       _FPGA_READ_BYTE
  -------         PROC          _FPGA_WRITE_BYTE
  D:0004H         SYMBOL        subaddress
  D:0005H         SYMBOL        byte
  C:29E8H         LINE#         146
  C:29EAH         LINE#         147
  C:29EAH         LINE#         148
  C:29EDH         LINE#         149
  C:29EFH         LINE#         150
  C:29F2H         LINE#         151
  C:29F4H         LINE#         152
  C:29F4H         LINE#         153
  C:29F4H         LINE#         154
  C:29F7H         LINE#         155
  -------         ENDPROC       _FPGA_WRITE_BYTE
  -------         PROC          _FPGA_WRITE_ARRAY
  D:0005H         SYMBOL        subaddress
  D:0049H         SYMBOL        array
  D:004CH         SYMBOL        num_of_bytes
  -------         DO            
  D:0004H         SYMBOL        byte_count
  -------         ENDDO         
  C:2867H         LINE#         158
  C:286DH         LINE#         159
  C:286DH         LINE#         160
BL51 BANKED LINKER/LOCATER V5.15            06/28/2011  10:14:16  PAGE 16


  C:286DH         LINE#         162
  C:286DH         LINE#         163
  C:286DH         LINE#         164
  C:286DH         LINE#         165
  C:286DH         LINE#         166
  C:2870H         LINE#         168
  C:2876H         LINE#         169
  C:2876H         LINE#         170
  C:2885H         LINE#         171
  C:2888H         LINE#         172
  C:288BH         LINE#         174
  -------         ENDPROC       _FPGA_WRITE_ARRAY
  -------         ENDMOD        I2C_BUS

  -------         MODULE        I2C_SLAVE
  C:0000H         SYMBOL        _ICE_DUMMY_
  D:00A0H         PUBLIC        P2
  C:1E19H         PUBLIC        i2c_putch
  B:00C0H.2       PUBLIC        ARBLOST
  C:216DH         PUBLIC        SMBus_ISR
  B:00C0H.0       PUBLIC        SI
  D:001BH         PUBLIC        out_buffer_select
  D:00C1H         PUBLIC        SMB0CF
  D:00C0H         PUBLIC        SMB0CN
  C:2A55H         PUBLIC        timer3_ISR
  B:0022H.1       PUBLIC        i2c_msgupdate
  X:0285H         PUBLIC        in_buffer
  D:0091H         PUBLIC        TMR3CN
  B:00C0H.1       PUBLIC        ACK
  D:001CH         PUBLIC        in_index
  D:001DH         PUBLIC        out_index
  D:001EH         PUBLIC        SMB_DATA
  B:00C0H.5       PUBLIC        STA
  D:00C2H         PUBLIC        SMB0DAT
  B:00C0H.4       PUBLIC        STO
  -------         PROC          TIMER3_ISR
  C:2A55H         LINE#         43
  C:2A55H         LINE#         45
  C:2A58H         LINE#         46
  C:2A5BH         LINE#         47
  C:2A5EH         LINE#         48
  -------         ENDPROC       TIMER3_ISR
  -------         PROC          SMBUS_ISR
  C:216DH         LINE#         50
  C:218AH         LINE#         52
  C:218DH         LINE#         53
  C:218DH         LINE#         56
  C:21A3H         LINE#         57
  C:21A3H         LINE#         59
  C:21A3H         LINE#         60
  C:21A5H         LINE#         61
  C:21ADH         LINE#         62
  C:21ADH         LINE#         63
  C:21B2H         LINE#         64
  C:21B9H         LINE#         66
  C:21BCH         LINE#         68
  C:21BEH         LINE#         69
  C:21C0H         LINE#         71
  C:21C2H         LINE#         72
  C:21C4H         LINE#         75
  C:21C4H         LINE#         76
  C:21C7H         LINE#         78
  C:21D8H         LINE#         81
  C:21E4H         LINE#         82
  C:21E4H         LINE#         83
BL51 BANKED LINKER/LOCATER V5.15            06/28/2011  10:14:16  PAGE 17


  C:21E7H         LINE#         84
  C:21EAH         LINE#         85
  C:21EAH         LINE#         89
  C:21ECH         LINE#         90
  C:21EEH         LINE#         94
  C:21EEH         LINE#         95
  C:21F0H         LINE#         96
  C:21F2H         LINE#         98
  C:21F4H         LINE#         101
  C:21F4H         LINE#         103
  C:21F4H         LINE#         109
  C:21F4H         LINE#         110
  C:21F6H         LINE#         113
  C:21F8H         LINE#         115
  C:21F8H         LINE#         116
  C:21FBH         LINE#         117
  C:21FEH         LINE#         118
  C:21FEH         LINE#         119
  C:21FEH         LINE#         120
  C:21FEH         LINE#         121
  C:2200H         LINE#         122
  C:2200H         LINE#         123
  C:2200H         LINE#         127
  C:2200H         LINE#         128
  C:2202H         LINE#         129
  C:2204H         LINE#         130
  C:2206H         LINE#         131
  C:2206H         LINE#         132
  C:2208H         LINE#         133
  -------         ENDPROC       SMBUS_ISR
  -------         PROC          I2C_PUTCH
  -------         DO            
  D:0007H         SYMBOL        out
  -------         ENDDO         
  C:1E19H         LINE#         135
  C:1E19H         LINE#         136
  C:1E19H         LINE#         140
  C:1E60H         LINE#         141
  C:1E60H         LINE#         142
  C:1E60H         LINE#         143
  C:1E6CH         LINE#         144
  C:1E6FH         LINE#         145
  C:1E6FH         LINE#         146
  C:1E7BH         LINE#         147
  C:1E7DH         LINE#         148
  C:1E7DH         LINE#         149
  C:1E89H         LINE#         150
  C:1E8BH         LINE#         152
  C:1E8BH         LINE#         153
  C:1E8DH         LINE#         154
  C:1E8FH         LINE#         155
  C:1E8FH         LINE#         156
  C:1E94H         LINE#         157
  C:1E96H         LINE#         158
  C:1E96H         LINE#         159
  C:1E9BH         LINE#         160
  C:1E9DH         LINE#         161
  C:1E9DH         LINE#         162
  C:1E9FH         LINE#         163
  C:1EA2H         LINE#         164
  C:1EA3H         LINE#         165
  C:1EA6H         LINE#         166
  C:1EAAH         LINE#         167
  C:1EACH         LINE#         169
  C:1EACH         LINE#         170
BL51 BANKED LINKER/LOCATER V5.15            06/28/2011  10:14:16  PAGE 18


  C:1EB8H         LINE#         171
  C:1EBAH         LINE#         172
  C:1EBAH         LINE#         173
  C:1EC6H         LINE#         174
  C:1EC8H         LINE#         175
  C:1EC8H         LINE#         176
  C:1ED4H         LINE#         177
  C:1ED6H         LINE#         178
  C:1ED6H         LINE#         179
  C:1EE2H         LINE#         180
  C:1EE4H         LINE#         182
  C:1EE4H         LINE#         183
  C:1EEAH         LINE#         184
  C:1EECH         LINE#         185
  C:1EECH         LINE#         186
  C:1EFCH         LINE#         187
  C:1EFCH         LINE#         190
  C:1EFCH         LINE#         192
  C:1EFCH         LINE#         193
  -------         ENDPROC       I2C_PUTCH
  -------         ENDMOD        I2C_SLAVE

  -------         MODULE        LTC_HANDLER
  C:0000H         SYMBOL        _ICE_DUMMY_
  X:01A9H         PUBLIC        BCD_coded_time_a
  X:01ADH         PUBLIC        BCD_coded_time_b
  D:0090H         PUBLIC        P1
  D:00A0H         PUBLIC        P2
  X:01B1H         PUBLIC        LTC_a_frames
  X:01B2H         PUBLIC        secs_since_sync_a
  X:01B6H         PUBLIC        LTC_b_frames
  C:29FAH         PUBLIC        _bin_to_BCD
  X:01B7H         PUBLIC        secs_since_sync_b
  X:01BBH         PUBLIC        send_buffer
  X:01D0H         PUBLIC        LTC_a_offset
  X:01D4H         PUBLIC        LTC_b_offset
  D:0013H         PUBLIC        i2c_byte
  C:1CFDH         PUBLIC        offset_time
  C:04B4H         PUBLIC        LTC_manager
  D:0014H         PUBLIC        NTSC_offset
  C:2449H         PUBLIC        confirm_daylight_switch
  X:01D8H         PUBLIC        int_GPS_week
  X:01DAH         PUBLIC        LTC_a_watchoffset
  X:01DDH         PUBLIC        LTC_b_watchoffset
  D:0016H         PUBLIC        byte_index
  C:1BC0H         PUBLIC        check_daylight_switch
  X:01E0H         PUBLIC        LTC_confirm
  X:01E1H         PUBLIC        LTC_a_time
  X:01E8H         PUBLIC        LTC_b_time
  C:2528H         PUBLIC        transmit_LTC_data
  C:283BH         PUBLIC        update_LTC_strings
  X:01EFH         PUBLIC        quant_error_100MHz
  C:2945H         PUBLIC        month_days
  D:0017H         PUBLIC        temp_long
  X:01F0H         PUBLIC        daylight_off_a_time
  X:01F7H         PUBLIC        daylight_off_b_time
  X:01FEH         PUBLIC        LTC_request
  X:01FFH         PUBLIC        int_GPS_tow
  C:23D7H         PUBLIC        sec_inc
  X:0203H         PUBLIC        dropframe_setup
  X:0204H         PUBLIC        int_time
  B:0021H.4       PUBLIC        LTC_a_daylight_flag
  B:0021H.5       PUBLIC        LTC_b_daylight_flag
  X:020BH         PUBLIC        LTC_a_str
  X:0216H         PUBLIC        LTC_b_str
BL51 BANKED LINKER/LOCATER V5.15            06/28/2011  10:14:16  PAGE 19


  X:0221H         PUBLIC        LTC_a_sync_hour
  B:0090H.0       PUBLIC        timepulse_status
  X:0222H         PUBLIC        daylight_switch_setup
  X:0223H         PUBLIC        LTC_b_sync_hour
  X:0224H         PUBLIC        LTC_a_sync_min
  X:0225H         PUBLIC        LTC_b_sync_min
  X:0226H         PUBLIC        daylight_on_a_time
  X:022DH         PUBLIC        daylight_on_b_time
  X:0234H         PUBLIC        LTC_sync_request
  B:0021H.6       PUBLIC        first_time_run
  X:0235H         PUBLIC        LTC_setup
  C:20A9H         PUBLIC        init_LTC
  C:0076H         SYMBOL        Com008B
  C:0076H         SYMBOL        L?0140
  C:026FH         SYMBOL        L?0141
  C:0297H         SYMBOL        L?0142
  C:029AH         SYMBOL        L?0143
  C:02A5H         SYMBOL        L?0144
  C:02B3H         SYMBOL        L?0145
  C:02DDH         SYMBOL        L?0146
  C:02E8H         SYMBOL        L?0147
  C:02ECH         SYMBOL        L?0148
  C:02FBH         SYMBOL        L?0149
  C:0304H         SYMBOL        L?0150
  C:030FH         SYMBOL        L?0152
  C:0312H         SYMBOL        L?0153
  C:0323H         SYMBOL        L?0154
  C:0323H         SYMBOL        L?0155
  C:0335H         SYMBOL        L?0156
  C:034FH         SYMBOL        L?0157
  C:0350H         SYMBOL        L?0158
  C:035CH         SYMBOL        L?0159
  C:0367H         SYMBOL        L?0161
  C:0382H         SYMBOL        L?0162
  C:039DH         SYMBOL        L?0163
  C:039DH         SYMBOL        L?0164
  C:03A4H         SYMBOL        L?0165
  C:03BCH         SYMBOL        L?0166
  C:03BCH         SYMBOL        L?0167
  C:03C1H         SYMBOL        L?0168
  C:03C8H         SYMBOL        L?0169
  C:03D2H         SYMBOL        L?0170
  C:03DAH         SYMBOL        L?0171
  C:03E3H         SYMBOL        L?0172
  C:03EAH         SYMBOL        L?0173
  C:03FEH         SYMBOL        L?0174
  C:040DH         SYMBOL        L?0175
  C:0420H         SYMBOL        L?0176
  C:0434H         SYMBOL        L?0177
  C:043BH         SYMBOL        L?0178
  C:044EH         SYMBOL        L?0179
  C:045BH         SYMBOL        L?0180
  C:045BH         SYMBOL        L?0181
  C:0462H         SYMBOL        L?0182
  C:046DH         SYMBOL        L?0183
  C:0478H         SYMBOL        L?0184
  C:0482H         SYMBOL        L?0185
  C:048CH         SYMBOL        L?0186
  C:0496H         SYMBOL        L?0187
  C:04A0H         SYMBOL        L?0188
  C:04AAH         SYMBOL        L?0189
  -------         PROC          COM008B
  -------         ENDPROC       COM008B
  -------         PROC          _BIN_TO_BCD
  D:0007H         SYMBOL        binary
BL51 BANKED LINKER/LOCATER V5.15            06/28/2011  10:14:16  PAGE 20


  -------         DO            
  D:0007H         SYMBOL        tens
  D:0006H         SYMBOL        ones
  D:0007H         SYMBOL        BCD
  -------         ENDDO         
  C:29FAH         LINE#         164
  C:29FAH         LINE#         165
  C:29FAH         LINE#         168
  C:2A01H         LINE#         169
  C:2A06H         LINE#         170
  C:2A0BH         LINE#         172
  C:2A0BH         LINE#         173
  -------         ENDPROC       _BIN_TO_BCD
  -------         PROC          SEC_INC
  C:23D7H         LINE#         179
  C:23D7H         LINE#         180
  C:23D7H         LINE#         181
  C:23DDH         LINE#         184
  C:23E2H         LINE#         185
  C:23E2H         LINE#         186
  C:23E3H         LINE#         187
  C:23E9H         LINE#         190
  C:23EEH         LINE#         191
  C:23EEH         LINE#         192
  C:23EFH         LINE#         193
  C:23F5H         LINE#         196
  C:23FAH         LINE#         197
  C:23FAH         LINE#         198
  C:23FBH         LINE#         199
  C:2401H         LINE#         202
  C:240BH         LINE#         203
  C:240BH         LINE#         204
  C:2411H         LINE#         205
  C:2411H         LINE#         206
  C:2412H         LINE#         207
  C:2412H         LINE#         208
  C:2412H         LINE#         209
  C:2414H         LINE#         211
  C:2427H         LINE#         212
  C:2427H         LINE#         213
  C:242AH         LINE#         214
  C:2430H         LINE#         215
  C:2430H         LINE#         218
  C:2437H         LINE#         219
  C:2437H         LINE#         220
  C:243AH         LINE#         221
  C:2448H         LINE#         222
  C:2448H         LINE#         223
  C:2448H         LINE#         224
  C:2448H         LINE#         225
  C:2448H         LINE#         226
  -------         ENDPROC       SEC_INC
  -------         PROC          OFFSET_TIME
  D:0059H         SYMBOL        in_time
  D:0060H         SYMBOL        out_time
  D:0063H         SYMBOL        hours
  D:0064H         SYMBOL        mins
  D:0065H         SYMBOL        secs
  -------         DO            
  D:0066H         SYMBOL        temp_time
  -------         ENDDO         
  C:1CFDH         LINE#         233
  C:1CFDH         LINE#         234
  C:1CFDH         LINE#         238
  C:1D10H         LINE#         241
BL51 BANKED LINKER/LOCATER V5.15            06/28/2011  10:14:16  PAGE 21


  C:1D16H         LINE#         244
  C:1D1DH         LINE#         245
  C:1D1DH         LINE#         246
  C:1D1FH         LINE#         247
  C:1D25H         LINE#         248
  C:1D27H         LINE#         250
  C:1D30H         LINE#         251
  C:1D30H         LINE#         252
  C:1D32H         LINE#         253
  C:1D3DH         LINE#         254
  C:1D3DH         LINE#         258
  C:1D43H         LINE#         261
  C:1D4AH         LINE#         262
  C:1D4AH         LINE#         263
  C:1D4CH         LINE#         264
  C:1D52H         LINE#         265
  C:1D54H         LINE#         267
  C:1D5DH         LINE#         268
  C:1D5DH         LINE#         269
  C:1D5FH         LINE#         270
  C:1D6AH         LINE#         271
  C:1D6AH         LINE#         275
  C:1D70H         LINE#         278
  C:1D77H         LINE#         279
  C:1D77H         LINE#         280
  C:1D79H         LINE#         281
  C:1D7FH         LINE#         282
  C:1D81H         LINE#         284
  C:1D8AH         LINE#         285
  C:1D8AH         LINE#         286
  C:1D8CH         LINE#         287
  C:1D97H         LINE#         288
  C:1D97H         LINE#         292
  C:1DA0H         LINE#         293
  C:1DA0H         LINE#         294
  C:1DA2H         LINE#         296
  C:1DACH         LINE#         297
  C:1DB1H         LINE#         299
  C:1DB6H         LINE#         301
  C:1DBFH         LINE#         302
  C:1DBFH         LINE#         303
  C:1DC7H         LINE#         304
  C:1DCAH         LINE#         305
  C:1DCAH         LINE#         306
  C:1DCCH         LINE#         309
  C:1DD6H         LINE#         310
  C:1DD6H         LINE#         311
  C:1DDFH         LINE#         312
  C:1DDFH         LINE#         313
  C:1DDFH         LINE#         314
  C:1DDFH         LINE#         315
  C:1DDFH         LINE#         316
  C:1DE1H         LINE#         318
  C:1DEDH         LINE#         319
  C:1DEDH         LINE#         320
  C:1DEFH         LINE#         321
  C:1DF2H         LINE#         322
  C:1DF2H         LINE#         324
  C:1DFBH         LINE#         325
  C:1DFBH         LINE#         326
  C:1E03H         LINE#         327
  C:1E06H         LINE#         328
  C:1E06H         LINE#         330
  -------         ENDPROC       OFFSET_TIME
  C:08DEH         SYMBOL        L?0160
BL51 BANKED LINKER/LOCATER V5.15            06/28/2011  10:14:16  PAGE 22


  -------         PROC          LTC_MANAGER
  -------         DO            
  D:0048H         SYMBOL        NTSC_offset_long
  D:004CH         SYMBOL        skipped_frames
  D:004EH         SYMBOL        temp_offset
  D:0051H         SYMBOL        temp_sec_offset
  D:0055H         SYMBOL        temp_secs_since_sync
  -------         ENDDO         
  C:04B4H         LINE#         341
  C:04B4H         LINE#         342
  C:04B4H         LINE#         345
  C:04B9H         LINE#         348
  C:04C1H         LINE#         358
  C:04C4H         LINE#         359
  C:04C4H         LINE#         360
  C:04CDH         LINE#         361
  C:04E1H         LINE#         362
  C:04E1H         LINE#         365
  C:04E4H         LINE#         366
  C:04FCH         LINE#         369
  C:050CH         LINE#         370
  C:051CH         LINE#         373
  C:0535H         LINE#         374
  C:0543H         LINE#         378
  C:0555H         LINE#         379
  C:0569H         LINE#         381
  C:0585H         LINE#         388
  C:0585H         LINE#         389
  C:058BH         LINE#         390
  C:0598H         LINE#         392
  C:05AAH         LINE#         393
  C:05B6H         LINE#         395
  C:05C1H         LINE#         403
  C:05C1H         LINE#         404
  C:05C7H         LINE#         405
  C:05DCH         LINE#         407
  C:05E0H         LINE#         416
  C:05E7H         LINE#         419
  C:05EAH         LINE#         420
  C:05ECH         LINE#         427
  C:05F6H         LINE#         428
  C:05F6H         LINE#         429
  C:05FAH         LINE#         432
  C:0604H         LINE#         433
  C:060DH         LINE#         440
  C:0613H         LINE#         441
  C:0613H         LINE#         442
  C:0613H         LINE#         445
  C:0619H         LINE#         448
  C:0619H         LINE#         449
  C:0619H         LINE#         452
  C:0619H         LINE#         453
  C:0619H         LINE#         456
  C:0619H         LINE#         457
  C:0619H         LINE#         458
  C:0619H         LINE#         461
  C:0619H         LINE#         463
  C:0619H         LINE#         464
  C:0619H         LINE#         466
  C:0619H         LINE#         467
  C:0619H         LINE#         469
  C:0619H         LINE#         470
  C:061CH         LINE#         472
  C:0623H         LINE#         473
  C:0628H         LINE#         475
BL51 BANKED LINKER/LOCATER V5.15            06/28/2011  10:14:16  PAGE 23


  C:062EH         LINE#         476
  C:062EH         LINE#         477
  C:0630H         LINE#         480
  C:0630H         LINE#         481
  C:0633H         LINE#         482
  C:0637H         LINE#         483
  C:0637H         LINE#         490
  C:063DH         LINE#         493
  C:0646H         LINE#         494
  C:0646H         LINE#         495
  C:0646H         LINE#         496
  C:0649H         LINE#         497
  C:0649H         LINE#         500
  C:0653H         LINE#         501
  C:0653H         LINE#         502
  C:0653H         LINE#         505
  C:0667H         LINE#         506
  C:0667H         LINE#         507
  C:066AH         LINE#         508
  C:066CH         LINE#         510
  C:0678H         LINE#         511
  C:0678H         LINE#         512
  C:0678H         LINE#         513
  C:067BH         LINE#         514
  C:067BH         LINE#         515
  C:067BH         LINE#         517
  C:0681H         LINE#         520
  C:0687H         LINE#         521
  C:0692H         LINE#         523
  C:0692H         LINE#         524
  C:0697H         LINE#         525
  C:06A7H         LINE#         526
  C:06A7H         LINE#         528
  C:06AAH         LINE#         529
  C:06AAH         LINE#         530
  C:06AAH         LINE#         531
  C:06AAH         LINE#         538
  C:06B3H         LINE#         539
  C:06B3H         LINE#         541
  C:06BDH         LINE#         542
  C:06BDH         LINE#         543
  C:06C3H         LINE#         544
  C:06C3H         LINE#         545
  C:06CFH         LINE#         546
  C:06CFH         LINE#         548
  C:06D0H         LINE#         549
  C:06D5H         LINE#         550
  C:06D5H         LINE#         551
  C:06D5H         LINE#         552
  C:06D7H         LINE#         555
  C:06E1H         LINE#         556
  C:06E1H         LINE#         557
  C:06E7H         LINE#         558
  C:06E7H         LINE#         559
  C:06F3H         LINE#         560
  C:06F3H         LINE#         562
  C:06FDH         LINE#         563
  C:0708H         LINE#         564
  C:0708H         LINE#         565
  C:0708H         LINE#         566
  C:0708H         LINE#         567
  C:0708H         LINE#         573
  C:0715H         LINE#         574
  C:0722H         LINE#         575
  C:072FH         LINE#         576
BL51 BANKED LINKER/LOCATER V5.15            06/28/2011  10:14:16  PAGE 24


  C:073CH         LINE#         588
  C:0743H         LINE#         591
  C:0746H         LINE#         592
  C:0748H         LINE#         599
  C:0752H         LINE#         600
  C:0752H         LINE#         601
  C:0756H         LINE#         604
  C:0760H         LINE#         605
  C:0769H         LINE#         612
  C:076FH         LINE#         613
  C:076FH         LINE#         614
  C:076FH         LINE#         616
  C:0775H         LINE#         619
  C:0775H         LINE#         620
  C:0775H         LINE#         623
  C:0775H         LINE#         624
  C:0775H         LINE#         627
  C:0775H         LINE#         628
  C:0775H         LINE#         629
  C:0775H         LINE#         632
  C:0775H         LINE#         634
  C:0775H         LINE#         635
  C:0775H         LINE#         637
  C:0775H         LINE#         638
  C:0775H         LINE#         640
  C:0775H         LINE#         641
  C:0778H         LINE#         643
  C:077FH         LINE#         644
  C:0784H         LINE#         646
  C:078AH         LINE#         647
  C:078AH         LINE#         648
  C:078CH         LINE#         651
  C:078CH         LINE#         652
  C:078FH         LINE#         653
  C:0793H         LINE#         654
  C:0793H         LINE#         661
  C:0799H         LINE#         664
  C:07A2H         LINE#         665
  C:07A2H         LINE#         666
  C:07A2H         LINE#         667
  C:07A5H         LINE#         668
  C:07A5H         LINE#         671
  C:07AFH         LINE#         672
  C:07AFH         LINE#         673
  C:07AFH         LINE#         676
  C:07C3H         LINE#         677
  C:07C3H         LINE#         678
  C:07C6H         LINE#         679
  C:07C8H         LINE#         681
  C:07D4H         LINE#         682
  C:07D4H         LINE#         683
  C:07D4H         LINE#         684
  C:07D7H         LINE#         685
  C:07D7H         LINE#         686
  C:07D7H         LINE#         688
  C:07DDH         LINE#         692
  C:07E3H         LINE#         693
  C:07F1H         LINE#         695
  C:07F1H         LINE#         696
  C:07F6H         LINE#         697
  C:0815H         LINE#         698
  C:0815H         LINE#         700
  C:0818H         LINE#         701
  C:0818H         LINE#         702
  C:0818H         LINE#         703
BL51 BANKED LINKER/LOCATER V5.15            06/28/2011  10:14:16  PAGE 25


  C:0818H         LINE#         710
  C:0821H         LINE#         711
  C:0821H         LINE#         713
  C:082BH         LINE#         714
  C:082BH         LINE#         715
  C:0831H         LINE#         716
  C:0831H         LINE#         717
  C:083DH         LINE#         718
  C:083DH         LINE#         720
  C:083FH         LINE#         721
  C:0844H         LINE#         722
  C:0844H         LINE#         723
  C:0844H         LINE#         724
  C:0846H         LINE#         727
  C:0850H         LINE#         728
  C:0850H         LINE#         729
  C:0856H         LINE#         730
  C:0856H         LINE#         731
  C:0862H         LINE#         732
  C:0862H         LINE#         734
  C:086CH         LINE#         735
  C:0877H         LINE#         736
  C:0877H         LINE#         737
  C:0877H         LINE#         738
  C:0877H         LINE#         739
  C:0877H         LINE#         745
  C:0884H         LINE#         746
  C:0891H         LINE#         747
  C:089EH         LINE#         748
  C:08ABH         LINE#         757
  C:08B5H         LINE#         758
  C:08B5H         LINE#         759
  C:08C8H         LINE#         760
  C:08DBH         LINE#         761
  C:08DDH         LINE#         762
  C:08DDH         LINE#         763
  -------         ENDPROC       LTC_MANAGER
  C:1CF3H         SYMBOL        L?0151
  -------         PROC          CHECK_DAYLIGHT_SWITCH
  C:1BC0H         LINE#         766
  C:1BC0H         LINE#         767
  C:1BC0H         LINE#         771
  C:1BD0H         LINE#         772
  C:1BD0H         LINE#         774
  C:1BF4H         LINE#         775
  C:1BF4H         LINE#         776
  C:1C01H         LINE#         777
  C:1C01H         LINE#         779
  C:1C01H         LINE#         780
  C:1C01H         LINE#         782
  C:1C01H         LINE#         783
  C:1C06H         LINE#         784
  C:1C06H         LINE#         785
  C:1C08H         LINE#         787
  C:1C08H         LINE#         788
  C:1C0AH         LINE#         789
  C:1C0FH         LINE#         790
  C:1C11H         LINE#         791
  C:1C11H         LINE#         792
  C:1C11H         LINE#         795
  C:1C35H         LINE#         796
  C:1C35H         LINE#         797
  C:1C42H         LINE#         798
  C:1C42H         LINE#         800
  C:1C42H         LINE#         801
BL51 BANKED LINKER/LOCATER V5.15            06/28/2011  10:14:16  PAGE 26


  C:1C42H         LINE#         803
  C:1C42H         LINE#         804
  C:1C47H         LINE#         805
  C:1C4CH         LINE#         806
  C:1C4EH         LINE#         808
  C:1C4EH         LINE#         809
  C:1C50H         LINE#         810
  C:1C58H         LINE#         811
  C:1C58H         LINE#         812
  C:1C58H         LINE#         813
  C:1C58H         LINE#         814
  C:1C58H         LINE#         819
  C:1C68H         LINE#         820
  C:1C68H         LINE#         822
  C:1C8CH         LINE#         823
  C:1C8CH         LINE#         824
  C:1C9AH         LINE#         825
  C:1C9AH         LINE#         827
  C:1C9AH         LINE#         828
  C:1C9AH         LINE#         830
  C:1C9AH         LINE#         831
  C:1C9FH         LINE#         832
  C:1C9FH         LINE#         833
  C:1CA1H         LINE#         835
  C:1CA1H         LINE#         836
  C:1CA3H         LINE#         837
  C:1CA8H         LINE#         838
  C:1CAAH         LINE#         839
  C:1CAAH         LINE#         840
  C:1CAAH         LINE#         843
  C:1CCEH         LINE#         844
  C:1CCEH         LINE#         845
  C:1CDCH         LINE#         846
  C:1CDCH         LINE#         848
  C:1CDCH         LINE#         849
  C:1CDCH         LINE#         851
  C:1CDCH         LINE#         852
  C:1CE1H         LINE#         853
  C:1CE6H         LINE#         854
  C:1CE8H         LINE#         856
  C:1CE8H         LINE#         857
  C:1CEAH         LINE#         858
  C:1CF2H         LINE#         859
  C:1CF2H         LINE#         860
  C:1CF2H         LINE#         861
  C:1CF2H         LINE#         862
  C:1CF2H         LINE#         863
  -------         ENDPROC       CHECK_DAYLIGHT_SWITCH
  -------         PROC          CONFIRM_DAYLIGHT_SWITCH
  C:2449H         LINE#         866
  C:2449H         LINE#         867
  C:2449H         LINE#         869
  C:2451H         LINE#         870
  C:2451H         LINE#         872
  C:2459H         LINE#         873
  C:245DH         LINE#         875
  C:2461H         LINE#         876
  C:2463H         LINE#         878
  C:2469H         LINE#         879
  C:2469H         LINE#         880
  C:246BH         LINE#         882
  C:2473H         LINE#         883
  C:2473H         LINE#         884
  C:247AH         LINE#         885
  C:2481H         LINE#         886
BL51 BANKED LINKER/LOCATER V5.15            06/28/2011  10:14:16  PAGE 27


  C:2481H         LINE#         889
  C:2489H         LINE#         890
  C:2489H         LINE#         892
  C:2491H         LINE#         893
  C:2495H         LINE#         895
  C:2499H         LINE#         896
  C:249BH         LINE#         898
  C:24A1H         LINE#         899
  C:24A1H         LINE#         900
  C:24A3H         LINE#         902
  C:24ABH         LINE#         903
  C:24ABH         LINE#         904
  C:24B2H         LINE#         905
  C:24B9H         LINE#         906
  C:24B9H         LINE#         907
  -------         ENDPROC       CONFIRM_DAYLIGHT_SWITCH
  -------         PROC          UPDATE_LTC_STRINGS
  C:283BH         LINE#         910
  C:283BH         LINE#         911
  C:283BH         LINE#         912
  C:2851H         LINE#         913
  -------         ENDPROC       UPDATE_LTC_STRINGS
  -------         PROC          TRANSMIT_LTC_DATA
  C:2528H         LINE#         921
  C:2528H         LINE#         922
  C:2528H         LINE#         924
  C:2530H         LINE#         925
  C:2534H         LINE#         926
  C:2538H         LINE#         927
  C:2540H         LINE#         928
  C:2548H         LINE#         929
  C:2550H         LINE#         930
  C:2558H         LINE#         932
  C:2560H         LINE#         933
  C:2568H         LINE#         934
  C:2570H         LINE#         935
  C:2578H         LINE#         937
  C:2580H         LINE#         938
  C:2584H         LINE#         941
  -------         ENDPROC       TRANSMIT_LTC_DATA
  -------         PROC          INIT_LTC
  C:20A9H         LINE#         946
  C:20A9H         LINE#         947
  C:20A9H         LINE#         948
  C:20AEH         LINE#         949
  C:20B8H         LINE#         950
  C:20C2H         LINE#         951
  C:20C7H         LINE#         952
  C:20CBH         LINE#         953
  C:20CFH         LINE#         954
  C:20D3H         LINE#         957
  C:20DCH         LINE#         958
  C:20E0H         LINE#         959
  C:20EAH         LINE#         961
  C:20F1H         LINE#         962
  C:20F8H         LINE#         964
  C:20FFH         LINE#         965
  C:2106H         LINE#         967
  C:2108H         LINE#         968
  C:210AH         LINE#         970
  C:210FH         LINE#         971
  C:2113H         LINE#         973
  C:211DH         LINE#         974
  C:2124H         LINE#         976
  C:2131H         LINE#         977
BL51 BANKED LINKER/LOCATER V5.15            06/28/2011  10:14:16  PAGE 28


  C:2135H         LINE#         979
  C:2141H         LINE#         980
  C:214AH         LINE#         982
  C:2151H         LINE#         983
  C:2158H         LINE#         985
  C:2162H         LINE#         986
  C:216CH         LINE#         987
  -------         ENDPROC       INIT_LTC
  -------         ENDMOD        LTC_HANDLER

  -------         MODULE        PT5300_HANDLER
  C:0000H         SYMBOL        _ICE_DUMMY_
  D:00A0H         PUBLIC        P2
  C:13FCH         PUBLIC        pt5300_in_handle
  C:235CH         PUBLIC        pt5300_out_handle
  C:27A6H         SYMBOL        Com0064
  C:27A6H         SYMBOL        L?0101
  C:27A6H         SYMBOL        L?0102
  C:27C7H         SYMBOL        L?0103
  C:27CAH         SYMBOL        L?0104
  C:27D1H         SYMBOL        L?0106
  -------         PROC          COM0064
  -------         ENDPROC       COM0064
  C:1730H         SYMBOL        L?0105
  -------         PROC          PT5300_IN_HANDLE
  -------         DO            
  D:0048H         SYMBOL        counter
  -------         ENDDO         
  C:13FCH         LINE#         12
  C:13FCH         LINE#         13
  C:13FCH         LINE#         15
  C:13FFH         LINE#         17
  C:148BH         LINE#         18
  C:148BH         LINE#         21
  C:148BH         LINE#         23
  C:1498H         LINE#         24
  C:149FH         LINE#         26
  C:14A4H         LINE#         29
  C:14ABH         LINE#         30
  C:14B3H         LINE#         32
  C:14B3H         LINE#         36
  C:14B3H         LINE#         37
  C:14BBH         LINE#         38
  C:14BCH         LINE#         39
  C:14BCH         LINE#         40
  C:14C4H         LINE#         41
  C:14C5H         LINE#         42
  C:14C5H         LINE#         43
  C:14CDH         LINE#         44
  C:14CEH         LINE#         45
  C:14CEH         LINE#         46
  C:14D6H         LINE#         47
  C:14D7H         LINE#         50
  C:14D7H         LINE#         51
  C:14DEH         LINE#         53
  C:14F5H         LINE#         54
  C:14F5H         LINE#         55
  C:14F5H         LINE#         56
  C:14F5H         LINE#         57
  C:14F8H         LINE#         58
  C:14F8H         LINE#         59
  C:14FFH         LINE#         60
  C:1500H         LINE#         61
  C:1500H         LINE#         62
  C:1507H         LINE#         63
BL51 BANKED LINKER/LOCATER V5.15            06/28/2011  10:14:16  PAGE 29


  C:1508H         LINE#         64
  C:1508H         LINE#         65
  C:150FH         LINE#         66
  C:1510H         LINE#         67
  C:1510H         LINE#         68
  C:1517H         LINE#         69
  C:1518H         LINE#         70
  C:1518H         LINE#         71
  C:1518H         LINE#         74
  C:1518H         LINE#         75
  C:151BH         LINE#         76
  C:151EH         LINE#         77
  C:1521H         LINE#         79
  C:1521H         LINE#         80
  C:1529H         LINE#         81
  C:152AH         LINE#         83
  C:152AH         LINE#         84
  C:1532H         LINE#         85
  C:1533H         LINE#         88
  C:1533H         LINE#         89
  C:153BH         LINE#         90
  C:153CH         LINE#         93
  C:153CH         LINE#         94
  C:1544H         LINE#         95
  C:1545H         LINE#         98
  C:1545H         LINE#         99
  C:1548H         LINE#         100
  C:154BH         LINE#         101
  C:154EH         LINE#         104
  C:154EH         LINE#         105
  C:1557H         LINE#         106
  C:1558H         LINE#         107
  C:1558H         LINE#         108
  C:1560H         LINE#         109
  C:1561H         LINE#         110
  C:1561H         LINE#         111
  C:1569H         LINE#         112
  C:156AH         LINE#         115
  C:156AH         LINE#         116
  C:1573H         LINE#         117
  C:1574H         LINE#         118
  C:1574H         LINE#         119
  C:157CH         LINE#         120
  C:157DH         LINE#         121
  C:157DH         LINE#         122
  C:1585H         LINE#         123
  C:1586H         LINE#         128
  C:1586H         LINE#         129
  C:158EH         LINE#         130
  C:158FH         LINE#         131
  C:158FH         LINE#         132
  C:1597H         LINE#         133
  C:1598H         LINE#         134
  C:1598H         LINE#         135
  C:15A0H         LINE#         136
  C:15A1H         LINE#         137
  C:15A1H         LINE#         138
  C:15A9H         LINE#         139
  C:15AAH         LINE#         142
  C:15AAH         LINE#         143
  C:15B1H         LINE#         145
  C:15C8H         LINE#         146
  C:15C8H         LINE#         147
  C:15C8H         LINE#         148
  C:15CDH         LINE#         149
BL51 BANKED LINKER/LOCATER V5.15            06/28/2011  10:14:16  PAGE 30


  C:15CEH         LINE#         150
  C:15CEH         LINE#         151
  C:15D5H         LINE#         152
  C:15D6H         LINE#         153
  C:15D6H         LINE#         154
  C:15DDH         LINE#         155
  C:15DEH         LINE#         156
  C:15DEH         LINE#         157
  C:15E5H         LINE#         158
  C:15E6H         LINE#         159
  C:15E6H         LINE#         160
  C:15EDH         LINE#         161
  C:15EEH         LINE#         162
  C:15EEH         LINE#         163
  C:15EEH         LINE#         166
  C:15EEH         LINE#         167
  C:15F4H         LINE#         168
  C:15FFH         LINE#         169
  C:1600H         LINE#         171
  C:1600H         LINE#         172
  C:1608H         LINE#         173
  C:1609H         LINE#         175
  C:1609H         LINE#         176
  C:1611H         LINE#         177
  C:1612H         LINE#         180
  C:1612H         LINE#         181
  C:161AH         LINE#         182
  C:161BH         LINE#         185
  C:161BH         LINE#         186
  C:1623H         LINE#         187
  C:1624H         LINE#         189
  C:1624H         LINE#         190
  C:162AH         LINE#         191
  C:1635H         LINE#         192
  C:1636H         LINE#         195
  C:1636H         LINE#         196
  C:163FH         LINE#         197
  C:1640H         LINE#         198
  C:1640H         LINE#         199
  C:1648H         LINE#         200
  C:1649H         LINE#         201
  C:1649H         LINE#         202
  C:1651H         LINE#         203
  C:1652H         LINE#         206
  C:1652H         LINE#         207
  C:165BH         LINE#         208
  C:165CH         LINE#         209
  C:165CH         LINE#         210
  C:1664H         LINE#         211
  C:1665H         LINE#         212
  C:1665H         LINE#         213
  C:166DH         LINE#         214
  C:166EH         LINE#         217
  C:166EH         LINE#         218
  C:1673H         LINE#         219
  C:1677H         LINE#         221
  C:1679H         LINE#         222
  C:167BH         LINE#         224
  C:167BH         LINE#         225
  C:1680H         LINE#         226
  C:1684H         LINE#         228
  C:1689H         LINE#         229
  C:1689H         LINE#         232
  C:1689H         LINE#         233
  C:168FH         LINE#         234
BL51 BANKED LINKER/LOCATER V5.15            06/28/2011  10:14:16  PAGE 31


  C:1691H         LINE#         235
  C:1691H         LINE#         236
  C:169AH         LINE#         237
  C:169AH         LINE#         241
  C:169AH         LINE#         242
  C:16A1H         LINE#         243
  C:16AAH         LINE#         246
  C:16B2H         LINE#         247
  C:16B7H         LINE#         248
  C:16B9H         LINE#         251
  C:16B9H         LINE#         252
  C:16C0H         LINE#         253
  C:16C9H         LINE#         256
  C:16D1H         LINE#         257
  C:16D9H         LINE#         258
  C:16D9H         LINE#         261
  C:16D9H         LINE#         262
  C:16E1H         LINE#         263
  C:16E5H         LINE#         264
  C:16E9H         LINE#         265
  C:16EBH         LINE#         267
  C:16EFH         LINE#         268
  C:16F2H         LINE#         269
  C:16F6H         LINE#         270
  C:16F8H         LINE#         271
  C:16F9H         LINE#         274
  C:16F9H         LINE#         275
  C:170CH         LINE#         277
  C:170FH         LINE#         278
  C:172FH         LINE#         279
[...]
  D:0008H         PUBLIC        length
  C:28B5H         PUBLIC        _set_message_rate
  B:0021H.7       PUBLIC        acknowledge
  D:000AH         PUBLIC        ck_a
  D:000BH         PUBLIC        ck_b
  D:000CH         PUBLIC        str_ptr
  D:000DH         PUBLIC        noise
  D:000FH         PUBLIC        state
  C:199EH         PUBLIC        ub_header
  X:0000H         PUBLIC        GPS_timemode
  X:0001H         PUBLIC        GPS_tow
  B:0022H.0       PUBLIC        msg_update_flag
  C:19A0H         PUBLIC        interpret_message
  D:0010H         PUBLIC        buf_index
  X:0005H         PUBLIC        quant_error
  C:1FD6H         PUBLIC        setup_ublox
  C:173AH         PUBLIC        timemode
  X:0009H         PUBLIC        UTC_time_buffer
  C:1EFDH         PUBLIC        packet_process
  X:0010H         PUBLIC        msg_buf
  C:2223H         PUBLIC        _send_packet
  C:1806H         PUBLIC        cfg_prt
  D:0011H         PUBLIC        maxnoise
  X:00D8H         PUBLIC        GPS_time_valid
  X:00D9H         PUBLIC        UTC_time_valid
  C:2A2DH         PUBLIC        _poll_packet
  C:18D2H         PUBLIC        nav2
  X:00DAH         PUBLIC        leap_seconds
  X:00DBH         PUBLIC        GPS_week
  C:2918H         PUBLIC        _get_packet
  C:2592H         SYMBOL        Com003F
  C:2592H         SYMBOL        L?0064
  C:259CH         SYMBOL        L?0065
  C:25B1H         SYMBOL        L?0066
  C:25B7H         SYMBOL        L?0067
  C:25BAH         SYMBOL        L?0068
  C:25C3H         SYMBOL        L?0069
  C:25C5H         SYMBOL        L?0070
  C:25D2H         SYMBOL        L?0072
  C:25D5H         SYMBOL        L?0073
  C:25DCH         SYMBOL        L?0074
  C:25E8H         SYMBOL        L?0075
  C:25F3H         SYMBOL        L?0076
  -------         PROC          COM003F
  -------         ENDPROC       COM003F
  -------         PROC          PACKET_PROCESS
  C:1EFDH         LINE#         114
  C:1EFDH         LINE#         115
  C:1EFDH         LINE#         116
BL51 BANKED LINKER/LOCATER V5.15            06/28/2011  10:14:16  PAGE 34


  C:1F11H         LINE#         117
  C:1F11H         LINE#         119
  C:1F15H         LINE#         120
  C:1F15H         LINE#         121
  C:1F22H         LINE#         122
  C:1F26H         LINE#         124
  C:1F29H         LINE#         126
  C:1F2BH         LINE#         129
  C:1F34H         LINE#         130
  C:1F34H         LINE#         131
  C:1F36H         LINE#         132
  C:1F38H         LINE#         133
  C:1F3BH         LINE#         134
  C:1F3DH         LINE#         135
  C:1F3FH         LINE#         136
  C:1F43H         LINE#         137
  C:1F43H         LINE#         138
  C:1F44H         LINE#         141
  C:1F4AH         LINE#         142
  C:1F4AH         LINE#         143
  C:1F4AH         LINE#         146
  C:1F4DH         LINE#         147
  C:1F50H         LINE#         150
  C:1F55H         LINE#         151
  C:1F55H         LINE#         152
  C:1F65H         LINE#         153
  C:1F68H         LINE#         154
  C:1F6BH         LINE#         155
  C:1F6BH         LINE#         157
  C:1F6DH         LINE#         158
  C:1F6EH         LINE#         161
  C:1F74H         LINE#         162
  C:1F74H         LINE#         163
  C:1F74H         LINE#         166
  C:1F77H         LINE#         167
  C:1F7AH         LINE#         170
  C:1F7FH         LINE#         171
  C:1F82H         LINE#         174
  C:1F8BH         LINE#         175
  C:1F8EH         LINE#         177
  C:1F90H         LINE#         178
  C:1F91H         LINE#         181
  C:1F97H         LINE#         182
  C:1F97H         LINE#         183
  C:1F99H         LINE#         186
  C:1FACH         LINE#         187
  C:1FACH         LINE#         188
  C:1FAFH         LINE#         189
  C:1FB1H         LINE#         190
  C:1FB3H         LINE#         193
  C:1FD1H         LINE#         194
  C:1FD3H         LINE#         195
  C:1FD3H         LINE#         197
  C:1FD5H         LINE#         198
  C:1FD5H         LINE#         199
  C:1FD5H         LINE#         200
  -------         ENDPROC       PACKET_PROCESS
  -------         PROC          INTERPRET_MESSAGE
  -------         DO            
  X:00DDH         SYMBOL        in_packet
  D:0007H         SYMBOL        count
  D:004BH         SYMBOL        index
  -------         ENDDO         
  C:19A0H         LINE#         202
  C:19A0H         LINE#         203
BL51 BANKED LINKER/LOCATER V5.15            06/28/2011  10:14:16  PAGE 35


  C:19A0H         LINE#         207
  C:19A9H         LINE#         210
  C:19C5H         LINE#         211
  C:19C5H         LINE#         212
  C:19C5H         LINE#         213
  C:19D0H         LINE#         214
  C:19D0H         LINE#         216
  C:19D0H         LINE#         217
  C:19E0H         LINE#         219
  C:19EEH         LINE#         220
  C:19F4H         LINE#         221
  C:19F5H         LINE#         222
  C:19F5H         LINE#         223
  C:19F5H         LINE#         226
  C:19F5H         LINE#         228
  C:1A0EH         LINE#         229
  C:1A0EH         LINE#         231
  C:1A0EH         LINE#         233
  C:1A16H         LINE#         236
  C:1A1EH         LINE#         237
  C:1A26H         LINE#         238
  C:1A2EH         LINE#         239
  C:1A36H         LINE#         240
  C:1A56H         LINE#         243
  C:1A7FH         LINE#         246
  C:1A8CH         LINE#         247
  C:1A9EH         LINE#         250
  C:1AA6H         LINE#         251
  C:1AA7H         LINE#         254
  C:1AA7H         LINE#         256
  C:1ABEH         LINE#         257
  C:1AC6H         LINE#         258
  C:1ACEH         LINE#         259
  C:1AD6H         LINE#         260
  C:1ADEH         LINE#         261
  C:1AE6H         LINE#         262
  C:1AEEH         LINE#         263
  C:1AEFH         LINE#         265
  C:1AEFH         LINE#         266
  C:1AF2H         LINE#         267
  C:1AF4H         LINE#         268
  C:1AF4H         LINE#         269
  C:1B07H         LINE#         270
  C:1B0DH         LINE#         271
  C:1B12H         LINE#         273
  C:1B12H         LINE#         277
  C:1B12H         LINE#         278
  C:1B12H         LINE#         279
  C:1B12H         LINE#         280
  C:1B12H         LINE#         283
  C:1B12H         LINE#         284
  C:1B1BH         LINE#         285
  C:1B1BH         LINE#         287
  C:1B1BH         LINE#         288
  C:1B1DH         LINE#         289
  C:1B1EH         LINE#         291
  C:1B1EH         LINE#         294
  C:1B1EH         LINE#         295
  C:1B20H         LINE#         296
  C:1B20H         LINE#         297
  C:1B21H         LINE#         300
  C:1B21H         LINE#         301
  C:1B33H         LINE#         302
  C:1B33H         LINE#         304
  C:1B33H         LINE#         305
BL51 BANKED LINKER/LOCATER V5.15            06/28/2011  10:14:16  PAGE 36


  C:1B3CH         LINE#         306
  C:1B4DH         LINE#         307
  C:1B78H         LINE#         308
  C:1BB3H         LINE#         309
  C:1BB3H         LINE#         312
  C:1BB3H         LINE#         313
  C:1BBBH         LINE#         314
  C:1BBCH         LINE#         315
  C:1BBCH         LINE#         316
  C:1BBCH         LINE#         318
  C:1BBCH         LINE#         319
  C:1BBFH         LINE#         320
  C:1BBFH         LINE#         321
  C:1BBFH         LINE#         322
  -------         ENDPROC       INTERPRET_MESSAGE
  -------         PROC          _POLL_PACKET
  D:0007H         SYMBOL        class_num
  D:0005H         SYMBOL        id_num
  -------         DO            
  X:00DDH         SYMBOL        poll_packet
  -------         ENDDO         
  C:2A2DH         LINE#         324
  C:2A2DH         LINE#         325
  C:2A2DH         LINE#         328
  C:2A30H         LINE#         329
  C:2A30H         LINE#         330
  C:2A30H         LINE#         331
  C:2A34H         LINE#         333
  -------         ENDPROC       _POLL_PACKET
  C:22C5H         SYMBOL        L?0071
  -------         PROC          _SEND_PACKET
  D:004BH         SYMBOL        out_packet
  C:2223H         LINE#         336
  C:2229H         LINE#         337
  C:2229H         LINE#         338
  C:222EH         LINE#         340
  C:2239H         LINE#         343
  C:223EH         LINE#         344
  C:2243H         LINE#         347
  C:224CH         LINE#         348
  C:2256H         LINE#         350
  C:2260H         LINE#         351
  C:2266H         LINE#         354
  C:2270H         LINE#         355
  C:2276H         LINE#         357
  C:227CH         LINE#         358
  C:2285H         LINE#         361
  C:2295H         LINE#         362
  C:2295H         LINE#         363
  C:22A5H         LINE#         364
  C:22B7H         LINE#         365
  C:22BBH         LINE#         368
  C:22C0H         LINE#         369
  C:22C5H         LINE#         370
  -------         ENDPROC       _SEND_PACKET
  -------         PROC          _GET_PACKET
  D:004CH         SYMBOL        in_packet
  C:2918H         LINE#         372
  C:291EH         LINE#         373
  C:291EH         LINE#         375
  -------         ENDPROC       _GET_PACKET
  -------         PROC          SETUP_UBLOX
  -------         DO            
  D:0048H         SYMBOL        timer
  D:004AH         SYMBOL        retry
BL51 BANKED LINKER/LOCATER V5.15            06/28/2011  10:14:16  PAGE 37


  -------         ENDDO         
  C:1FD6H         LINE#         378
  C:1FD6H         LINE#         379
  C:1FD6H         LINE#         381
  C:1FD9H         LINE#         384
  C:1FE3H         LINE#         385
  C:1FE8H         LINE#         386
  C:1FF0H         LINE#         387
  C:1FF7H         LINE#         388
  C:1FFBH         LINE#         389
  C:1FFFH         LINE#         390
  C:2003H         LINE#         391
  C:2007H         LINE#         392
  C:2009H         LINE#         393
  C:200BH         LINE#         394
  C:200FH         LINE#         395
  C:2011H         LINE#         396
  C:2013H         LINE#         397
  C:2020H         LINE#         399
  C:202AH         LINE#         400
  C:202AH         LINE#         401
  C:202FH         LINE#         404
  C:2038H         LINE#         407
  C:2047H         LINE#         408
  C:2047H         LINE#         409
  C:204FH         LINE#         410
  C:2052H         LINE#         411
  C:2054H         LINE#         413
  C:2056H         LINE#         415
  C:2059H         LINE#         416
  C:205BH         LINE#         417
  C:205DH         LINE#         419
  C:2062H         LINE#         420
  C:2065H         LINE#         423
  C:2067H         LINE#         426
  C:2070H         LINE#         427
  C:2079H         LINE#         430
  C:2082H         LINE#         433
  C:208BH         LINE#         436
  C:2094H         LINE#         439
  C:209DH         LINE#         442
  C:20A6H         LINE#         444
  C:20A8H         LINE#         445
  -------         ENDPROC       SETUP_UBLOX
  -------         PROC          _SET_MESSAGE_RATE
  D:0007H         SYMBOL        class_num
  D:0005H         SYMBOL        id_num
  D:0003H         SYMBOL        rate
  -------         DO            
  X:00DDH         SYMBOL        temp_packet
  -------         ENDDO         
  C:28B5H         LINE#         448
  C:28B5H         LINE#         449
  C:28B5H         LINE#         452
  C:28BBH         LINE#         453
  C:28BFH         LINE#         454
  C:28C1H         LINE#         455
  C:28C1H         LINE#         457
  C:28C4H         LINE#         458
  C:28C4H         LINE#         459
  C:28C4H         LINE#         460
  C:28C9H         LINE#         461
  C:28CCH         LINE#         462
  C:28CEH         LINE#         464
  -------         ENDPROC       _SET_MESSAGE_RATE
BL51 BANKED LINKER/LOCATER V5.15            06/28/2011  10:14:16  PAGE 38


  -------         PROC          _GET_UTC_TIME
  D:0059H         SYMBOL        out_time
  C:2983H         LINE#         468
  C:2989H         LINE#         469
  C:2989H         LINE#         470
  -------         ENDPROC       _GET_UTC_TIME
  -------         ENDMOD        UBLOX_PROT

  -------         MODULE        CONFIG
  C:0000H         SYMBOL        _ICE_DUMMY_
  D:00E6H         PUBLIC        EIE1
  D:00E4H         PUBLIC        IT01CF
  D:00A5H         PUBLIC        P1MDOUT
  D:00A8H         PUBLIC        IE
  D:00A6H         PUBLIC        P2MDOUT
  D:0093H         PUBLIC        TMR3RLH
  D:0092H         PUBLIC        TMR3RLL
  C:29C3H         PUBLIC        Port_IO_Init
  D:00D9H         PUBLIC        PCA0MD
  C:28F8H         PUBLIC        Oscillator_Init
  D:00E1H         PUBLIC        XBR0
  D:00C1H         PUBLIC        SMB0CF
  D:00E2H         PUBLIC        XBR1
  D:00F1H         PUBLIC        P0MDIN
  C:2A78H         PUBLIC        UART_Init
  D:0089H         PUBLIC        TMOD
  D:0088H         PUBLIC        TCON
  D:00D4H         PUBLIC        P0SKIP
  D:0091H         PUBLIC        TMR3CN
  C:2A5FH         PUBLIC        Interrupts_Init
  D:00A9H         PUBLIC        CLKSEL
  D:00B2H         PUBLIC        OSCICN
  C:2A7CH         PUBLIC        SMBus_Init
  C:0026H         PUBLIC        Init_Device
  D:00B9H         PUBLIC        CLKMUL
  C:2A71H         PUBLIC        PCA_Init
  D:008DH         PUBLIC        TH1
  D:0098H         PUBLIC        SCON0
  C:29B0H         PUBLIC        Timer_Init
  -------         PROC          PCA_INIT
  C:2A71H         LINE#         9
  C:2A71H         LINE#         10
  C:2A71H         LINE#         11
  C:2A74H         LINE#         12
  C:2A77H         LINE#         13
  -------         ENDPROC       PCA_INIT
  -------         PROC          TIMER_INIT
  C:29B0H         LINE#         15
  C:29B0H         LINE#         16
  C:29B0H         LINE#         17
  C:29B3H         LINE#         18
  C:29B6H         LINE#         19
  C:29B9H         LINE#         20
  C:29BCH         LINE#         21
  C:29BFH         LINE#         22
  C:29C2H         LINE#         23
  -------         ENDPROC       TIMER_INIT
  -------         PROC          UART_INIT
  C:2A78H         LINE#         25
  C:2A78H         LINE#         26
  C:2A78H         LINE#         27
  C:2A7BH         LINE#         28
  -------         ENDPROC       UART_INIT
  -------         PROC          SMBUS_INIT
  C:2A7CH         LINE#         30
BL51 BANKED LINKER/LOCATER V5.15            06/28/2011  10:14:16  PAGE 39


  C:2A7CH         LINE#         31
  C:2A7CH         LINE#         32
  C:2A7FH         LINE#         33
  -------         ENDPROC       SMBUS_INIT
  -------         PROC          PORT_IO_INIT
  C:29C3H         LINE#         35
  C:29C3H         LINE#         36
  C:29C3H         LINE#         59
  C:29C6H         LINE#         60
  C:29C9H         LINE#         61
  C:29CCH         LINE#         62
  C:29CFH         LINE#         63
  C:29D2H         LINE#         64
  C:29D5H         LINE#         65
  -------         ENDPROC       PORT_IO_INIT
  -------         PROC          OSCILLATOR_INIT
  -------         DO            
  D:0006H         SYMBOL        i
  -------         ENDDO         
  C:28F8H         LINE#         67
  C:28F8H         LINE#         68
  C:28F8H         LINE#         69
  C:28FBH         LINE#         70
  C:28FEH         LINE#         71
  C:2909H         LINE#         72
  C:290CH         LINE#         73
  C:2911H         LINE#         74
  C:2914H         LINE#         75
  C:2917H         LINE#         76
  -------         ENDPROC       OSCILLATOR_INIT
  -------         PROC          INTERRUPTS_INIT
  C:2A5FH         LINE#         78
  C:2A5FH         LINE#         79
  C:2A5FH         LINE#         80
  C:2A62H         LINE#         81
  C:2A65H         LINE#         82
  C:2A68H         LINE#         83
  -------         ENDPROC       INTERRUPTS_INIT
  -------         PROC          INIT_DEVICE
  C:0026H         LINE#         87
  C:0026H         LINE#         88
  C:0026H         LINE#         89
  C:0029H         LINE#         90
  C:002CH         LINE#         91
  C:002FH         LINE#         92
  C:0032H         LINE#         93
  C:0035H         LINE#         94
  C:0038H         LINE#         95
  -------         ENDPROC       INIT_DEVICE
  -------         ENDMOD        CONFIG

  -------         MODULE        ?C?COPY
  C:09BEH         PUBLIC        ?C?COPY
  -------         ENDMOD        ?C?COPY

  -------         MODULE        ?C?SCDIV
  C:09E4H         PUBLIC        ?C?SCDIV
  -------         ENDMOD        ?C?SCDIV

  -------         MODULE        ?C?CLDPTR
  C:0A06H         PUBLIC        ?C?CLDPTR
  -------         ENDMOD        ?C?CLDPTR

  -------         MODULE        ?C?CLDOPTR
  C:0A1FH         PUBLIC        ?C?CLDOPTR
BL51 BANKED LINKER/LOCATER V5.15            06/28/2011  10:14:16  PAGE 40


  -------         ENDMOD        ?C?CLDOPTR

  -------         MODULE        ?C?CSTPTR
  C:0A4CH         PUBLIC        ?C?CSTPTR
  -------         ENDMOD        ?C?CSTPTR

  -------         MODULE        ?C?IMUL
  C:0A5EH         PUBLIC        ?C?IMUL
  -------         ENDMOD        ?C?IMUL

  -------         MODULE        ?C?UIDIV
  C:0A70H         PUBLIC        ?C?UIDIV
  -------         ENDMOD        ?C?UIDIV

  -------         MODULE        ?C?SIDIV
  C:0AC5H         PUBLIC        ?C?SIDIV
  -------         ENDMOD        ?C?SIDIV

  -------         MODULE        ?C?LMUL
  C:0AFBH         PUBLIC        ?C?LMUL
  -------         ENDMOD        ?C?LMUL

  -------         MODULE        ?C?ULDIV
  C:0B86H         PUBLIC        ?C?ULDIV
  -------         ENDMOD        ?C?ULDIV

  -------         MODULE        ?C?SLDIV
  C:26A5H         PUBLIC        ?C?SLDIV
  -------         ENDMOD        ?C?SLDIV

  -------         MODULE        ?C?ULCMP
  C:0C18H         PUBLIC        ?C?ULCMP
  -------         ENDMOD        ?C?ULCMP

  -------         MODULE        ?C?LSTXDATA
  C:0C29H         PUBLIC        ?C?LSTXDATA
  -------         ENDMOD        ?C?LSTXDATA

  -------         MODULE        ?C?LSTKXDATA
  C:0C35H         PUBLIC        ?C?LSTKXDATA
  -------         ENDMOD        ?C?LSTKXDATA

  -------         MODULE        ?C?CCASE
  C:0C66H         PUBLIC        ?C?CCASE
  -------         ENDMOD        ?C?CCASE

  -------         MODULE        PRINTF
  D:0048H         PUBLIC        ?_PRINTF517?BYTE
  D:0048H         PUBLIC        ?_PRINTF?BYTE
  D:0048H         PUBLIC        ?_SPRINTF517?BYTE
  D:0048H         PUBLIC        ?_SPRINTF?BYTE
  C:1102H         PUBLIC        _PRINTF
  C:1102H         PUBLIC        _PRINTF517
  C:10FCH         PUBLIC        _SPRINTF
  C:10FCH         PUBLIC        _SPRINTF517
  -------         ENDMOD        PRINTF

  -------         MODULE        ?C?MEMSET
  C:0C8CH         PUBLIC        ?C?MEMSET
  -------         ENDMOD        ?C?MEMSET

  -------         MODULE        ?C?PLDIIDATA
  C:0CB8H         PUBLIC        ?C?PLDIIDATA
  -------         ENDMOD        ?C?PLDIIDATA

BL51 BANKED LINKER/LOCATER V5.15            06/28/2011  10:14:16  PAGE 41


  -------         MODULE        PUTCHAR
  C:288EH         PUBLIC        _PUTCHAR
  -------         ENDMOD        PUTCHAR

*** WARNING L16: UNCALLED SEGMENT, IGNORED FOR OVERLAY PROCESS
    SEGMENT: ?PR?I2C_GIVEACK?I2C_BUS

Program Size: data=110.2 xdata=669 code=10882
LINK/LOCATE RUN COMPLETE.  1 WARNING(S),  0 ERROR(S)
