BL51 BANKED LINKER/LOCATER V5.03                                                        05/27/2008  11:24:47  PAGE 1


BL51 BANKED LINKER/LOCATER V5.03, INVOKED BY:
C:\CYGNAL\IDEFILES\C51\BIN\BL51.EXE PT8641.OBJ, MICRO.OBJ, PORTS.OBJ, LENVAL.OBJ, CMD.OBJ, EEPROM.OBJ, INI.OBJ, SER_SPI.
>> OBJ, SERIAL.OBJ TO A.ABS RS (256) OL


MEMORY MODEL: LARGE


INPUT MODULES INCLUDED:
  PT8641.OBJ (PT8641)
  MICRO.OBJ (MICRO)
  PORTS.OBJ (PORTS)
  LENVAL.OBJ (LENVAL)
  CMD.OBJ (CMD)
  EEPROM.OBJ (EEPROM)
  INI.OBJ (INI)
  SER_SPI.OBJ (SER_SPI)
  SERIAL.OBJ (SERIAL)
  C:\CYGNAL\IDEFILES\C51\LIB\C51L.LIB (?C_STARTUP)
  C:\CYGNAL\IDEFILES\C51\LIB\C51L.LIB (?C?CLDPTR)
  C:\CYGNAL\IDEFILES\C51\LIB\C51L.LIB (?C?CLDOPTR)
  C:\CYGNAL\IDEFILES\C51\LIB\C51L.LIB (?C?CILDPTR)
  C:\CYGNAL\IDEFILES\C51\LIB\C51L.LIB (?C?CSTPTR)
  C:\CYGNAL\IDEFILES\C51\LIB\C51L.LIB (?C?CSTOPTR)
  C:\CYGNAL\IDEFILES\C51\LIB\C51L.LIB (?C?IMUL)
  C:\CYGNAL\IDEFILES\C51\LIB\C51L.LIB (?C?IILDX)
  C:\CYGNAL\IDEFILES\C51\LIB\C51L.LIB (?C?ILDIX)
  C:\CYGNAL\IDEFILES\C51\LIB\C51L.LIB (?C?ILDPTR)
  C:\CYGNAL\IDEFILES\C51\LIB\C51L.LIB (?C?ILDOPTR)
  C:\CYGNAL\IDEFILES\C51\LIB\C51L.LIB (?C?ISTPTR)
  C:\CYGNAL\IDEFILES\C51\LIB\C51L.LIB (?C?ISTOPTR)
  C:\CYGNAL\IDEFILES\C51\LIB\C51L.LIB (?C?LMUL)
  C:\CYGNAL\IDEFILES\C51\LIB\C51L.LIB (?C?ULDIV)
  C:\CYGNAL\IDEFILES\C51\LIB\C51L.LIB (?C?SLDIV)
  C:\CYGNAL\IDEFILES\C51\LIB\C51L.LIB (?C?SLCMP)
  C:\CYGNAL\IDEFILES\C51\LIB\C51L.LIB (?C?SLSHR)
  C:\CYGNAL\IDEFILES\C51\LIB\C51L.LIB (?C?LSHL)
  C:\CYGNAL\IDEFILES\C51\LIB\C51L.LIB (?C?LLDOPTR)
  C:\CYGNAL\IDEFILES\C51\LIB\C51L.LIB (?C?LSTOPTR)
  C:\CYGNAL\IDEFILES\C51\LIB\C51L.LIB (?C?LSTXDATA)
  C:\CYGNAL\IDEFILES\C51\LIB\C51L.LIB (?C?LSTKXDATA)
  C:\CYGNAL\IDEFILES\C51\LIB\C51L.LIB (?C?LSTKOPTR)
  C:\CYGNAL\IDEFILES\C51\LIB\C51L.LIB (?C?ICALL)
  C:\CYGNAL\IDEFILES\C51\LIB\C51L.LIB (PRINTF)
  C:\CYGNAL\IDEFILES\C51\LIB\C51L.LIB (?C?STRCPY)
  C:\CYGNAL\IDEFILES\C51\LIB\C51L.LIB (STRLEN)
  C:\CYGNAL\IDEFILES\C51\LIB\C51L.LIB (?C_INIT)
  C:\CYGNAL\IDEFILES\C51\LIB\C51L.LIB (?C?LLDIDATA)
  C:\CYGNAL\IDEFILES\C51\LIB\C51L.LIB (?C?LLDXDATA)
  C:\CYGNAL\IDEFILES\C51\LIB\C51L.LIB (?C?LLDPDATA)
  C:\CYGNAL\IDEFILES\C51\LIB\C51L.LIB (?C?LLDCODE)
  C:\CYGNAL\IDEFILES\C51\LIB\C51L.LIB (?C?LSTIDATA)
  C:\CYGNAL\IDEFILES\C51\LIB\C51L.LIB (?C?LSTPDATA)
  C:\CYGNAL\IDEFILES\C51\LIB\C51L.LIB (?C?LSTKIDATA)
  C:\CYGNAL\IDEFILES\C51\LIB\C51L.LIB (?C?LSTKPDATA)
  C:\CYGNAL\IDEFILES\C51\LIB\C51L.LIB (?C?PLDIXDATA)
  C:\CYGNAL\IDEFILES\C51\LIB\C51L.LIB (?C?PSTXDATA)
  C:\CYGNAL\IDEFILES\C51\LIB\C51L.LIB (?C?CCASE)
BL51 BANKED LINKER/LOCATER V5.03                                                      05/27/2008  11:24:47  PAGE 2


  C:\CYGNAL\IDEFILES\C51\LIB\C51L.LIB (PUTCHAR)


LINK MAP OF MODULE:  A.ABS (PT8641)


            TYPE    BASE      LENGTH    RELOCATION   SEGMENT NAME
            -----------------------------------------------------

            * * * * * * *   D A T A   M E M O R Y   * * * * * * *
            REG     0000H     0008H     ABSOLUTE     "REG BANK 0"
            DATA    0008H     0005H     UNIT         _DATA_GROUP_
                    000DH     0013H                  *** GAP ***
            DATA    0020H     0001H     BIT_ADDR     ?BA?SERIAL
            BIT     0021H.0   0001H.1   UNIT         _BIT_GROUP_
            BIT     0022H.1   0000H.5   UNIT         ?BI?SER_SPI
            BIT     0022H.6   0000H.1   UNIT         ?BI?PT8641
                    0022H.7   0000H.1                *** GAP ***
            IDATA   0023H     003CH     UNIT         ?ID?SERIAL
            IDATA   005FH     0001H     UNIT         ?STACK

            * * * * * * *  X D A T A   M E M O R Y  * * * * * * *
            XDATA   0000H     013CH     UNIT         _XDATA_GROUP_
            XDATA   013CH     0058H     UNIT         ?XD?SER_SPI
            XDATA   0194H     0048H     UNIT         ?XD?MICRO
            XDATA   01DCH     0038H     UNIT         ?XD?CMD
            XDATA   0214H     0004H     UNIT         ?XD?PORTS
            XDATA   0218H     0004H     UNIT         ?XD?SERIAL
            XDATA   021CH     0002H     UNIT         ?XD?EEPROM

            * * * * * * *   C O D E   M E M O R Y   * * * * * * *
            CODE    0000H     0003H     ABSOLUTE     
            CODE    0003H     0020H     UNIT         ?PR?_GENAUDIOCLICKTIMECOMMAND?CMD
            CODE    0023H     0003H     ABSOLUTE     
            CODE    0026H     0003H     UNIT         ?PR?I2CINIT?EEPROM
                    0029H     0002H                  *** GAP ***
            CODE    002BH     0003H     ABSOLUTE     
            CODE    002EH     054BH     UNIT         ?C?LIB_CODE
            CODE    0579H     0365H     UNIT         ?PR?PRINTF?PRINTF
            CODE    08DEH     02D0H     UNIT         ?CO?CMD
            CODE    0BAEH     0292H     UNIT         ?PR?_XSVFGOTOTAPSTATE?MICRO
            CODE    0E40H     0242H     UNIT         ?PR?_GENTEXTCOMMAND?CMD
            CODE    1082H     0217H     UNIT         ?PR?CHARHANDLER?SER_SPI
            CODE    1299H     01B2H     UNIT         ?PR?_XSVFSHIFT?MICRO
            CODE    144BH     0178H     UNIT         ?PR?_XSVFRUN?MICRO
            CODE    15C3H     016FH     UNIT         ?PR?_XSVFSHIFTONLY?MICRO
            CODE    1732H     0155H     UNIT         ?PR?MICRO
            CODE    1887H     012FH     UNIT         ?PR?RS232BREAK?SER_SPI
            CODE    19B6H     00DFH     UNIT         ?PR?COMMANDEXECUTE?CMD
            CODE    1A95H     009AH     UNIT         ?PR?_XSVFDOXWAIT?MICRO
            CODE    1B2FH     009AH     UNIT         ?PR?JTAGMODE?CMD
            CODE    1BC9H     0098H     UNIT         ?PR?_XSVFDOXSDR?MICRO
            CODE    1C61H     0097H     UNIT         ?PR?_WRITEVAL?SER_SPI
            CODE    1CF8H     0096H     UNIT         ?PR?_VALUE?LENVAL
            CODE    1D8EH     0094H     UNIT         ?PR?_XSVFDOXSIR2?MICRO
            CODE    1E22H     0092H     UNIT         ?PR?_XSVFDOXSDRTDOBCE?MICRO
            CODE    1EB4H     0090H     UNIT         ?PR?_XSVFDOXSDRTDO?MICRO
BL51 BANKED LINKER/LOCATER V5.03                                                      05/27/2008  11:24:47  PAGE 3


            CODE    1F44H     008FH     UNIT         ?PR?_XSVFBASICXSDRTDO?MICRO
            CODE    1FD3H     008CH     UNIT         ?C_C51STARTUP
            CODE    205FH     0080H     UNIT         ?CO?SER_SPI
            CODE    20DFH     007FH     UNIT         ?PR?CONFIG?INI
            CODE    215EH     007EH     UNIT         ?PR?_XSVFDOXSIR?MICRO
            CODE    21DCH     007EH     UNIT         ?PR?_SEQREADE2PROM?EEPROM
            CODE    225AH     007DH     UNIT         ?PR?_XSVFDOXSDRBCE?MICRO
            CODE    22D7H     007CH     UNIT         ?PR?SER_SPI
            CODE    2353H     0079H     UNIT         ?PR?_EQUALLENVAL?LENVAL
            CODE    23CCH     0071H     UNIT         ?PR?CMD
            CODE    243DH     006FH     UNIT         ?PR?_XSVFDOXSDRSIZE?MICRO
            CODE    24ACH     006EH     UNIT         ?PR?_PAGEWRITEE2PROM?EEPROM
            CODE    251AH     006CH     UNIT         ?PR?_I2CMASTERWRITE?EEPROM
            CODE    2586H     0066H     UNIT         ?PR?_WAITTIME?PORTS
            CODE    25ECH     0065H     UNIT         ?PR?I2CSTOP?EEPROM
            CODE    2651H     0064H     UNIT         ?PR?_XSVFDOXENDXR?MICRO
            CODE    26B5H     005FH     UNIT         ?PR?_GETCH?SERIAL
            CODE    2714H     005EH     UNIT         ?PR?_I2CMASTERREAD?EEPROM
            CODE    2772H     005AH     UNIT         ?C_INITSEG
            CODE    27CCH     005AH     UNIT         ?PR?_SETPORT?PORTS
            CODE    2826H     0059H     UNIT         ?PR?_XSVFINFOINIT?MICRO
            CODE    287FH     0058H     UNIT         ?PR?_SEND?SER_SPI
            CODE    28D7H     004FH     UNIT         ?PR?MANUALMODE?CMD
            CODE    2926H     004AH     UNIT         ?PR?_READVAL?LENVAL
            CODE    2970H     0046H     UNIT         ?PR?PORTS
            CODE    29B6H     0044H     UNIT         ?C?LDIV
            CODE    29FAH     0043H     UNIT         ?PR?_WRITESTRING?SER_SPI
            CODE    2A3DH     0040H     UNIT         ?PR?_XSVFINITIALIZE?MICRO
            CODE    2A7DH     0039H     UNIT         ?PR?LENVAL
            CODE    2AB6H     0038H     UNIT         ?PR?_GENDELAYCOMMAND?CMD
            CODE    2AEEH     0031H     UNIT         ?PR?_RECEIVE_BYTE?SER_SPI
            CODE    2B1FH     0030H     UNIT         ?PR?_ACK_POL_R?EEPROM
            CODE    2B4FH     002FH     UNIT         ?PR?_GENTEXTPOSCOMMAND?CMD
            CODE    2B7EH     002DH     UNIT         ?PR?XSVFEXECUTE?MICRO
            CODE    2BABH     002CH     UNIT         ?PR?_XSVFDOXRUNTEST?MICRO
            CODE    2BD7H     002CH     UNIT         ?PR?READUSERTEXTCOMMAND?CMD
            CODE    2C03H     002BH     UNIT         ?PR?_SPI_TRANSFER?SER_SPI
            CODE    2C2EH     002AH     UNIT         ?PR?RS232INIT?SER_SPI
            CODE    2C58H     0029H     UNIT         ?PR?_XSVFDOXTDOMASK?MICRO
            CODE    2C81H     0029H     UNIT         ?PR?_XSVFDOXSTATE?MICRO
            CODE    2CAAH     0029H     UNIT         ?PR?I2CSTART?EEPROM
            CODE    2CD3H     0027H     UNIT         ?PR?EEPROM
            CODE    2CFAH     0027H     UNIT         ?PR?PUTCHAR?PUTCHAR
            CODE    2D21H     0025H     UNIT         ?PR?_XSVFDOXCOMMENT?MICRO
            CODE    2D46H     0022H     UNIT         ?PR?UNITADDRESSCOMMAND?CMD
            CODE    2D68H     0020H     UNIT         ?PR?WRITEUSERTEXTCOMMAND?CMD
            CODE    2D88H     001FH     UNIT         ?PR?_TIMER2_INIT?SERIAL
            CODE    2DA7H     001DH     UNIT         ?PR?TIMER2_ISR?SERIAL
            CODE    2DC4H     001CH     UNIT         ?PR?_GENATTRIBCOMMAND?CMD
            CODE    2DE0H     001CH     UNIT         ?PR?_GENAUDIOSIGNALCOMMAND?CMD
            CODE    2DFCH     001CH     UNIT         ?PR?_GENAUDIOLEVELCOMMAND?CMD
            CODE    2E18H     001CH     UNIT         ?PR?_GENTEXTSCALECOMMAND?CMD
            CODE    2E34H     001CH     UNIT         ?PR?_GENTEXTCOLORCOMMAND?CMD
            CODE    2E50H     001CH     UNIT         ?PR?_GENTEXTMOVCOMMAND?CMD
            CODE    2E6CH     001CH     UNIT         ?PR?_GENTEXTONOFFCOMMAND?CMD
            CODE    2E88H     001AH     UNIT         ?PR?_GENSYSTEMCOMMAND?CMD
            CODE    2EA2H     001AH     UNIT         ?PR?_GENPATTERNCOMMAND?CMD
BL51 BANKED LINKER/LOCATER V5.03                                                      05/27/2008  11:24:47  PAGE 4


            CODE    2EBCH     0018H     UNIT         ?PR?_IS_TEXT?CMD
            CODE    2ED4H     0018H     UNIT         ?PR?SERINT0?SERIAL
            CODE    2EECH     0017H     UNIT         ?PR?MAIN?PT8641
            CODE    2F03H     0017H     UNIT         ?PR?_XSVFGETASNUMBYTES?MICRO
            CODE    2F1AH     0016H     UNIT         ?PR?READTDOBIT?PORTS
            CODE    2F30H     0015H     UNIT         ?PR?FLUSH?SERIAL
            CODE    2F45H     0015H     UNIT         ?PR?_STRLEN?STRLEN
            CODE    2F5AH     0014H     UNIT         ?PR?_XSVFTMSTRANSITION?MICRO
            CODE    2F6EH     0013H     UNIT         ?PR?CHECK_SCL?EEPROM
            CODE    2F81H     0011H     UNIT         ?PR?TESTINPUTBUFFER?SER_SPI
            CODE    2F92H     0010H     UNIT         ?PR?READHWVERSIONCOMMAND?CMD
            CODE    2FA2H     0010H     UNIT         ?PR?READHWINFORMATIONCOMMAND?CMD
            CODE    2FB2H     000FH     UNIT         ?PR?_WRITECHAR?SER_SPI
            CODE    2FC1H     000EH     UNIT         ?PR?_XSVFDOXREPEAT?MICRO
            CODE    2FCFH     000EH     UNIT         ?PR?READSWVERSIONCOMMAND?CMD
            CODE    2FDDH     000DH     UNIT         ?PR?DELAY?SERIAL
            CODE    2FEAH     000CH     UNIT         ?PR?PULSECLOCK?PORTS
            CODE    2FF6H     000BH     UNIT         ?PR?_XSVFDOILLEGALCMD?MICRO
            CODE    3001H     0009H     UNIT         ?PR?_XSVFDOXCOMPLETE?MICRO
            CODE    300AH     0009H     UNIT         ?PR?_READBYTE?PORTS
            CODE    3013H     0008H     UNIT         ?PR?SERINIT?SERIAL
            CODE    301BH     0008H     UNIT         ?PR?_PUTCH?SERIAL



OVERLAY MAP OF MODULE:   A.ABS (PT8641)


SEGMENT                                      BIT_GROUP          DATA_GROUP          XDATA_GROUP
  +--> CALLED SEGMENT                     START    LENGTH     START    LENGTH     START    LENGTH
-------------------------------------------------------------------------------------------------
?PR?RS232BREAK?SER_SPI                    -----    -----      -----    -----      -----    -----
  +--> ?PR?SERINT0?SERIAL
  +--> ?CO?SER_SPI
  +--> ?PR?SER_SPI

?PR?SER_SPI                               -----    -----      -----    -----      -----    -----
  +--> ?PR?_SPI_TRANSFER?SER_SPI

*** NEW ROOT ***************************************************

?C_C51STARTUP                             -----    -----      -----    -----      -----    -----
  +--> ?PR?MAIN?PT8641
  +--> ?C_INITSEG

?PR?MAIN?PT8641                           -----    -----      -----    -----      -----    -----
  +--> ?PR?CONFIG?INI
  +--> ?PR?RS232INIT?SER_SPI
  +--> ?PR?I2CINIT?EEPROM
  +--> ?PR?TESTINPUTBUFFER?SER_SPI
  +--> ?PR?CHARHANDLER?SER_SPI

?PR?CHARHANDLER?SER_SPI                   -----    -----      -----    -----      -----    -----
  +--> ?PR?SER_SPI
  +--> ?CO?SER_SPI
  +--> ?PR?COMMANDEXECUTE?CMD

BL51 BANKED LINKER/LOCATER V5.03                                                      05/27/2008  11:24:47  PAGE 5


?PR?COMMANDEXECUTE?CMD                    -----    -----      -----    -----      -----    -----
  +--> ?CO?CMD
  +--> ?PR?UNITADDRESSCOMMAND?CMD
  +--> ?PR?WRITEUSERTEXTCOMMAND?CMD
  +--> ?PR?READUSERTEXTCOMMAND?CMD
  +--> ?PR?READSWVERSIONCOMMAND?CMD
  +--> ?PR?READHWVERSIONCOMMAND?CMD
  +--> ?PR?READHWINFORMATIONCOMMAND?CMD
  +--> ?PR?_GENSYSTEMCOMMAND?CMD
  +--> ?PR?_GENPATTERNCOMMAND?CMD
  +--> ?PR?_GENATTRIBCOMMAND?CMD
  +--> ?PR?_GENDELAYCOMMAND?CMD
  +--> ?PR?_GENAUDIOCLICKTIMECOMMAND?CMD
  +--> ?PR?_GENAUDIOSIGNALCOMMAND?CMD
  +--> ?PR?_GENAUDIOLEVELCOMMAND?CMD
  +--> ?PR?_GENTEXTPOSCOMMAND?CMD
  +--> ?PR?_GENTEXTSCALECOMMAND?CMD
  +--> ?PR?_GENTEXTCOLORCOMMAND?CMD
  +--> ?PR?_GENTEXTMOVCOMMAND?CMD
  +--> ?PR?_GENTEXTONOFFCOMMAND?CMD
  +--> ?PR?_GENTEXTCOMMAND?CMD
  +--> ?PR?JTAGMODE?CMD
  +--> ?PR?MANUALMODE?CMD

?PR?UNITADDRESSCOMMAND?CMD                -----    -----      -----    -----      -----    -----
  +--> ?PR?CMD
  +--> ?PR?_WRITECHAR?SER_SPI
  +--> ?PR?_WRITEVAL?SER_SPI

?PR?_WRITEVAL?SER_SPI                     -----    -----      -----    -----      0000H    000BH
  +--> ?PR?SER_SPI
  +--> ?PR?_WRITECHAR?SER_SPI

?PR?WRITEUSERTEXTCOMMAND?CMD              -----    -----      -----    -----      -----    -----
  +--> ?PR?CMD
  +--> ?PR?_PAGEWRITEE2PROM?EEPROM

?PR?_PAGEWRITEE2PROM?EEPROM               -----    -----      -----    -----      0000H    0007H
  +--> ?PR?EEPROM
  +--> ?PR?I2CSTART?EEPROM
  +--> ?PR?_I2CMASTERWRITE?EEPROM
  +--> ?PR?I2CSTOP?EEPROM
  +--> ?PR?_ACK_POL_R?EEPROM

?PR?_I2CMASTERWRITE?EEPROM                -----    -----      -----    -----      -----    -----
  +--> ?PR?CHECK_SCL?EEPROM

?PR?CHECK_SCL?EEPROM                      -----    -----      -----    -----      -----    -----
  +--> ?PR?EEPROM

?PR?I2CSTOP?EEPROM                        -----    -----      -----    -----      -----    -----
  +--> ?PR?EEPROM
  +--> ?PR?CHECK_SCL?EEPROM

?PR?_ACK_POL_R?EEPROM                     -----    -----      -----    -----      0007H    0002H
  +--> ?PR?I2CSTART?EEPROM
  +--> ?PR?_I2CMASTERWRITE?EEPROM
BL51 BANKED LINKER/LOCATER V5.03                                                      05/27/2008  11:24:47  PAGE 6


  +--> ?PR?_I2CMASTERREAD?EEPROM
  +--> ?PR?I2CSTOP?EEPROM

?PR?_I2CMASTERREAD?EEPROM                 -----    -----      -----    -----      -----    -----
  +--> ?PR?CHECK_SCL?EEPROM

?PR?READUSERTEXTCOMMAND?CMD               -----    -----      -----    -----      -----    -----
  +--> ?PR?CMD
  +--> ?PR?_SEQREADE2PROM?EEPROM
  +--> ?PR?_WRITESTRING?SER_SPI

?PR?_SEQREADE2PROM?EEPROM                 -----    -----      -----    -----      0000H    0007H
  +--> ?PR?EEPROM
  +--> ?PR?I2CSTART?EEPROM
  +--> ?PR?_I2CMASTERWRITE?EEPROM
  +--> ?PR?I2CSTOP?EEPROM
  +--> ?PR?_I2CMASTERREAD?EEPROM

?PR?_WRITESTRING?SER_SPI                  -----    -----      -----    -----      000AH    0003H
  +--> ?PR?_WRITECHAR?SER_SPI
  +--> ?PR?SER_SPI

?PR?READSWVERSIONCOMMAND?CMD              -----    -----      -----    -----      -----    -----
  +--> ?PR?CMD
  +--> ?PR?_WRITEVAL?SER_SPI

?PR?READHWVERSIONCOMMAND?CMD              -----    -----      -----    -----      -----    -----
  +--> ?PR?CMD
  +--> ?PR?_WRITEVAL?SER_SPI

?PR?READHWINFORMATIONCOMMAND?CMD          -----    -----      -----    -----      -----    -----
  +--> ?PR?CMD
  +--> ?PR?_WRITEVAL?SER_SPI

?PR?_GENSYSTEMCOMMAND?CMD                 -----    -----      -----    -----      0000H    0001H
  +--> ?PR?CMD
  +--> ?PR?_SEND?SER_SPI

?PR?_SEND?SER_SPI                         -----    -----      -----    -----      000FH    000BH
  +--> ?PR?SER_SPI
  +--> ?PR?_SPI_TRANSFER?SER_SPI

?PR?_GENPATTERNCOMMAND?CMD                -----    -----      -----    -----      0000H    0001H
  +--> ?PR?CMD
  +--> ?PR?_SEND?SER_SPI

?PR?_GENATTRIBCOMMAND?CMD                 -----    -----      -----    -----      0000H    0001H
  +--> ?PR?CMD
  +--> ?PR?_SEND?SER_SPI

?PR?_GENDELAYCOMMAND?CMD                  -----    -----      -----    -----      0000H    0004H
  +--> ?PR?CMD
  +--> ?PR?_SEND?SER_SPI

?PR?_GENAUDIOCLICKTIMECOMMAND?CMD         -----    -----      -----    -----      0000H    0002H
  +--> ?PR?CMD
  +--> ?PR?_SEND?SER_SPI
BL51 BANKED LINKER/LOCATER V5.03                                                      05/27/2008  11:24:47  PAGE 7



?PR?_GENAUDIOSIGNALCOMMAND?CMD            -----    -----      -----    -----      0000H    0001H
  +--> ?PR?CMD
  +--> ?PR?_SEND?SER_SPI

?PR?_GENAUDIOLEVELCOMMAND?CMD             -----    -----      -----    -----      0000H    0001H
  +--> ?PR?CMD
  +--> ?PR?_SEND?SER_SPI

?PR?_GENTEXTPOSCOMMAND?CMD                -----    -----      -----    -----      0000H    0004H
  +--> ?PR?CMD
  +--> ?PR?_SEND?SER_SPI

?PR?_GENTEXTSCALECOMMAND?CMD              -----    -----      -----    -----      0000H    0001H
  +--> ?PR?CMD
  +--> ?PR?_SEND?SER_SPI

?PR?_GENTEXTCOLORCOMMAND?CMD              -----    -----      -----    -----      0000H    0001H
  +--> ?PR?CMD
  +--> ?PR?_SEND?SER_SPI

?PR?_GENTEXTMOVCOMMAND?CMD                -----    -----      -----    -----      0000H    0001H
  +--> ?PR?CMD
  +--> ?PR?_SEND?SER_SPI

?PR?_GENTEXTONOFFCOMMAND?CMD              -----    -----      -----    -----      0000H    0001H
  +--> ?PR?CMD
  +--> ?PR?_SEND?SER_SPI

?PR?_GENTEXTCOMMAND?CMD                   -----    -----      -----    -----      0000H    000FH
  +--> ?PR?CMD
  +--> ?PR?_STRLEN?STRLEN
  +--> ?PR?_IS_TEXT?CMD
  +--> ?PR?_SEND?SER_SPI
  +--> ?PR?_SPI_TRANSFER?SER_SPI
  +--> ?CO?CMD

?PR?JTAGMODE?CMD                          -----    -----      -----    -----      0000H    003DH
  +--> ?PR?DELAY?SERIAL
  +--> ?PR?SERINIT?SERIAL
  +--> ?PR?FLUSH?SERIAL
  +--> ?PR?_GETCH?SERIAL
  +--> ?PR?XSVFEXECUTE?MICRO
  +--> ?PR?_PUTCH?SERIAL

?PR?DELAY?SERIAL                          -----    -----      -----    -----      -----    -----
  +--> ?PR?_TIMER2_INIT?SERIAL

?PR?_GETCH?SERIAL                         -----    -----      -----    -----      010BH    0003H
  +--> ?PR?_PUTCH?SERIAL
  +--> ?PR?_TIMER2_INIT?SERIAL

?PR?XSVFEXECUTE?MICRO                     -----    -----      -----    -----      003DH    00A6H
  +--> ?PR?_XSVFINITIALIZE?MICRO
  +--> ?PR?_XSVFRUN?MICRO

?PR?_XSVFINITIALIZE?MICRO                 -----    -----      -----    -----      00E3H    0003H
BL51 BANKED LINKER/LOCATER V5.03                                                      05/27/2008  11:24:47  PAGE 8


  +--> ?PR?MICRO
  +--> ?PR?_XSVFINFOINIT?MICRO
  +--> ?PR?_XSVFGOTOTAPSTATE?MICRO

?PR?MICRO                                 -----    -----      -----    -----      -----    -----
  +--> ?PR?_XSVFGETASNUMBYTES?MICRO

?PR?_XSVFINFOINIT?MICRO                   -----    -----      -----    -----      -----    -----
  +--> ?PR?MICRO

?PR?_XSVFGOTOTAPSTATE?MICRO               -----    -----      -----    -----      0126H    0008H
  +--> ?PR?MICRO
  +--> ?PR?_XSVFTMSTRANSITION?MICRO
  +--> ?PR?_SETPORT?PORTS

?PR?_XSVFTMSTRANSITION?MICRO              -----    -----      -----    -----      -----    -----
  +--> ?PR?_SETPORT?PORTS

?PR?_XSVFRUN?MICRO                        -----    -----      -----    -----      00E3H    0003H
  +--> ?PR?MICRO
  +--> ?PR?_READBYTE?PORTS
  +--> ?PR?_XSVFDOXCOMPLETE?MICRO
  +--> ?PR?_XSVFDOXTDOMASK?MICRO
  +--> ?PR?_XSVFDOXSIR?MICRO
  +--> ?PR?_XSVFDOXSDR?MICRO
  +--> ?PR?_XSVFDOXRUNTEST?MICRO
  +--> ?PR?_XSVFDOXREPEAT?MICRO
  +--> ?PR?_XSVFDOXSDRSIZE?MICRO
  +--> ?PR?_XSVFDOXSDRTDO?MICRO
  +--> ?PR?_XSVFDOXSDRBCE?MICRO
  +--> ?PR?_XSVFDOXSDRTDOBCE?MICRO
  +--> ?PR?_XSVFDOXSTATE?MICRO
  +--> ?PR?_XSVFDOXENDXR?MICRO
  +--> ?PR?_XSVFDOXSIR2?MICRO
  +--> ?PR?_XSVFDOXCOMMENT?MICRO
  +--> ?PR?_XSVFDOXWAIT?MICRO
  +--> ?PR?_XSVFDOILLEGALCMD?MICRO

?PR?_READBYTE?PORTS                       -----    -----      -----    -----      010AH    0001H
  +--> ?PR?_GETCH?SERIAL

?PR?_XSVFDOXTDOMASK?MICRO                 -----    -----      -----    -----      00E6H    0003H
  +--> ?PR?MICRO
  +--> ?PR?_READVAL?LENVAL

?PR?_READVAL?LENVAL                       -----    -----      -----    -----      0105H    0005H
  +--> ?PR?LENVAL
  +--> ?PR?_READBYTE?PORTS

?PR?_XSVFDOXSIR?MICRO                     -----    -----      -----    -----      00E6H    0006H
  +--> ?PR?MICRO
  +--> ?PR?_READBYTE?PORTS
  +--> ?PR?_XSVFGETASNUMBYTES?MICRO
  +--> ?PR?_READVAL?LENVAL
  +--> ?PR?_XSVFSHIFT?MICRO

?PR?_XSVFSHIFT?MICRO                      -----    -----      -----    -----      0105H    0021H
BL51 BANKED LINKER/LOCATER V5.03                                                      05/27/2008  11:24:47  PAGE 9


  +--> ?PR?MICRO
  +--> ?PR?_XSVFGOTOTAPSTATE?MICRO
  +--> ?PR?_WAITTIME?PORTS
  +--> ?PR?_XSVFSHIFTONLY?MICRO
  +--> ?PR?_EQUALLENVAL?LENVAL

?PR?_WAITTIME?PORTS                       -----    -----      -----    -----      0126H    0008H
  +--> ?PR?PORTS

?PR?PORTS                                 -----    -----      -----    -----      -----    -----
  +--> ?PR?PULSECLOCK?PORTS

?PR?PULSECLOCK?PORTS                      -----    -----      -----    -----      -----    -----
  +--> ?PR?_SETPORT?PORTS

?PR?_XSVFSHIFTONLY?MICRO                  -----    -----      -----    -----      0126H    0016H
  +--> ?PR?MICRO
  +--> ?PR?_SETPORT?PORTS
  +--> ?PR?READTDOBIT?PORTS

?PR?_EQUALLENVAL?LENVAL                   -----    -----      -----    -----      0126H    000DH
  +--> ?PR?LENVAL

?PR?_XSVFDOXSDR?MICRO                     -----    -----      -----    -----      00E6H    0003H
  +--> ?PR?MICRO
  +--> ?PR?_READVAL?LENVAL
  +--> ?PR?_XSVFSHIFT?MICRO

?PR?_XSVFDOXRUNTEST?MICRO                 -----    -----      -----    -----      00E6H    0003H
  +--> ?PR?MICRO
  +--> ?PR?_READVAL?LENVAL
  +--> ?PR?_VALUE?LENVAL

?PR?_VALUE?LENVAL                         -----    -----      -----    -----      00EFH    0009H
  +--> ?PR?LENVAL

?PR?_XSVFDOXREPEAT?MICRO                  -----    -----      -----    -----      -----    -----
  +--> ?PR?_READBYTE?PORTS

?PR?_XSVFDOXSDRSIZE?MICRO                 -----    -----      -----    -----      00E6H    0005H
  +--> ?PR?MICRO
  +--> ?PR?_READVAL?LENVAL
  +--> ?PR?_VALUE?LENVAL
  +--> ?PR?_XSVFGETASNUMBYTES?MICRO

?PR?_XSVFDOXSDRTDO?MICRO                  -----    -----      -----    -----      00E6H    0003H
  +--> ?PR?MICRO
  +--> ?PR?_XSVFBASICXSDRTDO?MICRO

?PR?_XSVFBASICXSDRTDO?MICRO               -----    -----      -----    -----      00EAH    001BH
  +--> ?PR?MICRO
  +--> ?PR?_XSVFSHIFT?MICRO
  +--> ?PR?_READVAL?LENVAL

?PR?_XSVFDOXSDRBCE?MICRO                  -----    -----      -----    -----      00E6H    0004H
  +--> ?PR?MICRO
  +--> ?PR?_XSVFBASICXSDRTDO?MICRO
BL51 BANKED LINKER/LOCATER V5.03                                                      05/27/2008  11:24:47  PAGE 10



?PR?_XSVFDOXSDRTDOBCE?MICRO               -----    -----      -----    -----      00E6H    0004H
  +--> ?PR?MICRO
  +--> ?PR?_XSVFBASICXSDRTDO?MICRO

?PR?_XSVFDOXSTATE?MICRO                   -----    -----      -----    -----      00E6H    0004H
  +--> ?PR?MICRO
  +--> ?PR?_READBYTE?PORTS
  +--> ?PR?_XSVFGOTOTAPSTATE?MICRO

?PR?_XSVFDOXENDXR?MICRO                   -----    -----      -----    -----      00E6H    0006H
  +--> ?PR?MICRO
  +--> ?PR?_READBYTE?PORTS

?PR?_XSVFDOXSIR2?MICRO                    -----    -----      -----    -----      00E6H    0009H
  +--> ?PR?MICRO
  +--> ?PR?_READVAL?LENVAL
  +--> ?PR?_VALUE?LENVAL
  +--> ?PR?_XSVFGETASNUMBYTES?MICRO
  +--> ?PR?_XSVFSHIFT?MICRO

?PR?_XSVFDOXCOMMENT?MICRO                 -----    -----      -----    -----      00E6H    0004H
  +--> ?PR?MICRO
  +--> ?PR?_READBYTE?PORTS

?PR?_XSVFDOXWAIT?MICRO                    -----    -----      -----    -----      00E6H    0009H
  +--> ?PR?MICRO
  +--> ?PR?_READVAL?LENVAL
  +--> ?PR?_VALUE?LENVAL
  +--> ?PR?_XSVFGOTOTAPSTATE?MICRO
  +--> ?PR?_WAITTIME?PORTS

?PR?_XSVFDOILLEGALCMD?MICRO               -----    -----      -----    -----      -----    -----
  +--> ?PR?MICRO

?PR?MANUALMODE?CMD                        -----    -----      -----    -----      0000H    000AH
  +--> ?PR?CMD
  +--> ?PR?_RECEIVE_BYTE?SER_SPI
  +--> ?CO?CMD
  +--> ?PR?PRINTF?PRINTF
  +--> ?PR?_WRITESTRING?SER_SPI

?PR?_RECEIVE_BYTE?SER_SPI                 -----    -----      -----    -----      000AH    0005H
  +--> ?PR?SER_SPI
  +--> ?PR?_SPI_TRANSFER?SER_SPI

?PR?PRINTF?PRINTF                         0021H.0  0001H.1    0008H    0005H      000AH    0028H
  +--> ?PR?PUTCHAR?PUTCHAR

?C_INITSEG                                -----    -----      -----    -----      -----    -----
  +--> ?PR?_XSVFDOXCOMPLETE?MICRO
  +--> ?PR?_XSVFDOXTDOMASK?MICRO
  +--> ?PR?_XSVFDOXSIR?MICRO
  +--> ?PR?_XSVFDOXSDR?MICRO
  +--> ?PR?_XSVFDOXRUNTEST?MICRO
  +--> ?PR?_XSVFDOILLEGALCMD?MICRO
  +--> ?PR?_XSVFDOXREPEAT?MICRO
BL51 BANKED LINKER/LOCATER V5.03                                                      05/27/2008  11:24:47  PAGE 11


  +--> ?PR?_XSVFDOXSDRSIZE?MICRO
  +--> ?PR?_XSVFDOXSDRTDO?MICRO
  +--> ?PR?_XSVFDOXSDRBCE?MICRO
  +--> ?PR?_XSVFDOXSDRTDOBCE?MICRO
  +--> ?PR?_XSVFDOXSTATE?MICRO
  +--> ?PR?_XSVFDOXENDXR?MICRO
  +--> ?PR?_XSVFDOXSIR2?MICRO
  +--> ?PR?_XSVFDOXCOMMENT?MICRO
  +--> ?PR?_XSVFDOXWAIT?MICRO



SYMBOL TABLE OF MODULE:  A.ABS (PT8641)

  VALUE           TYPE          NAME
  ----------------------------------

  -------         MODULE        PT8641
  C:0000H         SYMBOL        _ICE_DUMMY_
  D:0080H         PUBLIC        P0
  D:0090H         PUBLIC        P1
  B:0080H.7       PUBLIC        LEVOK
  D:00E8H         PUBLIC        ADC0CN
  D:00A8H         PUBLIC        IE
  D:00D8H         PUBLIC        PCA0CN
  D:00B8H         PUBLIC        IP
  B:0022H.6       PUBLIC        jtag_flag
  D:00C0H         PUBLIC        SMB0CN
  C:2EECH         PUBLIC        main
  D:00F8H         PUBLIC        SPI0CN
  D:0088H         PUBLIC        TCON
  D:00C8H         PUBLIC        TMR2CN
  B:0090H.2       PUBLIC        LED
  D:0098H         PUBLIC        SCON0
  D:00D0H         PUBLIC        PSW
  -------         PROC          MAIN
  C:2EECH         LINE#         47
  C:2EECH         LINE#         48
  C:2EECH         LINE#         49
  C:2EEFH         LINE#         51
  C:2EF2H         LINE#         53
  C:2EF5H         LINE#         55
  C:2EF7H         LINE#         56
  C:2EF9H         LINE#         59
  C:2EF9H         LINE#         60
  C:2EF9H         LINE#         61
  C:2EFEH         LINE#         62
  C:2F01H         LINE#         63
  -------         ENDPROC       MAIN
  -------         ENDMOD        PT8641

  -------         MODULE        MICRO
  C:0000H         SYMBOL        _ICE_DUMMY_
  C:1EB4H         PUBLIC        _xsvfDoXSDRTDO
  C:2F5AH         PUBLIC        _xsvfTmsTransition
  C:3001H         PUBLIC        _xsvfDoXCOMPLETE
  C:1BC9H         PUBLIC        _xsvfDoXSDR
BL51 BANKED LINKER/LOCATER V5.03                                                      05/27/2008  11:24:47  PAGE 12


  C:2B7EH         PUBLIC        xsvfExecute
  C:215EH         PUBLIC        _xsvfDoXSIR
  C:1299H         PUBLIC        _xsvfShift
  C:2FF6H         PUBLIC        _xsvfDoIllegalCmd
  C:2651H         PUBLIC        _xsvfDoXENDXR
  C:2C81H         PUBLIC        _xsvfDoXSTATE
  C:1F44H         PUBLIC        _xsvfBasicXSDRTDO
  C:2F03H         PUBLIC        _xsvfGetAsNumBytes
  C:2A3DH         PUBLIC        _xsvfInitialize
  X:0194H         PUBLIC        xsvf_pfDoCmd
  C:2D21H         PUBLIC        _xsvfDoXCOMMENT
  C:2C58H         PUBLIC        _xsvfDoXTDOMASK
  C:2826H         PUBLIC        _xsvfInfoInit
  C:15C3H         PUBLIC        _xsvfShiftOnly
  C:1E22H         PUBLIC        _xsvfDoXSDRTDOBCE
  C:1D8EH         PUBLIC        _xsvfDoXSIR2
  C:243DH         PUBLIC        _xsvfDoXSDRSIZE
  C:144BH         PUBLIC        _xsvfRun
  C:225AH         PUBLIC        _xsvfDoXSDRBCE
  C:1A95H         PUBLIC        _xsvfDoXWAIT
  C:2BABH         PUBLIC        _xsvfDoXRUNTEST
  C:0BAEH         PUBLIC        _xsvfGotoTapState
  C:2FC1H         PUBLIC        _xsvfDoXREPEAT
  C:1732H         SYMBOL        Com00D7
  C:1732H         SYMBOL        L?0216
  C:1732H         SYMBOL        L?0217
  C:1735H         SYMBOL        L?0218
  C:1737H         SYMBOL        L?0219
  C:173EH         SYMBOL        L?0220
  C:1745H         SYMBOL        L?0221
  C:174AH         SYMBOL        L?0222
  C:174EH         SYMBOL        L?0223
  C:174FH         SYMBOL        L?0224
  C:1757H         SYMBOL        L?0225
  C:1757H         SYMBOL        L?0226
  C:175AH         SYMBOL        L?0227
  C:1766H         SYMBOL        L?0228
  C:176AH         SYMBOL        L?0229
  C:1771H         SYMBOL        L?0230
  C:1778H         SYMBOL        L?0231
  C:1778H         SYMBOL        L?0232
  C:177FH         SYMBOL        L?0233
  C:1786H         SYMBOL        L?0234
  C:1786H         SYMBOL        L?0235
  C:1789H         SYMBOL        L?0236
  C:178FH         SYMBOL        L?0237
  C:178FH         SYMBOL        L?0238
  C:179FH         SYMBOL        L?0239
  C:17A0H         SYMBOL        L?0240
  C:17A7H         SYMBOL        L?0243
  C:17AAH         SYMBOL        L?0244
  C:17B7H         SYMBOL        L?0245
  C:17BDH         SYMBOL        L?0247
  C:17C0H         SYMBOL        L?0248
  C:17C8H         SYMBOL        L?0249
  C:17C8H         SYMBOL        L?0250
  C:17DAH         SYMBOL        L?0253
BL51 BANKED LINKER/LOCATER V5.03                                                      05/27/2008  11:24:47  PAGE 13


  C:17DDH         SYMBOL        L?0254
  C:17E7H         SYMBOL        L?0256
  C:17E7H         SYMBOL        L?0257
  C:17F3H         SYMBOL        L?0258
  C:17F3H         SYMBOL        L?0259
  C:17FFH         SYMBOL        L?0262
  C:17FFH         SYMBOL        L?0263
  C:1805H         SYMBOL        L?0265
  C:1814H         SYMBOL        L?0266
  C:1822H         SYMBOL        L?0267
  C:1825H         SYMBOL        L?0268
  C:182CH         SYMBOL        L?0269
  C:182CH         SYMBOL        L?0270
  C:1832H         SYMBOL        L?0271
  C:1835H         SYMBOL        L?0272
  C:183CH         SYMBOL        L?0273
  C:1849H         SYMBOL        L?0274
  C:1849H         SYMBOL        L?0275
  C:184FH         SYMBOL        L?0277
  C:185BH         SYMBOL        L?0280
  C:1866H         SYMBOL        L?0281
  C:186DH         SYMBOL        L?0282
  C:186DH         SYMBOL        L?0283
  C:1873H         SYMBOL        L?0284
  C:1873H         SYMBOL        L?0285
  C:187AH         SYMBOL        L?0286
  C:187AH         SYMBOL        L?0287
  C:1881H         SYMBOL        L?0288
  C:1881H         SYMBOL        L?0289
  -------         PROC          COM00D7
  -------         ENDPROC       COM00D7
  -------         PROC          _XSVFINFOINIT
  D:0001H         SYMBOL        pXsvfInfo
  C:2826H         LINE#         411
  C:2826H         LINE#         412
  C:2826H         LINE#         416
  C:282AH         LINE#         417
  C:2830H         LINE#         418
  C:283AH         LINE#         419
  C:2840H         LINE#         420
  C:2847H         LINE#         421
  C:284EH         LINE#         422
  C:2856H         LINE#         423
  C:285EH         LINE#         424
  C:2868H         LINE#         425
  C:2871H         LINE#         426
  C:287BH         LINE#         428
  C:287EH         LINE#         429
  -------         ENDPROC       _XSVFINFOINIT
  -------         PROC          _XSVFGETASNUMBYTES
  D:0004H         SYMBOL        lNumBits
  C:2F03H         LINE#         438
  C:2F03H         LINE#         439
  C:2F03H         LINE#         440
  C:2F19H         LINE#         441
  -------         ENDPROC       _XSVFGETASNUMBYTES
  -------         PROC          _XSVFTMSTRANSITION
BL51 BANKED LINKER/LOCATER V5.03                                                      05/27/2008  11:24:47  PAGE 14


  D:0006H         SYMBOL        sTms
  C:2F5AH         LINE#         450
  C:2F5AH         LINE#         451
  C:2F5AH         LINE#         452
  C:2F61H         LINE#         453
  C:2F67H         LINE#         454
  -------         ENDPROC       _XSVFTMSTRANSITION
  C:0DF4H         SYMBOL        L?0241
  C:0DFCH         SYMBOL        L?0242
  C:0E04H         SYMBOL        L?0246
  C:0E0CH         SYMBOL        L?0251
  C:0E13H         SYMBOL        L?0252
  C:0E1BH         SYMBOL        L?0255
  C:0E22H         SYMBOL        L?0260
  C:0E2AH         SYMBOL        L?0261
  C:0E31H         SYMBOL        L?0276
  C:0E38H         SYMBOL        L?0278
  -------         PROC          _XSVFGOTOTAPSTATE
  X:0126H         SYMBOL        pucTapState
  X:0129H         SYMBOL        ucTargetState
  -------         DO            
  X:012AH         SYMBOL        i
  X:012CH         SYMBOL        iErrorCode
  -------         ENDDO         
  C:0BAEH         LINE#         470
  C:0BB7H         LINE#         472
  C:0BB7H         LINE#         476
  C:0BBEH         LINE#         477
  C:0BC1H         LINE#         478
  C:0BC1H         LINE#         480
  C:0BC7H         LINE#         481
  C:0BCEH         LINE#         482
  C:0BCEH         LINE#         483
  C:0BD4H         LINE#         484
  C:0BDBH         LINE#         485
  C:0BFAH         LINE#         486
  C:0C01H         LINE#         490
  C:0C04H         LINE#         491
  C:0C24H         LINE#         494
  C:0C24H         LINE#         496
  C:0C27H         LINE#         497
  C:0C2AH         LINE#         499
  C:0C2AH         LINE#         500
  C:0C2EH         LINE#         501
  C:0C2EH         LINE#         504
  C:0C32H         LINE#         505
  C:0C32H         LINE#         506
  C:0C32H         LINE#         507
  C:0C32H         LINE#         510
  C:0C35H         LINE#         511
  C:0C3CH         LINE#         512
  C:0C3CH         LINE#         513
  C:0C3CH         LINE#         514
  C:0C3CH         LINE#         517
  C:0C3CH         LINE#         518
  C:0C3FH         LINE#         521
  C:0C50H         LINE#         522
BL51 BANKED LINKER/LOCATER V5.03                                                      05/27/2008  11:24:47  PAGE 15


  C:0C50H         LINE#         523
  C:0C90H         LINE#         524
  C:0C90H         LINE#         525
  C:0C90H         LINE#         526
  C:0C90H         LINE#         527
  C:0C90H         LINE#         528
  C:0C93H         LINE#         529
  C:0C93H         LINE#         530
  C:0C93H         LINE#         531
  C:0C93H         LINE#         532
  C:0C96H         LINE#         533
  C:0C96H         LINE#         534
  C:0C9FH         LINE#         535
  C:0C9FH         LINE#         536
  C:0CA2H         LINE#         537
  C:0CA7H         LINE#         538
  C:0CAAH         LINE#         540
  C:0CAAH         LINE#         541
  C:0CADH         LINE#         542
  C:0CB2H         LINE#         543
  C:0CB2H         LINE#         544
  C:0CB5H         LINE#         545
  C:0CB5H         LINE#         546
  C:0CBCH         LINE#         547
  C:0CBCH         LINE#         548
  C:0CBFH         LINE#         549
  C:0CC4H         LINE#         550
  C:0CC7H         LINE#         552
  C:0CC7H         LINE#         553
  C:0CCAH         LINE#         554
  C:0CCFH         LINE#         555
  C:0CCFH         LINE#         556
  C:0CD2H         LINE#         557
  C:0CD2H         LINE#         558
  C:0CD5H         LINE#         559
  C:0CDAH         LINE#         560
  C:0CDDH         LINE#         561
  C:0CDDH         LINE#         562
  C:0CE4H         LINE#         563
  C:0CE4H         LINE#         564
  C:0CE7H         LINE#         565
  C:0CECH         LINE#         566
  C:0CEFH         LINE#         568
  C:0CEFH         LINE#         569
  C:0CF2H         LINE#         570
  C:0CF7H         LINE#         571
  C:0CF7H         LINE#         572
  C:0CFAH         LINE#         573
  C:0CFAH         LINE#         574
  C:0CFDH         LINE#         575
  C:0D02H         LINE#         576
  C:0D05H         LINE#         577
  C:0D05H         LINE#         578
  C:0D0CH         LINE#         579
  C:0D0CH         LINE#         580
  C:0D0FH         LINE#         581
  C:0D14H         LINE#         582
BL51 BANKED LINKER/LOCATER V5.03                                                      05/27/2008  11:24:47  PAGE 16


  C:0D17H         LINE#         584
  C:0D17H         LINE#         585
  C:0D1AH         LINE#         586
  C:0D1FH         LINE#         587
  C:0D1FH         LINE#         588
  C:0D22H         LINE#         589
  C:0D22H         LINE#         590
  C:0D29H         LINE#         591
  C:0D29H         LINE#         592
  C:0D2CH         LINE#         593
  C:0D31H         LINE#         594
  C:0D34H         LINE#         596
  C:0D34H         LINE#         597
  C:0D37H         LINE#         598
  C:0D3CH         LINE#         599
  C:0D3CH         LINE#         600
  C:0D3FH         LINE#         601
  C:0D3FH         LINE#         602
  C:0D42H         LINE#         603
  C:0D47H         LINE#         604
  C:0D4AH         LINE#         605
  C:0D4AH         LINE#         606
  C:0D51H         LINE#         607
  C:0D51H         LINE#         608
  C:0D54H         LINE#         609
  C:0D59H         LINE#         610
  C:0D5CH         LINE#         612
  C:0D5CH         LINE#         613
  C:0D5FH         LINE#         614
  C:0D64H         LINE#         615
  C:0D64H         LINE#         616
  C:0D67H         LINE#         617
  C:0D67H         LINE#         618
  C:0D6AH         LINE#         619
  C:0D6FH         LINE#         620
  C:0D72H         LINE#         621
  C:0D72H         LINE#         622
  C:0D79H         LINE#         623
  C:0D79H         LINE#         624
  C:0D7CH         LINE#         625
  C:0D81H         LINE#         626
  C:0D84H         LINE#         628
  C:0D84H         LINE#         629
  C:0D87H         LINE#         630
  C:0D8CH         LINE#         631
  C:0D8CH         LINE#         632
  C:0D8FH         LINE#         633
  C:0D8FH         LINE#         634
  C:0D92H         LINE#         635
  C:0D97H         LINE#         636
  C:0D99H         LINE#         637
  C:0D99H         LINE#         638
  C:0DA0H         LINE#         639
  C:0DA0H         LINE#         640
  C:0DA6H         LINE#         641
  C:0DABH         LINE#         642
  C:0DADH         LINE#         644
BL51 BANKED LINKER/LOCATER V5.03                                                      05/27/2008  11:24:47  PAGE 17


  C:0DADH         LINE#         645
  C:0DB0H         LINE#         646
  C:0DB5H         LINE#         647
  C:0DB5H         LINE#         648
  C:0DB7H         LINE#         649
  C:0DB7H         LINE#         650
  C:0DBEH         LINE#         651
  C:0DBEH         LINE#         652
  C:0DC4H         LINE#         653
  C:0DC9H         LINE#         654
  C:0DCBH         LINE#         656
  C:0DCBH         LINE#         657
  C:0DD2H         LINE#         658
  C:0DD7H         LINE#         659
  C:0DD7H         LINE#         660
  C:0DD9H         LINE#         661
  C:0DD9H         LINE#         662
  C:0DDCH         LINE#         663
  C:0DE8H         LINE#         664
  C:0DEBH         LINE#         665
  C:0DEBH         LINE#         668
  C:0DEBH         LINE#         669
  C:0DEBH         LINE#         671
  C:0DF3H         LINE#         672
  -------         ENDPROC       _XSVFGOTOTAPSTATE
  -------         PROC          _XSVFSHIFTONLY
  X:0126H         SYMBOL        lNumBits
  X:012AH         SYMBOL        plvTdi
  X:012DH         SYMBOL        plvTdoCaptured
  X:0130H         SYMBOL        iExitShift
  -------         DO            
  X:0132H         SYMBOL        pucTdi
  X:0135H         SYMBOL        pucTdo
  X:0138H         SYMBOL        ucTdiByte
  X:0139H         SYMBOL        ucTdoByte
  D:0007H         SYMBOL        ucTdoBit
  X:013AH         SYMBOL        i
  -------         ENDDO         
  C:15C3H         LINE#         688
  C:15CFH         LINE#         692
  C:15CFH         LINE#         703
  C:15D5H         LINE#         704
  C:15E0H         LINE#         705
  C:15E0H         LINE#         706
  C:15F7H         LINE#         707
  C:161EH         LINE#         708
  C:161EH         LINE#         711
  C:1641H         LINE#         712
  C:1650H         LINE#         713
  C:1650H         LINE#         715
  C:165FH         LINE#         716
  C:1660H         LINE#         717
  C:1686H         LINE#         718
  C:1686H         LINE#         719
  C:169CH         LINE#         720
  C:16B2H         LINE#         721
  C:16B2H         LINE#         723
BL51 BANKED LINKER/LOCATER V5.03                                                      05/27/2008  11:24:47  PAGE 18


  C:16B9H         LINE#         724
  C:16B9H         LINE#         727
  C:16C5H         LINE#         728
  C:16CCH         LINE#         731
  C:16D2H         LINE#         733
  C:16DDH         LINE#         734
  C:16DDH         LINE#         736
  C:16E0H         LINE#         737
  C:16F9H         LINE#         738
  C:16F9H         LINE#         741
  C:1700H         LINE#         742
  C:1711H         LINE#         745
  C:171FH         LINE#         746
  C:171FH         LINE#         747
  C:172EH         LINE#         748
  C:172EH         LINE#         749
  C:1731H         LINE#         750
  -------         ENDPROC       _XSVFSHIFTONLY
  -------         PROC          _XSVFSHIFT
  X:0105H         SYMBOL        pucTapState
  X:0108H         SYMBOL        ucStartState
  X:0109H         SYMBOL        lNumBits
  X:010DH         SYMBOL        plvTdi
  X:0110H         SYMBOL        plvTdoCaptured
  X:0113H         SYMBOL        plvTdoExpected
  X:0116H         SYMBOL        plvTdoMask
  X:0119H         SYMBOL        ucEndState
  X:011AH         SYMBOL        lRunTestTime
  X:011EH         SYMBOL        ucMaxRepeat
  -------         DO            
  X:011FH         SYMBOL        iErrorCode
  X:0121H         SYMBOL        iMismatch
  X:0123H         SYMBOL        ucRepeat
  X:0124H         SYMBOL        iExitShift
  -------         ENDDO         
  C:1299H         LINE#         776
  C:12A2H         LINE#         786
  C:12A2H         LINE#         792
  C:12A7H         LINE#         793
  C:12AAH         LINE#         794
  C:12ACH         LINE#         795
  C:12C3H         LINE#         805
  C:12CFH         LINE#         806
  C:12CFH         LINE#         808
  C:12DBH         LINE#         809
  C:12DBH         LINE#         811
  C:12E6H         LINE#         813
  C:12ECH         LINE#         814
  C:12ECH         LINE#         815
  C:12EFH         LINE#         817
  C:12EFH         LINE#         819
  C:12EFH         LINE#         821
  C:12FBH         LINE#         824
  C:1323H         LINE#         826
  C:132EH         LINE#         827
  C:132EH         LINE#         829
  C:1360H         LINE#         832
BL51 BANKED LINKER/LOCATER V5.03                                                      05/27/2008  11:24:47  PAGE 19


  C:1360H         LINE#         834
  C:136DH         LINE#         835
  C:136DH         LINE#         837
  C:1378H         LINE#         841
  C:1396H         LINE#         842
  C:1396H         LINE#         854
  C:13A1H         LINE#         856
  C:13ACH         LINE#         858
  C:13CDH         LINE#         859
  C:13CFH         LINE#         861
  C:13CFH         LINE#         863
  C:13DDH         LINE#         864
  C:13DDH         LINE#         866
  C:13E6H         LINE#         867
  C:13E6H         LINE#         869
  C:13F1H         LINE#         871
  C:13F7H         LINE#         872
  C:13F7H         LINE#         873
  C:13F7H         LINE#         874
  C:1415H         LINE#         875
  C:1415H         LINE#         877
  C:141FH         LINE#         878
  C:141FH         LINE#         888
  C:142EH         LINE#         889
  C:142EH         LINE#         890
  C:1437H         LINE#         891
  C:1439H         LINE#         893
  C:1439H         LINE#         894
  C:1442H         LINE#         895
  C:1442H         LINE#         896
  C:1442H         LINE#         898
  C:144AH         LINE#         899
  -------         ENDPROC       _XSVFSHIFT
  C:1FC7H         SYMBOL        L?0279
  -------         PROC          _XSVFBASICXSDRTDO
  X:00EAH         SYMBOL        pucTapState
  X:00EDH         SYMBOL        lShiftLengthBits
  X:00F1H         SYMBOL        sShiftLengthBytes
  X:00F3H         SYMBOL        plvTdi
  X:00F6H         SYMBOL        plvTdoCaptured
  X:00F9H         SYMBOL        plvTdoExpected
  X:00FCH         SYMBOL        plvTdoMask
  X:00FFH         SYMBOL        ucEndState
  X:0100H         SYMBOL        lRunTestTime
  X:0104H         SYMBOL        ucMaxRepeat
  C:1F44H         LINE#         915
  C:1F4EH         LINE#         925
  C:1F4EH         LINE#         926
  C:1F57H         LINE#         927
  C:1F62H         LINE#         928
  C:1F62H         LINE#         929
  C:1F65H         LINE#         930
  C:1F65H         LINE#         931
  C:1FC6H         LINE#         934
  -------         ENDPROC       _XSVFBASICXSDRTDO
  -------         PROC          _XSVFDOILLEGALCMD
  D:0001H         SYMBOL        pXsvfInfo
BL51 BANKED LINKER/LOCATER V5.03                                                      05/27/2008  11:24:47  PAGE 20


  C:2FF6H         LINE#         961
  C:2FF6H         LINE#         962
  C:2FF6H         LINE#         968
  C:2FFDH         LINE#         969
  C:3000H         LINE#         970
  -------         ENDPROC       _XSVFDOILLEGALCMD
  -------         PROC          _XSVFDOXCOMPLETE
  D:0001H         SYMBOL        pXsvfInfo
  C:3001H         LINE#         979
  C:3001H         LINE#         980
  C:3001H         LINE#         981
  C:3006H         LINE#         983
  C:3009H         LINE#         984
  -------         ENDPROC       _XSVFDOXCOMPLETE
  -------         PROC          _XSVFDOXTDOMASK
  X:00E6H         SYMBOL        pXsvfInfo
  C:2C58H         LINE#         993
  C:2C5EH         LINE#         994
  C:2C5EH         LINE#         995
  C:2C7DH         LINE#         999
  C:2C80H         LINE#         1000
  -------         ENDPROC       _XSVFDOXTDOMASK
  -------         PROC          _XSVFDOXSIR
  X:00E6H         SYMBOL        pXsvfInfo
  -------         DO            
  X:00E9H         SYMBOL        ucShiftIrBits
  D:0006H         SYMBOL        sShiftIrBytes
  X:00EAH         SYMBOL        iErrorCode
  -------         ENDDO         
  C:215EH         LINE#         1011
  C:2164H         LINE#         1012
  C:2164H         LINE#         1018
  C:216DH         LINE#         1019
  C:2170H         LINE#         1023
  C:2175H         LINE#         1024
  C:2175H         LINE#         1025
  C:217BH         LINE#         1026
  C:217EH         LINE#         1028
  C:217EH         LINE#         1030
  C:218DH         LINE#         1033
  C:21CAH         LINE#         1038
  C:21CAH         LINE#         1040
  C:21D2H         LINE#         1041
  C:21D2H         LINE#         1042
  C:21DBH         LINE#         1043
  C:21DBH         LINE#         1044
  C:21DBH         LINE#         1045
  -------         ENDPROC       _XSVFDOXSIR
  -------         PROC          _XSVFDOXSIR2
  X:00E6H         SYMBOL        pXsvfInfo
  -------         DO            
  X:00E9H         SYMBOL        lShiftIrBits
  D:0006H         SYMBOL        sShiftIrBytes
  X:00EDH         SYMBOL        iErrorCode
  -------         ENDDO         
  C:1D8EH         LINE#         1056
  C:1D94H         LINE#         1057
BL51 BANKED LINKER/LOCATER V5.03                                                      05/27/2008  11:24:47  PAGE 21


  C:1D94H         LINE#         1063
  C:1D9EH         LINE#         1064
  C:1DADH         LINE#         1065
  C:1DB3H         LINE#         1068
  C:1DB8H         LINE#         1069
  C:1DB8H         LINE#         1070
  C:1DBEH         LINE#         1071
  C:1DC1H         LINE#         1073
  C:1DC1H         LINE#         1075
  C:1DD3H         LINE#         1078
  C:1E10H         LINE#         1083
  C:1E10H         LINE#         1085
  C:1E18H         LINE#         1086
  C:1E18H         LINE#         1087
  C:1E21H         LINE#         1088
  C:1E21H         LINE#         1089
  C:1E21H         LINE#         1090
  -------         ENDPROC       _XSVFDOXSIR2
  -------         PROC          _XSVFDOXSDR
  X:00E6H         SYMBOL        pXsvfInfo
  -------         DO            
  D:0006H         SYMBOL        iErrorCode
  -------         ENDDO         
  C:1BC9H         LINE#         1102
  C:1BCFH         LINE#         1103
  C:1BCFH         LINE#         1105
  C:1BECH         LINE#         1107
  C:1C53H         LINE#         1113
  C:1C57H         LINE#         1114
  C:1C57H         LINE#         1115
  C:1C60H         LINE#         1116
  C:1C60H         LINE#         1117
  C:1C60H         LINE#         1118
  -------         ENDPROC       _XSVFDOXSDR
  -------         PROC          _XSVFDOXRUNTEST
  X:00E6H         SYMBOL        pXsvfInfo
  C:2BABH         LINE#         1127
  C:2BB1H         LINE#         1128
  C:2BB1H         LINE#         1129
  C:2BBEH         LINE#         1130
  C:2BD3H         LINE#         1132
  C:2BD6H         LINE#         1133
  -------         ENDPROC       _XSVFDOXRUNTEST
  -------         PROC          _XSVFDOXREPEAT
  D:0001H         SYMBOL        pXsvfInfo
  C:2FC1H         LINE#         1142
  C:2FC1H         LINE#         1143
  C:2FC1H         LINE#         1144
  C:2FCBH         LINE#         1147
  C:2FCEH         LINE#         1148
  -------         ENDPROC       _XSVFDOXREPEAT
  -------         PROC          _XSVFDOXSDRSIZE
  X:00E6H         SYMBOL        pXsvfInfo
  -------         DO            
  X:00E9H         SYMBOL        iErrorCode
  -------         ENDDO         
  C:243DH         LINE#         1157
BL51 BANKED LINKER/LOCATER V5.03                                                      05/27/2008  11:24:47  PAGE 22


  C:2443H         LINE#         1158
  C:2443H         LINE#         1160
  C:2448H         LINE#         1161
  C:2455H         LINE#         1162
  C:246AH         LINE#         1163
  C:247FH         LINE#         1165
  C:248DH         LINE#         1166
  C:248DH         LINE#         1167
  C:2493H         LINE#         1168
  C:24A3H         LINE#         1169
  C:24A3H         LINE#         1170
  C:24ABH         LINE#         1171
  -------         ENDPROC       _XSVFDOXSDRSIZE
  -------         PROC          _XSVFDOXSDRTDO
  X:00E6H         SYMBOL        pXsvfInfo
  -------         DO            
  D:0006H         SYMBOL        iErrorCode
  -------         ENDDO         
  C:1EB4H         LINE#         1182
  C:1EBAH         LINE#         1183
  C:1EBAH         LINE#         1185
  C:1F36H         LINE#         1195
  C:1F3AH         LINE#         1196
  C:1F3AH         LINE#         1197
  C:1F43H         LINE#         1198
  C:1F43H         LINE#         1199
  C:1F43H         LINE#         1200
  -------         ENDPROC       _XSVFDOXSDRTDO
  -------         PROC          _XSVFDOXSDRBCE
  X:00E6H         SYMBOL        pXsvfInfo
  -------         DO            
  X:00E9H         SYMBOL        ucEndDR
  D:0006H         SYMBOL        iErrorCode
  -------         ENDDO         
  C:225AH         LINE#         1214
  C:2260H         LINE#         1215
  C:2260H         LINE#         1218
  C:2279H         LINE#         1219
  C:22C9H         LINE#         1226
  C:22CDH         LINE#         1227
  C:22CDH         LINE#         1228
  C:22D6H         LINE#         1229
  C:22D6H         LINE#         1230
  C:22D6H         LINE#         1231
  -------         ENDPROC       _XSVFDOXSDRBCE
  -------         PROC          _XSVFDOXSDRTDOBCE
  X:00E6H         SYMBOL        pXsvfInfo
  -------         DO            
  X:00E9H         SYMBOL        ucEndDR
  D:0006H         SYMBOL        iErrorCode
  -------         ENDDO         
  C:1E22H         LINE#         1244
  C:1E28H         LINE#         1245
  C:1E28H         LINE#         1248
  C:1E41H         LINE#         1250
  C:1EA6H         LINE#         1258
  C:1EAAH         LINE#         1259
BL51 BANKED LINKER/LOCATER V5.03                                                      05/27/2008  11:24:47  PAGE 23


  C:1EAAH         LINE#         1260
  C:1EB3H         LINE#         1261
  C:1EB3H         LINE#         1262
  C:1EB3H         LINE#         1263
  -------         ENDPROC       _XSVFDOXSDRTDOBCE
  -------         PROC          _XSVFDOXSTATE
  X:00E6H         SYMBOL        pXsvfInfo
  -------         DO            
  X:00E9H         SYMBOL        ucNextState
  D:0006H         SYMBOL        iErrorCode
  -------         ENDDO         
  C:2C81H         LINE#         1273
  C:2C87H         LINE#         1274
  C:2C87H         LINE#         1277
  C:2C90H         LINE#         1278
  C:2C9CH         LINE#         1279
  C:2CA0H         LINE#         1280
  C:2CA0H         LINE#         1281
  C:2CA9H         LINE#         1282
  C:2CA9H         LINE#         1283
  C:2CA9H         LINE#         1284
  -------         ENDPROC       _XSVFDOXSTATE
  -------         PROC          _XSVFDOXENDXR
  X:00E6H         SYMBOL        pXsvfInfo
  -------         DO            
  X:00E9H         SYMBOL        iErrorCode
  X:00EBH         SYMBOL        ucEndState
  -------         ENDDO         
  C:2651H         LINE#         1295
  C:2657H         LINE#         1296
  C:2657H         LINE#         1300
  C:265CH         LINE#         1301
  C:2665H         LINE#         1302
  C:266FH         LINE#         1303
  C:266FH         LINE#         1304
  C:2675H         LINE#         1305
  C:2677H         LINE#         1307
  C:2677H         LINE#         1309
  C:2683H         LINE#         1310
  C:2683H         LINE#         1311
  C:268CH         LINE#         1312
  C:268CH         LINE#         1313
  C:268CH         LINE#         1314
  C:268EH         LINE#         1316
  C:268EH         LINE#         1317
  C:2690H         LINE#         1318
  C:2690H         LINE#         1321
  C:2692H         LINE#         1323
  C:2692H         LINE#         1324
  C:269BH         LINE#         1325
  C:269BH         LINE#         1326
  C:269CH         LINE#         1327
  C:269EH         LINE#         1329
  C:269EH         LINE#         1330
  C:26A3H         LINE#         1331
  C:26A3H         LINE#         1334
  C:26A3H         LINE#         1335
BL51 BANKED LINKER/LOCATER V5.03                                                      05/27/2008  11:24:47  PAGE 24


  C:26A3H         LINE#         1337
  C:26ABH         LINE#         1338
  C:26ABH         LINE#         1339
  C:26B4H         LINE#         1340
  C:26B4H         LINE#         1341
  C:26B4H         LINE#         1342
  -------         ENDPROC       _XSVFDOXENDXR
  -------         PROC          _XSVFDOXCOMMENT
  X:00E6H         SYMBOL        pXsvfInfo
  -------         DO            
  X:00E9H         SYMBOL        ucText
  -------         ENDDO         
  C:2D21H         LINE#         1352
  C:2D27H         LINE#         1353
  C:2D27H         LINE#         1359
  C:2D27H         LINE#         1360
  C:2D30H         LINE#         1361
  C:2D36H         LINE#         1363
  C:2D42H         LINE#         1365
  C:2D45H         LINE#         1366
  -------         ENDPROC       _XSVFDOXCOMMENT
  C:1B24H         SYMBOL        L?0264
  -------         PROC          _XSVFDOXWAIT
  X:00E6H         SYMBOL        pXsvfInfo
  -------         DO            
  X:00E9H         SYMBOL        ucWaitState
  X:00EAH         SYMBOL        ucEndState
  X:00EBH         SYMBOL        lWaitTime
  -------         ENDDO         
  C:1A95H         LINE#         1377
  C:1A9BH         LINE#         1378
  C:1A9BH         LINE#         1385
  C:1AA1H         LINE#         1386
  C:1AB1H         LINE#         1389
  C:1AB5H         LINE#         1390
  C:1AC5H         LINE#         1393
  C:1AD0H         LINE#         1394
  C:1ADFH         LINE#         1399
  C:1AF4H         LINE#         1400
  C:1AF4H         LINE#         1401
  C:1AFBH         LINE#         1402
  C:1AFBH         LINE#         1405
  C:1B04H         LINE#         1408
  C:1B19H         LINE#         1409
  C:1B19H         LINE#         1410
  C:1B20H         LINE#         1411
  C:1B20H         LINE#         1413
  C:1B23H         LINE#         1414
  -------         ENDPROC       _XSVFDOXWAIT
  -------         PROC          _XSVFINITIALIZE
  X:00E3H         SYMBOL        pXsvfInfo
  C:2A3DH         LINE#         1431
  C:2A43H         LINE#         1432
  C:2A43H         LINE#         1434
  C:2A55H         LINE#         1436
  C:2A5FH         LINE#         1437
  C:2A5FH         LINE#         1439
BL51 BANKED LINKER/LOCATER V5.03                                                      05/27/2008  11:24:47  PAGE 25


  C:2A73H         LINE#         1441
  C:2A73H         LINE#         1442
  C:2A7CH         LINE#         1443
  -------         ENDPROC       _XSVFINITIALIZE
  -------         PROC          _XSVFRUN
  X:00E3H         SYMBOL        pXsvfInfo
  C:144BH         LINE#         1455
  C:1451H         LINE#         1456
  C:1451H         LINE#         1459
  C:146CH         LINE#         1460
  C:146CH         LINE#         1463
  C:147BH         LINE#         1465
  C:149DH         LINE#         1473
  C:14F7H         LINE#         1474
  C:14F7H         LINE#         1475
  C:14F7H         LINE#         1476
  C:1500H         LINE#         1477
  C:1503H         LINE#         1478
  C:1503H         LINE#         1479
  C:150CH         LINE#         1480
  C:150FH         LINE#         1481
  C:150FH         LINE#         1482
  C:1518H         LINE#         1483
  C:151BH         LINE#         1484
  C:151BH         LINE#         1485
  C:1524H         LINE#         1486
  C:1527H         LINE#         1487
  C:1527H         LINE#         1488
  C:1530H         LINE#         1489
  C:1533H         LINE#         1490
  C:1533H         LINE#         1491
  C:153CH         LINE#         1492
  C:153FH         LINE#         1493
  C:153FH         LINE#         1494
  C:1548H         LINE#         1495
  C:154BH         LINE#         1496
  C:154BH         LINE#         1497
  C:1554H         LINE#         1498
  C:1557H         LINE#         1499
  C:1557H         LINE#         1500
  C:1557H         LINE#         1501
  C:1559H         LINE#         1502
  C:1559H         LINE#         1503
  C:1559H         LINE#         1504
  C:155BH         LINE#         1505
  C:155BH         LINE#         1506
  C:155BH         LINE#         1507
  C:155DH         LINE#         1508
  C:155DH         LINE#         1509
  C:155DH         LINE#         1510
  C:155FH         LINE#         1511
  C:155FH         LINE#         1512
  C:1568H         LINE#         1513
  C:156AH         LINE#         1514
  C:156AH         LINE#         1515
  C:156AH         LINE#         1516
  C:156CH         LINE#         1517
BL51 BANKED LINKER/LOCATER V5.03                                                      05/27/2008  11:24:47  PAGE 26


  C:156CH         LINE#         1518
  C:156CH         LINE#         1519
  C:156EH         LINE#         1520
  C:156EH         LINE#         1521
  C:1577H         LINE#         1522
  C:1579H         LINE#         1523
  C:1579H         LINE#         1524
  C:1582H         LINE#         1525
  C:1584H         LINE#         1526
  C:1584H         LINE#         1527
  C:1584H         LINE#         1528
  C:1584H         LINE#         1529
  C:158DH         LINE#         1531
  C:158FH         LINE#         1532
  C:158FH         LINE#         1533
  C:1598H         LINE#         1534
  C:159AH         LINE#         1535
  C:159AH         LINE#         1536
  C:15A3H         LINE#         1537
  C:15A5H         LINE#         1538
  C:15A5H         LINE#         1539
  C:15AEH         LINE#         1540
  C:15B0H         LINE#         1541
  C:15B0H         LINE#         1543
  C:15B9H         LINE#         1544
  C:15B9H         LINE#         1545
  C:15B9H         LINE#         1562
  C:15B9H         LINE#         1563
  C:15C2H         LINE#         1564
  -------         ENDPROC       _XSVFRUN
  -------         PROC          XSVFEXECUTE
  -------         DO            
  X:003DH         SYMBOL        xsvfInfo
  -------         ENDDO         
  C:2B7EH         LINE#         1635
  C:2B7EH         LINE#         1636
  C:2B7EH         LINE#         1640
  C:2B87H         LINE#         1642
  C:2B97H         LINE#         1643
  C:2B97H         LINE#         1644
  C:2BA0H         LINE#         1645
  C:2BA2H         LINE#         1650
  C:2BAAH         LINE#         1652
  -------         ENDPROC       XSVFEXECUTE
  -------         ENDMOD        MICRO

  -------         MODULE        PORTS
  C:0000H         SYMBOL        _ICE_DUMMY_
  D:0080H         PUBLIC        P0
  D:0090H         PUBLIC        P1
  D:00A0H         PUBLIC        P2
  D:00E8H         PUBLIC        ADC0CN
  D:00A8H         PUBLIC        IE
  C:300AH         PUBLIC        _readByte
  D:00D8H         PUBLIC        PCA0CN
  D:00B8H         PUBLIC        IP
  C:2FEAH         PUBLIC        pulseClock
BL51 BANKED LINKER/LOCATER V5.03                                                      05/27/2008  11:24:47  PAGE 27


  D:00C0H         PUBLIC        SMB0CN
  X:0214H         SYMBOL        once
  C:2F1AH         PUBLIC        readTDOBit
  C:2586H         PUBLIC        _waitTime
  D:00F8H         PUBLIC        SPI0CN
  D:0088H         PUBLIC        TCON
  D:00C8H         PUBLIC        TMR2CN
  C:27CCH         PUBLIC        _setPort
  D:0098H         PUBLIC        SCON0
  X:0216H         SYMBOL        in_word
  X:0217H         SYMBOL        out_word
  D:00D0H         PUBLIC        PSW
  C:2970H         SYMBOL        Com0016
  C:2970H         SYMBOL        L?0023
  C:297FH         SYMBOL        L?0024
  C:298EH         SYMBOL        L?0025
  -------         PROC          COM0016
  -------         ENDPROC       COM0016
  -------         PROC          _SETPORT
  D:0004H         SYMBOL        p
  D:0005H         SYMBOL        val
  C:27CCH         LINE#         56
  C:27CEH         LINE#         57
  C:27CEH         LINE#         58
  C:27D8H         LINE#         59
  C:27D8H         LINE#         60
  C:27DFH         LINE#         61
  C:27E7H         LINE#         62
  C:27E7H         LINE#         63
  C:27EBH         LINE#         64
  C:27FCH         LINE#         66
  C:2800H         LINE#         67
  C:280FH         LINE#         69
  C:2812H         LINE#         70
  C:2812H         LINE#         71
  C:2822H         LINE#         72
  C:2825H         LINE#         73
  C:2825H         LINE#         74
  -------         ENDPROC       _SETPORT
  -------         PROC          PULSECLOCK
  C:2FEAH         LINE#         78
  C:2FEAH         LINE#         79
  C:2FEAH         LINE#         80
  C:2FF0H         LINE#         81
  -------         ENDPROC       PULSECLOCK
  -------         PROC          _READBYTE
  D:0001H         SYMBOL        mydata
  -------         DO            
  X:010AH         SYMBOL        stat
  -------         ENDDO         
  C:300AH         LINE#         86
  C:300AH         LINE#         87
  C:300AH         LINE#         90
  C:3012H         LINE#         91
  -------         ENDPROC       _READBYTE
  -------         PROC          READTDOBIT
  C:2F1AH         LINE#         94
BL51 BANKED LINKER/LOCATER V5.03                                                      05/27/2008  11:24:47  PAGE 28


  C:2F1AH         LINE#         95
  C:2F1AH         LINE#         96
  C:2F20H         LINE#         97
  C:2F2AH         LINE#         98
  C:2F2DH         LINE#         100
  C:2F2FH         LINE#         101
  -------         ENDPROC       READTDOBIT
  -------         PROC          _WAITTIME
  X:0126H         SYMBOL        microsec
  -------         DO            
  X:012AH         SYMBOL        i
  -------         ENDDO         
  C:2586H         LINE#         108
  C:258CH         LINE#         109
  C:258CH         LINE#         114
  C:259CH         LINE#         115
  C:259CH         LINE#         116
  C:25A6H         LINE#         117
  C:25B5H         LINE#         118
  C:25B5H         LINE#         119
  C:25B5H         LINE#         120
  C:25BAH         LINE#         122
  C:25BAH         LINE#         124
  C:25C9H         LINE#         125
  C:25C9H         LINE#         135
  C:25C9H         LINE#         138
  C:25D7H         LINE#         139
  C:25D7H         LINE#         148
  C:25D7H         LINE#         151
  C:25E6H         LINE#         152
  C:25E6H         LINE#         153
  C:25E6H         LINE#         154
  C:25EBH         LINE#         156
  -------         ENDPROC       _WAITTIME
  -------         ENDMOD        PORTS

  -------         MODULE        LENVAL
  C:0000H         SYMBOL        _ICE_DUMMY_
  C:1CF8H         PUBLIC        _value
  C:2353H         PUBLIC        _EqualLenVal
  C:2926H         PUBLIC        _readVal
  C:2A7DH         SYMBOL        Com0011
  C:2A7DH         SYMBOL        L?0018
  C:2A82H         SYMBOL        L?0019
  C:2A93H         SYMBOL        L?0020
  C:2A96H         SYMBOL        L?0021
  C:2A9EH         SYMBOL        L?0022
  C:2AADH         SYMBOL        L?0023
  C:2AADH         SYMBOL        L?0024
  -------         PROC          COM0011
  -------         ENDPROC       COM0011
  -------         PROC          _VALUE
  X:00EFH         SYMBOL        plvValue
  -------         DO            
  X:00F2H         SYMBOL        lValue
  X:00F6H         SYMBOL        sIndex
  -------         ENDDO         
BL51 BANKED LINKER/LOCATER V5.03                                                      05/27/2008  11:24:47  PAGE 29


  C:1CF8H         LINE#         16
  C:1CFEH         LINE#         17
  C:1CFEH         LINE#         21
  C:1D06H         LINE#         22
  C:1D29H         LINE#         23
  C:1D29H         LINE#         24
  C:1D37H         LINE#         25
  C:1D79H         LINE#         26
  C:1D8AH         LINE#         28
  C:1D8DH         LINE#         29
  -------         ENDPROC       _VALUE
  -------         PROC          _READVAL
  D:0001H         SYMBOL        plv
  X:0105H         SYMBOL        sNumBytes
  -------         DO            
  X:0107H         SYMBOL        pucVal
  -------         ENDDO         
  C:2926H         LINE#         37
  C:292EH         LINE#         38
  C:292EH         LINE#         41
  C:2934H         LINE#         42
  C:294BH         LINE#         43
  C:294BH         LINE#         45
  C:2955H         LINE#         46
  C:296FH         LINE#         47
  -------         ENDPROC       _READVAL
  -------         PROC          _EQUALLENVAL
  X:0126H         SYMBOL        plvTdoExpected
  X:0129H         SYMBOL        plvTdoCaptured
  X:012CH         SYMBOL        plvTdoMask
  -------         DO            
  X:012FH         SYMBOL        sEqual
  D:0004H         SYMBOL        sIndex
  X:0131H         SYMBOL        ucByteVal1
  X:0132H         SYMBOL        ucByteVal2
  D:0007H         SYMBOL        ucByteMask
  -------         ENDDO         
  C:2353H         LINE#         57
  C:2359H         LINE#         58
  C:2359H         LINE#         65
  C:2361H         LINE#         66
  C:2367H         LINE#         68
  C:237BH         LINE#         69
  C:237BH         LINE#         70
  C:2385H         LINE#         71
  C:238FH         LINE#         72
  C:239BH         LINE#         73
  C:239BH         LINE#         74
  C:23A3H         LINE#         75
  C:23A9H         LINE#         76
  C:23ADH         LINE#         77
  C:23ADH         LINE#         78
  C:23B9H         LINE#         79
  C:23B9H         LINE#         80
  C:23C0H         LINE#         81
  C:23C0H         LINE#         82
  C:23C3H         LINE#         83
BL51 BANKED LINKER/LOCATER V5.03                                                      05/27/2008  11:24:47  PAGE 30


  C:23CBH         LINE#         84
  -------         ENDPROC       _EQUALLENVAL
  -------         ENDMOD        LENVAL

  -------         MODULE        CMD
  C:0000H         SYMBOL        _ICE_DUMMY_
  D:0080H         PUBLIC        P0
  D:0090H         PUBLIC        P1
  X:01DDH         SYMBOL        TextBuffer
  C:090EH         PUBLIC        Font57
  B:00A8H.7       PUBLIC        EA
  D:00E8H         PUBLIC        ADC0CN
  C:2BD7H         PUBLIC        ReadUserTextCommand
  D:00A8H         PUBLIC        IE
  D:00A6H         PUBLIC        P2MDOUT
  X:0210H         SYMBOL        text_line_no
  B:0090H.7       PUBLIC        CS
  D:00D8H         PUBLIC        PCA0CN
  C:2DE0H         PUBLIC        _GenAudioSignalCommand
  D:00B8H         PUBLIC        IP
  C:2E50H         PUBLIC        _GenTextMovCommand
  C:2B4FH         PUBLIC        _GenTextPosCommand
  C:19B6H         PUBLIC        CommandExecute
  C:2D68H         PUBLIC        WriteUserTextCommand
  D:00E1H         PUBLIC        XBR0
  D:00E2H         PUBLIC        XBR1
  C:2EA2H         PUBLIC        _GenPatternCommand
  D:00C0H         PUBLIC        SMB0CN
  C:2DC4H         PUBLIC        _GenAttribCommand
  D:00F3H         PUBLIC        P2MDIN
  C:08E4H         PUBLIC        CommandTable
  C:1B2FH         PUBLIC        JTAGMode
  D:00F8H         PUBLIC        SPI0CN
  C:2DFCH         PUBLIC        _GenAudioLevelCommand
  C:0003H         PUBLIC        _GenAudioClickTimeCommand
  D:0087H         PUBLIC        PCON
  C:2AB6H         PUBLIC        _GenDelayCommand
  C:2D46H         PUBLIC        UnitAddressCommand
  D:0089H         PUBLIC        TMOD
  D:0088H         PUBLIC        TCON
  D:00C8H         PUBLIC        TMR2CN
  D:00D6H         PUBLIC        P2SKIP
  C:2E6CH         PUBLIC        _GenTextOnOffCommand
  B:00A8H.4       PUBLIC        ES0
  C:2E88H         PUBLIC        _GenSystemCommand
  B:0098H.0       PUBLIC        RI0
  D:008CH         PUBLIC        TH0
  B:0098H.1       PUBLIC        TI0
  D:008DH         PUBLIC        TH1
  C:2F92H         PUBLIC        ReadHWVersionCommand
  D:008AH         PUBLIC        TL0
  D:008BH         PUBLIC        TL1
  C:2E18H         PUBLIC        _GenTextScaleCommand
  B:0090H.2       PUBLIC        LED
  B:0088H.6       PUBLIC        TR1
  C:2FCFH         PUBLIC        ReadSWVersionCommand
  X:0211H         PUBLIC        uploader
BL51 BANKED LINKER/LOCATER V5.03                                                      05/27/2008  11:24:47  PAGE 31


  C:2EBCH         PUBLIC        _is_text
  D:0098H         PUBLIC        SCON0
  C:0E40H         PUBLIC        _GenTextCommand
  C:28D7H         PUBLIC        ManualMode
  C:2E34H         PUBLIC        _GenTextColorCommand
  D:008EH         PUBLIC        CKCON
  C:2FA2H         PUBLIC        ReadHWInformationCommand
  D:00D0H         PUBLIC        PSW
  C:23CCH         SYMBOL        Com0098
  C:23CCH         SYMBOL        L?0153
  C:23D3H         SYMBOL        L?0154
  C:23DAH         SYMBOL        L?0155
  C:23DAH         SYMBOL        L?0156
  C:23DEH         SYMBOL        L?0157
  C:23E5H         SYMBOL        L?0158
  C:23E9H         SYMBOL        L?0159
  C:23F2H         SYMBOL        L?0160
  C:23FAH         SYMBOL        L?0161
  C:2401H         SYMBOL        L?0162
  C:240AH         SYMBOL        L?0163
  C:240CH         SYMBOL        L?0164
  C:2414H         SYMBOL        L?0165
  C:2414H         SYMBOL        L?0166
  C:241CH         SYMBOL        L?0167
  C:241DH         SYMBOL        L?0168
  C:2424H         SYMBOL        L?0169
  C:242FH         SYMBOL        L?0171
  C:242FH         SYMBOL        L?0172
  C:2436H         SYMBOL        L?0173
  C:2436H         SYMBOL        L?0174
  -------         PROC          COM0098
  -------         ENDPROC       COM0098
  -------         PROC          COMMANDEXECUTE
  -------         DO            
  D:0007H         SYMBOL        i
  -------         ENDDO         
  C:19B6H         LINE#         177
  C:19B6H         LINE#         178
  C:19B6H         LINE#         181
  C:19B8H         LINE#         182
  C:19CEH         LINE#         183
  C:19D3H         LINE#         185
  C:1A22H         LINE#         186
  C:1A22H         LINE#         187
  C:1A22H         LINE#         188
  C:1A25H         LINE#         189
  C:1A25H         LINE#         190
  C:1A25H         LINE#         191
  C:1A28H         LINE#         192
  C:1A28H         LINE#         193
  C:1A28H         LINE#         194
  C:1A2BH         LINE#         195
  C:1A2BH         LINE#         196
  C:1A2BH         LINE#         197
  C:1A2EH         LINE#         198
  C:1A2EH         LINE#         199
  C:1A2EH         LINE#         200
BL51 BANKED LINKER/LOCATER V5.03                                                      05/27/2008  11:24:47  PAGE 32


  C:1A31H         LINE#         201
  C:1A31H         LINE#         202
  C:1A31H         LINE#         203
  C:1A34H         LINE#         204
  C:1A34H         LINE#         205
  C:1A34H         LINE#         206
  C:1A3AH         LINE#         207
  C:1A3AH         LINE#         208
  C:1A3AH         LINE#         209
  C:1A41H         LINE#         210
  C:1A41H         LINE#         211
  C:1A41H         LINE#         212
  C:1A48H         LINE#         213
  C:1A48H         LINE#         214
  C:1A48H         LINE#         215
  C:1A4FH         LINE#         216
  C:1A4FH         LINE#         217
  C:1A4FH         LINE#         218
  C:1A56H         LINE#         219
  C:1A56H         LINE#         220
  C:1A56H         LINE#         221
  C:1A5DH         LINE#         222
  C:1A5DH         LINE#         223
  C:1A5DH         LINE#         224
  C:1A64H         LINE#         225
  C:1A64H         LINE#         226
  C:1A64H         LINE#         227
  C:1A6BH         LINE#         228
  C:1A6BH         LINE#         229
  C:1A6BH         LINE#         230
  C:1A72H         LINE#         231
  C:1A72H         LINE#         232
  C:1A72H         LINE#         233
  C:1A79H         LINE#         234
  C:1A79H         LINE#         235
  C:1A79H         LINE#         236
  C:1A80H         LINE#         237
  C:1A80H         LINE#         238
  C:1A80H         LINE#         239
  C:1A87H         LINE#         240
  C:1A87H         LINE#         241
  C:1A87H         LINE#         242
  C:1A8EH         LINE#         243
  C:1A8EH         LINE#         244
  C:1A8EH         LINE#         245
  C:1A91H         LINE#         246
  C:1A91H         LINE#         247
  C:1A91H         LINE#         248
  C:1A94H         LINE#         249
  C:1A94H         LINE#         251
  C:1A94H         LINE#         252
  C:1A94H         LINE#         253
  C:1A94H         LINE#         254
  -------         ENDPROC       COMMANDEXECUTE
  -------         PROC          MANUALMODE
  -------         DO            
  D:0004H         SYMBOL        addr
BL51 BANKED LINKER/LOCATER V5.03                                                      05/27/2008  11:24:47  PAGE 33


  X:0000H         SYMBOL        tmpb
  X:01DCH         SYMBOL        dat
  -------         ENDDO         
  C:28D7H         LINE#         320
  C:28D7H         LINE#         321
  C:28D7H         LINE#         326
  C:28E0H         LINE#         327
  C:28E0H         LINE#         328
  C:28E0H         LINE#         329
  C:28EAH         LINE#         330
  C:28F1H         LINE#         331
  C:28FBH         LINE#         333
  C:28FBH         LINE#         335
  C:291AH         LINE#         336
  C:2923H         LINE#         337
  C:2925H         LINE#         338
  C:2925H         LINE#         340
  C:2925H         LINE#         341
  C:2925H         LINE#         342
  C:2925H         LINE#         343
  -------         ENDPROC       MANUALMODE
  C:1BBEH         SYMBOL        L?0170
  -------         PROC          JTAGMODE
  -------         DO            
  X:0000H         SYMBOL        i
  D:0007H         SYMBOL        cnt
  X:0001H         SYMBOL        buff
  -------         ENDDO         
  C:1B2FH         LINE#         382
  C:1B2FH         LINE#         383
  C:1B2FH         LINE#         388
  C:1B31H         LINE#         390
  C:1B34H         LINE#         391
  C:1B34H         LINE#         392
  C:1B34H         LINE#         393
  C:1B34H         LINE#         394
  C:1B37H         LINE#         396
  C:1B39H         LINE#         402
  C:1B3CH         LINE#         403
  C:1B3FH         LINE#         404
  C:1B42H         LINE#         405
  C:1B44H         LINE#         406
[...]
  C:1CABH         LINE#         371
  C:1CB1H         LINE#         372
  C:1CBEH         LINE#         373
  C:1CBEH         LINE#         374
  C:1CC2H         LINE#         375
  C:1CC6H         LINE#         376
  C:1CCCH         LINE#         377
  C:1CCCH         LINE#         378
  C:1CDBH         LINE#         379
  C:1CE7H         LINE#         380
BL51 BANKED LINKER/LOCATER V5.03                                                      05/27/2008  11:24:47  PAGE 52


  C:1CECH         LINE#         381
  -------         ENDPROC       _WRITEVAL
  -------         PROC          _WRITESTRING
  X:000AH         SYMBOL        Str
  -------         DO            
  D:0006H         SYMBOL        checksum
  -------         ENDDO         
  C:29FAH         LINE#         397
  C:2A05H         LINE#         398
  C:2A05H         LINE#         399
  C:2A07H         LINE#         401
  C:2A0CH         LINE#         403
  C:2A1DH         LINE#         404
  C:2A1DH         LINE#         405
  C:2A20H         LINE#         406
  C:2A28H         LINE#         407
  C:2A2AH         LINE#         408
  C:2A2FH         LINE#         409
  C:2A34H         LINE#         410
  -------         ENDPROC       _WRITESTRING
  -------         PROC          CHARHANDLER
  C:1082H         LINE#         425
  C:1082H         LINE#         426
  C:1082H         LINE#         427
  C:1097H         LINE#         429
  C:10A1H         LINE#         431
  C:10CFH         LINE#         432
  C:10CFH         LINE#         433
  C:10CFH         LINE#         434
  C:10D7H         LINE#         435
  C:10D7H         LINE#         436
  C:10DDH         LINE#         437
  C:10E2H         LINE#         438
  C:10E7H         LINE#         439
  C:1106H         LINE#         441
  C:1106H         LINE#         442
  C:110EH         LINE#         443
  C:1111H         LINE#         445
  C:1111H         LINE#         446
  C:1122H         LINE#         447
  C:1122H         LINE#         448
  C:1122H         LINE#         449
  C:112BH         LINE#         451
  C:112BH         LINE#         452
  C:112BH         LINE#         453
  C:112EH         LINE#         455
  C:112EH         LINE#         456
  C:112EH         LINE#         457
  C:1131H         LINE#         459
  C:1131H         LINE#         460
  C:114EH         LINE#         461
  C:1151H         LINE#         463
  C:1151H         LINE#         464
  C:1151H         LINE#         465
  C:1151H         LINE#         466
  C:1154H         LINE#         467
  C:1154H         LINE#         468
BL51 BANKED LINKER/LOCATER V5.03                                                      05/27/2008  11:24:47  PAGE 53


  C:1161H         LINE#         469
  C:1161H         LINE#         470
  C:1161H         LINE#         471
  C:11C1H         LINE#         473
  C:11C1H         LINE#         474
  C:11C8H         LINE#         476
  C:11C8H         LINE#         477
  C:11C8H         LINE#         478
  C:11CAH         LINE#         480
  C:11CAH         LINE#         481
  C:11CAH         LINE#         482
  C:11CAH         LINE#         483
  C:11CDH         LINE#         484
  C:11CDH         LINE#         485
  C:11D4H         LINE#         486
  C:11D4H         LINE#         487
  C:11EBH         LINE#         488
  C:11EEH         LINE#         490
  C:11EEH         LINE#         491
  C:11F7H         LINE#         492
  C:11F8H         LINE#         493
  C:11F8H         LINE#         494
  C:1205H         LINE#         495
  C:1205H         LINE#         496
  C:1205H         LINE#         497
  C:120BH         LINE#         498
  C:120BH         LINE#         499
  C:120DH         LINE#         500
  C:120DH         LINE#         501
  C:120DH         LINE#         502
  C:1210H         LINE#         503
  C:1210H         LINE#         504
  C:1218H         LINE#         505
  C:121EH         LINE#         506
  C:121FH         LINE#         507
  C:121FH         LINE#         508
  C:1221H         LINE#         510
  C:1221H         LINE#         511
  C:1221H         LINE#         512
  C:1221H         LINE#         513
  C:122DH         LINE#         514
  C:122DH         LINE#         515
  C:122DH         LINE#         516
  C:1233H         LINE#         517
  C:1239H         LINE#         518
  C:123AH         LINE#         519
  C:123AH         LINE#         520
  C:1264H         LINE#         521
  C:126AH         LINE#         522
  C:126BH         LINE#         523
  C:126BH         LINE#         524
  C:1272H         LINE#         526
  C:1272H         LINE#         527
  C:1272H         LINE#         528
  C:1272H         LINE#         529
  C:1279H         LINE#         530
  C:1279H         LINE#         531
BL51 BANKED LINKER/LOCATER V5.03                                                      05/27/2008  11:24:47  PAGE 54


  C:1280H         LINE#         532
  C:1283H         LINE#         533
  C:1283H         LINE#         534
  C:1285H         LINE#         536
  C:1285H         LINE#         537
  C:128CH         LINE#         538
  C:1293H         LINE#         540
  C:1293H         LINE#         541
  C:1298H         LINE#         543
  C:1298H         LINE#         544
  -------         ENDPROC       CHARHANDLER
  -------         PROC          L?0121
  -------         ENDPROC       L?0121
  -------         PROC          _SPI_TRANSFER
  D:0007H         SYMBOL        spi_byte
  D:0005H         SYMBOL        cnt
  -------         DO            
  D:0006H         SYMBOL        i
  -------         ENDDO         
  C:2C0BH         LINE#         564
  C:2C0BH         LINE#         565
  C:2C0BH         LINE#         568
  C:2C12H         LINE#         569
  C:2C12H         LINE#         570
  C:2C14H         LINE#         572
  C:2C18H         LINE#         573
  C:2C1CH         LINE#         575
  C:2C1EH         LINE#         576
  C:2C22H         LINE#         577
  C:2C24H         LINE#         578
  C:2C2AH         LINE#         579
  C:2C2DH         LINE#         580
  C:2C2DH         LINE#         581
  -------         ENDPROC       _SPI_TRANSFER
  -------         PROC          _SEND
  X:000FH         SYMBOL        gen
  D:0004H         SYMBOL        addr
  X:0012H         SYMBOL        dat
  X:0015H         SYMBOL        cnt
  -------         DO            
  X:0017H         SYMBOL        i
  X:0018H         SYMBOL        j
  -------         ENDDO         
  C:287FH         LINE#         598
  C:288FH         LINE#         599
  C:288FH         LINE#         603
  C:2891H         LINE#         604
  C:289BH         LINE#         605
  C:28A1H         LINE#         606
  C:28A4H         LINE#         607
  C:28A7H         LINE#         609
  C:28C3H         LINE#         610
  C:28C3H         LINE#         611
  C:28CCH         LINE#         612
  C:28D4H         LINE#         613
  C:28D6H         LINE#         614
  -------         ENDPROC       _SEND
BL51 BANKED LINKER/LOCATER V5.03                                                      05/27/2008  11:24:47  PAGE 55


  -------         PROC          _RECEIVE_BYTE
  X:000AH         SYMBOL        gen
  D:0004H         SYMBOL        addr
  D:0001H         SYMBOL        dat
  -------         DO            
  X:000BH         SYMBOL        i
  X:000CH         SYMBOL        j
  X:000EH         SYMBOL        tmp
  -------         ENDDO         
  C:2AEEH         LINE#         642
  C:2AF3H         LINE#         643
  C:2AF3H         LINE#         648
  C:2AFAH         LINE#         650
  C:2AFCH         LINE#         651
  C:2B06H         LINE#         652
  C:2B0CH         LINE#         653
  C:2B0FH         LINE#         654
  C:2B12H         LINE#         656
  C:2B1CH         LINE#         657
  C:2B1EH         LINE#         658
  -------         ENDPROC       _RECEIVE_BYTE
  -------         ENDMOD        SER_SPI

  -------         MODULE        SERIAL
  C:0000H         SYMBOL        _ICE_DUMMY_
  D:0080H         PUBLIC        P0
  D:0090H         PUBLIC        P1
  C:3013H         PUBLIC        serinit
  C:2DA7H         PUBLIC        Timer2_ISR
  C:301BH         PUBLIC        _putch
  D:00E8H         PUBLIC        ADC0CN
  C:2D88H         PUBLIC        _Timer2_Init
  D:00A8H         PUBLIC        IE
  C:2FDDH         PUBLIC        delay
  B:0020H.1       PUBLIC        T2timeout
  B:00C8H.7       PUBLIC        TF2H
  D:00D8H         PUBLIC        PCA0CN
  D:00B8H         PUBLIC        IP
  C:2F30H         PUBLIC        flush
  D:00C0H         PUBLIC        SMB0CN
  D:00CCH         PUBLIC        TMR2
  D:00F8H         PUBLIC        SPI0CN
  D:0088H         PUBLIC        TCON
  D:00C8H         PUBLIC        TMR2CN
  X:0218H         PUBLIC        csum
  D:00CAH         PUBLIC        TMR2RL
  B:00A8H.4       PUBLIC        ES0
  C:2ED4H         PUBLIC        serint0
  B:00A8H.5       PUBLIC        ET2
  B:0098H.0       PUBLIC        RI0
  B:0098H.1       PUBLIC        TI0
  I:0023H         PUBLIC        rx_serbuf
  B:00C8H.2       PUBLIC        TR2
  D:0020H         PUBLIC        serflags
  X:0219H         PUBLIC        t2del
  D:0099H         PUBLIC        SBUF0
  D:0098H         PUBLIC        SCON0
BL51 BANKED LINKER/LOCATER V5.03                                                      05/27/2008  11:24:47  PAGE 56


  C:26B5H         PUBLIC        _getch
  D:00D0H         PUBLIC        PSW
  X:021AH         PUBLIC        rx_inptr
  X:021BH         PUBLIC        rx_outptr
  -------         PROC          SERINIT
  C:3013H         LINE#         50
  C:3013H         LINE#         51
  C:3013H         LINE#         53
  C:3018H         LINE#         54
  C:301AH         LINE#         55
  -------         ENDPROC       SERINIT
  -------         PROC          FLUSH
  -------         DO            
  D:0007H         SYMBOL        i
  -------         ENDDO         
  C:2F30H         LINE#         69
  C:2F30H         LINE#         70
  C:2F30H         LINE#         72
  C:2F32H         LINE#         73
  C:2F37H         LINE#         74
  C:2F39H         LINE#         76
  C:2F39H         LINE#         77
  C:2F39H         LINE#         78
  C:2F42H         LINE#         79
  C:2F42H         LINE#         80
  C:2F44H         LINE#         81
  -------         ENDPROC       FLUSH
  -------         PROC          _PUTCH
  D:0007H         SYMBOL        c
  C:301BH         LINE#         96
  C:301BH         LINE#         97
  C:301BH         LINE#         98
  C:301DH         LINE#         99
  C:3020H         LINE#         101
  C:3022H         LINE#         102
  -------         ENDPROC       _PUTCH
  -------         PROC          SERINT0
  C:2ED4H         LINE#         122
  C:2ED4H         LINE#         123
  C:2ED4H         LINE#         125
  C:2ED7H         LINE#         126
  C:2ED7H         LINE#         127
  C:2EE0H         LINE#         128
  C:2EE2H         LINE#         129
  C:2EE5H         LINE#         130
  C:2EE9H         LINE#         131
  C:2EEBH         LINE#         132
  C:2EEBH         LINE#         133
  -------         ENDPROC       SERINT0
  -------         PROC          _GETCH
  X:010BH         SYMBOL        c
  C:26B5H         LINE#         157
  C:26C0H         LINE#         158
  C:26C0H         LINE#         160
  C:26C2H         LINE#         161
  C:26C8H         LINE#         162
  C:26C8H         LINE#         166
BL51 BANKED LINKER/LOCATER V5.03                                                      05/27/2008  11:24:47  PAGE 57


  C:26CDH         LINE#         167
  C:26CDH         LINE#         168
  C:26CFH         LINE#         170
  C:26D6H         LINE#         172
  C:26E2H         LINE#         173
  C:26E2H         LINE#         174
  C:26E5H         LINE#         175
  C:26E5H         LINE#         176
  C:26E7H         LINE#         177
  C:26EAH         LINE#         178
  C:26EAH         LINE#         179
  C:26EAH         LINE#         181
  C:26ECH         LINE#         182
  C:26EEH         LINE#         183
  C:2703H         LINE#         184
  C:2709H         LINE#         185
  C:270DH         LINE#         186
  C:270FH         LINE#         187
  C:2711H         LINE#         188
  C:2713H         LINE#         189
  -------         ENDPROC       _GETCH
  -------         PROC          _TIMER2_INIT
  D:0006H         SYMBOL        counts
  C:2D88H         LINE#         204
  C:2D88H         LINE#         205
  C:2D88H         LINE#         206
  C:2D8BH         LINE#         208
  C:2D94H         LINE#         209
  C:2D9AH         LINE#         210
  C:2D9CH         LINE#         211
  C:2D9EH         LINE#         212
  C:2DA4H         LINE#         213
  C:2DA6H         LINE#         214
  -------         ENDPROC       _TIMER2_INIT
  -------         PROC          DELAY
  C:2FDDH         LINE#         216
  C:2FDDH         LINE#         217
  C:2FDDH         LINE#         218
  C:2FE4H         LINE#         220
  C:2FE4H         LINE#         221
  C:2FE4H         LINE#         222
  C:2FE7H         LINE#         223
  C:2FE7H         LINE#         224
  C:2FE9H         LINE#         226
  C:2FE9H         LINE#         227
  C:2FE9H         LINE#         228
  -------         ENDPROC       DELAY
  -------         PROC          TIMER2_ISR
  C:2DA7H         LINE#         232
  C:2DADH         LINE#         234
  C:2DAFH         LINE#         236
  C:2DB5H         LINE#         237
  C:2DB8H         LINE#         238
  C:2DB8H         LINE#         239
  C:2DBAH         LINE#         240
  C:2DBDH         LINE#         241
  C:2DBDH         LINE#         242
BL51 BANKED LINKER/LOCATER V5.03                                                      05/27/2008  11:24:47  PAGE 58


  -------         ENDPROC       TIMER2_ISR
  -------         ENDMOD        SERIAL

  -------         MODULE        ?C?CLDPTR
  C:002EH         PUBLIC        ?C?CLDPTR
  -------         ENDMOD        ?C?CLDPTR

  -------         MODULE        ?C?CLDOPTR
  C:0047H         PUBLIC        ?C?CLDOPTR
  -------         ENDMOD        ?C?CLDOPTR

  -------         MODULE        ?C?CILDPTR
  C:0074H         PUBLIC        ?C?CILDPTR
  -------         ENDMOD        ?C?CILDPTR

  -------         MODULE        ?C?CSTPTR
  C:0096H         PUBLIC        ?C?CSTPTR
  -------         ENDMOD        ?C?CSTPTR

  -------         MODULE        ?C?CSTOPTR
  C:00A8H         PUBLIC        ?C?CSTOPTR
  -------         ENDMOD        ?C?CSTOPTR

  -------         MODULE        ?C?IMUL
  C:00CAH         PUBLIC        ?C?IMUL
  -------         ENDMOD        ?C?IMUL

  -------         MODULE        ?C?IILDX
  C:00DCH         PUBLIC        ?C?IILDX
  -------         ENDMOD        ?C?IILDX

  -------         MODULE        ?C?ILDIX
  C:00F2H         PUBLIC        ?C?ILDIX
  -------         ENDMOD        ?C?ILDIX

  -------         MODULE        ?C?ILDPTR
  C:0108H         PUBLIC        ?C?ILDPTR
  -------         ENDMOD        ?C?ILDPTR

  -------         MODULE        ?C?ILDOPTR
  C:0133H         PUBLIC        ?C?ILDOPTR
  -------         ENDMOD        ?C?ILDOPTR

  -------         MODULE        ?C?ISTPTR
  C:016BH         PUBLIC        ?C?ISTPTR
  -------         ENDMOD        ?C?ISTPTR

  -------         MODULE        ?C?ISTOPTR
  C:018AH         PUBLIC        ?C?ISTOPTR
  -------         ENDMOD        ?C?ISTOPTR

  -------         MODULE        ?C?LMUL
  C:01B7H         PUBLIC        ?C?LMUL
  -------         ENDMOD        ?C?LMUL

  -------         MODULE        ?C?ULDIV
  C:0242H         PUBLIC        ?C?ULDIV
BL51 BANKED LINKER/LOCATER V5.03                                                      05/27/2008  11:24:47  PAGE 59


  -------         ENDMOD        ?C?ULDIV

  -------         MODULE        ?C?SLDIV
  C:29B6H         PUBLIC        ?C?SLDIV
  -------         ENDMOD        ?C?SLDIV

  -------         MODULE        ?C?SLCMP
  C:02D4H         PUBLIC        ?C?SLCMP
  -------         ENDMOD        ?C?SLCMP

  -------         MODULE        ?C?SLSHR
  C:02EAH         PUBLIC        ?C?SLSHR
  -------         ENDMOD        ?C?SLSHR

  -------         MODULE        ?C?LSHL
  C:02FEH         PUBLIC        ?C?LSHL
  -------         ENDMOD        ?C?LSHL

  -------         MODULE        ?C?LLDOPTR
  C:0311H         PUBLIC        ?C?LLDOPTR
  -------         ENDMOD        ?C?LLDOPTR

  -------         MODULE        ?C?LSTOPTR
  C:0341H         PUBLIC        ?C?LSTOPTR
  -------         ENDMOD        ?C?LSTOPTR

  -------         MODULE        ?C?LSTXDATA
  C:0365H         PUBLIC        ?C?LSTXDATA
  -------         ENDMOD        ?C?LSTXDATA

  -------         MODULE        ?C?LSTKXDATA
  C:0371H         PUBLIC        ?C?LSTKXDATA
  -------         ENDMOD        ?C?LSTKXDATA

  -------         MODULE        ?C?LSTKOPTR
  C:03A2H         PUBLIC        ?C?LSTKOPTR
  -------         ENDMOD        ?C?LSTKOPTR

  -------         MODULE        ?C?ICALL
  C:03C6H         PUBLIC        ?C?ICALL
  C:03CAH         PUBLIC        ?C?ICALL2
  -------         ENDMOD        ?C?ICALL

  -------         MODULE        PRINTF
  X:000AH         PUBLIC        ?_PRINTF517?BYTE
  X:000AH         PUBLIC        ?_PRINTF?BYTE
  X:000AH         PUBLIC        ?_SPRINTF517?BYTE
  X:000AH         PUBLIC        ?_SPRINTF?BYTE
  C:05E4H         PUBLIC        _PRINTF
  C:05E4H         PUBLIC        _PRINTF517
  C:05DEH         PUBLIC        _SPRINTF
  C:05DEH         PUBLIC        _SPRINTF517
  -------         ENDMOD        PRINTF

  -------         MODULE        ?C?STRCPY
  C:0498H         PUBLIC        ?C?STRCPY
  -------         ENDMOD        ?C?STRCPY
BL51 BANKED LINKER/LOCATER V5.03                                                      05/27/2008  11:24:47  PAGE 60



  -------         MODULE        STRLEN
  C:2F45H         PUBLIC        _STRLEN
  -------         ENDMOD        STRLEN

  -------         MODULE        ?C?LLDIDATA
  C:04B5H         PUBLIC        ?C?LLDIDATA
  -------         ENDMOD        ?C?LLDIDATA

  -------         MODULE        ?C?LLDXDATA
  C:04C1H         PUBLIC        ?C?LLDXDATA
  -------         ENDMOD        ?C?LLDXDATA

  -------         MODULE        ?C?LLDPDATA
  C:04CDH         PUBLIC        ?C?LLDPDATA
  -------         ENDMOD        ?C?LLDPDATA

  -------         MODULE        ?C?LLDCODE
  C:04D9H         PUBLIC        ?C?LLDCODE
  -------         ENDMOD        ?C?LLDCODE

  -------         MODULE        ?C?LSTIDATA
  C:04E9H         PUBLIC        ?C?LSTIDATA
  -------         ENDMOD        ?C?LSTIDATA

  -------         MODULE        ?C?LSTPDATA
  C:04F5H         PUBLIC        ?C?LSTPDATA
  -------         ENDMOD        ?C?LSTPDATA

  -------         MODULE        ?C?LSTKIDATA
  C:0501H         PUBLIC        ?C?LSTKIDATA
  -------         ENDMOD        ?C?LSTKIDATA

  -------         MODULE        ?C?LSTKPDATA
  C:051AH         PUBLIC        ?C?LSTKPDATA
  -------         ENDMOD        ?C?LSTKPDATA

  -------         MODULE        ?C?PLDIXDATA
  C:0533H         PUBLIC        ?C?PLDIXDATA
  -------         ENDMOD        ?C?PLDIXDATA

  -------         MODULE        ?C?PSTXDATA
  C:054AH         PUBLIC        ?C?PSTXDATA
  -------         ENDMOD        ?C?PSTXDATA

  -------         MODULE        ?C?CCASE
  C:0553H         PUBLIC        ?C?CCASE
  -------         ENDMOD        ?C?CCASE

  -------         MODULE        PUTCHAR
  C:2CFAH         PUBLIC        _PUTCHAR
  -------         ENDMOD        PUTCHAR

Program Size: data=76.7 xdata=542 code=12321
LINK/LOCATE RUN COMPLETE.  0 WARNING(S),  0 ERROR(S)
