BL51 BANKED LINKER/LOCATER V5.03              05/27/2008  10:09:56  PAGE 1


BL51 BANKED LINKER/LOCATER V5.03, INVOKED BY:
C:\SILABS\MCU\IDEFILES\C51\BIN\BL51.EXE F:\JK_WORK\PT8612\PT8641.OBJ, F:\JK_WO
>> RK\PT8612\SER_SPI.OBJ, F:\JK_WORK\PT8612\SERIAL.OBJ, F:\JK_WORK\PT8612\PORT
>> S.OBJ, F:\JK_WORK\PT8612\MICRO.OBJ, F:\JK_WORK\PT8612\LENVAL.OBJ, F:\JK_WOR
>> K\PT8612\INI.OBJ, F:\JK_WORK\PT8612\EEPROM.OBJ, F:\JK_WORK\PT8612\CMD.OBJ T
>> O F:\JK_WORK\PT8612\PT8641 RS (256) PL (68) PW (78)


MEMORY MODEL: LARGE


INPUT MODULES INCLUDED:
  F:\JK_WORK\PT8612\PT8641.OBJ (PT8641)
  F:\JK_WORK\PT8612\SER_SPI.OBJ (SER_SPI)
  F:\JK_WORK\PT8612\SERIAL.OBJ (SERIAL)
  F:\JK_WORK\PT8612\PORTS.OBJ (PORTS)
  F:\JK_WORK\PT8612\MICRO.OBJ (MICRO)
  F:\JK_WORK\PT8612\LENVAL.OBJ (LENVAL)
  F:\JK_WORK\PT8612\INI.OBJ (INI)
  F:\JK_WORK\PT8612\EEPROM.OBJ (EEPROM)
  F:\JK_WORK\PT8612\CMD.OBJ (CMD)
  C:\SILABS\MCU\IDEFILES\C51\LIB\C51L.LIB (?C_STARTUP)
  C:\SILABS\MCU\IDEFILES\C51\LIB\C51L.LIB (?C?CLDPTR)
  C:\SILABS\MCU\IDEFILES\C51\LIB\C51L.LIB (?C?CLDOPTR)
  C:\SILABS\MCU\IDEFILES\C51\LIB\C51L.LIB (?C?CILDPTR)
  C:\SILABS\MCU\IDEFILES\C51\LIB\C51L.LIB (?C?CSTPTR)
  C:\SILABS\MCU\IDEFILES\C51\LIB\C51L.LIB (?C?CSTOPTR)
  C:\SILABS\MCU\IDEFILES\C51\LIB\C51L.LIB (?C?IMUL)
  C:\SILABS\MCU\IDEFILES\C51\LIB\C51L.LIB (?C?IILDX)
  C:\SILABS\MCU\IDEFILES\C51\LIB\C51L.LIB (?C?ILDIX)
  C:\SILABS\MCU\IDEFILES\C51\LIB\C51L.LIB (?C?ILDPTR)
  C:\SILABS\MCU\IDEFILES\C51\LIB\C51L.LIB (?C?ILDOPTR)
  C:\SILABS\MCU\IDEFILES\C51\LIB\C51L.LIB (?C?ISTPTR)
  C:\SILABS\MCU\IDEFILES\C51\LIB\C51L.LIB (?C?ISTOPTR)
  C:\SILABS\MCU\IDEFILES\C51\LIB\C51L.LIB (?C?LMUL)
  C:\SILABS\MCU\IDEFILES\C51\LIB\C51L.LIB (?C?ULDIV)
  C:\SILABS\MCU\IDEFILES\C51\LIB\C51L.LIB (?C?SLDIV)
  C:\SILABS\MCU\IDEFILES\C51\LIB\C51L.LIB (?C?SLCMP)
  C:\SILABS\MCU\IDEFILES\C51\LIB\C51L.LIB (?C?SLSHR)
  C:\SILABS\MCU\IDEFILES\C51\LIB\C51L.LIB (?C?LSHL)
  C:\SILABS\MCU\IDEFILES\C51\LIB\C51L.LIB (?C?LLDOPTR)
  C:\SILABS\MCU\IDEFILES\C51\LIB\C51L.LIB (?C?LSTOPTR)
  C:\SILABS\MCU\IDEFILES\C51\LIB\C51L.LIB (?C?LSTXDATA)
  C:\SILABS\MCU\IDEFILES\C51\LIB\C51L.LIB (?C?LSTKXDATA)
  C:\SILABS\MCU\IDEFILES\C51\LIB\C51L.LIB (?C?LSTKOPTR)
  C:\SILABS\MCU\IDEFILES\C51\LIB\C51L.LIB (?C?ICALL)
  C:\SILABS\MCU\IDEFILES\C51\LIB\C51L.LIB (PRINTF)
  C:\SILABS\MCU\IDEFILES\C51\LIB\C51L.LIB (?C?STRCPY)
  C:\SILABS\MCU\IDEFILES\C51\LIB\C51L.LIB (STRLEN)
  C:\SILABS\MCU\IDEFILES\C51\LIB\C51L.LIB (?C_INIT)
  C:\SILABS\MCU\IDEFILES\C51\LIB\C51L.LIB (?C?LLDIDATA)
  C:\SILABS\MCU\IDEFILES\C51\LIB\C51L.LIB (?C?LLDXDATA)
  C:\SILABS\MCU\IDEFILES\C51\LIB\C51L.LIB (?C?LLDPDATA)
  C:\SILABS\MCU\IDEFILES\C51\LIB\C51L.LIB (?C?LLDCODE)
  C:\SILABS\MCU\IDEFILES\C51\LIB\C51L.LIB (?C?LSTIDATA)
  C:\SILABS\MCU\IDEFILES\C51\LIB\C51L.LIB (?C?LSTPDATA)
  C:\SILABS\MCU\IDEFILES\C51\LIB\C51L.LIB (?C?LSTKIDATA)
  C:\SILABS\MCU\IDEFILES\C51\LIB\C51L.LIB (?C?LSTKPDATA)
  C:\SILABS\MCU\IDEFILES\C51\LIB\C51L.LIB (?C?PLDIXDATA)
  C:\SILABS\MCU\IDEFILES\C51\LIB\C51L.LIB (?C?PSTXDATA)
  C:\SILABS\MCU\IDEFILES\C51\LIB\C51L.LIB (?C?CCASE)
  C:\SILABS\MCU\IDEFILES\C51\LIB\C51L.LIB (PUTCHAR)


LINK MAP OF MODULE:  F:\JK_WORK\PT8612\PT8641 (PT8641)

BL51 BANKED LINKER/LOCATER V5.03            05/27/2008  10:09:56  PAGE 2



            TYPE    BASE      LENGTH    RELOCATION   SEGMENT NAME
            -----------------------------------------------------

            * * * * * * *   D A T A   M E M O R Y   * * * * * * *
            REG     0000H     0008H     ABSOLUTE     "REG BANK 0"
            DATA    0008H     0005H     UNIT         _DATA_GROUP_
                    000DH     0013H                  *** GAP ***
            DATA    0020H     0001H     BIT_ADDR     ?BA?SERIAL
            BIT     0021H.0   0001H.1   UNIT         _BIT_GROUP_
            BIT     0022H.1   0000H.5   UNIT         ?BI?SER_SPI
            BIT     0022H.6   0000H.1   UNIT         ?BI?PT8641
                    0022H.7   0000H.1                *** GAP ***
            IDATA   0023H     003CH     UNIT         ?ID?SERIAL
            IDATA   005FH     0001H     UNIT         ?STACK

            * * * * * * *  X D A T A   M E M O R Y  * * * * * * *
            XDATA   0000H     013CH     UNIT         _XDATA_GROUP_
            XDATA   013CH     0058H     UNIT         ?XD?SER_SPI
            XDATA   0194H     0048H     UNIT         ?XD?MICRO
            XDATA   01DCH     0038H     UNIT         ?XD?CMD
            XDATA   0214H     0004H     UNIT         ?XD?SERIAL
            XDATA   0218H     0004H     UNIT         ?XD?PORTS
            XDATA   021CH     0002H     UNIT         ?XD?EEPROM

            * * * * * * *   C O D E   M E M O R Y   * * * * * * *
            CODE    0000H     0003H     ABSOLUTE     
            CODE    0003H     001FH     UNIT         ?PR?_TIMER2_INIT?SERIAL
                    0022H     0001H                  *** GAP ***
            CODE    0023H     0003H     ABSOLUTE     
            CODE    0026H     0003H     UNIT         ?PR?I2CINIT?EEPROM
                    0029H     0002H                  *** GAP ***
            CODE    002BH     0003H     ABSOLUTE     
            CODE    002EH     054BH     UNIT         ?C?LIB_CODE
            CODE    0579H     0365H     UNIT         ?PR?PRINTF?PRINTF
            CODE    08DEH     0350H     UNIT         ?PR?_XSVFGOTOTAPSTATE?MIC
>> RO
            CODE    0C2EH     02D0H     UNIT         ?CO?CMD
            CODE    0EFEH     02A2H     UNIT         ?PR?CHARHANDLER?SER_SPI
            CODE    11A0H     028DH     UNIT         ?PR?_GENTEXTCOMMAND?CMD
            CODE    142DH     024BH     UNIT         ?PR?_XSVFSHIFT?MICRO
            CODE    1678H     01EFH     UNIT         ?PR?_XSVFRUN?MICRO
            CODE    1867H     01E1H     UNIT         ?PR?_XSVFSHIFTONLY?MICRO
            CODE    1A48H     0136H     UNIT         ?PR?RS232BREAK?SER_SPI
            CODE    1B7EH     0116H     UNIT         ?PR?_XSVFDOXSIR2?MICRO
            CODE    1C94H     010FH     UNIT         ?PR?_XSVFDOXSDR?MICRO
            CODE    1DA3H     010DH     UNIT         ?PR?_WAITTIME?PORTS
            CODE    1EB0H     0106H     UNIT         ?PR?_XSVFDOXSIR?MICRO
            CODE    1FB6H     00F6H     UNIT         ?PR?_XSVFDOXSDRTDO?MICRO
            CODE    20ACH     00F4H     UNIT         ?PR?_XSVFDOXSDRTDOBCE?MIC
>> RO
            CODE    21A0H     00DFH     UNIT         ?PR?COMMANDEXECUTE?CMD
            CODE    227FH     00DEH     UNIT         ?PR?_XSVFDOXWAIT?MICRO
            CODE    235DH     00DDH     UNIT         ?PR?_XSVFBASICXSDRTDO?MIC
>> RO
            CODE    243AH     00D2H     UNIT         ?PR?_XSVFDOXSDRBCE?MICRO
            CODE    250CH     00C2H     UNIT         ?PR?_VALUE?LENVAL
            CODE    25CEH     00BFH     UNIT         ?PR?_EQUALLENVAL?LENVAL
            CODE    268DH     00A8H     UNIT         ?PR?_WRITEVAL?SER_SPI
            CODE    2735H     00A0H     UNIT         ?PR?_XSVFDOXSDRSIZE?MICRO
>> 
            CODE    27D5H     009DH     UNIT         ?PR?JTAGMODE?CMD
            CODE    2872H     008CH     UNIT         ?C_C51STARTUP
            CODE    28FEH     0086H     UNIT         ?PR?_SEQREADE2PROM?EEPROM
>> 
BL51 BANKED LINKER/LOCATER V5.03            05/27/2008  10:09:56  PAGE 3


            CODE    2984H     0082H     UNIT         ?PR?_XSVFDOXENDXR?MICRO
            CODE    2A06H     0080H     UNIT         ?CO?SER_SPI
            CODE    2A86H     007FH     UNIT         ?PR?CONFIG?INI
            CODE    2B05H     0075H     UNIT         ?PR?_XSVFINITIALIZE?MICRO
>> 
            CODE    2B7AH     0075H     UNIT         ?PR?I2CSTOP?EEPROM
            CODE    2BEFH     006CH     UNIT         ?PR?_SEND?SER_SPI
            CODE    2C5BH     006CH     UNIT         ?PR?_I2CMASTERWRITE?EEPRO
>> M
            CODE    2CC7H     006BH     UNIT         ?PR?_PAGEWRITEE2PROM?EEPR
>> OM
            CODE    2D32H     005FH     UNIT         ?PR?_GETCH?SERIAL
            CODE    2D91H     005EH     UNIT         ?PR?_I2CMASTERREAD?EEPROM
>> 
            CODE    2DEFH     005CH     UNIT         ?PR?_XSVFINFOINIT?MICRO
            CODE    2E4BH     005AH     UNIT         ?C_INITSEG
            CODE    2EA5H     005AH     UNIT         ?PR?_SETPORT?PORTS
            CODE    2EFFH     0057H     UNIT         ?PR?MANUALMODE?CMD
            CODE    2F56H     0053H     UNIT         ?PR?_READVAL?LENVAL
            CODE    2FA9H     0050H     UNIT         ?PR?_WRITESTRING?SER_SPI
            CODE    2FF9H     004AH     UNIT         ?PR?_XSVFDOXRUNTEST?MICRO
>> 
            CODE    3043H     0044H     UNIT         ?C?LDIV
            CODE    3087H     0043H     UNIT         ?PR?_XSVFDOXSTATE?MICRO
            CODE    30CAH     0042H     UNIT         ?PR?_GENTEXTPOSCOMMAND?CM
>> D
            CODE    310CH     003EH     UNIT         ?PR?_GENDELAYCOMMAND?CMD
            CODE    314AH     003CH     UNIT         ?PR?_XSVFDOXTDOMASK?MICRO
>> 
            CODE    3186H     003AH     UNIT         ?PR?READUSERTEXTCOMMAND?C
>> MD
            CODE    31C0H     0038H     UNIT         ?PR?_XSVFDOXCOMMENT?MICRO
>> 
            CODE    31F8H     0037H     UNIT         ?PR?I2CSTART?EEPROM
            CODE    322FH     0035H     UNIT         ?PR?_RECEIVE_BYTE?SER_SPI
>> 
            CODE    3264H     0033H     UNIT         ?PR?_GENAUDIOCLICKTIMECOM
>> MAND?CMD
            CODE    3297H     0030H     UNIT         ?PR?_ACK_POL_R?EEPROM
            CODE    32C7H     002DH     UNIT         ?PR?XSVFEXECUTE?MICRO
            CODE    32F4H     002BH     UNIT         ?PR?_SPI_TRANSFER?SER_SPI
>> 
            CODE    331FH     002BH     UNIT         ?PR?_GENSYSTEMCOMMAND?CMD
>> 
            CODE    334AH     002BH     UNIT         ?PR?_GENPATTERNCOMMAND?CM
>> D
            CODE    3375H     002BH     UNIT         ?PR?_GENATTRIBCOMMAND?CMD
>> 
            CODE    33A0H     002BH     UNIT         ?PR?_GENAUDIOSIGNALCOMMAN
>> D?CMD
            CODE    33CBH     002BH     UNIT         ?PR?_GENAUDIOLEVELCOMMAND
>> ?CMD
            CODE    33F6H     002BH     UNIT         ?PR?_GENTEXTSCALECOMMAND?
>> CMD
            CODE    3421H     002BH     UNIT         ?PR?_GENTEXTCOLORCOMMAND?
>> CMD
            CODE    344CH     002BH     UNIT         ?PR?_GENTEXTMOVCOMMAND?CM
>> D
            CODE    3477H     002BH     UNIT         ?PR?_GENTEXTONOFFCOMMAND?
>> CMD
            CODE    34A2H     002BH     UNIT         ?PR?WRITEUSERTEXTCOMMAND?
>> CMD
            CODE    34CDH     002AH     UNIT         ?PR?RS232INIT?SER_SPI
            CODE    34F7H     0027H     UNIT         ?PR?PUTCHAR?PUTCHAR
            CODE    351EH     0025H     UNIT         ?PR?_XSVFGETASNUMBYTES?MI
BL51 BANKED LINKER/LOCATER V5.03            05/27/2008  10:09:56  PAGE 4


>> CRO
            CODE    3543H     0025H     UNIT         ?PR?UNITADDRESSCOMMAND?CM
>> D
            CODE    3568H     0023H     UNIT         ?PR?CHECK_SCL?EEPROM
            CODE    358BH     001DH     UNIT         ?PR?TIMER2_ISR?SERIAL
            CODE    35A8H     0018H     UNIT         ?PR?SERINT0?SERIAL
            CODE    35C0H     0018H     UNIT         ?PR?_XSVFTMSTRANSITION?MI
>> CRO
            CODE    35D8H     0018H     UNIT         ?PR?_IS_TEXT?CMD
            CODE    35F0H     0017H     UNIT         ?PR?MAIN?PT8641
            CODE    3607H     0016H     UNIT         ?PR?READTDOBIT?PORTS
            CODE    361DH     0015H     UNIT         ?PR?FLUSH?SERIAL
            CODE    3632H     0015H     UNIT         ?PR?_STRLEN?STRLEN
            CODE    3647H     0014H     UNIT         ?PR?_XSVFDOILLEGALCMD?MIC
>> RO
            CODE    365BH     0014H     UNIT         ?PR?READSWVERSIONCOMMAND?
>> CMD
            CODE    366FH     0013H     UNIT         ?PR?READHWVERSIONCOMMAND?
>> CMD
            CODE    3682H     0013H     UNIT         ?PR?READHWINFORMATIONCOMM
>> AND?CMD
            CODE    3695H     0011H     UNIT         ?PR?TESTINPUTBUFFER?SER_S
>> PI
            CODE    36A6H     000FH     UNIT         ?PR?_WRITECHAR?SER_SPI
            CODE    36B5H     000EH     UNIT         ?PR?_XSVFDOXREPEAT?MICRO
            CODE    36C3H     000DH     UNIT         ?PR?DELAY?SERIAL
            CODE    36D0H     000CH     UNIT         ?PR?PULSECLOCK?PORTS
            CODE    36DCH     0009H     UNIT         ?PR?_READBYTE?PORTS
            CODE    36E5H     0009H     UNIT         ?PR?_XSVFDOXCOMPLETE?MICR
>> O
            CODE    36EEH     0008H     UNIT         ?PR?SERINIT?SERIAL
            CODE    36F6H     0008H     UNIT         ?PR?_PUTCH?SERIAL



OVERLAY MAP OF MODULE:   F:\JK_WORK\PT8612\PT8641 (PT8641)


SEGMENT                                      BIT_GROUP          DATA_GROUP    
>>       XDATA_GROUP
  +--> CALLED SEGMENT                     START    LENGTH     START    LENGTH 
>>     START    LENGTH
------------------------------------------------------------------------------
>> -------------------
?PR?RS232BREAK?SER_SPI                    -----    -----      -----    -----  
>>     -----    -----
  +--> ?PR?SERINT0?SERIAL
  +--> ?CO?SER_SPI

*** NEW ROOT ***************************************************

?C_C51STARTUP                             -----    -----      -----    -----  
>>     -----    -----
  +--> ?PR?MAIN?PT8641
  +--> ?C_INITSEG

?PR?MAIN?PT8641                           -----    -----      -----    -----  
>>     -----    -----
  +--> ?PR?CONFIG?INI
  +--> ?PR?RS232INIT?SER_SPI
  +--> ?PR?I2CINIT?EEPROM
  +--> ?PR?TESTINPUTBUFFER?SER_SPI
  +--> ?PR?CHARHANDLER?SER_SPI

?PR?CHARHANDLER?SER_SPI                   -----    -----      -----    -----  
BL51 BANKED LINKER/LOCATER V5.03            05/27/2008  10:09:56  PAGE 5


>>     -----    -----
  +--> ?CO?SER_SPI
  +--> ?PR?COMMANDEXECUTE?CMD

?PR?COMMANDEXECUTE?CMD                    -----    -----      -----    -----  
>>     -----    -----
  +--> ?CO?CMD
  +--> ?PR?UNITADDRESSCOMMAND?CMD
  +--> ?PR?WRITEUSERTEXTCOMMAND?CMD
  +--> ?PR?READUSERTEXTCOMMAND?CMD
  +--> ?PR?READSWVERSIONCOMMAND?CMD
  +--> ?PR?READHWVERSIONCOMMAND?CMD
  +--> ?PR?READHWINFORMATIONCOMMAND?CMD
  +--> ?PR?_GENSYSTEMCOMMAND?CMD
  +--> ?PR?_GENPATTERNCOMMAND?CMD
  +--> ?PR?_GENATTRIBCOMMAND?CMD
  +--> ?PR?_GENDELAYCOMMAND?CMD
  +--> ?PR?_GENAUDIOCLICKTIMECOMMAND?CMD
  +--> ?PR?_GENAUDIOSIGNALCOMMAND?CMD
  +--> ?PR?_GENAUDIOLEVELCOMMAND?CMD
  +--> ?PR?_GENTEXTPOSCOMMAND?CMD
  +--> ?PR?_GENTEXTSCALECOMMAND?CMD
  +--> ?PR?_GENTEXTCOLORCOMMAND?CMD
  +--> ?PR?_GENTEXTMOVCOMMAND?CMD
  +--> ?PR?_GENTEXTONOFFCOMMAND?CMD
  +--> ?PR?_GENTEXTCOMMAND?CMD
  +--> ?PR?JTAGMODE?CMD
  +--> ?PR?MANUALMODE?CMD

?PR?UNITADDRESSCOMMAND?CMD                -----    -----      -----    -----  
>>     -----    -----
  +--> ?PR?_WRITECHAR?SER_SPI
  +--> ?PR?_WRITEVAL?SER_SPI

?PR?_WRITEVAL?SER_SPI                     -----    -----      -----    -----  
>>     0000H    000BH
  +--> ?PR?_WRITECHAR?SER_SPI

?PR?WRITEUSERTEXTCOMMAND?CMD              -----    -----      -----    -----  
>>     -----    -----
  +--> ?PR?_PAGEWRITEE2PROM?EEPROM

?PR?_PAGEWRITEE2PROM?EEPROM               -----    -----      -----    -----  
>>     0000H    0007H
  +--> ?PR?I2CSTART?EEPROM
  +--> ?PR?_I2CMASTERWRITE?EEPROM
  +--> ?PR?I2CSTOP?EEPROM
  +--> ?PR?_ACK_POL_R?EEPROM

?PR?_I2CMASTERWRITE?EEPROM                -----    -----      -----    -----  
>>     -----    -----
  +--> ?PR?CHECK_SCL?EEPROM

?PR?I2CSTOP?EEPROM                        -----    -----      -----    -----  
>>     -----    -----
  +--> ?PR?CHECK_SCL?EEPROM

?PR?_ACK_POL_R?EEPROM                     -----    -----      -----    -----  
>>     0007H    0002H
  +--> ?PR?I2CSTART?EEPROM
  +--> ?PR?_I2CMASTERWRITE?EEPROM
  +--> ?PR?_I2CMASTERREAD?EEPROM
  +--> ?PR?I2CSTOP?EEPROM

?PR?_I2CMASTERREAD?EEPROM                 -----    -----      -----    -----  
BL51 BANKED LINKER/LOCATER V5.03            05/27/2008  10:09:56  PAGE 6


>>     -----    -----
  +--> ?PR?CHECK_SCL?EEPROM

?PR?READUSERTEXTCOMMAND?CMD               -----    -----      -----    -----  
>>     -----    -----
  +--> ?PR?_SEQREADE2PROM?EEPROM
  +--> ?PR?_WRITESTRING?SER_SPI

?PR?_SEQREADE2PROM?EEPROM                 -----    -----      -----    -----  
>>     0000H    0007H
  +--> ?PR?I2CSTART?EEPROM
  +--> ?PR?_I2CMASTERWRITE?EEPROM
  +--> ?PR?I2CSTOP?EEPROM
  +--> ?PR?_I2CMASTERREAD?EEPROM

?PR?_WRITESTRING?SER_SPI                  -----    -----      -----    -----  
>>     000AH    0003H
  +--> ?PR?_WRITECHAR?SER_SPI

?PR?READSWVERSIONCOMMAND?CMD              -----    -----      -----    -----  
>>     -----    -----
  +--> ?PR?_WRITEVAL?SER_SPI

?PR?READHWVERSIONCOMMAND?CMD              -----    -----      -----    -----  
>>     -----    -----
  +--> ?PR?_WRITEVAL?SER_SPI

?PR?READHWINFORMATIONCOMMAND?CMD          -----    -----      -----    -----  
>>     -----    -----
  +--> ?PR?_WRITEVAL?SER_SPI

?PR?_GENSYSTEMCOMMAND?CMD                 -----    -----      -----    -----  
>>     0000H    0001H
  +--> ?PR?_SEND?SER_SPI

?PR?_SEND?SER_SPI                         -----    -----      -----    -----  
>>     000FH    000BH
  +--> ?PR?_SPI_TRANSFER?SER_SPI

?PR?_GENPATTERNCOMMAND?CMD                -----    -----      -----    -----  
>>     0000H    0001H
  +--> ?PR?_SEND?SER_SPI

?PR?_GENATTRIBCOMMAND?CMD                 -----    -----      -----    -----  
>>     0000H    0001H
  +--> ?PR?_SEND?SER_SPI

?PR?_GENDELAYCOMMAND?CMD                  -----    -----      -----    -----  
>>     0000H    0004H
  +--> ?PR?_SEND?SER_SPI

?PR?_GENAUDIOCLICKTIMECOMMAND?CMD         -----    -----      -----    -----  
>>     0000H    0002H
  +--> ?PR?_SEND?SER_SPI

?PR?_GENAUDIOSIGNALCOMMAND?CMD            -----    -----      -----    -----  
>>     0000H    0001H
  +--> ?PR?_SEND?SER_SPI

?PR?_GENAUDIOLEVELCOMMAND?CMD             -----    -----      -----    -----  
>>     0000H    0001H
  +--> ?PR?_SEND?SER_SPI

?PR?_GENTEXTPOSCOMMAND?CMD                -----    -----      -----    -----  
>>     0000H    0004H
BL51 BANKED LINKER/LOCATER V5.03            05/27/2008  10:09:56  PAGE 7


  +--> ?PR?_SEND?SER_SPI

?PR?_GENTEXTSCALECOMMAND?CMD              -----    -----      -----    -----  
>>     0000H    0001H
  +--> ?PR?_SEND?SER_SPI

?PR?_GENTEXTCOLORCOMMAND?CMD              -----    -----      -----    -----  
>>     0000H    0001H
  +--> ?PR?_SEND?SER_SPI

?PR?_GENTEXTMOVCOMMAND?CMD                -----    -----      -----    -----  
>>     0000H    0001H
  +--> ?PR?_SEND?SER_SPI

?PR?_GENTEXTONOFFCOMMAND?CMD              -----    -----      -----    -----  
>>     0000H    0001H
  +--> ?PR?_SEND?SER_SPI

?PR?_GENTEXTCOMMAND?CMD                   -----    -----      -----    -----  
>>     0000H    000FH
  +--> ?PR?_STRLEN?STRLEN
  +--> ?PR?_IS_TEXT?CMD
  +--> ?PR?_SEND?SER_SPI
  +--> ?PR?_SPI_TRANSFER?SER_SPI
  +--> ?CO?CMD

?PR?JTAGMODE?CMD                          -----    -----      -----    -----  
>>     0000H    003DH
  +--> ?PR?DELAY?SERIAL
  +--> ?PR?SERINIT?SERIAL
  +--> ?PR?FLUSH?SERIAL
  +--> ?PR?_GETCH?SERIAL
  +--> ?PR?XSVFEXECUTE?MICRO
  +--> ?PR?_PUTCH?SERIAL

?PR?DELAY?SERIAL                          -----    -----      -----    -----  
>>     -----    -----
  +--> ?PR?_TIMER2_INIT?SERIAL

?PR?_GETCH?SERIAL                         -----    -----      -----    -----  
>>     010BH    0003H
  +--> ?PR?_PUTCH?SERIAL
  +--> ?PR?_TIMER2_INIT?SERIAL

?PR?XSVFEXECUTE?MICRO                     -----    -----      -----    -----  
>>     003DH    00A6H
  +--> ?PR?_XSVFINITIALIZE?MICRO
  +--> ?PR?_XSVFRUN?MICRO

?PR?_XSVFINITIALIZE?MICRO                 -----    -----      -----    -----  
>>     00E3H    0003H
  +--> ?PR?_XSVFINFOINIT?MICRO
  +--> ?PR?_XSVFGOTOTAPSTATE?MICRO

?PR?_XSVFGOTOTAPSTATE?MICRO               -----    -----      -----    -----  
>>     0126H    0008H
  +--> ?PR?_XSVFTMSTRANSITION?MICRO
  +--> ?PR?_SETPORT?PORTS

?PR?_XSVFTMSTRANSITION?MICRO              -----    -----      -----    -----  
>>     -----    -----
  +--> ?PR?_SETPORT?PORTS

?PR?_XSVFRUN?MICRO                        -----    -----      -----    -----  
>>     00E3H    0003H
BL51 BANKED LINKER/LOCATER V5.03            05/27/2008  10:09:56  PAGE 8


  +--> ?PR?_READBYTE?PORTS
  +--> ?PR?_XSVFDOXCOMPLETE?MICRO
  +--> ?PR?_XSVFDOXTDOMASK?MICRO
  +--> ?PR?_XSVFDOXSIR?MICRO
  +--> ?PR?_XSVFDOXSDR?MICRO
  +--> ?PR?_XSVFDOXRUNTEST?MICRO
  +--> ?PR?_XSVFDOXREPEAT?MICRO
  +--> ?PR?_XSVFDOXSDRSIZE?MICRO
  +--> ?PR?_XSVFDOXSDRTDO?MICRO
  +--> ?PR?_XSVFDOXSDRBCE?MICRO
  +--> ?PR?_XSVFDOXSDRTDOBCE?MICRO
  +--> ?PR?_XSVFDOXSTATE?MICRO
  +--> ?PR?_XSVFDOXENDXR?MICRO
  +--> ?PR?_XSVFDOXSIR2?MICRO
  +--> ?PR?_XSVFDOXCOMMENT?MICRO
  +--> ?PR?_XSVFDOXWAIT?MICRO
  +--> ?PR?_XSVFDOILLEGALCMD?MICRO

?PR?_READBYTE?PORTS                       -----    -----      -----    -----  
>>     010AH    0001H
  +--> ?PR?_GETCH?SERIAL

?PR?_XSVFDOXTDOMASK?MICRO                 -----    -----      -----    -----  
>>     00E6H    0003H
  +--> ?PR?_READVAL?LENVAL

?PR?_READVAL?LENVAL                       -----    -----      -----    -----  
>>     0105H    0005H
  +--> ?PR?_READBYTE?PORTS

?PR?_XSVFDOXSIR?MICRO                     -----    -----      -----    -----  
>>     00E6H    0006H
  +--> ?PR?_READBYTE?PORTS
  +--> ?PR?_XSVFGETASNUMBYTES?MICRO
  +--> ?PR?_READVAL?LENVAL
  +--> ?PR?_XSVFSHIFT?MICRO

?PR?_XSVFSHIFT?MICRO                      -----    -----      -----    -----  
>>     0105H    0021H
  +--> ?PR?_XSVFGOTOTAPSTATE?MICRO
  +--> ?PR?_WAITTIME?PORTS
  +--> ?PR?_XSVFSHIFTONLY?MICRO
  +--> ?PR?_EQUALLENVAL?LENVAL

?PR?_WAITTIME?PORTS                       -----    -----      -----    -----  
>>     0126H    0008H
  +--> ?PR?PULSECLOCK?PORTS

?PR?PULSECLOCK?PORTS                      -----    -----      -----    -----  
>>     -----    -----
  +--> ?PR?_SETPORT?PORTS

?PR?_XSVFSHIFTONLY?MICRO                  -----    -----      -----    -----  
>>     0126H    0016H
  +--> ?PR?_SETPORT?PORTS
  +--> ?PR?READTDOBIT?PORTS

?PR?_EQUALLENVAL?LENVAL                   -----    -----      -----    -----  
>>     0126H    000DH

?PR?_XSVFDOXSDR?MICRO                     -----    -----      -----    -----  
>>     00E6H    0003H
  +--> ?PR?_READVAL?LENVAL
  +--> ?PR?_XSVFSHIFT?MICRO

BL51 BANKED LINKER/LOCATER V5.03            05/27/2008  10:09:56  PAGE 9


?PR?_XSVFDOXRUNTEST?MICRO                 -----    -----      -----    -----  
>>     00E6H    0003H
  +--> ?PR?_READVAL?LENVAL
  +--> ?PR?_VALUE?LENVAL

?PR?_VALUE?LENVAL                         -----    -----      -----    -----  
>>     00EFH    0009H

?PR?_XSVFDOXREPEAT?MICRO                  -----    -----      -----    -----  
>>     -----    -----
  +--> ?PR?_READBYTE?PORTS

?PR?_XSVFDOXSDRSIZE?MICRO                 -----    -----      -----    -----  
>>     00E6H    0005H
  +--> ?PR?_READVAL?LENVAL
  +--> ?PR?_VALUE?LENVAL
  +--> ?PR?_XSVFGETASNUMBYTES?MICRO

?PR?_XSVFDOXSDRTDO?MICRO                  -----    -----      -----    -----  
>>     00E6H    0003H
  +--> ?PR?_XSVFBASICXSDRTDO?MICRO

?PR?_XSVFBASICXSDRTDO?MICRO               -----    -----      -----    -----  
>>     00EAH    001BH
  +--> ?PR?_READVAL?LENVAL
  +--> ?PR?_XSVFSHIFT?MICRO

?PR?_XSVFDOXSDRBCE?MICRO                  -----    -----      -----    -----  
>>     00E6H    0004H
  +--> ?PR?_XSVFBASICXSDRTDO?MICRO

?PR?_XSVFDOXSDRTDOBCE?MICRO               -----    -----      -----    -----  
>>     00E6H    0004H
  +--> ?PR?_XSVFBASICXSDRTDO?MICRO

?PR?_XSVFDOXSTATE?MICRO                   -----    -----      -----    -----  
>>     00E6H    0004H
  +--> ?PR?_READBYTE?PORTS
  +--> ?PR?_XSVFGOTOTAPSTATE?MICRO

?PR?_XSVFDOXENDXR?MICRO                   -----    -----      -----    -----  
>>     00E6H    0006H
  +--> ?PR?_READBYTE?PORTS

?PR?_XSVFDOXSIR2?MICRO                    -----    -----      -----    -----  
>>     00E6H    0009H
  +--> ?PR?_READVAL?LENVAL
  +--> ?PR?_VALUE?LENVAL
  +--> ?PR?_XSVFGETASNUMBYTES?MICRO
  +--> ?PR?_XSVFSHIFT?MICRO

?PR?_XSVFDOXCOMMENT?MICRO                 -----    -----      -----    -----  
>>     00E6H    0004H
  +--> ?PR?_READBYTE?PORTS

?PR?_XSVFDOXWAIT?MICRO                    -----    -----      -----    -----  
>>     00E6H    0009H
  +--> ?PR?_READVAL?LENVAL
  +--> ?PR?_VALUE?LENVAL
  +--> ?PR?_XSVFGOTOTAPSTATE?MICRO
  +--> ?PR?_WAITTIME?PORTS

?PR?MANUALMODE?CMD                        -----    -----      -----    -----  
>>     0000H    000AH
  +--> ?PR?_RECEIVE_BYTE?SER_SPI
BL51 BANKED LINKER/LOCATER V5.03            05/27/2008  10:09:56  PAGE 10


  +--> ?CO?CMD
  +--> ?PR?PRINTF?PRINTF
  +--> ?PR?_WRITESTRING?SER_SPI

?PR?_RECEIVE_BYTE?SER_SPI                 -----    -----      -----    -----  
>>     000AH    0005H
  +--> ?PR?_SPI_TRANSFER?SER_SPI

?PR?PRINTF?PRINTF                         0021H.0  0001H.1    0008H    0005H  
>>     000AH    0028H
  +--> ?PR?PUTCHAR?PUTCHAR

?C_INITSEG                                -----    -----      -----    -----  
>>     -----    -----
  +--> ?PR?_XSVFDOXCOMPLETE?MICRO
  +--> ?PR?_XSVFDOXTDOMASK?MICRO
  +--> ?PR?_XSVFDOXSIR?MICRO
  +--> ?PR?_XSVFDOXSDR?MICRO
  +--> ?PR?_XSVFDOXRUNTEST?MICRO
  +--> ?PR?_XSVFDOILLEGALCMD?MICRO
  +--> ?PR?_XSVFDOXREPEAT?MICRO
  +--> ?PR?_XSVFDOXSDRSIZE?MICRO
  +--> ?PR?_XSVFDOXSDRTDO?MICRO
  +--> ?PR?_XSVFDOXSDRBCE?MICRO
  +--> ?PR?_XSVFDOXSDRTDOBCE?MICRO
  +--> ?PR?_XSVFDOXSTATE?MICRO
  +--> ?PR?_XSVFDOXENDXR?MICRO
  +--> ?PR?_XSVFDOXSIR2?MICRO
  +--> ?PR?_XSVFDOXCOMMENT?MICRO
  +--> ?PR?_XSVFDOXWAIT?MICRO



SYMBOL TABLE OF MODULE:  F:\JK_WORK\PT8612\PT8641 (PT8641)

  VALUE           TYPE          NAME
  ----------------------------------

  -------         MODULE        PT8641
  C:0000H         SYMBOL        _ICE_DUMMY_
  D:0080H         PUBLIC        P0
  D:0090H         PUBLIC        P1
  B:0080H.7       PUBLIC        LEVOK
  D:00E8H         PUBLIC        ADC0CN
  D:00A8H         PUBLIC        IE
  D:00D8H         PUBLIC        PCA0CN
  D:00B8H         PUBLIC        IP
  B:0022H.6       PUBLIC        jtag_flag
  D:00C0H         PUBLIC        SMB0CN
  C:35F0H         PUBLIC        main
  D:00F8H         PUBLIC        SPI0CN
  D:0088H         PUBLIC        TCON
  D:00C8H         PUBLIC        TMR2CN
  B:0090H.2       PUBLIC        LED
  D:0098H         PUBLIC        SCON0
  D:00D0H         PUBLIC        PSW
  -------         PROC          MAIN
  C:35F0H         LINE#         47
  C:35F0H         LINE#         48
  C:35F0H         LINE#         49
  C:35F3H         LINE#         51
  C:35F6H         LINE#         53
  C:35F9H         LINE#         55
  C:35FBH         LINE#         56
  C:35FDH         LINE#         59
BL51 BANKED LINKER/LOCATER V5.03            05/27/2008  10:09:56  PAGE 11


  C:35FDH         LINE#         60
  C:35FDH         LINE#         61
  C:3602H         LINE#         62
  C:3605H         LINE#         63
  -------         ENDPROC       MAIN
  -------         ENDMOD        PT8641

  -------         MODULE        SER_SPI
  C:0000H         SYMBOL        _ICE_DUMMY_
  X:013EH         PUBLIC        Char
  D:0080H         PUBLIC        P0
  D:0090H         PUBLIC        P1
  B:0098H.5       PUBLIC        MCE0
  D:00E8H         PUBLIC        ADC0CN
  C:2BEFH         PUBLIC        _send
  D:00A8H         PUBLIC        IE
  C:2A06H         PUBLIC        TypeTable
  X:013FH         PUBLIC        MySlaveAddress
  C:268DH         PUBLIC        _WriteVal
  C:3695H         PUBLIC        TestInputBuffer
  X:0140H         PUBLIC        Cmd
  B:0090H.7       PUBLIC        CS
  D:00D8H         PUBLIC        PCA0CN
  B:0022H.1       PUBLIC        Broadcast
  D:00B8H         PUBLIC        IP
  X:0142H         PUBLIC        RxChkSum
  X:0143H         PUBLIC        ParamNdx
  X:0144H         PUBLIC        BufState
  X:0145H         PUBLIC        CharType
  D:00C0H         PUBLIC        SMB0CN
  B:0022H.2       PUBLIC        Tx_ACK_Pending
  X:0146H         PUBLIC        Parameter
  X:0152H         PUBLIC        RxBuffer
  D:00F8H         PUBLIC        SPI0CN
  D:0088H         PUBLIC        TCON
  D:00C8H         PUBLIC        TMR2CN
  B:0080H.6       PUBLIC        MOSI
  B:0080H.1       PUBLIC        MISO
  B:0022H.3       PUBLIC        transparent
  X:0184H         PUBLIC        Tx_ACK_Buffer
  X:0185H         PUBLIC        CmdDelimiter
  C:0EFEH         PUBLIC        CharHandler
  C:1A48H         PUBLIC        RS232break
  B:0098H.0       PUBLIC        RI0
  B:0098H.1       PUBLIC        TI0
  X:0186H         PUBLIC        RxState
  B:0022H.4       PUBLIC        Tx_SBUF_Empty
  C:34CDH         PUBLIC        RS232Init
  X:0187H         PUBLIC        RxInput
  C:322FH         PUBLIC        _receive_byte
  X:0188H         PUBLIC        RxOutput
  B:0080H.0       PUBLIC        SCK
  D:0099H         PUBLIC        SBUF0
  D:0098H         PUBLIC        SCON0
  X:0189H         PUBLIC        StrNdx
  C:2FA9H         PUBLIC        _WriteString
  C:36A6H         PUBLIC        _WriteChar
  B:0022H.5       PUBLIC        Tx_BUSY
  C:32FCH         PUBLIC        _spi_transfer
  X:018AH         PUBLIC        String
  D:00D0H         PUBLIC        PSW
  -------         PROC          RS232INIT
  C:34CDH         LINE#         147
  C:34CDH         LINE#         148
  C:34CDH         LINE#         149
BL51 BANKED LINKER/LOCATER V5.03            05/27/2008  10:09:56  PAGE 12


  C:34D3H         LINE#         150
  C:34D5H         LINE#         151
  C:34DAH         LINE#         152
  C:34DCH         LINE#         153
  C:34E0H         LINE#         154
  C:34E4H         LINE#         155
  C:34E8H         LINE#         156
  C:34ECH         LINE#         157
  C:34EEH         LINE#         158
  C:34F0H         LINE#         159
  C:34F2H         LINE#         160
  C:34F4H         LINE#         161
  C:34F6H         LINE#         162
  -------         ENDPROC       RS232INIT
  -------         PROC          RS232BREAK
  -------         DO            
  X:013CH         SYMBOL        RxChar
  X:013DH         SYMBOL        RxCharType
  -------         ENDDO         
  C:1A48H         LINE#         214
  C:1A65H         LINE#         218
  C:1A68H         LINE#         219
  C:1A68H         LINE#         220
  C:1A6BH         LINE#         221
  C:1A6EH         LINE#         223
  C:1A6EH         LINE#         224
  C:1A74H         LINE#         225
  C:1A74H         LINE#         226
  C:1A77H         LINE#         227
  C:1A77H         LINE#         228
  C:1A7CH         LINE#         229
  C:1A7CH         LINE#         230
  C:1A7EH         LINE#         232
  C:1A80H         LINE#         233
  C:1A85H         LINE#         234
  C:1A85H         LINE#         235
  C:1A87H         LINE#         237
  C:1A92H         LINE#         238
  C:1A92H         LINE#         239
  C:1A94H         LINE#         240
  C:1A99H         LINE#         241
  C:1A9EH         LINE#         242
  C:1A9EH         LINE#         243
  C:1AA1H         LINE#         245
  C:1AA1H         LINE#         246
  C:1AA7H         LINE#         247
  C:1AB0H         LINE#         248
  C:1AB0H         LINE#         249
  C:1AB2H         LINE#         250
  C:1AC6H         LINE#         251
  C:1AC6H         LINE#         252
  C:1AC9H         LINE#         253
  C:1ACBH         LINE#         255
  C:1ACBH         LINE#         256
  C:1ACEH         LINE#         257
  C:1ACEH         LINE#         258
  C:1AD7H         LINE#         259
  C:1ADAH         LINE#         260
  C:1ADAH         LINE#         261
  C:1ADDH         LINE#         262
  C:1AE1H         LINE#         264
  C:1AE1H         LINE#         265
  C:1AE3H         LINE#         266
  C:1AE5H         LINE#         267
  C:1AE5H         LINE#         268
BL51 BANKED LINKER/LOCATER V5.03            05/27/2008  10:09:56  PAGE 13


  C:1AE7H         LINE#         270
  C:1AE9H         LINE#         271
  C:1AEBH         LINE#         273
  C:1AEBH         LINE#         274
  C:1B05H         LINE#         275
  C:1B08H         LINE#         276
  C:1B11H         LINE#         278
  C:1B11H         LINE#         279
  C:1B19H         LINE#         280
  C:1B19H         LINE#         281
  C:1B20H         LINE#         282
  C:1B26H         LINE#         283
  C:1B26H         LINE#         284
  C:1B26H         LINE#         285
  C:1B26H         LINE#         286
  C:1B44H         LINE#         287
  C:1B4AH         LINE#         288
  C:1B4AH         LINE#         289
  C:1B4CH         LINE#         290
  C:1B4FH         LINE#         292
  C:1B52H         LINE#         293
  C:1B52H         LINE#         294
  C:1B55H         LINE#         295
  C:1B55H         LINE#         296
  C:1B57H         LINE#         297
  C:1B5DH         LINE#         298
  C:1B5FH         LINE#         300
  C:1B61H         LINE#         301
  C:1B63H         LINE#         302
  C:1B63H         LINE#         303
  C:1B63H         LINE#         304
  -------         ENDPROC       RS232BREAK
  -------         PROC          TESTINPUTBUFFER
  C:3695H         LINE#         316
  C:3695H         LINE#         317
  C:3695H         LINE#         318
  C:36A2H         LINE#         319
  C:36A4H         LINE#         320
  C:36A5H         LINE#         321
  -------         ENDPROC       TESTINPUTBUFFER
  -------         PROC          _WRITECHAR
  D:0007H         SYMBOL        TxChar
  C:36A6H         LINE#         334
  C:36A6H         LINE#         335
  C:36A6H         LINE#         336
  C:36A8H         LINE#         337
  C:36ABH         LINE#         339
  C:36ADH         LINE#         340
  C:36AFH         LINE#         341
  C:36B2H         LINE#         343
  C:36B4H         LINE#         344
  -------         ENDPROC       _WRITECHAR
  -------         PROC          _WRITEVAL
  X:0000H         SYMBOL        value
  -------         DO            
  X:0004H         SYMBOL        checksum
  X:0005H         SYMBOL        i
  D:0006H         SYMBOL        tmp
  X:0006H         SYMBOL        ValOut
  X:0007H         SYMBOL        divider
  -------         ENDDO         
  C:268DH         LINE#         357
  C:2693H         LINE#         358
  C:2693H         LINE#         363
  C:2698H         LINE#         364
BL51 BANKED LINKER/LOCATER V5.03            05/27/2008  10:09:56  PAGE 14


  C:269CH         LINE#         366
  C:26A6H         LINE#         368
  C:26ABH         LINE#         369
  C:26ABH         LINE#         370
  C:26DAH         LINE#         371
  C:26E0H         LINE#         372
  C:26EDH         LINE#         373
  C:26EDH         LINE#         374
  C:26F1H         LINE#         375
  C:26F5H         LINE#         376
  C:26FBH         LINE#         377
  C:26FBH         LINE#         378
  C:2718H         LINE#         379
  C:2724H         LINE#         380
  C:2729H         LINE#         381
  -------         ENDPROC       _WRITEVAL
  -------         PROC          _WRITESTRING
  X:000AH         SYMBOL        Str
  -------         DO            
  D:0006H         SYMBOL        checksum
  -------         ENDDO         
  C:2FA9H         LINE#         397
  C:2FB4H         LINE#         398
  C:2FB4H         LINE#         399
  C:2FB6H         LINE#         401
  C:2FBBH         LINE#         403
  C:2FCCH         LINE#         404
  C:2FCCH         LINE#         405
  C:2FCFH         LINE#         406
  C:2FE4H         LINE#         407
  C:2FE6H         LINE#         408
  C:2FEBH         LINE#         409
  C:2FF0H         LINE#         410
  -------         ENDPROC       _WRITESTRING
  -------         PROC          CHARHANDLER
  C:0EFEH         LINE#         425
  C:0EFEH         LINE#         426
  C:0EFEH         LINE#         427
  C:0F1AH         LINE#         429
  C:0F24H         LINE#         431
  C:0F52H         LINE#         432
  C:0F52H         LINE#         433
  C:0F52H         LINE#         434
  C:0F5AH         LINE#         435
  C:0F5AH         LINE#         436
  C:0F60H         LINE#         437
  C:0F65H         LINE#         438
  C:0F6AH         LINE#         439
  C:0F89H         LINE#         441
  C:0F89H         LINE#         442
  C:0F91H         LINE#         443
  C:0F94H         LINE#         445
  C:0F94H         LINE#         446
  C:0FA8H         LINE#         447
  C:0FA8H         LINE#         448
  C:0FA8H         LINE#         449
  C:0FB1H         LINE#         451
  C:0FB1H         LINE#         452
  C:0FB1H         LINE#         453
  C:0FB4H         LINE#         455
  C:0FB4H         LINE#         456
  C:0FB4H         LINE#         457
  C:0FB7H         LINE#         459
  C:0FB7H         LINE#         460
  C:0FDFH         LINE#         461
BL51 BANKED LINKER/LOCATER V5.03            05/27/2008  10:09:56  PAGE 15


  C:0FE2H         LINE#         463
  C:0FE2H         LINE#         464
  C:0FE2H         LINE#         465
  C:0FE2H         LINE#         466
  C:0FE5H         LINE#         467
  C:0FE5H         LINE#         468
  C:0FFEH         LINE#         469
  C:0FFEH         LINE#         470
  C:0FFEH         LINE#         471
  C:108AH         LINE#         473
  C:108AH         LINE#         474
  C:1091H         LINE#         476
  C:1091H         LINE#         477
  C:1091H         LINE#         478
  C:1093H         LINE#         480
  C:1093H         LINE#         481
  C:1093H         LINE#         482
  C:1093H         LINE#         483
  C:1096H         LINE#         484
  C:1096H         LINE#         485
  C:109DH         LINE#         486
  C:109DH         LINE#         487
  C:10B4H         LINE#         488
  C:10B7H         LINE#         490
  C:10B7H         LINE#         491
  C:10D3H         LINE#         492
  C:10D4H         LINE#         493
  C:10D4H         LINE#         494
  C:10E4H         LINE#         495
  C:10E4H         LINE#         496
  C:10E4H         LINE#         497
  C:10FDH         LINE#         498
  C:10FDH         LINE#         499
  C:10FFH         LINE#         500
  C:10FFH         LINE#         501
  C:10FFH         LINE#         502
  C:1102H         LINE#         503
  C:1102H         LINE#         504
  C:110AH         LINE#         505
  C:1110H         LINE#         506
  C:1111H         LINE#         507
  C:1111H         LINE#         508
  C:1113H         LINE#         510
  C:1113H         LINE#         511
  C:1113H         LINE#         512
  C:1113H         LINE#         513
  C:111FH         LINE#         514
  C:111FH         LINE#         515
  C:111FH         LINE#         516
  C:1125H         LINE#         517
  C:112BH         LINE#         518
  C:112CH         LINE#         519
  C:112CH         LINE#         520
  C:116BH         LINE#         521
  C:1171H         LINE#         522
  C:1172H         LINE#         523
  C:1172H         LINE#         524
  C:1179H         LINE#         526
  C:1179H         LINE#         527
  C:1179H         LINE#         528
  C:1179H         LINE#         529
  C:1180H         LINE#         530
  C:1180H         LINE#         531
  C:1187H         LINE#         532
  C:118AH         LINE#         533
BL51 BANKED LINKER/LOCATER V5.03            05/27/2008  10:09:56  PAGE 16


  C:118AH         LINE#         534
  C:118CH         LINE#         536
  C:118CH         LINE#         537
  C:1193H         LINE#         538
  C:119AH         LINE#         540
  C:119AH         LINE#         541
  C:119FH         LINE#         543
  C:119FH         LINE#         544
  -------         ENDPROC       CHARHANDLER
  -------         PROC          L?0111
  -------         ENDPROC       L?0111
  -------         PROC          _SPI_TRANSFER
  D:0007H         SYMBOL        spi_byte
  D:0005H         SYMBOL        cnt
  -------         DO            
  D:0006H         SYMBOL        i
  -------         ENDDO         
  C:32FCH         LINE#         564
  C:32FCH         LINE#         565
  C:32FCH         LINE#         568
  C:3303H         LINE#         569
  C:3303H         LINE#         570
  C:3305H         LINE#         572
  C:3309H         LINE#         573
  C:330DH         LINE#         575
  C:330FH         LINE#         576
  C:3313H         LINE#         577
  C:3315H         LINE#         578
  C:331BH         LINE#         579
  C:331EH         LINE#         580
  C:331EH         LINE#         581
  -------         ENDPROC       _SPI_TRANSFER
  -------         PROC          _SEND
  X:000FH         SYMBOL        gen
  D:0004H         SYMBOL        addr
  X:0012H         SYMBOL        dat
  X:0015H         SYMBOL        cnt
  -------         DO            
  X:0017H         SYMBOL        i
  X:0018H         SYMBOL        j
  -------         ENDDO         
  C:2BEFH         LINE#         598
  C:2BFFH         LINE#         599
  C:2BFFH         LINE#         603
  C:2C01H         LINE#         604
  C:2C0BH         LINE#         605
  C:2C15H         LINE#         606
  C:2C18H         LINE#         607
  C:2C1BH         LINE#         609
  C:2C37H         LINE#         610
  C:2C37H         LINE#         611
  C:2C50H         LINE#         612
  C:2C58H         LINE#         613
  C:2C5AH         LINE#         614
  -------         ENDPROC       _SEND
  -------         PROC          _RECEIVE_BYTE
  X:000AH         SYMBOL        gen
  D:0004H         SYMBOL        addr
  D:0001H         SYMBOL        dat
  -------         DO            
  X:000BH         SYMBOL        i
  X:000CH         SYMBOL        j
  X:000EH         SYMBOL        tmp
  -------         ENDDO         
  C:322FH         LINE#         642
BL51 BANKED LINKER/LOCATER V5.03            05/27/2008  10:09:56  PAGE 17


  C:3234H         LINE#         643
  C:3234H         LINE#         648
  C:323BH         LINE#         650
  C:323DH         LINE#         651
  C:3247H         LINE#         652
  C:3251H         LINE#         653
  C:3254H         LINE#         654
  C:3257H         LINE#         656
  C:3261H         LINE#         657
  C:3263H         LINE#         658
  -------         ENDPROC       _RECEIVE_BYTE
  -------         ENDMOD        SER_SPI

  -------         MODULE        SERIAL
  C:0000H         SYMBOL        _ICE_DUMMY_
  D:0080H         PUBLIC        P0
  D:0090H         PUBLIC        P1
  C:36EEH         PUBLIC        serinit
  C:358BH         PUBLIC        Timer2_ISR
  C:36F6H         PUBLIC        _putch
  D:00E8H         PUBLIC        ADC0CN
  C:0003H         PUBLIC        _Timer2_Init
  D:00A8H         PUBLIC        IE
  C:36C3H         PUBLIC        delay
  B:0020H.1       PUBLIC        T2timeout
  B:00C8H.7       PUBLIC        TF2H
  D:00D8H         PUBLIC        PCA0CN
  D:00B8H         PUBLIC        IP
  C:361DH         PUBLIC        flush
  D:00C0H         PUBLIC        SMB0CN
  D:00CCH         PUBLIC        TMR2
  D:00F8H         PUBLIC        SPI0CN
  D:0088H         PUBLIC        TCON
  D:00C8H         PUBLIC        TMR2CN
  X:0214H         PUBLIC        csum
  D:00CAH         PUBLIC        TMR2RL
  B:00A8H.4       PUBLIC        ES0
  C:35A8H         PUBLIC        serint0
  B:00A8H.5       PUBLIC        ET2
  B:0098H.0       PUBLIC        RI0
  B:0098H.1       PUBLIC        TI0
  I:0023H         PUBLIC        rx_serbuf
  B:00C8H.2       PUBLIC        TR2
  D:0020H         PUBLIC        serflags
  X:0215H         PUBLIC        t2del
  D:0099H         PUBLIC        SBUF0
  D:0098H         PUBLIC        SCON0
  C:2D32H         PUBLIC        _getch
  D:00D0H         PUBLIC        PSW
  X:0216H         PUBLIC        rx_inptr
  X:0217H         PUBLIC        rx_outptr
  -------         PROC          SERINIT
  C:36EEH         LINE#         50
  C:36EEH         LINE#         51
  C:36EEH         LINE#         53
  C:36F3H         LINE#         54
  C:36F5H         LINE#         55
  -------         ENDPROC       SERINIT
  -------         PROC          FLUSH
  -------         DO            
  D:0007H         SYMBOL        i
  -------         ENDDO         
  C:361DH         LINE#         69
  C:361DH         LINE#         70
  C:361DH         LINE#         72
BL51 BANKED LINKER/LOCATER V5.03            05/27/2008  10:09:56  PAGE 18


  C:361FH         LINE#         73
  C:3624H         LINE#         74
  C:3626H         LINE#         76
  C:3626H         LINE#         77
  C:3626H         LINE#         78
  C:362FH         LINE#         79
  C:362FH         LINE#         80
  C:3631H         LINE#         81
  -------         ENDPROC       FLUSH
  -------         PROC          _PUTCH
  D:0007H         SYMBOL        c
  C:36F6H         LINE#         96
  C:36F6H         LINE#         97
  C:36F6H         LINE#         98
  C:36F8H         LINE#         99
  C:36FBH         LINE#         101
  C:36FDH         LINE#         102
  -------         ENDPROC       _PUTCH
  -------         PROC          SERINT0
  C:35A8H         LINE#         122
  C:35A8H         LINE#         123
  C:35A8H         LINE#         125
  C:35ABH         LINE#         126
  C:35ABH         LINE#         127
  C:35B4H         LINE#         128
  C:35B6H         LINE#         129
  C:35B9H         LINE#         130
  C:35BDH         LINE#         131
  C:35BFH         LINE#         132
  C:35BFH         LINE#         133
  -------         ENDPROC       SERINT0
  -------         PROC          _GETCH
  X:010BH         SYMBOL        c
  C:2D32H         LINE#         157
  C:2D3DH         LINE#         158
  C:2D3DH         LINE#         160
  C:2D3FH         LINE#         161
  C:2D45H         LINE#         162
  C:2D45H         LINE#         166
  C:2D4AH         LINE#         167
  C:2D4AH         LINE#         168
  C:2D4CH         LINE#         170
  C:2D53H         LINE#         172
  C:2D5FH         LINE#         173
  C:2D5FH         LINE#         174
  C:2D62H         LINE#         175
  C:2D62H         LINE#         176
  C:2D64H         LINE#         177
  C:2D67H         LINE#         178
  C:2D67H         LINE#         179
  C:2D67H         LINE#         181
  C:2D69H         LINE#         182
  C:2D6BH         LINE#         183
  C:2D80H         LINE#         184
  C:2D86H         LINE#         185
  C:2D8AH         LINE#         186
  C:2D8CH         LINE#         187
  C:2D8EH         LINE#         188
  C:2D90H         LINE#         189
  -------         ENDPROC       _GETCH
  -------         PROC          _TIMER2_INIT
  D:0006H         SYMBOL        counts
  C:0003H         LINE#         204
  C:0003H         LINE#         205
  C:0003H         LINE#         206
BL51 BANKED LINKER/LOCATER V5.03            05/27/2008  10:09:56  PAGE 19


  C:0006H         LINE#         208
  C:000FH         LINE#         209
  C:0015H         LINE#         210
  C:0017H         LINE#         211
  C:0019H         LINE#         212
  C:001FH         LINE#         213
  C:0021H         LINE#         214
  -------         ENDPROC       _TIMER2_INIT
  -------         PROC          DELAY
  C:36C3H         LINE#         216
  C:36C3H         LINE#         217
  C:36C3H         LINE#         218
  C:36CAH         LINE#         220
  C:36CAH         LINE#         221
  C:36CAH         LINE#         222
  C:36CDH         LINE#         223
  C:36CDH         LINE#         224
  C:36CFH         LINE#         226
  C:36CFH         LINE#         227
  C:36CFH         LINE#         228
  -------         ENDPROC       DELAY
  -------         PROC          TIMER2_ISR
  C:358BH         LINE#         232
  C:3591H         LINE#         234
  C:3593H         LINE#         236
  C:3599H         LINE#         237
  C:359CH         LINE#         238
  C:359CH         LINE#         239
  C:359EH         LINE#         240
  C:35A1H         LINE#         241
  C:35A1H         LINE#         242
  -------         ENDPROC       TIMER2_ISR
  -------         ENDMOD        SERIAL

  -------         MODULE        PORTS
  C:0000H         SYMBOL        _ICE_DUMMY_
  D:0080H         PUBLIC        P0
  D:0090H         PUBLIC        P1
  D:00A0H         PUBLIC        P2
  D:00E8H         PUBLIC        ADC0CN
  D:00A8H         PUBLIC        IE
  C:36DCH         PUBLIC        _readByte
  D:00D8H         PUBLIC        PCA0CN
  D:00B8H         PUBLIC        IP
  C:36D0H         PUBLIC        pulseClock
  D:00C0H         PUBLIC        SMB0CN
  X:0218H         SYMBOL        once
  C:3607H         PUBLIC        readTDOBit
  C:1DA3H         PUBLIC        _waitTime
  D:00F8H         PUBLIC        SPI0CN
  D:0088H         PUBLIC        TCON
  D:00C8H         PUBLIC        TMR2CN
  C:2EA5H         PUBLIC        _setPort
  D:0098H         PUBLIC        SCON0
  X:021AH         SYMBOL        in_word
  X:021BH         SYMBOL        out_word
  D:00D0H         PUBLIC        PSW
  -------         PROC          _SETPORT
  D:0004H         SYMBOL        p
  D:0005H         SYMBOL        val
  C:2EA5H         LINE#         56
  C:2EA7H         LINE#         57
  C:2EA7H         LINE#         58
  C:2EB1H         LINE#         59
  C:2EB1H         LINE#         60
BL51 BANKED LINKER/LOCATER V5.03            05/27/2008  10:09:56  PAGE 20


  C:2EB8H         LINE#         61
  C:2EC0H         LINE#         62
  C:2EC0H         LINE#         63
  C:2EC4H         LINE#         64
  C:2ED5H         LINE#         66
  C:2ED9H         LINE#         67
  C:2EE8H         LINE#         69
  C:2EEBH         LINE#         70
  C:2EEBH         LINE#         71
  C:2EFBH         LINE#         72
  C:2EFEH         LINE#         73
  C:2EFEH         LINE#         74
  -------         ENDPROC       _SETPORT
  -------         PROC          PULSECLOCK
  C:36D0H         LINE#         78
  C:36D0H         LINE#         79
  C:36D0H         LINE#         80
  C:36D6H         LINE#         81
  -------         ENDPROC       PULSECLOCK
  -------         PROC          _READBYTE
  D:0001H         SYMBOL        mydata
  -------         DO            
  X:010AH         SYMBOL        stat
  -------         ENDDO         
  C:36DCH         LINE#         86
  C:36DCH         LINE#         87
  C:36DCH         LINE#         90
  C:36E4H         LINE#         91
  -------         ENDPROC       _READBYTE
  -------         PROC          READTDOBIT
  C:3607H         LINE#         94
  C:3607H         LINE#         95
  C:3607H         LINE#         96
  C:360DH         LINE#         97
  C:3617H         LINE#         98
  C:361AH         LINE#         100
  C:361CH         LINE#         101
  -------         ENDPROC       READTDOBIT
  -------         PROC          _WAITTIME
  X:0126H         SYMBOL        microsec
  -------         DO            
  X:012AH         SYMBOL        i
  -------         ENDDO         
  C:1DA3H         LINE#         108
  C:1DA9H         LINE#         109
  C:1DA9H         LINE#         114
  C:1DC5H         LINE#         115
  C:1DC5H         LINE#         116
  C:1DCFH         LINE#         117
  C:1DFCH         LINE#         118
  C:1DFCH         LINE#         119
  C:1DFFH         LINE#         120
  C:1E26H         LINE#         122
  C:1E26H         LINE#         124
  C:1E41H         LINE#         125
  C:1E41H         LINE#         135
  C:1E41H         LINE#         138
  C:1E5BH         LINE#         139
  C:1E5BH         LINE#         148
  C:1E5BH         LINE#         151
  C:1E85H         LINE#         152
  C:1E85H         LINE#         153
  C:1E88H         LINE#         154
  C:1EAFH         LINE#         156
  -------         ENDPROC       _WAITTIME
BL51 BANKED LINKER/LOCATER V5.03            05/27/2008  10:09:56  PAGE 21


  -------         ENDMOD        PORTS

  -------         MODULE        MICRO
  C:0000H         SYMBOL        _ICE_DUMMY_
  C:1FB6H         PUBLIC        _xsvfDoXSDRTDO
  C:35C4H         PUBLIC        _xsvfTmsTransition
  C:36E5H         PUBLIC        _xsvfDoXCOMPLETE
  C:1C94H         PUBLIC        _xsvfDoXSDR
  C:32C7H         PUBLIC        xsvfExecute
  C:1EB0H         PUBLIC        _xsvfDoXSIR
  C:142DH         PUBLIC        _xsvfShift
  C:3647H         PUBLIC        _xsvfDoIllegalCmd
  C:2984H         PUBLIC        _xsvfDoXENDXR
  C:3087H         PUBLIC        _xsvfDoXSTATE
  C:235DH         PUBLIC        _xsvfBasicXSDRTDO
  C:352CH         PUBLIC        _xsvfGetAsNumBytes
  C:2B05H         PUBLIC        _xsvfInitialize
  X:0194H         PUBLIC        xsvf_pfDoCmd
  C:31C0H         PUBLIC        _xsvfDoXCOMMENT
  C:314AH         PUBLIC        _xsvfDoXTDOMASK
  C:2DEFH         PUBLIC        _xsvfInfoInit
  C:1867H         PUBLIC        _xsvfShiftOnly
  C:20ACH         PUBLIC        _xsvfDoXSDRTDOBCE
  C:1B7EH         PUBLIC        _xsvfDoXSIR2
  C:2735H         PUBLIC        _xsvfDoXSDRSIZE
  C:1678H         PUBLIC        _xsvfRun
  C:243AH         PUBLIC        _xsvfDoXSDRBCE
  C:227FH         PUBLIC        _xsvfDoXWAIT
  C:2FF9H         PUBLIC        _xsvfDoXRUNTEST
  C:08EBH         PUBLIC        _xsvfGotoTapState
  C:36B5H         PUBLIC        _xsvfDoXREPEAT
  -------         PROC          _XSVFINFOINIT
  D:0001H         SYMBOL        pXsvfInfo
  C:2DEFH         LINE#         411
  C:2DEFH         LINE#         412
  C:2DEFH         LINE#         416
  C:2DF3H         LINE#         417
  C:2DF9H         LINE#         418
  C:2E03H         LINE#         419
  C:2E0CH         LINE#         420
  C:2E13H         LINE#         421
  C:2E1AH         LINE#         422
  C:2E22H         LINE#         423
  C:2E2AH         LINE#         424
  C:2E34H         LINE#         425
  C:2E3DH         LINE#         426
  C:2E47H         LINE#         428
  C:2E4AH         LINE#         429
  -------         ENDPROC       _XSVFINFOINIT
  -------         PROC          L?0218
  -------         ENDPROC       L?0218
  -------         PROC          _XSVFGETASNUMBYTES
  D:0004H         SYMBOL        lNumBits
  C:352CH         LINE#         438
  C:352CH         LINE#         439
  C:352CH         LINE#         440
  C:3542H         LINE#         441
  -------         ENDPROC       _XSVFGETASNUMBYTES
  C:35C0H         SYMBOL        L?0216
  -------         PROC          L?0215
  -------         ENDPROC       L?0215
  C:35C0H         SYMBOL        L?0216
  -------         PROC          _XSVFTMSTRANSITION
  D:0006H         SYMBOL        sTms
  C:35C4H         LINE#         450
BL51 BANKED LINKER/LOCATER V5.03            05/27/2008  10:09:56  PAGE 22


  C:35C4H         LINE#         451
  C:35C4H         LINE#         452
  C:35CBH         LINE#         453
  C:35D1H         LINE#         454
  -------         ENDPROC       _XSVFTMSTRANSITION
  -------         PROC          L?0217
  -------         ENDPROC       L?0217
  -------         PROC          _XSVFGOTOTAPSTATE
  X:0126H         SYMBOL        pucTapState
  X:0129H         SYMBOL        ucTargetState
  -------         DO            
  X:012AH         SYMBOL        i
  X:012CH         SYMBOL        iErrorCode
  -------         ENDDO         
  C:08EBH         LINE#         470
  C:08F9H         LINE#         472
  C:08F9H         LINE#         476
  C:0900H         LINE#         477
  C:0903H         LINE#         478
  C:0903H         LINE#         480
  C:0909H         LINE#         481
  C:0910H         LINE#         482
  C:0910H         LINE#         483
  C:0916H         LINE#         484
  C:091DH         LINE#         485
  C:093CH         LINE#         486
  C:094BH         LINE#         490
  C:094EH         LINE#         491
  C:0976H         LINE#         494
  C:0976H         LINE#         496
  C:097FH         LINE#         497
  C:0982H         LINE#         499
  C:0982H         LINE#         500
  C:0986H         LINE#         501
  C:0986H         LINE#         504
  C:098AH         LINE#         505
  C:098AH         LINE#         506
  C:098AH         LINE#         507
  C:098AH         LINE#         510
  C:098DH         LINE#         511
  C:0994H         LINE#         512
  C:0994H         LINE#         513
  C:0994H         LINE#         514
  C:0994H         LINE#         517
  C:0994H         LINE#         518
  C:0997H         LINE#         521
  C:09B0H         LINE#         522
  C:09B0H         LINE#         523
  C:09F0H         LINE#         524
  C:09F0H         LINE#         525
  C:09F0H         LINE#         526
  C:09F0H         LINE#         527
  C:09F0H         LINE#         528
  C:09F3H         LINE#         529
  C:09F3H         LINE#         530
  C:09F3H         LINE#         531
  C:09F3H         LINE#         532
  C:09F6H         LINE#         533
  C:09F6H         LINE#         534
  C:09FFH         LINE#         535
  C:09FFH         LINE#         536
  C:0A02H         LINE#         537
  C:0A0FH         LINE#         538
  C:0A12H         LINE#         540
  C:0A12H         LINE#         541
BL51 BANKED LINKER/LOCATER V5.03            05/27/2008  10:09:56  PAGE 23


  C:0A18H         LINE#         542
  C:0A25H         LINE#         543
  C:0A25H         LINE#         544
  C:0A28H         LINE#         545
  C:0A28H         LINE#         546
  C:0A2FH         LINE#         547
  C:0A2FH         LINE#         548
  C:0A35H         LINE#         549
  C:0A42H         LINE#         550
  C:0A45H         LINE#         552
  C:0A45H         LINE#         553
  C:0A48H         LINE#         554
  C:0A55H         LINE#         555
  C:0A55H         LINE#         556
  C:0A58H         LINE#         557
  C:0A58H         LINE#         558
  C:0A5BH         LINE#         559
  C:0A68H         LINE#         560
  C:0A6BH         LINE#         561
  C:0A6BH         LINE#         562
  C:0A72H         LINE#         563
  C:0A72H         LINE#         564
  C:0A78H         LINE#         565
  C:0A85H         LINE#         566
  C:0A88H         LINE#         568
  C:0A88H         LINE#         569
  C:0A8BH         LINE#         570
  C:0A98H         LINE#         571
  C:0A98H         LINE#         572
  C:0A9BH         LINE#         573
  C:0A9BH         LINE#         574
  C:0A9EH         LINE#         575
  C:0AABH         LINE#         576
  C:0AAEH         LINE#         577
  C:0AAEH         LINE#         578
  C:0AB5H         LINE#         579
  C:0AB5H         LINE#         580
  C:0ABBH         LINE#         581
  C:0AC8H         LINE#         582
  C:0ACBH         LINE#         584
  C:0ACBH         LINE#         585
  C:0ACEH         LINE#         586
  C:0ADBH         LINE#         587
  C:0ADBH         LINE#         588
  C:0ADEH         LINE#         589
  C:0ADEH         LINE#         590
  C:0AE5H         LINE#         591
  C:0AE5H         LINE#         592
  C:0AEBH         LINE#         593
  C:0AF8H         LINE#         594
  C:0AFBH         LINE#         596
  C:0AFBH         LINE#         597
  C:0AFEH         LINE#         598
  C:0B0BH         LINE#         599
  C:0B0BH         LINE#         600
  C:0B0EH         LINE#         601
  C:0B0EH         LINE#         602
  C:0B14H         LINE#         603
  C:0B21H         LINE#         604
  C:0B24H         LINE#         605
  C:0B24H         LINE#         606
  C:0B2BH         LINE#         607
  C:0B2BH         LINE#         608
  C:0B31H         LINE#         609
  C:0B3EH         LINE#         610
BL51 BANKED LINKER/LOCATER V5.03            05/27/2008  10:09:56  PAGE 24


  C:0B41H         LINE#         612
  C:0B41H         LINE#         613
  C:0B44H         LINE#         614
  C:0B51H         LINE#         615
  C:0B51H         LINE#         616
  C:0B54H         LINE#         617
  C:0B54H         LINE#         618
  C:0B57H         LINE#         619
  C:0B64H         LINE#         620
  C:0B67H         LINE#         621
  C:0B67H         LINE#         622
  C:0B6EH         LINE#         623
  C:0B6EH         LINE#         624
  C:0B74H         LINE#         625
  C:0B81H         LINE#         626
  C:0B84H         LINE#         628
  C:0B84H         LINE#         629
  C:0B87H         LINE#         630
  C:0B94H         LINE#         631
  C:0B94H         LINE#         632
  C:0B97H         LINE#         633
  C:0B97H         LINE#         634
  C:0B9AH         LINE#         635
  C:0BA7H         LINE#         636
  C:0BA9H         LINE#         637
  C:0BA9H         LINE#         638
  C:0BB0H         LINE#         639
  C:0BB0H         LINE#         640
  C:0BB6H         LINE#         641
  C:0BC3H         LINE#         642
  C:0BC5H         LINE#         644
  C:0BC5H         LINE#         645
  C:0BC8H         LINE#         646
  C:0BD5H         LINE#         647
  C:0BD5H         LINE#         648
  C:0BD7H         LINE#         649
  C:0BD7H         LINE#         650
  C:0BDEH         LINE#         651
  C:0BDEH         LINE#         652
  C:0BE4H         LINE#         653
  C:0BF1H         LINE#         654
  C:0BF3H         LINE#         656
  C:0BF3H         LINE#         657
  C:0BF6H         LINE#         658
  C:0C03H         LINE#         659
  C:0C03H         LINE#         660
  C:0C05H         LINE#         661
  C:0C05H         LINE#         662
  C:0C0EH         LINE#         663
  C:0C22H         LINE#         664
  C:0C25H         LINE#         665
  C:0C25H         LINE#         668
  C:0C25H         LINE#         669
  C:0C25H         LINE#         671
  C:0C2DH         LINE#         672
  -------         ENDPROC       _XSVFGOTOTAPSTATE
  -------         PROC          _XSVFSHIFTONLY
  X:0126H         SYMBOL        lNumBits
  X:012AH         SYMBOL        plvTdi
  X:012DH         SYMBOL        plvTdoCaptured
  X:0130H         SYMBOL        iExitShift
  -------         DO            
  X:0132H         SYMBOL        pucTdi
  X:0135H         SYMBOL        pucTdo
  X:0138H         SYMBOL        ucTdiByte
BL51 BANKED LINKER/LOCATER V5.03            05/27/2008  10:09:56  PAGE 25


  X:0139H         SYMBOL        ucTdoByte
  D:0007H         SYMBOL        ucTdoBit
  X:013AH         SYMBOL        i
  -------         ENDDO         
  C:1867H         LINE#         688
  C:1878H         LINE#         692
  C:1878H         LINE#         703
  C:1881H         LINE#         704
  C:1891H         LINE#         705
  C:1891H         LINE#         706
  C:18B2H         LINE#         707
  C:18EDH         LINE#         708
  C:18EDH         LINE#         711
  C:1922H         LINE#         712
  C:1939H         LINE#         713
  C:1939H         LINE#         715
  C:1950H         LINE#         716
  C:1953H         LINE#         717
  C:1982H         LINE#         718
  C:1982H         LINE#         719
  C:1998H         LINE#         720
  C:19B6H         LINE#         721
  C:19B6H         LINE#         723
  C:19BDH         LINE#         724
  C:19BDH         LINE#         727
  C:19C9H         LINE#         728
  C:19D0H         LINE#         731
  C:19D6H         LINE#         733
  C:19E6H         LINE#         734
  C:19E6H         LINE#         736
  C:19E9H         LINE#         737
  C:1A02H         LINE#         738
  C:1A02H         LINE#         741
  C:1A09H         LINE#         742
  C:1A1AH         LINE#         745
  C:1A2DH         LINE#         746
  C:1A2DH         LINE#         747
  C:1A44H         LINE#         748
  C:1A44H         LINE#         749
  C:1A47H         LINE#         750
  -------         ENDPROC       _XSVFSHIFTONLY
  -------         PROC          _XSVFSHIFT
  X:0105H         SYMBOL        pucTapState
  X:0108H         SYMBOL        ucStartState
  X:0109H         SYMBOL        lNumBits
  X:010DH         SYMBOL        plvTdi
  X:0110H         SYMBOL        plvTdoCaptured
  X:0113H         SYMBOL        plvTdoExpected
  X:0116H         SYMBOL        plvTdoMask
  X:0119H         SYMBOL        ucEndState
  X:011AH         SYMBOL        lRunTestTime
  X:011EH         SYMBOL        ucMaxRepeat
  -------         DO            
  X:011FH         SYMBOL        iErrorCode
  X:0121H         SYMBOL        iMismatch
  X:0123H         SYMBOL        ucRepeat
  X:0124H         SYMBOL        iExitShift
  -------         ENDDO         
  C:142DH         LINE#         776
  C:143BH         LINE#         786
  C:143BH         LINE#         792
  C:1442H         LINE#         793
  C:1446H         LINE#         794
  C:1448H         LINE#         795
  C:145FH         LINE#         805
BL51 BANKED LINKER/LOCATER V5.03            05/27/2008  10:09:56  PAGE 26


  C:1473H         LINE#         806
  C:1473H         LINE#         808
  C:148AH         LINE#         809
  C:148AH         LINE#         811
  C:148DH         LINE#         813
  C:149EH         LINE#         814
  C:149EH         LINE#         815
  C:14A1H         LINE#         817
  C:14A1H         LINE#         819
  C:14A1H         LINE#         821
  C:14B2H         LINE#         824
  C:14F2H         LINE#         826
  C:1502H         LINE#         827
  C:1502H         LINE#         829
  C:154AH         LINE#         832
  C:154AH         LINE#         834
  C:1557H         LINE#         835
  C:1557H         LINE#         837
  C:1567H         LINE#         841
  C:1590H         LINE#         842
  C:1590H         LINE#         854
  C:15A0H         LINE#         856
  C:15B0H         LINE#         858
  C:15E7H         LINE#         859
  C:15E9H         LINE#         861
  C:15E9H         LINE#         863
  C:15FCH         LINE#         864
  C:15FCH         LINE#         866
  C:1610H         LINE#         867
  C:1610H         LINE#         869
  C:1613H         LINE#         871
  C:1624H         LINE#         872
  C:1624H         LINE#         873
  C:1624H         LINE#         874
  C:1642H         LINE#         875
  C:1642H         LINE#         877
  C:164CH         LINE#         878
  C:164CH         LINE#         888
  C:165BH         LINE#         889
  C:165BH         LINE#         890
  C:1664H         LINE#         891
  C:1666H         LINE#         893
  C:1666H         LINE#         894
  C:166FH         LINE#         895
  C:166FH         LINE#         896
  C:166FH         LINE#         898
  C:1677H         LINE#         899
  -------         ENDPROC       _XSVFSHIFT
  -------         PROC          _XSVFBASICXSDRTDO
  X:00EAH         SYMBOL        pucTapState
  X:00EDH         SYMBOL        lShiftLengthBits
  X:00F1H         SYMBOL        sShiftLengthBytes
  X:00F3H         SYMBOL        plvTdi
  X:00F6H         SYMBOL        plvTdoCaptured
  X:00F9H         SYMBOL        plvTdoExpected
  X:00FCH         SYMBOL        plvTdoMask
  X:00FFH         SYMBOL        ucEndState
  X:0100H         SYMBOL        lRunTestTime
  X:0104H         SYMBOL        ucMaxRepeat
  C:235DH         LINE#         915
  C:236CH         LINE#         925
  C:236CH         LINE#         926
  C:2382H         LINE#         927
  C:2392H         LINE#         928
  C:2392H         LINE#         929
BL51 BANKED LINKER/LOCATER V5.03            05/27/2008  10:09:56  PAGE 27


  C:239DH         LINE#         930
  C:239DH         LINE#         931
  C:2439H         LINE#         934
  -------         ENDPROC       _XSVFBASICXSDRTDO
  -------         PROC          _XSVFDOILLEGALCMD
  D:0001H         SYMBOL        pXsvfInfo
  C:3647H         LINE#         961
  C:3647H         LINE#         962
  C:3647H         LINE#         968
  C:3651H         LINE#         969
  C:365AH         LINE#         970
  -------         ENDPROC       _XSVFDOILLEGALCMD
  -------         PROC          _XSVFDOXCOMPLETE
  D:0001H         SYMBOL        pXsvfInfo
  C:36E5H         LINE#         979
  C:36E5H         LINE#         980
  C:36E5H         LINE#         981
  C:36EAH         LINE#         983
  C:36EDH         LINE#         984
  -------         ENDPROC       _XSVFDOXCOMPLETE
  -------         PROC          _XSVFDOXTDOMASK
  X:00E6H         SYMBOL        pXsvfInfo
  C:314AH         LINE#         993
  C:3155H         LINE#         994
  C:3155H         LINE#         995
  C:3182H         LINE#         999
  C:3185H         LINE#         1000
  -------         ENDPROC       _XSVFDOXTDOMASK
  -------         PROC          _XSVFDOXSIR
  X:00E6H         SYMBOL        pXsvfInfo
  -------         DO            
  X:00E9H         SYMBOL        ucShiftIrBits
  D:0006H         SYMBOL        sShiftIrBytes
  X:00EAH         SYMBOL        iErrorCode
  -------         ENDDO         
  C:1EB0H         LINE#         1011
  C:1EBBH         LINE#         1012
  C:1EBBH         LINE#         1018
  C:1EC4H         LINE#         1019
  C:1ED0H         LINE#         1023
  C:1EDBH         LINE#         1024
  C:1EDBH         LINE#         1025
  C:1EE4H         LINE#         1026
  C:1EE7H         LINE#         1028
  C:1EE7H         LINE#         1030
  C:1F0AH         LINE#         1033
  C:1F96H         LINE#         1038
  C:1F96H         LINE#         1040
  C:1FA1H         LINE#         1041
  C:1FA1H         LINE#         1042
  C:1FB5H         LINE#         1043
  C:1FB5H         LINE#         1044
  C:1FB5H         LINE#         1045
  -------         ENDPROC       _XSVFDOXSIR
  -------         PROC          _XSVFDOXSIR2
  X:00E6H         SYMBOL        pXsvfInfo
  -------         DO            
  X:00E9H         SYMBOL        lShiftIrBits
  D:0006H         SYMBOL        sShiftIrBytes
  X:00EDH         SYMBOL        iErrorCode
  -------         ENDDO         
  C:1B7EH         LINE#         1056
  C:1B89H         LINE#         1057
  C:1B89H         LINE#         1063
  C:1B96H         LINE#         1064
BL51 BANKED LINKER/LOCATER V5.03            05/27/2008  10:09:56  PAGE 28


  C:1BAFH         LINE#         1065
  C:1BB2H         LINE#         1068
  C:1BBDH         LINE#         1069
  C:1BBDH         LINE#         1070
  C:1BC6H         LINE#         1071
  C:1BC9H         LINE#         1073
  C:1BC9H         LINE#         1075
  C:1BE3H         LINE#         1078
  C:1C74H         LINE#         1083
  C:1C74H         LINE#         1085
  C:1C7FH         LINE#         1086
  C:1C7FH         LINE#         1087
  C:1C93H         LINE#         1088
  C:1C93H         LINE#         1089
  C:1C93H         LINE#         1090
  -------         ENDPROC       _XSVFDOXSIR2
  -------         PROC          _XSVFDOXSDR
  X:00E6H         SYMBOL        pXsvfInfo
  -------         DO            
  D:0006H         SYMBOL        iErrorCode
  -------         ENDDO         
  C:1C94H         LINE#         1102
  C:1C9FH         LINE#         1103
  C:1C9FH         LINE#         1105
  C:1CCCH         LINE#         1107
  C:1D8AH         LINE#         1113
  C:1D8EH         LINE#         1114
  C:1D8EH         LINE#         1115
  C:1DA2H         LINE#         1116
  C:1DA2H         LINE#         1117
  C:1DA2H         LINE#         1118
  -------         ENDPROC       _XSVFDOXSDR
  -------         PROC          _XSVFDOXRUNTEST
  X:00E6H         SYMBOL        pXsvfInfo
  C:2FF9H         LINE#         1127
  C:3004H         LINE#         1128
  C:3004H         LINE#         1129
  C:301BH         LINE#         1130
  C:303FH         LINE#         1132
  C:3042H         LINE#         1133
  -------         ENDPROC       _XSVFDOXRUNTEST
  -------         PROC          _XSVFDOXREPEAT
  D:0001H         SYMBOL        pXsvfInfo
  C:36B5H         LINE#         1142
  C:36B5H         LINE#         1143
  C:36B5H         LINE#         1144
  C:36BFH         LINE#         1147
  C:36C2H         LINE#         1148
  -------         ENDPROC       _XSVFDOXREPEAT
  -------         PROC          _XSVFDOXSDRSIZE
  X:00E6H         SYMBOL        pXsvfInfo
  -------         DO            
  X:00E9H         SYMBOL        iErrorCode
  -------         ENDDO         
  C:2735H         LINE#         1157
  C:2740H         LINE#         1158
  C:2740H         LINE#         1160
  C:2745H         LINE#         1161
  C:275CH         LINE#         1162
  C:2780H         LINE#         1163
  C:279DH         LINE#         1165
  C:27AEH         LINE#         1166
  C:27AEH         LINE#         1167
  C:27B7H         LINE#         1168
  C:27CCH         LINE#         1169
BL51 BANKED LINKER/LOCATER V5.03            05/27/2008  10:09:56  PAGE 29


  C:27CCH         LINE#         1170
  C:27D4H         LINE#         1171
  -------         ENDPROC       _XSVFDOXSDRSIZE
  -------         PROC          _XSVFDOXSDRTDO
  X:00E6H         SYMBOL        pXsvfInfo
  -------         DO            
  D:0006H         SYMBOL        iErrorCode
  -------         ENDDO         
  C:1FB6H         LINE#         1182
  C:1FC1H         LINE#         1183
  C:1FC1H         LINE#         1185
  C:2093H         LINE#         1195
  C:2097H         LINE#         1196
  C:2097H         LINE#         1197
  C:20ABH         LINE#         1198
  C:20ABH         LINE#         1199
  C:20ABH         LINE#         1200
  -------         ENDPROC       _XSVFDOXSDRTDO
  -------         PROC          _XSVFDOXSDRBCE
  X:00E6H         SYMBOL        pXsvfInfo
  -------         DO            
  X:00E9H         SYMBOL        ucEndDR
  D:0006H         SYMBOL        iErrorCode
  -------         ENDDO         
  C:243AH         LINE#         1214
  C:2445H         LINE#         1215
  C:2445H         LINE#         1218
  C:2469H         LINE#         1219
  C:24F3H         LINE#         1226
  C:24F7H         LINE#         1227
  C:24F7H         LINE#         1228
  C:250BH         LINE#         1229
  C:250BH         LINE#         1230
  C:250BH         LINE#         1231
  -------         ENDPROC       _XSVFDOXSDRBCE
  -------         PROC          _XSVFDOXSDRTDOBCE
  X:00E6H         SYMBOL        pXsvfInfo
  -------         DO            
  X:00E9H         SYMBOL        ucEndDR
  D:0006H         SYMBOL        iErrorCode
  -------         ENDDO         
  C:20ACH         LINE#         1244
  C:20B7H         LINE#         1245
  C:20B7H         LINE#         1248
  C:20DBH         LINE#         1250
  C:2187H         LINE#         1258
  C:218BH         LINE#         1259
  C:218BH         LINE#         1260
  C:219FH         LINE#         1261
  C:219FH         LINE#         1262
  C:219FH         LINE#         1263
  -------         ENDPROC       _XSVFDOXSDRTDOBCE
  -------         PROC          _XSVFDOXSTATE
  X:00E6H         SYMBOL        pXsvfInfo
  -------         DO            
  X:00E9H         SYMBOL        ucNextState
  D:0006H         SYMBOL        iErrorCode
  -------         ENDDO         
  C:3087H         LINE#         1273
  C:3092H         LINE#         1274
  C:3092H         LINE#         1277
  C:309BH         LINE#         1278
  C:30B1H         LINE#         1279
  C:30B5H         LINE#         1280
  C:30B5H         LINE#         1281
BL51 BANKED LINKER/LOCATER V5.03            05/27/2008  10:09:56  PAGE 30


  C:30C9H         LINE#         1282
  C:30C9H         LINE#         1283
  C:30C9H         LINE#         1284
  -------         ENDPROC       _XSVFDOXSTATE
  -------         PROC          _XSVFDOXENDXR
  X:00E6H         SYMBOL        pXsvfInfo
  -------         DO            
  X:00E9H         SYMBOL        iErrorCode
  X:00EBH         SYMBOL        ucEndState
  -------         ENDDO         
  C:2984H         LINE#         1295
  C:298FH         LINE#         1296
  C:298FH         LINE#         1300
  C:2994H         LINE#         1301
  C:299DH         LINE#         1302
  C:29A7H         LINE#         1303
  C:29A7H         LINE#         1304
  C:29B0H         LINE#         1305
  C:29B2H         LINE#         1307
  C:29B2H         LINE#         1309
  C:29C6H         LINE#         1310
  C:29C6H         LINE#         1311
  C:29CFH         LINE#         1312
  C:29CFH         LINE#         1313
  C:29CFH         LINE#         1314
  C:29D1H         LINE#         1316
  C:29D1H         LINE#         1317
  C:29D3H         LINE#         1318
  C:29D3H         LINE#         1321
  C:29D5H         LINE#         1323
  C:29D5H         LINE#         1324
  C:29DEH         LINE#         1325
  C:29DEH         LINE#         1326
  C:29DFH         LINE#         1327
  C:29E1H         LINE#         1329
  C:29E1H         LINE#         1330
  C:29E6H         LINE#         1331
  C:29E6H         LINE#         1334
  C:29E6H         LINE#         1335
  C:29E6H         LINE#         1337
  C:29F1H         LINE#         1338
  C:29F1H         LINE#         1339
  C:2A05H         LINE#         1340
  C:2A05H         LINE#         1341
  C:2A05H         LINE#         1342
  -------         ENDPROC       _XSVFDOXENDXR
  -------         PROC          _XSVFDOXCOMMENT
  X:00E6H         SYMBOL        pXsvfInfo
  -------         DO            
  X:00E9H         SYMBOL        ucText
  -------         ENDDO         
  C:31C0H         LINE#         1352
  C:31CBH         LINE#         1353
  C:31CBH         LINE#         1359
  C:31CBH         LINE#         1360
  C:31D4H         LINE#         1361
  C:31DAH         LINE#         1363
  C:31EEH         LINE#         1365
  C:31F7H         LINE#         1366
  -------         ENDPROC       _XSVFDOXCOMMENT
  -------         PROC          _XSVFDOXWAIT
  X:00E6H         SYMBOL        pXsvfInfo
  -------         DO            
  X:00E9H         SYMBOL        ucWaitState
  X:00EAH         SYMBOL        ucEndState
BL51 BANKED LINKER/LOCATER V5.03            05/27/2008  10:09:56  PAGE 31


  X:00EBH         SYMBOL        lWaitTime
  -------         ENDDO         
  C:227FH         LINE#         1377
  C:228AH         LINE#         1378
  C:228AH         LINE#         1385
  C:22A1H         LINE#         1386
  C:22B6H         LINE#         1389
  C:22C4H         LINE#         1390
  C:22D9H         LINE#         1393
  C:22E7H         LINE#         1394
  C:2300H         LINE#         1399
  C:231AH         LINE#         1400
  C:231AH         LINE#         1401
  C:2324H         LINE#         1402
  C:2324H         LINE#         1405
  C:2335H         LINE#         1408
  C:234FH         LINE#         1409
  C:234FH         LINE#         1410
  C:2359H         LINE#         1411
  C:2359H         LINE#         1413
  C:235CH         LINE#         1414
  -------         ENDPROC       _XSVFDOXWAIT
  -------         PROC          _XSVFINITIALIZE
  X:00E3H         SYMBOL        pXsvfInfo
  C:2B05H         LINE#         1431
  C:2B10H         LINE#         1432
  C:2B10H         LINE#         1434
  C:2B32H         LINE#         1436
  C:2B3CH         LINE#         1437
[...]
  C:3381H         LINE#         571
  C:3381H         LINE#         572
  C:3389H         LINE#         573
  C:339FH         LINE#         574
  C:339FH         LINE#         575
  C:339FH         LINE#         576
  C:339FH         LINE#         577
  C:339FH         LINE#         578
  -------         ENDPROC       _GENATTRIBCOMMAND
  -------         PROC          _GENDELAYCOMMAND
  D:0002H         SYMBOL        addr
  -------         DO            
  X:0000H         SYMBOL        del
  -------         ENDDO         
  C:310CH         LINE#         629
  C:3110H         LINE#         630
  C:3110H         LINE#         633
  C:3118H         LINE#         634
  C:3118H         LINE#         635
  C:3118H         LINE#         636
  C:312CH         LINE#         637
  C:3147H         LINE#         639
  C:3149H         LINE#         641
  C:3149H         LINE#         642
  C:3149H         LINE#         643
  C:3149H         LINE#         644
  C:3149H         LINE#         645
  -------         ENDPROC       _GENDELAYCOMMAND
  -------         PROC          _GENAUDIOCLICKTIMECOMMAND
  D:0004H         SYMBOL        addr
  -------         DO            
  X:0000H         SYMBOL        click
  -------         ENDDO         
  C:3264H         LINE#         648
  C:3268H         LINE#         649
  C:3268H         LINE#         652
  C:3270H         LINE#         653
  C:3270H         LINE#         654
  C:3270H         LINE#         655
  C:327FH         LINE#         656
  C:3296H         LINE#         657
  C:3296H         LINE#         658
  C:3296H         LINE#         659
  C:3296H         LINE#         660
  C:3296H         LINE#         661
  -------         ENDPROC       _GENAUDIOCLICKTIMECOMMAND
  -------         PROC          _GENAUDIOSIGNALCOMMAND
  D:0004H         SYMBOL        addr
  -------         DO            
  X:0000H         SYMBOL        sig
  -------         ENDDO         
  C:33A0H         LINE#         664
  C:33A4H         LINE#         665
  C:33A4H         LINE#         668
  C:33ACH         LINE#         669
  C:33ACH         LINE#         670
  C:33ACH         LINE#         671
  C:33B4H         LINE#         672
  C:33CAH         LINE#         673
  C:33CAH         LINE#         674
  C:33CAH         LINE#         675
  C:33CAH         LINE#         676
BL51 BANKED LINKER/LOCATER V5.03            05/27/2008  10:09:56  PAGE 45


  C:33CAH         LINE#         677
  -------         ENDPROC       _GENAUDIOSIGNALCOMMAND
  -------         PROC          _GENAUDIOLEVELCOMMAND
  D:0004H         SYMBOL        addr
  -------         DO            
  X:0000H         SYMBOL        lev
  -------         ENDDO         
  C:33CBH         LINE#         680
  C:33CFH         LINE#         681
  C:33CFH         LINE#         684
  C:33D7H         LINE#         685
  C:33D7H         LINE#         686
  C:33D7H         LINE#         687
  C:33DFH         LINE#         688
  C:33F5H         LINE#         689
  C:33F5H         LINE#         690
  C:33F5H         LINE#         691
  C:33F5H         LINE#         692
  C:33F5H         LINE#         693
  -------         ENDPROC       _GENAUDIOLEVELCOMMAND
  -------         PROC          _GENTEXTCOMMAND
  X:0000H         SYMBOL        addr
  -------         DO            
  X:0002H         SYMBOL        gen
  X:0003H         SYMBOL        i
  X:0005H         SYMBOL        Str
  X:0008H         SYMBOL        Font
  X:0009H         SYMBOL        line_nr
  X:000AH         SYMBOL        width
  X:000BH         SYMBOL        heigth
  X:000CH         SYMBOL        weigth
  X:000DH         SYMBOL        first
  X:000EH         SYMBOL        last
  -------         ENDDO         
  C:11A0H         LINE#         730
  C:11A8H         LINE#         731
  C:11A8H         LINE#         744
  C:11ADH         LINE#         751
  C:11B5H         LINE#         754
  C:11D2H         LINE#         755
  C:11D8H         LINE#         756
  C:11E0H         LINE#         759
  C:11E5H         LINE#         762
  C:11F7H         LINE#         767
  C:1203H         LINE#         768
  C:120AH         LINE#         769
  C:1216H         LINE#         770
  C:121DH         LINE#         771
  C:1229H         LINE#         772
  C:1230H         LINE#         774
  C:125BH         LINE#         775
  C:125BH         LINE#         776
  C:125BH         LINE#         777
  C:1262H         LINE#         778
  C:127CH         LINE#         780
  C:127CH         LINE#         781
  C:127CH         LINE#         782
  C:1282H         LINE#         783
  C:1286H         LINE#         784
  C:1286H         LINE#         785
  C:1288H         LINE#         786
  C:1288H         LINE#         787
  C:128EH         LINE#         788
  C:1293H         LINE#         789
  C:1293H         LINE#         790
BL51 BANKED LINKER/LOCATER V5.03            05/27/2008  10:09:56  PAGE 46


  C:1295H         LINE#         791
  C:1295H         LINE#         792
  C:1295H         LINE#         793
  C:1295H         LINE#         794
  C:1295H         LINE#         795
  C:1297H         LINE#         796
  C:1297H         LINE#         797
  C:129DH         LINE#         798
  C:12A3H         LINE#         799
  C:12A6H         LINE#         800
  C:12A8H         LINE#         801
  C:12A8H         LINE#         802
  C:12B7H         LINE#         803
  C:12BDH         LINE#         804
  C:12C2H         LINE#         805
  C:12C6H         LINE#         806
  C:12C8H         LINE#         807
  C:12C8H         LINE#         808
  C:12CEH         LINE#         809
  C:12D3H         LINE#         810
  C:12D3H         LINE#         811
  C:12D5H         LINE#         812
  C:12D5H         LINE#         813
  C:12DBH         LINE#         814
  C:12E0H         LINE#         815
  C:12E4H         LINE#         816
  C:12E4H         LINE#         817
  C:12E4H         LINE#         824
  C:12FEH         LINE#         825
  C:1318H         LINE#         829
  C:131AH         LINE#         830
  C:1324H         LINE#         831
  C:132BH         LINE#         832
  C:1332H         LINE#         836
  C:134FH         LINE#         837
  C:1366H         LINE#         839
  C:1389H         LINE#         840
  C:138EH         LINE#         841
  C:138EH         LINE#         842
  C:13AFH         LINE#         843
  C:13BFH         LINE#         844
  C:13BFH         LINE#         845
  C:13F3H         LINE#         846
  C:13F8H         LINE#         847
  C:13FCH         LINE#         848
  C:13FEH         LINE#         849
  C:1408H         LINE#         850
  C:140AH         LINE#         851
  C:142AH         LINE#         852
  C:142CH         LINE#         853
  -------         ENDPROC       _GENTEXTCOMMAND
  -------         PROC          _IS_TEXT
  D:0001H         SYMBOL        buff
  C:35D8H         LINE#         869
  C:35D8H         LINE#         870
  C:35D8H         LINE#         872
  C:35DDH         LINE#         873
  C:35DDH         LINE#         874
  C:35E1H         LINE#         875
  C:35E4H         LINE#         876
  C:35EBH         LINE#         877
  C:35EDH         LINE#         878
  C:35EFH         LINE#         879
  -------         ENDPROC       _IS_TEXT
  -------         PROC          _GENTEXTSCALECOMMAND
BL51 BANKED LINKER/LOCATER V5.03            05/27/2008  10:09:56  PAGE 47


  D:0004H         SYMBOL        addr
  -------         DO            
  X:0000H         SYMBOL        scal
  -------         ENDDO         
  C:33F6H         LINE#         885
  C:33FAH         LINE#         886
  C:33FAH         LINE#         889
  C:3402H         LINE#         890
  C:3402H         LINE#         891
  C:3402H         LINE#         892
  C:340AH         LINE#         893
  C:3420H         LINE#         894
  C:3420H         LINE#         895
  C:3420H         LINE#         896
  C:3420H         LINE#         897
  C:3420H         LINE#         898
  -------         ENDPROC       _GENTEXTSCALECOMMAND
  -------         PROC          _GENTEXTPOSCOMMAND
  D:0004H         SYMBOL        addr
  -------         DO            
  X:0000H         SYMBOL        pos
  -------         ENDDO         
  C:30CAH         LINE#         901
  C:30CEH         LINE#         902
  C:30CEH         LINE#         905
  C:30D6H         LINE#         906
  C:30D6H         LINE#         907
  C:30D6H         LINE#         908
  C:30E5H         LINE#         909
  C:30F4H         LINE#         910
  C:310BH         LINE#         911
  C:310BH         LINE#         912
  C:310BH         LINE#         913
  C:310BH         LINE#         914
  C:310BH         LINE#         915
  -------         ENDPROC       _GENTEXTPOSCOMMAND
  -------         PROC          _GENTEXTCOLORCOMMAND
  D:0004H         SYMBOL        addr
  -------         DO            
  X:0000H         SYMBOL        col
  -------         ENDDO         
  C:3421H         LINE#         918
  C:3425H         LINE#         919
  C:3425H         LINE#         922
  C:342DH         LINE#         923
  C:342DH         LINE#         924
  C:342DH         LINE#         925
  C:3435H         LINE#         926
  C:344BH         LINE#         927
  C:344BH         LINE#         928
  C:344BH         LINE#         929
  C:344BH         LINE#         930
  C:344BH         LINE#         931
  -------         ENDPROC       _GENTEXTCOLORCOMMAND
  -------         PROC          _GENTEXTMOVCOMMAND
  D:0004H         SYMBOL        addr
  -------         DO            
  X:0000H         SYMBOL        tm
  -------         ENDDO         
  C:344CH         LINE#         935
  C:3450H         LINE#         936
  C:3450H         LINE#         939
  C:3458H         LINE#         940
  C:3458H         LINE#         941
  C:3458H         LINE#         942
BL51 BANKED LINKER/LOCATER V5.03            05/27/2008  10:09:56  PAGE 48


  C:3460H         LINE#         943
  C:3476H         LINE#         944
  C:3476H         LINE#         945
  C:3476H         LINE#         946
  C:3476H         LINE#         947
  C:3476H         LINE#         948
  -------         ENDPROC       _GENTEXTMOVCOMMAND
  -------         PROC          _GENTEXTONOFFCOMMAND
  D:0004H         SYMBOL        addr
  -------         DO            
  X:0000H         SYMBOL        tm
  -------         ENDDO         
  C:3477H         LINE#         951
  C:347BH         LINE#         952
  C:347BH         LINE#         955
  C:3483H         LINE#         956
  C:3483H         LINE#         957
  C:3483H         LINE#         958
  C:348BH         LINE#         959
  C:34A1H         LINE#         960
  C:34A1H         LINE#         961
  C:34A1H         LINE#         962
  C:34A1H         LINE#         963
  C:34A1H         LINE#         964
  -------         ENDPROC       _GENTEXTONOFFCOMMAND
  -------         PROC          WRITEUSERTEXTCOMMAND
  C:34A2H         LINE#         979
  C:34A2H         LINE#         980
  C:34A2H         LINE#         982
  C:34A9H         LINE#         983
  C:34A9H         LINE#         984
  C:34B3H         LINE#         985
  C:34CCH         LINE#         986
  C:34CCH         LINE#         987
  -------         ENDPROC       WRITEUSERTEXTCOMMAND
  -------         PROC          READUSERTEXTCOMMAND
  C:3186H         LINE#         1004
  C:3186H         LINE#         1005
  C:3186H         LINE#         1006
  C:318EH         LINE#         1007
  C:318EH         LINE#         1008
  C:3198H         LINE#         1009
  C:3198H         LINE#         1010
  C:31B1H         LINE#         1011
  C:31B6H         LINE#         1012
  C:31BFH         LINE#         1013
  C:31BFH         LINE#         1014
  C:31BFH         LINE#         1015
  -------         ENDPROC       READUSERTEXTCOMMAND
  -------         PROC          READSWVERSIONCOMMAND
  C:365BH         LINE#         1029
  C:365BH         LINE#         1030
  C:365BH         LINE#         1032
  C:3663H         LINE#         1033
  C:3663H         LINE#         1034
  C:3663H         LINE#         1035
  C:3663H         LINE#         1036
  C:3663H         LINE#         1037
  C:366EH         LINE#         1038
  C:366EH         LINE#         1039
  C:366EH         LINE#         1040
  C:366EH         LINE#         1041
  C:366EH         LINE#         1042
  -------         ENDPROC       READSWVERSIONCOMMAND
  -------         PROC          READHWVERSIONCOMMAND
BL51 BANKED LINKER/LOCATER V5.03            05/27/2008  10:09:56  PAGE 49


  C:366FH         LINE#         1051
  C:366FH         LINE#         1052
  C:366FH         LINE#         1054
  C:3676H         LINE#         1055
  C:3676H         LINE#         1057
  C:3681H         LINE#         1058
  C:3681H         LINE#         1059
  -------         ENDPROC       READHWVERSIONCOMMAND
  -------         PROC          READHWINFORMATIONCOMMAND
  C:3682H         LINE#         1068
  C:3682H         LINE#         1069
  C:3682H         LINE#         1071
  C:3689H         LINE#         1072
  C:3689H         LINE#         1074
  C:3694H         LINE#         1075
  C:3694H         LINE#         1076
  -------         ENDPROC       READHWINFORMATIONCOMMAND
  -------         PROC          UNITADDRESSCOMMAND
  C:3543H         LINE#         1096
  C:3543H         LINE#         1097
  C:3543H         LINE#         1099
  C:354FH         LINE#         1100
  C:354FH         LINE#         1101
  C:354FH         LINE#         1102
  C:3558H         LINE#         1103
  C:355BH         LINE#         1104
  C:355BH         LINE#         1106
  C:355BH         LINE#         1107
  C:3567H         LINE#         1108
  C:3567H         LINE#         1109
  C:3567H         LINE#         1110
  -------         ENDPROC       UNITADDRESSCOMMAND
  -------         ENDMOD        CMD

  -------         MODULE        ?C?CLDPTR
  C:002EH         PUBLIC        ?C?CLDPTR
  -------         ENDMOD        ?C?CLDPTR

  -------         MODULE        ?C?CLDOPTR
  C:0047H         PUBLIC        ?C?CLDOPTR
  -------         ENDMOD        ?C?CLDOPTR

  -------         MODULE        ?C?CILDPTR
  C:0074H         PUBLIC        ?C?CILDPTR
  -------         ENDMOD        ?C?CILDPTR

  -------         MODULE        ?C?CSTPTR
  C:0096H         PUBLIC        ?C?CSTPTR
  -------         ENDMOD        ?C?CSTPTR

  -------         MODULE        ?C?CSTOPTR
  C:00A8H         PUBLIC        ?C?CSTOPTR
  -------         ENDMOD        ?C?CSTOPTR

  -------         MODULE        ?C?IMUL
  C:00CAH         PUBLIC        ?C?IMUL
  -------         ENDMOD        ?C?IMUL

  -------         MODULE        ?C?IILDX
  C:00DCH         PUBLIC        ?C?IILDX
  -------         ENDMOD        ?C?IILDX

  -------         MODULE        ?C?ILDIX
  C:00F2H         PUBLIC        ?C?ILDIX
  -------         ENDMOD        ?C?ILDIX
BL51 BANKED LINKER/LOCATER V5.03            05/27/2008  10:09:56  PAGE 50



  -------         MODULE        ?C?ILDPTR
  C:0108H         PUBLIC        ?C?ILDPTR
  -------         ENDMOD        ?C?ILDPTR

  -------         MODULE        ?C?ILDOPTR
  C:0133H         PUBLIC        ?C?ILDOPTR
  -------         ENDMOD        ?C?ILDOPTR

  -------         MODULE        ?C?ISTPTR
  C:016BH         PUBLIC        ?C?ISTPTR
  -------         ENDMOD        ?C?ISTPTR

  -------         MODULE        ?C?ISTOPTR
  C:018AH         PUBLIC        ?C?ISTOPTR
  -------         ENDMOD        ?C?ISTOPTR

  -------         MODULE        ?C?LMUL
  C:01B7H         PUBLIC        ?C?LMUL
  -------         ENDMOD        ?C?LMUL

  -------         MODULE        ?C?ULDIV
  C:0242H         PUBLIC        ?C?ULDIV
  -------         ENDMOD        ?C?ULDIV

  -------         MODULE        ?C?SLDIV
  C:3043H         PUBLIC        ?C?SLDIV
  -------         ENDMOD        ?C?SLDIV

  -------         MODULE        ?C?SLCMP
  C:02D4H         PUBLIC        ?C?SLCMP
  -------         ENDMOD        ?C?SLCMP

  -------         MODULE        ?C?SLSHR
  C:02EAH         PUBLIC        ?C?SLSHR
  -------         ENDMOD        ?C?SLSHR

  -------         MODULE        ?C?LSHL
  C:02FEH         PUBLIC        ?C?LSHL
  -------         ENDMOD        ?C?LSHL

  -------         MODULE        ?C?LLDOPTR
  C:0311H         PUBLIC        ?C?LLDOPTR
  -------         ENDMOD        ?C?LLDOPTR

  -------         MODULE        ?C?LSTOPTR
  C:0341H         PUBLIC        ?C?LSTOPTR
  -------         ENDMOD        ?C?LSTOPTR

  -------         MODULE        ?C?LSTXDATA
  C:0365H         PUBLIC        ?C?LSTXDATA
  -------         ENDMOD        ?C?LSTXDATA

  -------         MODULE        ?C?LSTKXDATA
  C:0371H         PUBLIC        ?C?LSTKXDATA
  -------         ENDMOD        ?C?LSTKXDATA

  -------         MODULE        ?C?LSTKOPTR
  C:03A2H         PUBLIC        ?C?LSTKOPTR
  -------         ENDMOD        ?C?LSTKOPTR

  -------         MODULE        ?C?ICALL
  C:03C6H         PUBLIC        ?C?ICALL
  C:03CAH         PUBLIC        ?C?ICALL2
  -------         ENDMOD        ?C?ICALL
BL51 BANKED LINKER/LOCATER V5.03            05/27/2008  10:09:56  PAGE 51



  -------         MODULE        PRINTF
  X:000AH         PUBLIC        ?_PRINTF517?BYTE
  X:000AH         PUBLIC        ?_PRINTF?BYTE
  X:000AH         PUBLIC        ?_SPRINTF517?BYTE
  X:000AH         PUBLIC        ?_SPRINTF?BYTE
  C:05E4H         PUBLIC        _PRINTF
  C:05E4H         PUBLIC        _PRINTF517
  C:05DEH         PUBLIC        _SPRINTF
  C:05DEH         PUBLIC        _SPRINTF517
  -------         ENDMOD        PRINTF

  -------         MODULE        ?C?STRCPY
  C:0498H         PUBLIC        ?C?STRCPY
  -------         ENDMOD        ?C?STRCPY

  -------         MODULE        STRLEN
  C:3632H         PUBLIC        _STRLEN
  -------         ENDMOD        STRLEN

  -------         MODULE        ?C?LLDIDATA
  C:04B5H         PUBLIC        ?C?LLDIDATA
  -------         ENDMOD        ?C?LLDIDATA

  -------         MODULE        ?C?LLDXDATA
  C:04C1H         PUBLIC        ?C?LLDXDATA
  -------         ENDMOD        ?C?LLDXDATA

  -------         MODULE        ?C?LLDPDATA
  C:04CDH         PUBLIC        ?C?LLDPDATA
  -------         ENDMOD        ?C?LLDPDATA

  -------         MODULE        ?C?LLDCODE
  C:04D9H         PUBLIC        ?C?LLDCODE
  -------         ENDMOD        ?C?LLDCODE

  -------         MODULE        ?C?LSTIDATA
  C:04E9H         PUBLIC        ?C?LSTIDATA
  -------         ENDMOD        ?C?LSTIDATA

  -------         MODULE        ?C?LSTPDATA
  C:04F5H         PUBLIC        ?C?LSTPDATA
  -------         ENDMOD        ?C?LSTPDATA

  -------         MODULE        ?C?LSTKIDATA
  C:0501H         PUBLIC        ?C?LSTKIDATA
  -------         ENDMOD        ?C?LSTKIDATA

  -------         MODULE        ?C?LSTKPDATA
  C:051AH         PUBLIC        ?C?LSTKPDATA
  -------         ENDMOD        ?C?LSTKPDATA

  -------         MODULE        ?C?PLDIXDATA
  C:0533H         PUBLIC        ?C?PLDIXDATA
  -------         ENDMOD        ?C?PLDIXDATA

  -------         MODULE        ?C?PSTXDATA
  C:054AH         PUBLIC        ?C?PSTXDATA
  -------         ENDMOD        ?C?PSTXDATA

  -------         MODULE        ?C?CCASE
  C:0553H         PUBLIC        ?C?CCASE
  -------         ENDMOD        ?C?CCASE

  -------         MODULE        PUTCHAR
BL51 BANKED LINKER/LOCATER V5.03            05/27/2008  10:09:56  PAGE 52


  C:34F7H         PUBLIC        _PUTCHAR
  -------         ENDMOD        PUTCHAR

Program Size: data=76.7 xdata=542 code=14075
LINK/LOCATE RUN COMPLETE.  0 WARNING(S),  0 ERROR(S)
