BL51 BANKED LINKER/LOCATER V5.15              04/26/2011  15:50:59  PAGE 1


BL51 BANKED LINKER/LOCATER V5.15, INVOKED BY:
C:\SILABS\MCU\IDEFILES\C51\BIN\BL51NEW.EXE C:\PT8616\development_src\MCU\EEPRO
>> M_drv.obj, C:\PT8616\development_src\MCU\GPS_main.obj, C:\PT8616\developmen
>> t_src\MCU\I2C_bus.obj, C:\PT8616\development_src\MCU\i2c_slave.obj, C:\PT86
>> 16\development_src\MCU\LTC_handler.obj, C:\PT8616\development_src\MCU\pt530
>> 0_handler.obj, C:\PT8616\development_src\MCU\serial.obj, C:\PT8616\developm
>> ent_src\MCU\ublox_prot.obj, C:\PT8616\development_src\MCU\config.obj TO C:\
>> PT8616\development_src\MCU\PT8616 RS (256) PL (68) PW (78)


MEMORY MODEL: SMALL


INPUT MODULES INCLUDED:
  C:\PT8616\development_src\MCU\EEPROM_drv.obj (EEPROM_DRV)
  C:\PT8616\development_src\MCU\GPS_main.obj (GPS_MAIN)
  C:\PT8616\development_src\MCU\I2C_bus.obj (I2C_BUS)
  C:\PT8616\development_src\MCU\i2c_slave.obj (I2C_SLAVE)
  C:\PT8616\development_src\MCU\LTC_handler.obj (LTC_HANDLER)
  C:\PT8616\development_src\MCU\pt5300_handler.obj (PT5300_HANDLER)
  C:\PT8616\development_src\MCU\serial.obj (SERIAL)
  C:\PT8616\development_src\MCU\ublox_prot.obj (UBLOX_PROT)
  C:\PT8616\development_src\MCU\config.obj (CONFIG)
  C:\SILABS\MCU\IDEFILES\C51\LIB\C51S.LIB (?C_STARTUP)
  C:\SILABS\MCU\IDEFILES\C51\LIB\C51S.LIB (?C?COPY)
  C:\SILABS\MCU\IDEFILES\C51\LIB\C51S.LIB (?C?SCDIV)
  C:\SILABS\MCU\IDEFILES\C51\LIB\C51S.LIB (?C?CLDPTR)
  C:\SILABS\MCU\IDEFILES\C51\LIB\C51S.LIB (?C?CLDOPTR)
  C:\SILABS\MCU\IDEFILES\C51\LIB\C51S.LIB (?C?CSTPTR)
  C:\SILABS\MCU\IDEFILES\C51\LIB\C51S.LIB (?C?IMUL)
  C:\SILABS\MCU\IDEFILES\C51\LIB\C51S.LIB (?C?UIDIV)
  C:\SILABS\MCU\IDEFILES\C51\LIB\C51S.LIB (?C?SIDIV)
  C:\SILABS\MCU\IDEFILES\C51\LIB\C51S.LIB (?C?LMUL)
  C:\SILABS\MCU\IDEFILES\C51\LIB\C51S.LIB (?C?ULDIV)
  C:\SILABS\MCU\IDEFILES\C51\LIB\C51S.LIB (?C?SLDIV)
  C:\SILABS\MCU\IDEFILES\C51\LIB\C51S.LIB (?C?ULCMP)
  C:\SILABS\MCU\IDEFILES\C51\LIB\C51S.LIB (?C?LSTXDATA)
  C:\SILABS\MCU\IDEFILES\C51\LIB\C51S.LIB (?C?LSTKXDATA)
  C:\SILABS\MCU\IDEFILES\C51\LIB\C51S.LIB (?C?CCASE)
  C:\SILABS\MCU\IDEFILES\C51\LIB\C51S.LIB (PRINTF)
  C:\SILABS\MCU\IDEFILES\C51\LIB\C51S.LIB (?C?MEMSET)
  C:\SILABS\MCU\IDEFILES\C51\LIB\C51S.LIB (?C_INIT)
  C:\SILABS\MCU\IDEFILES\C51\LIB\C51S.LIB (?C?PLDIIDATA)
  C:\SILABS\MCU\IDEFILES\C51\LIB\C51S.LIB (PUTCHAR)


LINK MAP OF MODULE:  C:\PT8616\development_src\MCU\PT8616 (EEPROM_DRV)


            TYPE    BASE      LENGTH    RELOCATION   SEGMENT NAME
            -----------------------------------------------------

            * * * * * * *   D A T A   M E M O R Y   * * * * * * *
            REG     0000H     0008H     ABSOLUTE     "REG BANK 0"
            DATA    0008H     000BH     UNIT         ?DT?UBLOX_PROT
            DATA    0013H     0008H     UNIT         ?DT?LTC_HANDLER
            DATA    001BH     0004H     UNIT         ?DT?I2C_SLAVE
                    001FH     0001H                  *** GAP ***
            BIT     0020H.0   0001H.1   UNIT         _BIT_GROUP_
            BIT     0021H.1   0000H.3   UNIT         ?BI?GPS_MAIN
            BIT     0021H.4   0000H.3   UNIT         ?BI?LTC_HANDLER
            BIT     0021H.7   0000H.2   UNIT         ?BI?UBLOX_PROT
            BIT     0022H.1   0000H.1   UNIT         ?BI?I2C_SLAVE
                    0022H.2   0000H.6                *** GAP ***
            DATA    0023H     0028H     UNIT         ?DT?GPS_MAIN
            DATA    004BH     0025H     UNIT         _DATA_GROUP_
BL51 BANKED LINKER/LOCATER V5.15            04/26/2011  15:50:59  PAGE 2


            DATA    0070H     0002H     UNIT         ?DT?SERIAL
            IDATA   0072H     0001H     UNIT         ?STACK

            * * * * * * *  X D A T A   M E M O R Y  * * * * * * *
            XDATA   0000H     00DDH     UNIT         ?XD?UBLOX_PROT
            XDATA   00DDH     00CCH     UNIT         _XDATA_GROUP_
            XDATA   01A9H     008DH     UNIT         ?XD?LTC_HANDLER
            XDATA   0236H     004FH     UNIT         ?XD?GPS_MAIN
            XDATA   0285H     0010H     UNIT         ?XD?I2C_SLAVE
            XDATA   0295H     0008H     UNIT         ?XD?SERIAL

            * * * * * * *   C O D E   M E M O R Y   * * * * * * *
            CODE    0000H     0003H     ABSOLUTE     
            CODE    0003H     0003H     ABSOLUTE     
            CODE    0006H     000DH     UNIT         ?PR?_SET_BIT?GPS_MAIN
            CODE    0013H     0003H     ABSOLUTE     
            CODE    0016H     000CH     UNIT         ?PR?I2C_STOP?I2C_BUS
                    0022H     0001H                  *** GAP ***
            CODE    0023H     0003H     ABSOLUTE     
            CODE    0026H     0015H     UNIT         ?PR?INIT_DEVICE?CONFIG
            CODE    003BH     0003H     ABSOLUTE     
            CODE    003EH     0032H     UNIT         ?PR?I2C_GETACK?I2C_BUS
            CODE    0070H     0003H     UNIT         ?PR?INT_RISE?GPS_MAIN
            CODE    0073H     0003H     ABSOLUTE     
            CODE    0076H     0483H     UNIT         ?PR?MAIN?GPS_MAIN
            CODE    04F9H     043EH     UNIT         ?PR?LTC_HANDLER
            CODE    0937H     043AH     UNIT         ?PR?LTC_MANAGER?LTC_HANDL
>> ER
            CODE    0D71H     03DAH     UNIT         ?C?LIB_CODE
            CODE    114BH     035CH     UNIT         ?PR?PRINTF?PRINTF
            CODE    14A7H     033EH     UNIT         ?PR?PT5300_IN_HANDLE?PT53
>> 00_HANDLER
            CODE    17E5H     0220H     UNIT         ?PR?INTERPRET_MESSAGE?UBL
>> OX_PROT
            CODE    1A05H     019AH     UNIT         ?CO?UBLOX_PROT
            CODE    1B9FH     013DH     UNIT         ?PR?CHECK_DAYLIGHT_SWITCH
>> ?LTC_HANDLER
            CODE    1CDCH     011CH     UNIT         ?PR?OFFSET_TIME?LTC_HANDL
>> ER
            CODE    1DF8H     00E4H     UNIT         ?PR?I2C_PUTCH?I2C_SLAVE
            CODE    1EDCH     00D9H     UNIT         ?PR?PACKET_PROCESS?UBLOX_
>> PROT
            CODE    1FB5H     00CAH     UNIT         ?PR?SETUP_UBLOX?UBLOX_PRO
>> T
            CODE    207FH     00C4H     UNIT         ?PR?INIT_LTC?LTC_HANDLER
            CODE    2143H     00B6H     UNIT         ?PR?SMBUS_ISR?I2C_SLAVE
            CODE    21F9H     00ADH     UNIT         ?PR?_SEND_PACKET?UBLOX_PR
>> OT
            CODE    22A6H     008CH     UNIT         ?C_C51STARTUP
            CODE    2332H     007CH     UNIT         ?CO?GPS_MAIN
            CODE    23AEH     007BH     UNIT         ?PR?PT5300_OUT_HANDLE?PT5
>> 300_HANDLER
            CODE    2429H     0073H     UNIT         ?C_INITSEG
            CODE    249CH     0072H     UNIT         ?PR?SEC_INC?LTC_HANDLER
            CODE    250EH     0071H     UNIT         ?PR?CONFIRM_DAYLIGHT_SWIT
>> CH?LTC_HANDLER
            CODE    257FH     006AH     UNIT         ?PR?TRANSMIT_LTC_DATA?LTC
>> _HANDLER
            CODE    25E9H     0068H     UNIT         ?PR?UBLOX_PROT
            CODE    2651H     0051H     UNIT         ?PR?GPS_MAIN
            CODE    26A2H     0044H     UNIT         ?C?LDIV
            CODE    26E6H     0043H     UNIT         ?PR?_EEPROM_READ_BYTE?EEP
>> ROM_DRV
            CODE    2729H     0043H     UNIT         ?PR?SORT_QUALITIES?GPS_MA
>> IN
BL51 BANKED LINKER/LOCATER V5.15            04/26/2011  15:50:59  PAGE 3


            CODE    276CH     0037H     UNIT         ?PR?_EEPROM_WRITE_BYTE?EE
>> PROM_DRV
            CODE    27A3H     0036H     UNIT         ?PR?PT5300_HANDLER
            CODE    27D9H     0031H     UNIT         ?PR?_GETCH?SERIAL
            CODE    280AH     002EH     UNIT         ?PR?SERINT0?SERIAL
            CODE    2838H     002CH     UNIT         ?PR?UPDATE_LTC_STRINGS?LT
>> C_HANDLER
            CODE    2864H     0027H     UNIT         ?PR?_FPGA_WRITE_ARRAY?I2C
>> _BUS
            CODE    288BH     0027H     UNIT         ?PR?PUTCHAR?PUTCHAR
            CODE    28B2H     0022H     UNIT         ?PR?_SET_MESSAGE_RATE?UBL
>> OX_PROT
            CODE    28D4H     0021H     UNIT         ?PR?I2C_READBYTE?I2C_BUS
            CODE    28F5H     0020H     UNIT         ?PR?OSCILLATOR_INIT?CONFI
>> G
            CODE    2915H     001EH     UNIT         ?PR?_GET_PACKET?UBLOX_PRO
>> T
            CODE    2933H     001BH     UNIT         ?CO?LTC_HANDLER
            CODE    294EH     0019H     UNIT         ?PR?_I2C_SENDBYTE?I2C_BUS
>> 
            CODE    2967H     0019H     UNIT         ?PR?_FPGA_READ_BYTE?I2C_B
>> US
            CODE    2980H     0019H     UNIT         ?PR?_GET_UTC_TIME?UBLOX_P
>> ROT
            CODE    2999H     0014H     UNIT         ?PR?I2C_START?I2C_BUS
            CODE    29ADH     0013H     UNIT         ?PR?TIMER_INIT?CONFIG
            CODE    29C0H     0013H     UNIT         ?PR?PORT_IO_INIT?CONFIG
            CODE    29D3H     0012H     UNIT         ?PR?SDELAY?I2C_BUS
            CODE    29E5H     0012H     UNIT         ?PR?_FPGA_WRITE_BYTE?I2C_
>> BUS
            CODE    29F7H     0012H     UNIT         ?PR?_BIN_TO_BCD?LTC_HANDL
>> ER
            CODE    2A09H     0011H     UNIT         ?PR?I2C_BUS
            CODE    2A1AH     0010H     UNIT         ?PR?_DELAY?I2C_BUS
            CODE    2A2AH     0010H     UNIT         ?PR?_POLL_PACKET?UBLOX_PR
>> OT
            CODE    2A3AH     000EH     UNIT         ?PR?_CLEAR_BIT?GPS_MAIN
            CODE    2A48H     000AH     UNIT         ?PR?I2C_GIVEACK?I2C_BUS
            CODE    2A52H     000AH     UNIT         ?PR?TIMER3_ISR?I2C_SLAVE
            CODE    2A5CH     000AH     UNIT         ?PR?INTERRUPTS_INIT?CONFI
>> G
            CODE    2A66H     0008H     UNIT         ?PR?_PUTCH?SERIAL
            CODE    2A6EH     0007H     UNIT         ?PR?PCA_INIT?CONFIG
            CODE    2A75H     0004H     UNIT         ?PR?UART_INIT?CONFIG
            CODE    2A79H     0004H     UNIT         ?PR?SMBUS_INIT?CONFIG
            CODE    2A7DH     0003H     UNIT         ?PR?INT_FALL?GPS_MAIN



OVERLAY MAP OF MODULE:   C:\PT8616\development_src\MCU\PT8616 (EEPROM_DRV)


SEGMENT                                            BIT_GROUP          DATA_GRO
>> UP          XDATA_GROUP
  +--> CALLED SEGMENT                           START    LENGTH     START    L
>> ENGTH     START    LENGTH
------------------------------------------------------------------------------
>> -------------------------
?PR?SMBUS_ISR?I2C_SLAVE                         -----    -----      -----    -
>> ----      -----    -----
  +--> ?PR?I2C_PUTCH?I2C_SLAVE
  +--> ?PR?PT5300_OUT_HANDLE?PT5300_HANDLER

?PR?I2C_PUTCH?I2C_SLAVE                         -----    -----      -----    -
>> ----      -----    -----
BL51 BANKED LINKER/LOCATER V5.15            04/26/2011  15:50:59  PAGE 4


  +--> ?CO?GPS_MAIN

*** NEW ROOT ***************************************************

?C_C51STARTUP                                   -----    -----      -----    -
>> ----      -----    -----
  +--> ?PR?MAIN?GPS_MAIN
  +--> ?C_INITSEG

?PR?MAIN?GPS_MAIN                               -----    -----      -----    -
>> ----      -----    -----
  +--> ?PR?INIT_DEVICE?CONFIG
  +--> ?CO?GPS_MAIN
  +--> ?PR?_FPGA_READ_BYTE?I2C_BUS
  +--> ?PR?_SET_BIT?GPS_MAIN
  +--> ?PR?_CLEAR_BIT?GPS_MAIN
  +--> ?PR?PACKET_PROCESS?UBLOX_PROT
  +--> ?PR?CONFIRM_DAYLIGHT_SWITCH?LTC_HANDLER
  +--> ?PR?_POLL_PACKET?UBLOX_PROT
  +--> ?PR?PT5300_IN_HANDLE?PT5300_HANDLER
  +--> ?PR?INTERPRET_MESSAGE?UBLOX_PROT
  +--> ?PR?_FPGA_WRITE_BYTE?I2C_BUS
  +--> ?PR?UPDATE_LTC_STRINGS?LTC_HANDLER
  +--> ?PR?CHECK_DAYLIGHT_SWITCH?LTC_HANDLER
  +--> ?PR?GPS_MAIN
  +--> ?PR?PRINTF?PRINTF
  +--> ?PR?LTC_MANAGER?LTC_HANDLER
  +--> ?PR?TRANSMIT_LTC_DATA?LTC_HANDLER
  +--> ?PR?SORT_QUALITIES?GPS_MAIN
  +--> ?PR?_EEPROM_READ_BYTE?EEPROM_DRV
  +--> ?PR?INIT_LTC?LTC_HANDLER
  +--> ?PR?_FPGA_WRITE_ARRAY?I2C_BUS
  +--> ?PR?SETUP_UBLOX?UBLOX_PROT

?PR?INIT_DEVICE?CONFIG                          -----    -----      -----    -
>> ----      -----    -----
  +--> ?PR?PCA_INIT?CONFIG
  +--> ?PR?TIMER_INIT?CONFIG
  +--> ?PR?UART_INIT?CONFIG
  +--> ?PR?SMBUS_INIT?CONFIG
  +--> ?PR?PORT_IO_INIT?CONFIG
  +--> ?PR?OSCILLATOR_INIT?CONFIG
  +--> ?PR?INTERRUPTS_INIT?CONFIG

?PR?_FPGA_READ_BYTE?I2C_BUS                     -----    -----      -----    -
>> ----      -----    -----
  +--> ?PR?I2C_GETACK?I2C_BUS
  +--> ?PR?I2C_START?I2C_BUS
  +--> ?PR?I2C_BUS
  +--> ?PR?I2C_READBYTE?I2C_BUS
  +--> ?PR?I2C_STOP?I2C_BUS

?PR?I2C_GETACK?I2C_BUS                          -----    -----      -----    -
>> ----      -----    -----
  +--> ?PR?I2C_START?I2C_BUS
  +--> ?PR?_I2C_SENDBYTE?I2C_BUS
  +--> ?PR?SDELAY?I2C_BUS

?PR?I2C_START?I2C_BUS                           -----    -----      -----    -
>> ----      -----    -----
  +--> ?PR?SDELAY?I2C_BUS

?PR?_I2C_SENDBYTE?I2C_BUS                       -----    -----      -----    -
>> ----      -----    -----
  +--> ?PR?SDELAY?I2C_BUS
BL51 BANKED LINKER/LOCATER V5.15            04/26/2011  15:50:59  PAGE 5



?PR?I2C_BUS                                     -----    -----      -----    -
>> ----      -----    -----
  +--> ?PR?SDELAY?I2C_BUS
  +--> ?PR?_I2C_SENDBYTE?I2C_BUS
  +--> ?PR?I2C_GETACK?I2C_BUS

?PR?I2C_READBYTE?I2C_BUS                        -----    -----      -----    -
>> ----      -----    -----
  +--> ?PR?SDELAY?I2C_BUS

?PR?I2C_STOP?I2C_BUS                            -----    -----      -----    -
>> ----      -----    -----
  +--> ?PR?SDELAY?I2C_BUS

?PR?_SET_BIT?GPS_MAIN                           -----    -----      -----    -
>> ----      -----    -----
  +--> ?PR?GPS_MAIN

?PR?GPS_MAIN                                    -----    -----      -----    -
>> ----      -----    -----
  +--> ?CO?GPS_MAIN

?PR?_CLEAR_BIT?GPS_MAIN                         -----    -----      -----    -
>> ----      -----    -----
  +--> ?PR?GPS_MAIN

?PR?PACKET_PROCESS?UBLOX_PROT                   -----    -----      -----    -
>> ----      -----    -----
  +--> ?PR?_GETCH?SERIAL
  +--> ?CO?UBLOX_PROT
  +--> ?PR?UBLOX_PROT

?PR?_POLL_PACKET?UBLOX_PROT                     -----    -----      -----    -
>> ----      00DDH    00CCH
  +--> ?PR?UBLOX_PROT
  +--> ?PR?_SEND_PACKET?UBLOX_PROT

?PR?_SEND_PACKET?UBLOX_PROT                     -----    -----      004EH    0
>> 003H      -----    -----
  +--> ?PR?_PUTCH?SERIAL
  +--> ?PR?UBLOX_PROT

?PR?PT5300_IN_HANDLE?PT5300_HANDLER             -----    -----      004BH    0
>> 001H      -----    -----
  +--> ?PR?_SET_BIT?GPS_MAIN
  +--> ?PR?_CLEAR_BIT?GPS_MAIN
  +--> ?PR?_FPGA_WRITE_BYTE?I2C_BUS
  +--> ?PR?_EEPROM_WRITE_BYTE?EEPROM_DRV
  +--> ?PR?PT5300_HANDLER

?PR?_FPGA_WRITE_BYTE?I2C_BUS                    -----    -----      -----    -
>> ----      -----    -----
  +--> ?PR?I2C_START?I2C_BUS
  +--> ?PR?I2C_BUS
  +--> ?PR?I2C_GETACK?I2C_BUS
  +--> ?PR?I2C_STOP?I2C_BUS

?PR?_EEPROM_WRITE_BYTE?EEPROM_DRV               -----    -----      004CH    0
>> 003H      -----    -----
  +--> ?PR?I2C_START?I2C_BUS
  +--> ?PR?_I2C_SENDBYTE?I2C_BUS
  +--> ?PR?I2C_GETACK?I2C_BUS
  +--> ?PR?I2C_STOP?I2C_BUS
  +--> ?PR?_DELAY?I2C_BUS
BL51 BANKED LINKER/LOCATER V5.15            04/26/2011  15:50:59  PAGE 6



?PR?INTERPRET_MESSAGE?UBLOX_PROT                -----    -----      004EH    0
>> 001H      00DDH    00CCH
  +--> ?PR?_GET_PACKET?UBLOX_PROT
  +--> ?PR?UBLOX_PROT

?PR?_GET_PACKET?UBLOX_PROT                      -----    -----      004FH    0
>> 003H      -----    -----

?PR?UPDATE_LTC_STRINGS?LTC_HANDLER              -----    -----      -----    -
>> ----      -----    -----
  +--> ?PR?LTC_HANDLER
  +--> ?PR?PRINTF?PRINTF

?PR?LTC_HANDLER                                 -----    -----      -----    -
>> ----      -----    -----
  +--> ?CO?LTC_HANDLER

?PR?PRINTF?PRINTF                               0020H.0  0001H.1    004BH    0
>> 014H      -----    -----
  +--> ?PR?PUTCHAR?PUTCHAR

?PR?CHECK_DAYLIGHT_SWITCH?LTC_HANDLER           -----    -----      -----    -
>> ----      -----    -----
  +--> ?PR?LTC_HANDLER
  +--> ?PR?_SET_BIT?GPS_MAIN

?PR?LTC_MANAGER?LTC_HANDLER                     -----    -----      004BH    0
>> 011H      -----    -----
  +--> ?PR?_GET_UTC_TIME?UBLOX_PROT
  +--> ?PR?SEC_INC?LTC_HANDLER
  +--> ?PR?LTC_HANDLER
  +--> ?PR?_SET_BIT?GPS_MAIN
  +--> ?PR?_CLEAR_BIT?GPS_MAIN
  +--> ?PR?OFFSET_TIME?LTC_HANDLER
  +--> ?PR?_BIN_TO_BCD?LTC_HANDLER

?PR?_GET_UTC_TIME?UBLOX_PROT                    -----    -----      005CH    0
>> 003H      -----    -----

?PR?SEC_INC?LTC_HANDLER                         -----    -----      -----    -
>> ----      -----    -----
  +--> ?PR?LTC_HANDLER

?PR?OFFSET_TIME?LTC_HANDLER                     -----    -----      005CH    0
>> 014H      -----    -----
  +--> ?PR?LTC_HANDLER

?PR?TRANSMIT_LTC_DATA?LTC_HANDLER               -----    -----      -----    -
>> ----      -----    -----
  +--> ?PR?_FPGA_WRITE_ARRAY?I2C_BUS

?PR?_FPGA_WRITE_ARRAY?I2C_BUS                   -----    -----      004BH    0
>> 005H      -----    -----
  +--> ?PR?I2C_GETACK?I2C_BUS
  +--> ?PR?I2C_BUS
  +--> ?PR?I2C_STOP?I2C_BUS

?PR?SORT_QUALITIES?GPS_MAIN                     -----    -----      004BH    0
>> 001H      -----    -----

?PR?_EEPROM_READ_BYTE?EEPROM_DRV                -----    -----      004BH    0
>> 003H      -----    -----
  +--> ?PR?I2C_START?I2C_BUS
  +--> ?PR?_I2C_SENDBYTE?I2C_BUS
BL51 BANKED LINKER/LOCATER V5.15            04/26/2011  15:50:59  PAGE 7


  +--> ?PR?I2C_GETACK?I2C_BUS
  +--> ?PR?I2C_READBYTE?I2C_BUS
  +--> ?PR?I2C_STOP?I2C_BUS
  +--> ?PR?_DELAY?I2C_BUS

?PR?INIT_LTC?LTC_HANDLER                        -----    -----      -----    -
>> ----      -----    -----
  +--> ?PR?LTC_HANDLER

?PR?SETUP_UBLOX?UBLOX_PROT                      -----    -----      004BH    0
>> 003H      -----    -----
  +--> ?CO?UBLOX_PROT
  +--> ?PR?_SEND_PACKET?UBLOX_PROT
  +--> ?PR?PACKET_PROCESS?UBLOX_PROT
  +--> ?PR?INTERPRET_MESSAGE?UBLOX_PROT
  +--> ?PR?_SET_MESSAGE_RATE?UBLOX_PROT

?PR?_SET_MESSAGE_RATE?UBLOX_PROT                -----    -----      -----    -
>> ----      00DDH    00CCH
  +--> ?PR?UBLOX_PROT
  +--> ?PR?_SEND_PACKET?UBLOX_PROT



SYMBOL TABLE OF MODULE:  C:\PT8616\development_src\MCU\PT8616 (EEPROM_DRV)

  VALUE           TYPE          NAME
  ----------------------------------

  -------         MODULE        EEPROM_DRV
  C:0000H         SYMBOL        _ICE_DUMMY_
  C:26E6H         PUBLIC        _EEPROM_read_byte
  C:276CH         PUBLIC        _EEPROM_write_byte
  -------         PROC          _EEPROM_WRITE_BYTE
  D:004CH         SYMBOL        bank
  D:004DH         SYMBOL        adresse
  D:004EH         SYMBOL        byte
  C:276CH         LINE#         3
  C:2772H         LINE#         4
  C:2772H         LINE#         6
  C:277BH         LINE#         8
  C:277EH         LINE#         9
  C:2786H         LINE#         10
  C:2789H         LINE#         11
  C:278EH         LINE#         12
  C:2791H         LINE#         13
  C:2796H         LINE#         14
  C:2799H         LINE#         15
  C:279CH         LINE#         16
  -------         ENDPROC       _EEPROM_WRITE_BYTE
  -------         PROC          _EEPROM_READ_BYTE
  D:004BH         SYMBOL        bank
  D:004CH         SYMBOL        adresse
  -------         DO            
  D:004DH         SYMBOL        in_byte
  -------         ENDDO         
  C:26E6H         LINE#         20
  C:26EAH         LINE#         21
  C:26EAH         LINE#         22
  C:26EDH         LINE#         26
  C:26F6H         LINE#         28
  C:26F9H         LINE#         29
  C:2701H         LINE#         30
  C:2704H         LINE#         31
  C:2709H         LINE#         32
BL51 BANKED LINKER/LOCATER V5.15            04/26/2011  15:50:59  PAGE 8


  C:270CH         LINE#         33
  C:270FH         LINE#         34
  C:2714H         LINE#         35
  C:2717H         LINE#         36
  C:271CH         LINE#         37
  C:271FH         LINE#         38
  C:2726H         LINE#         41
  C:2728H         LINE#         42
  -------         ENDPROC       _EEPROM_READ_BYTE
  -------         ENDMOD        EEPROM_DRV

  -------         MODULE        GPS_MAIN
  C:0000H         SYMBOL        _ICE_DUMMY_
  B:00A0H.6       PUBLIC        NTP_REQUEST
  D:0090H         PUBLIC        P1
  D:00A0H         PUBLIC        P2
  C:2729H         PUBLIC        sort_qualities
  B:0021H.1       PUBLIC        ext1_fall_flag
  D:0023H         PUBLIC        sorted_quality
  D:0027H         PUBLIC        counter
  C:23ADH         PUBLIC        current_MCU_sw_version
  B:00A0H.0       PUBLIC        LED1
  B:00A0H.1       PUBLIC        LED2
  C:2A3AH         PUBLIC        _clear_bit
  D:0029H         PUBLIC        FPGA_system_control
  B:0021H.2       PUBLIC        ext1_rise_flag
  B:0021H.3       PUBLIC        OCXO_locked_status
  D:002AH         PUBLIC        blink_count
  B:00A0H.2       PUBLIC        FPGA_reset
  C:0076H         PUBLIC        main
  X:0236H         PUBLIC        PT5300_str
  X:0241H         PUBLIC        OCXO_phase_diff
  D:002CH         PUBLIC        main_state
  D:002DH         PUBLIC        master_status_byte
  C:23ACH         PUBLIC        current_FPGA_sw_version
  X:0243H         PUBLIC        counter_str
  D:002EH         PUBLIC        OCXO_dac_value
  B:00A0H.5       PUBLIC        NTP_LOCK_STATUS
  X:024EH         PUBLIC        debug_str
  D:0030H         PUBLIC        next_state
  D:0031H         PUBLIC        tp_select
  X:0259H         PUBLIC        quality_str
  C:2A7DH         PUBLIC        int_fall
  C:0006H         PUBLIC        _set_bit
  D:0034H         PUBLIC        message_counter
  X:0264H         PUBLIC        phase_str
  D:0035H         PUBLIC        NTP_request_edge
  D:0036H         PUBLIC        blinkpat
  X:026FH         PUBLIC        KU_str
  D:0037H         PUBLIC        FPGA_software_version
  D:0038H         PUBLIC        blinkseq
  C:0070H         PUBLIC        int_rise
  X:027AH         PUBLIC        status_str
  D:0039H         PUBLIC        OCXO_avg_dac_value
  B:0090H.0       PUBLIC        timepulse_status
  D:003BH         PUBLIC        signal_quality
  C:2651H         SYMBOL        Com006F
  C:2651H         SYMBOL        L?0112
  C:2653H         SYMBOL        L?0113
  C:265AH         SYMBOL        L?0114
  C:2661H         SYMBOL        L?0115
  C:266BH         SYMBOL        L?0117
  C:266BH         SYMBOL        L?0118
  C:2674H         SYMBOL        L?0120
  C:2680H         SYMBOL        L?0121
BL51 BANKED LINKER/LOCATER V5.15            04/26/2011  15:50:59  PAGE 9


  C:2680H         SYMBOL        L?0122
  C:2687H         SYMBOL        L?0123
  C:2687H         SYMBOL        L?0124
  C:268EH         SYMBOL        L?0125
  C:2698H         SYMBOL        L?0126
  -------         PROC          COM006F
  -------         ENDPROC       COM006F
  -------         PROC          INT_RISE
  C:0070H         LINE#         166
  C:0070H         LINE#         168
  C:0072H         LINE#         169
  -------         ENDPROC       INT_RISE
  -------         PROC          INT_FALL
  C:2A7DH         LINE#         172
  C:2A7DH         LINE#         174
  C:2A7FH         LINE#         175
  -------         ENDPROC       INT_FALL
  -------         PROC          SORT_QUALITIES
  -------         DO            
  D:0006H         SYMBOL        idx1
  D:0007H         SYMBOL        idx2
  D:004BH         SYMBOL        max_quality
  -------         ENDDO         
  C:2729H         LINE#         178
  C:2729H         LINE#         179
  C:2729H         LINE#         181
  C:272CH         LINE#         184
  C:273BH         LINE#         187
  C:273DH         LINE#         188
  C:273DH         LINE#         189
  C:273FH         LINE#         191
  C:274FH         LINE#         193
  C:2754H         LINE#         194
  C:2760H         LINE#         197
  C:2767H         LINE#         198
  C:276BH         LINE#         199
  -------         ENDPROC       SORT_QUALITIES
  C:04BDH         SYMBOL        L?0108
  C:04C7H         SYMBOL        L?0109
  C:04DCH         SYMBOL        L?0110
  C:04E6H         SYMBOL        L?0116
  C:04F0H         SYMBOL        L?0119
  -------         PROC          MAIN
  C:0076H         LINE#         240
  C:0076H         LINE#         241
  C:0076H         LINE#         242
  C:0079H         LINE#         245
  C:007CH         LINE#         246
  C:007FH         LINE#         249
  C:0088H         LINE#         250
  C:0091H         LINE#         253
  C:0091H         LINE#         254
  C:0091H         LINE#         260
  C:009CH         LINE#         262
  C:00A7H         LINE#         263
  C:00ACH         LINE#         265
  C:00AFH         LINE#         268
  C:00B2H         LINE#         271
  C:00B5H         LINE#         274
  C:00B9H         LINE#         277
  C:00BCH         LINE#         278
  C:00BFH         LINE#         280
  C:00C5H         LINE#         283
  C:00C8H         LINE#         284
  C:00CFH         LINE#         287
BL51 BANKED LINKER/LOCATER V5.15            04/26/2011  15:50:59  PAGE 10


  C:00D2H         LINE#         288
  C:00D2H         LINE#         289
  C:00D5H         LINE#         290
  C:00D7H         LINE#         291
  C:00D7H         LINE#         294
  C:00DAH         LINE#         295
  C:00DAH         LINE#         296
  C:00DDH         LINE#         297
  C:00DFH         LINE#         298
  C:00DFH         LINE#         301
  C:00F1H         LINE#         302
  C:00F1H         LINE#         303
  C:00F6H         LINE#         304
  C:00F8H         LINE#         305
  C:00FBH         LINE#         307
  C:010BH         LINE#         308
  C:010FH         LINE#         310
  C:0111H         LINE#         311
  C:0111H         LINE#         318
  C:0117H         LINE#         319
  C:0117H         LINE#         324
  C:013AH         LINE#         327
  C:0141H         LINE#         329
  C:0146H         LINE#         330
  C:0146H         LINE#         331
  C:014DH         LINE#         332
  C:0154H         LINE#         335
  C:016FH         LINE#         336
  C:0187H         LINE#         337
  C:0187H         LINE#         339
  C:018AH         LINE#         340
  C:018DH         LINE#         342
  C:0195H         LINE#         343
  C:0197H         LINE#         352
  C:01A7H         LINE#         379
  C:01BEH         LINE#         380
  C:01D1H         LINE#         381
  C:01F5H         LINE#         382
  C:021FH         LINE#         384
  C:0221H         LINE#         385
  C:0223H         LINE#         386
  C:0223H         LINE#         389
  C:0226H         LINE#         390
  C:0226H         LINE#         392
  C:0229H         LINE#         393
  C:022CH         LINE#         394
  C:022FH         LINE#         396
  C:0231H         LINE#         397
  C:0233H         LINE#         398
  C:0233H         LINE#         405
  C:023CH         LINE#         406
  C:023CH         LINE#         407
  C:0268H         LINE#         408
  C:0268H         LINE#         409
  C:0268H         LINE#         410
  C:0268H         LINE#         413
  C:0274H         LINE#         415
  C:0279H         LINE#         416
  C:027DH         LINE#         419
  C:027FH         LINE#         422
  C:0283H         LINE#         423
  C:02ABH         LINE#         425
  C:02AEH         LINE#         428
  C:02B9H         LINE#         431
  C:02C7H         LINE#         434
BL51 BANKED LINKER/LOCATER V5.15            04/26/2011  15:50:59  PAGE 11


  C:02CEH         LINE#         435
  C:02D5H         LINE#         439
  C:02DEH         LINE#         440
  C:02E7H         LINE#         443
  C:02F1H         LINE#         444
  C:02F7H         LINE#         447
  C:02FDH         LINE#         450
  C:0305H         LINE#         451
  C:030AH         LINE#         453
  C:030DH         LINE#         455
  C:030DH         LINE#         456
  C:0310H         LINE#         458
  C:031CH         LINE#         460
  C:031EH         LINE#         462
  C:0321H         LINE#         464
  C:0321H         LINE#         465
  C:0321H         LINE#         466
  C:032AH         LINE#         467
  C:032DH         LINE#         469
  C:032DH         LINE#         470
  C:0330H         LINE#         472
  C:033CH         LINE#         474
  C:033EH         LINE#         477
  C:033EH         LINE#         478
  C:033EH         LINE#         479
  C:0343H         LINE#         481
  C:0346H         LINE#         483
  C:0346H         LINE#         484
  C:0349H         LINE#         486
  C:0355H         LINE#         488
  C:0355H         LINE#         489
  C:035DH         LINE#         490
  C:0365H         LINE#         491
  C:0365H         LINE#         493
  C:0367H         LINE#         495
  C:0367H         LINE#         496
  C:036AH         LINE#         498
  C:0370H         LINE#         500
  C:0372H         LINE#         501
  C:037AH         LINE#         502
  C:0382H         LINE#         504
  C:0384H         LINE#         506
  C:0384H         LINE#         507
  C:0387H         LINE#         509
  C:0393H         LINE#         512
  C:0393H         LINE#         513
  C:0393H         LINE#         515
  C:0398H         LINE#         516
  C:039AH         LINE#         518
  C:039AH         LINE#         519
  C:039DH         LINE#         521
  C:03A6H         LINE#         523
  C:03A8H         LINE#         525
  C:03A8H         LINE#         526
  C:03A8H         LINE#         528
  C:03B7H         LINE#         530
  C:03B7H         LINE#         532
  C:03BFH         LINE#         534
  C:03BFH         LINE#         539
  C:03BFH         LINE#         540
  C:03BFH         LINE#         542
  C:03C4H         LINE#         543
  C:03C7H         LINE#         544
  C:03C7H         LINE#         546
  C:03F3H         LINE#         547
BL51 BANKED LINKER/LOCATER V5.15            04/26/2011  15:50:59  PAGE 12


  C:03F3H         LINE#         548
  C:03F3H         LINE#         549
  C:03F6H         LINE#         550
  C:03F9H         LINE#         552
  C:03F9H         LINE#         553
  C:0407H         LINE#         554
  C:0407H         LINE#         555
  C:040DH         LINE#         556
  C:0410H         LINE#         562
  C:0410H         LINE#         563
  C:0413H         LINE#         564
  C:0413H         LINE#         565
  C:0421H         LINE#         566
  C:0421H         LINE#         567
  C:0424H         LINE#         573
  C:0424H         LINE#         575
  C:0427H         LINE#         576
  C:042DH         LINE#         579
  C:0437H         LINE#         580
  C:0437H         LINE#         582
  C:0445H         LINE#         583
  C:0445H         LINE#         584
  C:0447H         LINE#         586
  C:044CH         LINE#         588
  C:044FH         LINE#         590
  C:044FH         LINE#         592
  C:0452H         LINE#         593
  C:0454H         LINE#         596
  C:0469H         LINE#         597
  C:046CH         LINE#         602
  C:046FH         LINE#         604
  C:046FH         LINE#         606
  C:0472H         LINE#         607
  C:0474H         LINE#         609
  C:047CH         LINE#         610
  C:047FH         LINE#         612
  C:0482H         LINE#         614
  C:0482H         LINE#         616
  C:048CH         LINE#         617
  C:0492H         LINE#         620
  C:0495H         LINE#         621
  C:049BH         LINE#         623
  C:04A3H         LINE#         624
  C:04A3H         LINE#         626
  C:04A5H         LINE#         628
  C:04A5H         LINE#         629
  C:04ABH         LINE#         630
  C:04AEH         LINE#         632
  C:04B1H         LINE#         634
  C:04B1H         LINE#         635
  C:04B4H         LINE#         636
  C:04B7H         LINE#         647
  C:04B7H         LINE#         648
  C:04BAH         LINE#         649
  C:04BDH         LINE#         650
  C:04BDH         LINE#         651
  C:04BDH         LINE#         652
  -------         ENDPROC       MAIN
  -------         PROC          _SET_BIT
  D:0001H         SYMBOL        byte
  D:0005H         SYMBOL        bit_number
  C:0006H         LINE#         656
  C:0006H         LINE#         657
  C:0006H         LINE#         658
  -------         ENDPROC       _SET_BIT
BL51 BANKED LINKER/LOCATER V5.15            04/26/2011  15:50:59  PAGE 13


  -------         PROC          _CLEAR_BIT
  D:0001H         SYMBOL        byte
  D:0005H         SYMBOL        bit_number
  C:2A3AH         LINE#         662
  C:2A3AH         LINE#         663
  C:2A3AH         LINE#         664
  -------         ENDPROC       _CLEAR_BIT
  -------         ENDMOD        GPS_MAIN

  -------         MODULE        I2C_BUS
  C:0000H         SYMBOL        _ICE_DUMMY_
  D:0090H         PUBLIC        P1
  C:29D3H         PUBLIC        sdelay
  C:2864H         PUBLIC        _FPGA_write_array
  C:2999H         PUBLIC        i2c_start
  C:2967H         PUBLIC        _FPGA_read_byte
  B:0090H.1       PUBLIC        sda_int_io
  C:294EH         PUBLIC        _i2c_sendbyte
  C:29E5H         PUBLIC        _FPGA_write_byte
  C:0016H         PUBLIC        i2c_stop
  B:0090H.2       PUBLIC        scl_int_io
  C:28D4H         PUBLIC        i2c_readbyte
  D:0088H         PUBLIC        TCON
  C:2A48H         PUBLIC        i2c_giveack
  D:008CH         PUBLIC        TH0
  D:008AH         PUBLIC        TL0
  C:0052H         PUBLIC        i2c_getack
  C:2A1AH         PUBLIC        _delay
  C:2A09H         SYMBOL        Com001E
  C:2A09H         SYMBOL        L?0031
  C:2A0CH         SYMBOL        L?0032
  C:2A14H         SYMBOL        L?0033
  C:2A14H         SYMBOL        L?0034
  -------         PROC          COM001E
  -------         ENDPROC       COM001E
  -------         PROC          _DELAY
  D:0007H         SYMBOL        hi
  D:0005H         SYMBOL        lo
  C:2A1AH         LINE#         9
  C:2A1AH         LINE#         10
  C:2A1AH         LINE#         11
  C:2A1DH         LINE#         12
  C:2A1FH         LINE#         13
  C:2A21H         LINE#         14
  C:2A24H         LINE#         15
  C:2A29H         LINE#         17
  -------         ENDPROC       _DELAY
  -------         PROC          SDELAY
  C:29D3H         LINE#         20
  C:29D3H         LINE#         21
  C:29D3H         LINE#         22
  C:29D6H         LINE#         23
  C:29D9H         LINE#         24
  C:29DCH         LINE#         25
  C:29DFH         LINE#         26
  C:29E4H         LINE#         28
  -------         ENDPROC       SDELAY
  -------         PROC          I2C_START
  C:2999H         LINE#         30
  C:2999H         LINE#         31
  C:2999H         LINE#         32
  C:299BH         LINE#         33
  C:299EH         LINE#         34
  C:29A0H         LINE#         35
  C:29A3H         LINE#         36
BL51 BANKED LINKER/LOCATER V5.15            04/26/2011  15:50:59  PAGE 14


  C:29A5H         LINE#         37
  C:29A8H         LINE#         38
  C:29AAH         LINE#         39
  -------         ENDPROC       I2C_START
  -------         PROC          I2C_STOP
  C:0016H         LINE#         42
  C:0016H         LINE#         43
  C:0016H         LINE#         44
  C:0018H         LINE#         45
  C:001AH         LINE#         46
  C:001DH         LINE#         47
  C:001FH         LINE#         48
  -------         ENDPROC       I2C_STOP
  -------         PROC          _I2C_SENDBYTE
  D:0007H         SYMBOL        byte
  -------         DO            
  D:0006H         SYMBOL        count
  -------         ENDDO         
  C:294EH         LINE#         51
  C:294EH         LINE#         52
  C:294EH         LINE#         53
  C:2950H         LINE#         55
  C:2950H         LINE#         56
  C:2950H         LINE#         57
  C:2954H         LINE#         58
  C:2954H         LINE#         59
  C:2954H         LINE#         60
  C:2954H         LINE#         61
  C:2957H         LINE#         62
  C:295BH         LINE#         63
  C:295EH         LINE#         64
  C:2962H         LINE#         67
  C:2964H         LINE#         69
  -------         ENDPROC       _I2C_SENDBYTE
  -------         PROC          I2C_READBYTE
  -------         DO            
  D:0007H         SYMBOL        inbyte
  D:0006H         SYMBOL        count
  -------         ENDDO         
  C:28D4H         LINE#         72
  C:28D4H         LINE#         73
  C:28D4H         LINE#         74
  C:28D6H         LINE#         75
  C:28D7H         LINE#         77
  C:28D7H         LINE#         78
  C:28D7H         LINE#         79
  C:28DBH         LINE#         80
  C:28DDH         LINE#         81
  C:28E0H         LINE#         82
  C:28E6H         LINE#         83
  C:28E8H         LINE#         84
  C:28EBH         LINE#         85
  C:28EFH         LINE#         87
  C:28F1H         LINE#         88
  C:28F4H         LINE#         90
  C:28F4H         LINE#         91
  -------         ENDPROC       I2C_READBYTE
  C:0047H         SYMBOL        L?0029
  -------         PROC          L?0028
  -------         ENDPROC       L?0028
  C:0047H         SYMBOL        L?0029
  -------         PROC          I2C_GETACK
  -------         DO            
  D:0007H         SYMBOL        count
  D:0006H         SYMBOL        sda_temp
BL51 BANKED LINKER/LOCATER V5.15            04/26/2011  15:50:59  PAGE 15


  -------         ENDDO         
  C:0052H         LINE#         93
  C:0052H         LINE#         94
  C:0052H         LINE#         96
  C:0054H         LINE#         97
  C:0056H         LINE#         98
  C:0058H         LINE#         99
  C:005BH         LINE#         100
  C:005BH         LINE#         101
  C:0060H         LINE#         103
  C:0061H         LINE#         104
  C:0064H         LINE#         105
  C:0067H         LINE#         106
  C:0067H         LINE#         108
  C:0067H         LINE#         109
  C:0067H         LINE#         110
  C:006AH         LINE#         111
  C:006DH         LINE#         113
  C:006FH         LINE#         114
  -------         ENDPROC       I2C_GETACK
  -------         PROC          I2C_GIVEACK
  C:2A48H         LINE#         116
  C:2A48H         LINE#         117
  C:2A48H         LINE#         118
  C:2A4AH         LINE#         119
  C:2A4CH         LINE#         120
  C:2A4CH         LINE#         121
  C:2A4CH         LINE#         122
  C:2A4CH         LINE#         123
  C:2A4FH         LINE#         124
  -------         ENDPROC       I2C_GIVEACK
  -------         PROC          _FPGA_READ_BYTE
  D:0005H         SYMBOL        subaddress
  -------         DO            
  D:0004H         SYMBOL        in_byte
  -------         ENDDO         
  C:2967H         LINE#         127
  C:2967H         LINE#         128
  C:2967H         LINE#         129
  C:2967H         LINE#         131
  C:2967H         LINE#         132
  C:2967H         LINE#         133
  C:2967H         LINE#         134
  C:2967H         LINE#         135
  C:296AH         LINE#         136
  C:296DH         LINE#         137
  C:296FH         LINE#         138
  C:2972H         LINE#         139
  C:2977H         LINE#         140
  C:297AH         LINE#         141
  C:297DH         LINE#         143
  C:297FH         LINE#         144
  -------         ENDPROC       _FPGA_READ_BYTE
  -------         PROC          _FPGA_WRITE_BYTE
  D:0004H         SYMBOL        subaddress
  D:0005H         SYMBOL        byte
  C:29E5H         LINE#         146
  C:29E7H         LINE#         147
  C:29E7H         LINE#         148
  C:29EAH         LINE#         149
  C:29ECH         LINE#         150
  C:29EFH         LINE#         151
  C:29F1H         LINE#         152
  C:29F1H         LINE#         153
  C:29F1H         LINE#         154
BL51 BANKED LINKER/LOCATER V5.15            04/26/2011  15:50:59  PAGE 16


  C:29F4H         LINE#         155
  -------         ENDPROC       _FPGA_WRITE_BYTE
  -------         PROC          _FPGA_WRITE_ARRAY
  D:0005H         SYMBOL        subaddress
  D:004CH         SYMBOL        array
  D:004FH         SYMBOL        num_of_bytes
  -------         DO            
  D:0004H         SYMBOL        byte_count
  -------         ENDDO         
  C:2864H         LINE#         158
  C:286AH         LINE#         159
  C:286AH         LINE#         160
  C:286AH         LINE#         162
  C:286AH         LINE#         163
  C:286AH         LINE#         164
  C:286AH         LINE#         165
  C:286AH         LINE#         166
  C:286DH         LINE#         168
  C:2873H         LINE#         169
  C:2873H         LINE#         170
  C:2882H         LINE#         171
  C:2885H         LINE#         172
  C:2888H         LINE#         174
  -------         ENDPROC       _FPGA_WRITE_ARRAY
  -------         ENDMOD        I2C_BUS

  -------         MODULE        I2C_SLAVE
  C:0000H         SYMBOL        _ICE_DUMMY_
  D:00A0H         PUBLIC        P2
  C:1DF8H         PUBLIC        i2c_putch
  B:00C0H.2       PUBLIC        ARBLOST
  C:2143H         PUBLIC        SMBus_ISR
  B:00C0H.0       PUBLIC        SI
  D:001BH         PUBLIC        out_buffer_select
  D:00C1H         PUBLIC        SMB0CF
  D:00C0H         PUBLIC        SMB0CN
  C:2A52H         PUBLIC        timer3_ISR
  B:0022H.1       PUBLIC        i2c_msgupdate
  X:0285H         PUBLIC        in_buffer
  D:0091H         PUBLIC        TMR3CN
  B:00C0H.1       PUBLIC        ACK
  D:001CH         PUBLIC        in_index
  D:001DH         PUBLIC        out_index
  D:001EH         PUBLIC        SMB_DATA
  B:00C0H.5       PUBLIC        STA
  D:00C2H         PUBLIC        SMB0DAT
  B:00C0H.4       PUBLIC        STO
  -------         PROC          TIMER3_ISR
  C:2A52H         LINE#         43
  C:2A52H         LINE#         45
  C:2A55H         LINE#         46
  C:2A58H         LINE#         47
  C:2A5BH         LINE#         48
  -------         ENDPROC       TIMER3_ISR
  -------         PROC          SMBUS_ISR
  C:2143H         LINE#         50
  C:2160H         LINE#         52
  C:2163H         LINE#         53
  C:2163H         LINE#         56
  C:2179H         LINE#         57
  C:2179H         LINE#         59
  C:2179H         LINE#         60
  C:217BH         LINE#         61
  C:2183H         LINE#         62
  C:2183H         LINE#         63
BL51 BANKED LINKER/LOCATER V5.15            04/26/2011  15:50:59  PAGE 17


  C:2188H         LINE#         64
  C:218FH         LINE#         66
  C:2192H         LINE#         68
  C:2194H         LINE#         69
  C:2196H         LINE#         71
  C:2198H         LINE#         72
  C:219AH         LINE#         75
  C:219AH         LINE#         76
  C:219DH         LINE#         78
  C:21AEH         LINE#         81
  C:21BAH         LINE#         82
  C:21BAH         LINE#         83
  C:21BDH         LINE#         84
  C:21C0H         LINE#         85
  C:21C0H         LINE#         89
  C:21C2H         LINE#         90
  C:21C4H         LINE#         94
  C:21C4H         LINE#         95
  C:21C6H         LINE#         96
  C:21C8H         LINE#         98
  C:21CAH         LINE#         101
  C:21CAH         LINE#         103
  C:21CAH         LINE#         109
  C:21CAH         LINE#         110
  C:21CCH         LINE#         113
  C:21CEH         LINE#         115
  C:21CEH         LINE#         116
  C:21D1H         LINE#         117
  C:21D4H         LINE#         118
  C:21D4H         LINE#         119
  C:21D4H         LINE#         120
  C:21D4H         LINE#         121
  C:21D6H         LINE#         122
  C:21D6H         LINE#         123
  C:21D6H         LINE#         127
  C:21D6H         LINE#         128
  C:21D8H         LINE#         129
  C:21DAH         LINE#         130
  C:21DCH         LINE#         131
  C:21DCH         LINE#         132
  C:21DEH         LINE#         133
  -------         ENDPROC       SMBUS_ISR
  -------         PROC          I2C_PUTCH
  -------         DO            
  D:0007H         SYMBOL        out
  -------         ENDDO         
  C:1DF8H         LINE#         135
  C:1DF8H         LINE#         136
  C:1DF8H         LINE#         140
  C:1E3FH         LINE#         141
  C:1E3FH         LINE#         142
  C:1E3FH         LINE#         143
  C:1E4BH         LINE#         144
  C:1E4EH         LINE#         145
  C:1E4EH         LINE#         146
  C:1E5AH         LINE#         147
  C:1E5CH         LINE#         148
  C:1E5CH         LINE#         149
  C:1E68H         LINE#         150
  C:1E6AH         LINE#         152
  C:1E6AH         LINE#         153
  C:1E6CH         LINE#         154
  C:1E6EH         LINE#         155
  C:1E6EH         LINE#         156
  C:1E73H         LINE#         157
BL51 BANKED LINKER/LOCATER V5.15            04/26/2011  15:50:59  PAGE 18


  C:1E75H         LINE#         158
  C:1E75H         LINE#         159
  C:1E7AH         LINE#         160
  C:1E7CH         LINE#         161
  C:1E7CH         LINE#         162
  C:1E7EH         LINE#         163
  C:1E81H         LINE#         164
  C:1E82H         LINE#         165
  C:1E85H         LINE#         166
  C:1E89H         LINE#         167
  C:1E8BH         LINE#         169
  C:1E8BH         LINE#         170
  C:1E97H         LINE#         171
  C:1E99H         LINE#         172
  C:1E99H         LINE#         173
  C:1EA5H         LINE#         174
  C:1EA7H         LINE#         175
  C:1EA7H         LINE#         176
  C:1EB3H         LINE#         177
  C:1EB5H         LINE#         178
  C:1EB5H         LINE#         179
  C:1EC1H         LINE#         180
  C:1EC3H         LINE#         182
  C:1EC3H         LINE#         183
  C:1EC9H         LINE#         184
  C:1ECBH         LINE#         185
  C:1ECBH         LINE#         186
  C:1EDBH         LINE#         187
  C:1EDBH         LINE#         190
  C:1EDBH         LINE#         192
  C:1EDBH         LINE#         193
  -------         ENDPROC       I2C_PUTCH
  -------         ENDMOD        I2C_SLAVE

  -------         MODULE        LTC_HANDLER
  C:0000H         SYMBOL        _ICE_DUMMY_
  X:01A9H         PUBLIC        BCD_coded_time_a
  X:01ADH         PUBLIC        BCD_coded_time_b
  D:0090H         PUBLIC        P1
  D:00A0H         PUBLIC        P2
  X:01B1H         PUBLIC        LTC_a_frames
  X:01B2H         PUBLIC        secs_since_sync_a
  X:01B6H         PUBLIC        LTC_b_frames
  C:29F7H         PUBLIC        _bin_to_BCD
  X:01B7H         PUBLIC        secs_since_sync_b
  X:01BBH         PUBLIC        send_buffer
  X:01D0H         PUBLIC        LTC_a_offset
  X:01D4H         PUBLIC        LTC_b_offset
  D:0013H         PUBLIC        i2c_byte
  C:1CDCH         PUBLIC        offset_time
  C:0937H         PUBLIC        LTC_manager
  D:0014H         PUBLIC        NTSC_offset
  C:250EH         PUBLIC        confirm_daylight_switch
  X:01D8H         PUBLIC        int_GPS_week
  X:01DAH         PUBLIC        LTC_a_watchoffset
  X:01DDH         PUBLIC        LTC_b_watchoffset
  D:0016H         PUBLIC        byte_index
  C:1B9FH         PUBLIC        check_daylight_switch
  X:01E0H         PUBLIC        LTC_confirm
  X:01E1H         PUBLIC        LTC_a_time
  X:01E8H         PUBLIC        LTC_b_time
  C:257FH         PUBLIC        transmit_LTC_data
  C:2838H         PUBLIC        update_LTC_strings
  X:01EFH         PUBLIC        quant_error_100MHz
  C:2942H         PUBLIC        month_days
BL51 BANKED LINKER/LOCATER V5.15            04/26/2011  15:50:59  PAGE 19


  D:0017H         PUBLIC        temp_long
  X:01F0H         PUBLIC        daylight_off_a_time
  X:01F7H         PUBLIC        daylight_off_b_time
  X:01FEH         PUBLIC        LTC_request
  X:01FFH         PUBLIC        int_GPS_tow
  C:249CH         PUBLIC        sec_inc
  X:0203H         PUBLIC        dropframe_setup
  X:0204H         PUBLIC        int_time
  B:0021H.4       PUBLIC        LTC_a_daylight_flag
  B:0021H.5       PUBLIC        LTC_b_daylight_flag
  X:020BH         PUBLIC        LTC_a_str
  X:0216H         PUBLIC        LTC_b_str
  X:0221H         PUBLIC        LTC_a_sync_hour
  B:0090H.0       PUBLIC        timepulse_status
  X:0222H         PUBLIC        daylight_switch_setup
  X:0223H         PUBLIC        LTC_b_sync_hour
  X:0224H         PUBLIC        LTC_a_sync_min
  X:0225H         PUBLIC        LTC_b_sync_min
  X:0226H         PUBLIC        daylight_on_a_time
  X:022DH         PUBLIC        daylight_on_b_time
  X:0234H         PUBLIC        LTC_sync_request
  B:0021H.6       PUBLIC        first_time_run
  X:0235H         PUBLIC        LTC_setup
  C:207FH         PUBLIC        init_LTC
  C:04F9H         SYMBOL        Com008B
  C:04F9H         SYMBOL        L?0140
  C:06F2H         SYMBOL        L?0141
  C:071AH         SYMBOL        L?0142
  C:071DH         SYMBOL        L?0143
  C:0728H         SYMBOL        L?0144
  C:0736H         SYMBOL        L?0145
  C:0760H         SYMBOL        L?0146
  C:076BH         SYMBOL        L?0147
  C:076FH         SYMBOL        L?0148
  C:077EH         SYMBOL        L?0149
  C:0787H         SYMBOL        L?0150
  C:0792H         SYMBOL        L?0152
  C:0795H         SYMBOL        L?0153
  C:07A6H         SYMBOL        L?0154
  C:07A6H         SYMBOL        L?0155
  C:07B8H         SYMBOL        L?0156
  C:07D2H         SYMBOL        L?0157
  C:07D3H         SYMBOL        L?0158
  C:07DFH         SYMBOL        L?0159
  C:07EAH         SYMBOL        L?0161
  C:0805H         SYMBOL        L?0162
  C:0820H         SYMBOL        L?0163
  C:0820H         SYMBOL        L?0164
  C:0827H         SYMBOL        L?0165
  C:083FH         SYMBOL        L?0166
  C:083FH         SYMBOL        L?0167
  C:0844H         SYMBOL        L?0168
  C:084BH         SYMBOL        L?0169
  C:0855H         SYMBOL        L?0170
  C:085DH         SYMBOL        L?0171
  C:0866H         SYMBOL        L?0172
  C:086DH         SYMBOL        L?0173
  C:0881H         SYMBOL        L?0174
  C:0890H         SYMBOL        L?0175
  C:08A3H         SYMBOL        L?0176
  C:08B7H         SYMBOL        L?0177
  C:08BEH         SYMBOL        L?0178
  C:08D1H         SYMBOL        L?0179
  C:08DEH         SYMBOL        L?0180
  C:08DEH         SYMBOL        L?0181
BL51 BANKED LINKER/LOCATER V5.15            04/26/2011  15:50:59  PAGE 20


  C:08E5H         SYMBOL        L?0182
  C:08F0H         SYMBOL        L?0183
  C:08FBH         SYMBOL        L?0184
  C:0905H         SYMBOL        L?0185
  C:090FH         SYMBOL        L?0186
  C:0919H         SYMBOL        L?0187
  C:0923H         SYMBOL        L?0188
  C:092DH         SYMBOL        L?0189
  -------         PROC          COM008B
  -------         ENDPROC       COM008B
  -------         PROC          _BIN_TO_BCD
  D:0007H         SYMBOL        binary
  -------         DO            
  D:0007H         SYMBOL        tens
  D:0006H         SYMBOL        ones
  D:0007H         SYMBOL        BCD
  -------         ENDDO         
  C:29F7H         LINE#         164
  C:29F7H         LINE#         165
  C:29F7H         LINE#         168
  C:29FEH         LINE#         169
  C:2A03H         LINE#         170
  C:2A08H         LINE#         172
  C:2A08H         LINE#         173
  -------         ENDPROC       _BIN_TO_BCD
  -------         PROC          SEC_INC
  C:249CH         LINE#         179
  C:249CH         LINE#         180
  C:249CH         LINE#         181
  C:24A2H         LINE#         184
  C:24A7H         LINE#         185
  C:24A7H         LINE#         186
  C:24A8H         LINE#         187
  C:24AEH         LINE#         190
  C:24B3H         LINE#         191
  C:24B3H         LINE#         192
  C:24B4H         LINE#         193
  C:24BAH         LINE#         196
  C:24BFH         LINE#         197
  C:24BFH         LINE#         198
  C:24C0H         LINE#         199
  C:24C6H         LINE#         202
  C:24D0H         LINE#         203
  C:24D0H         LINE#         204
  C:24D6H         LINE#         205
  C:24D6H         LINE#         206
  C:24D7H         LINE#         207
  C:24D7H         LINE#         208
  C:24D7H         LINE#         209
  C:24D9H         LINE#         211
  C:24ECH         LINE#         212
  C:24ECH         LINE#         213
  C:24EFH         LINE#         214
  C:24F5H         LINE#         215
  C:24F5H         LINE#         218
  C:24FCH         LINE#         219
  C:24FCH         LINE#         220
  C:24FFH         LINE#         221
  C:250DH         LINE#         222
  C:250DH         LINE#         223
  C:250DH         LINE#         224
  C:250DH         LINE#         225
  C:250DH         LINE#         226
  -------         ENDPROC       SEC_INC
  -------         PROC          OFFSET_TIME
BL51 BANKED LINKER/LOCATER V5.15            04/26/2011  15:50:59  PAGE 21


  D:005CH         SYMBOL        in_time
  D:0063H         SYMBOL        out_time
  D:0066H         SYMBOL        hours
  D:0067H         SYMBOL        mins
  D:0068H         SYMBOL        secs
  -------         DO            
  D:0069H         SYMBOL        temp_time
  -------         ENDDO         
  C:1CDCH         LINE#         233
  C:1CDCH         LINE#         234
  C:1CDCH         LINE#         238
  C:1CEFH         LINE#         241
  C:1CF5H         LINE#         244
  C:1CFCH         LINE#         245
  C:1CFCH         LINE#         246
  C:1CFEH         LINE#         247
  C:1D04H         LINE#         248
  C:1D06H         LINE#         250
  C:1D0FH         LINE#         251
  C:1D0FH         LINE#         252
  C:1D11H         LINE#         253
  C:1D1CH         LINE#         254
  C:1D1CH         LINE#         258
  C:1D22H         LINE#         261
  C:1D29H         LINE#         262
  C:1D29H         LINE#         263
  C:1D2BH         LINE#         264
  C:1D31H         LINE#         265
  C:1D33H         LINE#         267
  C:1D3CH         LINE#         268
  C:1D3CH         LINE#         269
  C:1D3EH         LINE#         270
  C:1D49H         LINE#         271
  C:1D49H         LINE#         275
  C:1D4FH         LINE#         278
  C:1D56H         LINE#         279
  C:1D56H         LINE#         280
  C:1D58H         LINE#         281
  C:1D5EH         LINE#         282
  C:1D60H         LINE#         284
  C:1D69H         LINE#         285
  C:1D69H         LINE#         286
  C:1D6BH         LINE#         287
  C:1D76H         LINE#         288
  C:1D76H         LINE#         292
  C:1D7FH         LINE#         293
  C:1D7FH         LINE#         294
  C:1D81H         LINE#         296
  C:1D8BH         LINE#         297
  C:1D90H         LINE#         299
  C:1D95H         LINE#         301
  C:1D9EH         LINE#         302
  C:1D9EH         LINE#         303
  C:1DA6H         LINE#         304
  C:1DA9H         LINE#         305
  C:1DA9H         LINE#         306
  C:1DABH         LINE#         309
  C:1DB5H         LINE#         310
  C:1DB5H         LINE#         311
  C:1DBEH         LINE#         312
  C:1DBEH         LINE#         313
  C:1DBEH         LINE#         314
  C:1DBEH         LINE#         315
  C:1DBEH         LINE#         316
  C:1DC0H         LINE#         318
BL51 BANKED LINKER/LOCATER V5.15            04/26/2011  15:50:59  PAGE 22


  C:1DCCH         LINE#         319
  C:1DCCH         LINE#         320
  C:1DCEH         LINE#         321
  C:1DD1H         LINE#         322
  C:1DD1H         LINE#         324
  C:1DDAH         LINE#         325
  C:1DDAH         LINE#         326
  C:1DE2H         LINE#         327
  C:1DE5H         LINE#         328
  C:1DE5H         LINE#         330
  -------         ENDPROC       OFFSET_TIME
  C:0D61H         SYMBOL        L?0160
  -------         PROC          LTC_MANAGER
  -------         DO            
  D:004BH         SYMBOL        NTSC_offset_long
  D:004FH         SYMBOL        skipped_frames
  D:0051H         SYMBOL        temp_offset
  D:0054H         SYMBOL        temp_sec_offset
  D:0058H         SYMBOL        temp_secs_since_sync
  -------         ENDDO         
  C:0937H         LINE#         341
  C:0937H         LINE#         342
  C:0937H         LINE#         345
  C:093CH         LINE#         348
  C:0944H         LINE#         358
  C:0947H         LINE#         359
  C:0947H         LINE#         360
  C:0950H         LINE#         361
  C:0964H         LINE#         362
  C:0964H         LINE#         365
  C:0967H         LINE#         366
  C:097FH         LINE#         369
  C:098FH         LINE#         370
  C:099FH         LINE#         373
  C:09B8H         LINE#         374
  C:09C6H         LINE#         378
  C:09D8H         LINE#         379
  C:09ECH         LINE#         381
  C:0A08H         LINE#         388
  C:0A08H         LINE#         389
  C:0A0EH         LINE#         390
  C:0A1BH         LINE#         392
  C:0A2DH         LINE#         393
  C:0A39H         LINE#         395
  C:0A44H         LINE#         403
  C:0A44H         LINE#         404
  C:0A4AH         LINE#         405
  C:0A5FH         LINE#         407
  C:0A63H         LINE#         416
  C:0A6AH         LINE#         419
  C:0A6DH         LINE#         420
  C:0A6FH         LINE#         427
  C:0A79H         LINE#         428
  C:0A79H         LINE#         429
  C:0A7DH         LINE#         432
  C:0A87H         LINE#         433
  C:0A90H         LINE#         440
  C:0A96H         LINE#         441
  C:0A96H         LINE#         442
  C:0A96H         LINE#         445
  C:0A9CH         LINE#         448
  C:0A9CH         LINE#         449
  C:0A9CH         LINE#         452
  C:0A9CH         LINE#         453
  C:0A9CH         LINE#         456
BL51 BANKED LINKER/LOCATER V5.15            04/26/2011  15:50:59  PAGE 23


  C:0A9CH         LINE#         457
  C:0A9CH         LINE#         458
  C:0A9CH         LINE#         461
  C:0A9CH         LINE#         463
  C:0A9CH         LINE#         464
  C:0A9CH         LINE#         466
  C:0A9CH         LINE#         467
  C:0A9CH         LINE#         469
  C:0A9CH         LINE#         470
  C:0A9FH         LINE#         472
  C:0AA6H         LINE#         473
  C:0AABH         LINE#         475
  C:0AB1H         LINE#         476
  C:0AB1H         LINE#         477
  C:0AB3H         LINE#         480
  C:0AB3H         LINE#         481
  C:0AB6H         LINE#         482
  C:0ABAH         LINE#         483
  C:0ABAH         LINE#         490
  C:0AC0H         LINE#         493
  C:0AC9H         LINE#         494
  C:0AC9H         LINE#         495
  C:0AC9H         LINE#         496
  C:0ACCH         LINE#         497
  C:0ACCH         LINE#         500
  C:0AD6H         LINE#         501
  C:0AD6H         LINE#         502
  C:0AD6H         LINE#         505
  C:0AEAH         LINE#         506
  C:0AEAH         LINE#         507
  C:0AEDH         LINE#         508
  C:0AEFH         LINE#         510
  C:0AFBH         LINE#         511
  C:0AFBH         LINE#         512
  C:0AFBH         LINE#         513
  C:0AFEH         LINE#         514
  C:0AFEH         LINE#         515
  C:0AFEH         LINE#         517
  C:0B04H         LINE#         520
  C:0B0AH         LINE#         521
  C:0B15H         LINE#         523
  C:0B15H         LINE#         524
  C:0B1AH         LINE#         525
  C:0B2AH         LINE#         526
  C:0B2AH         LINE#         528
  C:0B2DH         LINE#         529
  C:0B2DH         LINE#         530
  C:0B2DH         LINE#         531
  C:0B2DH         LINE#         538
  C:0B36H         LINE#         539
  C:0B36H         LINE#         541
  C:0B40H         LINE#         542
  C:0B40H         LINE#         543
  C:0B46H         LINE#         544
  C:0B46H         LINE#         545
  C:0B52H         LINE#         546
  C:0B52H         LINE#         548
  C:0B53H         LINE#         549
  C:0B58H         LINE#         550
  C:0B58H         LINE#         551
  C:0B58H         LINE#         552
  C:0B5AH         LINE#         555
  C:0B64H         LINE#         556
  C:0B64H         LINE#         557
  C:0B6AH         LINE#         558
BL51 BANKED LINKER/LOCATER V5.15            04/26/2011  15:50:59  PAGE 24


  C:0B6AH         LINE#         559
  C:0B76H         LINE#         560
  C:0B76H         LINE#         562
  C:0B80H         LINE#         563
  C:0B8BH         LINE#         564
  C:0B8BH         LINE#         565
  C:0B8BH         LINE#         566
  C:0B8BH         LINE#         567
  C:0B8BH         LINE#         573
  C:0B98H         LINE#         574
  C:0BA5H         LINE#         575
  C:0BB2H         LINE#         576
  C:0BBFH         LINE#         588
  C:0BC6H         LINE#         591
  C:0BC9H         LINE#         592
  C:0BCBH         LINE#         599
  C:0BD5H         LINE#         600
  C:0BD5H         LINE#         601
  C:0BD9H         LINE#         604
  C:0BE3H         LINE#         605
  C:0BECH         LINE#         612
  C:0BF2H         LINE#         613
  C:0BF2H         LINE#         614
  C:0BF2H         LINE#         616
  C:0BF8H         LINE#         619
  C:0BF8H         LINE#         620
  C:0BF8H         LINE#         623
  C:0BF8H         LINE#         624
  C:0BF8H         LINE#         627
  C:0BF8H         LINE#         628
  C:0BF8H         LINE#         629
  C:0BF8H         LINE#         632
  C:0BF8H         LINE#         634
  C:0BF8H         LINE#         635
  C:0BF8H         LINE#         637
  C:0BF8H         LINE#         638
  C:0BF8H         LINE#         640
  C:0BF8H         LINE#         641
  C:0BFBH         LINE#         643
  C:0C02H         LINE#         644
  C:0C07H         LINE#         646
  C:0C0DH         LINE#         647
  C:0C0DH         LINE#         648
  C:0C0FH         LINE#         651
  C:0C0FH         LINE#         652
  C:0C12H         LINE#         653
  C:0C16H         LINE#         654
  C:0C16H         LINE#         661
  C:0C1CH         LINE#         664
  C:0C25H         LINE#         665
  C:0C25H         LINE#         666
  C:0C25H         LINE#         667
  C:0C28H         LINE#         668
  C:0C28H         LINE#         671
  C:0C32H         LINE#         672
  C:0C32H         LINE#         673
  C:0C32H         LINE#         676
  C:0C46H         LINE#         677
  C:0C46H         LINE#         678
  C:0C49H         LINE#         679
  C:0C4BH         LINE#         681
  C:0C57H         LINE#         682
  C:0C57H         LINE#         683
  C:0C57H         LINE#         684
  C:0C5AH         LINE#         685
BL51 BANKED LINKER/LOCATER V5.15            04/26/2011  15:50:59  PAGE 25


  C:0C5AH         LINE#         686
  C:0C5AH         LINE#         688
  C:0C60H         LINE#         692
  C:0C66H         LINE#         693
  C:0C74H         LINE#         695
  C:0C74H         LINE#         696
  C:0C79H         LINE#         697
  C:0C98H         LINE#         698
  C:0C98H         LINE#         700
  C:0C9BH         LINE#         701
  C:0C9BH         LINE#         702
  C:0C9BH         LINE#         703
  C:0C9BH         LINE#         710
  C:0CA4H         LINE#         711
  C:0CA4H         LINE#         713
  C:0CAEH         LINE#         714
  C:0CAEH         LINE#         715
  C:0CB4H         LINE#         716
  C:0CB4H         LINE#         717
  C:0CC0H         LINE#         718
  C:0CC0H         LINE#         720
  C:0CC2H         LINE#         721
  C:0CC7H         LINE#         722
  C:0CC7H         LINE#         723
  C:0CC7H         LINE#         724
  C:0CC9H         LINE#         727
  C:0CD3H         LINE#         728
  C:0CD3H         LINE#         729
  C:0CD9H         LINE#         730
  C:0CD9H         LINE#         731
  C:0CE5H         LINE#         732
  C:0CE5H         LINE#         734
  C:0CEFH         LINE#         735
  C:0CFAH         LINE#         736
  C:0CFAH         LINE#         737
  C:0CFAH         LINE#         738
  C:0CFAH         LINE#         739
  C:0CFAH         LINE#         745
  C:0D07H         LINE#         746
  C:0D14H         LINE#         747
  C:0D21H         LINE#         748
  C:0D2EH         LINE#         757
  C:0D38H         LINE#         758
  C:0D38H         LINE#         759
  C:0D4BH         LINE#         760
  C:0D5EH         LINE#         761
  C:0D60H         LINE#         762
  C:0D60H         LINE#         763
  -------         ENDPROC       LTC_MANAGER
  C:1CD2H         SYMBOL        L?0151
  -------         PROC          CHECK_DAYLIGHT_SWITCH
  C:1B9FH         LINE#         766
  C:1B9FH         LINE#         767
  C:1B9FH         LINE#         771
  C:1BAFH         LINE#         772
  C:1BAFH         LINE#         774
  C:1BD3H         LINE#         775
  C:1BD3H         LINE#         776
  C:1BE0H         LINE#         777
  C:1BE0H         LINE#         779
  C:1BE0H         LINE#         780
  C:1BE0H         LINE#         782
  C:1BE0H         LINE#         783
  C:1BE5H         LINE#         784
  C:1BE5H         LINE#         785
BL51 BANKED LINKER/LOCATER V5.15            04/26/2011  15:50:59  PAGE 26


  C:1BE7H         LINE#         787
  C:1BE7H         LINE#         788
  C:1BE9H         LINE#         789
  C:1BEEH         LINE#         790
  C:1BF0H         LINE#         791
  C:1BF0H         LINE#         792
  C:1BF0H         LINE#         795
  C:1C14H         LINE#         796
  C:1C14H         LINE#         797
  C:1C21H         LINE#         798
  C:1C21H         LINE#         800
  C:1C21H         LINE#         801
  C:1C21H         LINE#         803
  C:1C21H         LINE#         804
  C:1C26H         LINE#         805
  C:1C2BH         LINE#         806
  C:1C2DH         LINE#         808
  C:1C2DH         LINE#         809
  C:1C2FH         LINE#         810
  C:1C37H         LINE#         811
  C:1C37H         LINE#         812
  C:1C37H         LINE#         813
  C:1C37H         LINE#         814
  C:1C37H         LINE#         819
  C:1C47H         LINE#         820
  C:1C47H         LINE#         822
  C:1C6BH         LINE#         823
  C:1C6BH         LINE#         824
  C:1C79H         LINE#         825
  C:1C79H         LINE#         827
  C:1C79H         LINE#         828
  C:1C79H         LINE#         830
  C:1C79H         LINE#         831
  C:1C7EH         LINE#         832
  C:1C7EH         LINE#         833
  C:1C80H         LINE#         835
  C:1C80H         LINE#         836
  C:1C82H         LINE#         837
  C:1C87H         LINE#         838
  C:1C89H         LINE#         839
  C:1C89H         LINE#         840
  C:1C89H         LINE#         843
  C:1CADH         LINE#         844
  C:1CADH         LINE#         845
  C:1CBBH         LINE#         846
  C:1CBBH         LINE#         848
  C:1CBBH         LINE#         849
  C:1CBBH         LINE#         851
  C:1CBBH         LINE#         852
  C:1CC0H         LINE#         853
  C:1CC5H         LINE#         854
  C:1CC7H         LINE#         856
  C:1CC7H         LINE#         857
  C:1CC9H         LINE#         858
  C:1CD1H         LINE#         859
  C:1CD1H         LINE#         860
  C:1CD1H         LINE#         861
  C:1CD1H         LINE#         862
  C:1CD1H         LINE#         863
  -------         ENDPROC       CHECK_DAYLIGHT_SWITCH
  -------         PROC          CONFIRM_DAYLIGHT_SWITCH
  C:250EH         LINE#         866
  C:250EH         LINE#         867
  C:250EH         LINE#         869
  C:2516H         LINE#         870
BL51 BANKED LINKER/LOCATER V5.15            04/26/2011  15:50:59  PAGE 27


  C:2516H         LINE#         872
  C:251EH         LINE#         873
  C:2522H         LINE#         875
  C:2526H         LINE#         876
  C:2528H         LINE#         878
  C:252EH         LINE#         879
  C:252EH         LINE#         880
  C:2530H         LINE#         882
  C:2538H         LINE#         883
  C:2538H         LINE#         884
  C:253FH         LINE#         885
  C:2546H         LINE#         886
  C:2546H         LINE#         889
  C:254EH         LINE#         890
  C:254EH         LINE#         892
  C:2556H         LINE#         893
  C:255AH         LINE#         895
  C:255EH         LINE#         896
  C:2560H         LINE#         898
  C:2566H         LINE#         899
  C:2566H         LINE#         900
  C:2568H         LINE#         902
  C:2570H         LINE#         903
  C:2570H         LINE#         904
  C:2577H         LINE#         905
  C:257EH         LINE#         906
  C:257EH         LINE#         907
  -------         ENDPROC       CONFIRM_DAYLIGHT_SWITCH
  -------         PROC          UPDATE_LTC_STRINGS
  C:2838H         LINE#         910
  C:2838H         LINE#         911
  C:2838H         LINE#         912
  C:284EH         LINE#         913
  -------         ENDPROC       UPDATE_LTC_STRINGS
  -------         PROC          TRANSMIT_LTC_DATA
  C:257FH         LINE#         921
  C:257FH         LINE#         922
  C:257FH         LINE#         924
  C:2587H         LINE#         925
  C:258BH         LINE#         926
  C:258FH         LINE#         927
  C:2597H         LINE#         928
  C:259FH         LINE#         929
  C:25A7H         LINE#         930
  C:25AFH         LINE#         932
  C:25B7H         LINE#         933
  C:25BFH         LINE#         934
  C:25C7H         LINE#         935
  C:25CFH         LINE#         937
  C:25D7H         LINE#         938
  C:25DBH         LINE#         941
  -------         ENDPROC       TRANSMIT_LTC_DATA
  -------         PROC          INIT_LTC
  C:207FH         LINE#         946
  C:207FH         LINE#         947
  C:207FH         LINE#         948
  C:2084H         LINE#         949
  C:208EH         LINE#         950
  C:2098H         LINE#         951
  C:209DH         LINE#         952
  C:20A1H         LINE#         953
  C:20A5H         LINE#         954
  C:20A9H         LINE#         957
  C:20B2H         LINE#         958
  C:20B6H         LINE#         959
BL51 BANKED LINKER/LOCATER V5.15            04/26/2011  15:50:59  PAGE 28


  C:20C0H         LINE#         961
  C:20C7H         LINE#         962
  C:20CEH         LINE#         964
  C:20D5H         LINE#         965
  C:20DCH         LINE#         967
  C:20DEH         LINE#         968
  C:20E0H         LINE#         970
  C:20E5H         LINE#         971
  C:20E9H         LINE#         973
  C:20F3H         LINE#         974
  C:20FAH         LINE#         976
  C:2107H         LINE#         977
  C:210BH         LINE#         979
  C:2117H         LINE#         980
  C:2120H         LINE#         982
  C:2127H         LINE#         983
  C:212EH         LINE#         985
  C:2138H         LINE#         986
  C:2142H         LINE#         987
  -------         ENDPROC       INIT_LTC
  -------         ENDMOD        LTC_HANDLER

  -------         MODULE        PT5300_HANDLER
  C:0000H         SYMBOL        _ICE_DUMMY_
  D:00A0H         PUBLIC        P2
  C:14A7H         PUBLIC        pt5300_in_handle
  C:23AEH         PUBLIC        pt5300_out_handle
  C:27A3H         SYMBOL        Com0064
  C:27A3H         SYMBOL        L?0101
  C:27A3H         SYMBOL        L?0102
  C:27C4H         SYMBOL        L?0103
  C:27C7H         SYMBOL        L?0104
  C:27CEH         SYMBOL        L?0106
  -------         PROC          COM0064
  -------         ENDPROC       COM0064
  C:17DBH         SYMBOL        L?0105
  -------         PROC          PT5300_IN_HANDLE
  -------         DO            
  D:004BH         SYMBOL        counter
  -------         ENDDO         
  C:14A7H         LINE#         12
  C:14A7H         LINE#         13
  C:14A7H         LINE#         15
  C:14AAH         LINE#         17
  C:1536H         LINE#         18
  C:1536H         LINE#         21
  C:1536H         LINE#         23
  C:1543H         LINE#         24
  C:154AH         LINE#         26
  C:154FH         LINE#         29
  C:1556H         LINE#         30
  C:155EH         LINE#         32
  C:155EH         LINE#         36
  C:155EH         LINE#         37
  C:1566H         LINE#         38
  C:1567H         LINE#         39
  C:1567H         LINE#         40
  C:156FH         LINE#         41
  C:1570H         LINE#         42
  C:1570H         LINE#         43
  C:1578H         LINE#         44
  C:1579H         LINE#         45
  C:1579H         LINE#         46
  C:1581H         LINE#         47
  C:1582H         LINE#         50
BL51 BANKED LINKER/LOCATER V5.15            04/26/2011  15:50:59  PAGE 29


  C:1582H         LINE#         51
  C:1589H         LINE#         53
  C:15A0H         LINE#         54
  C:15A0H         LINE#         55
  C:15A0H         LINE#         56
  C:15A0H         LINE#         57
  C:15A3H         LINE#         58
  C:15A3H         LINE#         59
  C:15AAH         LINE#         60
  C:15ABH         LINE#         61
  C:15ABH         LINE#         62
  C:15B2H         LINE#         63
  C:15B3H         LINE#         64
  C:15B3H         LINE#         65
  C:15BAH         LINE#         66
  C:15BBH         LINE#         67
  C:15BBH         LINE#         68
  C:15C2H         LINE#         69
  C:15C3H         LINE#         70
  C:15C3H         LINE#         71
  C:15C3H         LINE#         74
  C:15C3H         LINE#         75
  C:15C6H         LINE#         76
  C:15C9H         LINE#         77
  C:15CCH         LINE#         79
  C:15CCH         LINE#         80
  C:15D4H         LINE#         81
  C:15D5H         LINE#         83
  C:15D5H         LINE#         84
  C:15DDH         LINE#         85
  C:15DEH         LINE#         88
  C:15DEH         LINE#         89
  C:15E6H         LINE#         90
  C:15E7H         LINE#         93
  C:15E7H         LINE#         94
  C:15EFH         LINE#         95
  C:15F0H         LINE#         98
  C:15F0H         LINE#         99
  C:15F3H         LINE#         100
  C:15F6H         LINE#         101
  C:15F9H         LINE#         104
  C:15F9H         LINE#         105
  C:1602H         LINE#         106
  C:1603H         LINE#         107
  C:1603H         LINE#         108
  C:160BH         LINE#         109
  C:160CH         LINE#         110
  C:160CH         LINE#         111
  C:1614H         LINE#         112
  C:1615H         LINE#         115
  C:1615H         LINE#         116
  C:161EH         LINE#         117
  C:161FH         LINE#         118
  C:161FH         LINE#         119
  C:1627H         LINE#         120
  C:1628H         LINE#         121
  C:1628H         LINE#         122
  C:1630H         LINE#         123
  C:1631H         LINE#         128
  C:1631H         LINE#         129
  C:1639H         LINE#         130
  C:163AH         LINE#         131
  C:163AH         LINE#         132
  C:1642H         LINE#         133
  C:1643H         LINE#         134
BL51 BANKED LINKER/LOCATER V5.15            04/26/2011  15:50:59  PAGE 30


  C:1643H         LINE#         135
  C:164BH         LINE#         136
  C:164CH         LINE#         137
  C:164CH         LINE#         138
  C:1654H         LINE#         139
  C:1655H         LINE#         142
  C:1655H         LINE#         143
  C:165CH         LINE#         145
  C:1673H         LINE#         146
  C:1673H         LINE#         147
  C:1673H         LINE#         148
  C:1678H         LINE#         149
  C:1679H         LINE#         150
  C:1679H         LINE#         151
  C:1680H         LINE#         152
  C:1681H         LINE#         153
  C:1681H         LINE#         154
  C:1688H         LINE#         155
  C:1689H         LINE#         156
  C:1689H         LINE#         157
  C:1690H         LINE#         158
  C:1691H         LINE#         159
  C:1691H         LINE#         160
  C:1698H         LINE#         161
  C:1699H         LINE#         162
  C:1699H         LINE#         163
  C:1699H         LINE#         166
  C:1699H         LINE#         167
  C:169FH         LINE#         168
  C:16AAH         LINE#         169
  C:16ABH         LINE#         171
  C:16ABH         LINE#         172
  C:16B3H         LINE#         173
  C:16B4H         LINE#         175
  C:16B4H         LINE#         176
  C:16BCH         LINE#         177
  C:16BDH         LINE#         180
  C:16BDH         LINE#         181
  C:16C5H         LINE#         182
  C:16C6H         LINE#         185
  C:16C6H         LINE#         186
  C:16CEH         LINE#         187
  C:16CFH         LINE#         189
  C:16CFH         LINE#         190
  C:16D5H         LINE#         191
  C:16E0H         LINE#         192
  C:16E1H         LINE#         195
  C:16E1H         LINE#         196
  C:16EAH         LINE#         197
  C:16EBH         LINE#         198
  C:16EBH         LINE#         199
  C:16F3H         LINE#         200
  C:16F4H         LINE#         201
  C:16F4H         LINE#         202
  C:16FCH         LINE#         203
  C:16FDH         LINE#         206
  C:16FDH         LINE#         207
  C:1706H         LINE#         208
  C:1707H         LINE#         209
  C:1707H         LINE#         210
  C:170FH         LINE#         211
  C:1710H         LINE#         212
  C:1710H         LINE#         213
  C:1718H         LINE#         214
  C:1719H         LINE#         217
BL51 BANKED LINKER/LOCATER V5.15            04/26/2011  15:50:59  PAGE 31


  C:1719H         LINE#         218
  C:171EH         LINE#         219
  C:1722H         LINE#         221
  C:1724H         LINE#         222
  C:1726H         LINE#         224
  C:1726H         LINE#         225
  C:172BH         LINE#         226
  C:172FH         LINE#         228
  C:1734H         LINE#         229
  C:1734H         LINE#         232
  C:1734H         LINE#         233
  C:173AH         LINE#         234
  C:173CH         LINE#         235
  C:173CH         LINE#         236
  C:1745H         LINE#         237
  C:1745H         LINE#         241
  C:1745H         LINE#         242
  C:174CH         LINE#         243
  C:1755H         LINE#         246
  C:175DH         LINE#         247
  C:1762H         LINE#         248
  C:1764H         LINE#         251
  C:1764H         LINE#         252
  C:176BH         LINE#         253
  C:1774H         LINE#         256
  C:177CH         LINE#         257
  C:1784H         LINE#         258
[...]
  C:0000H         SYMBOL        _ICE_DUMMY_
  C:2980H         PUBLIC        _get_UTC_time
  D:0008H         PUBLIC        length
  C:28B2H         PUBLIC        _set_message_rate
  B:0021H.7       PUBLIC        acknowledge
  D:000AH         PUBLIC        ck_a
  D:000BH         PUBLIC        ck_b
  D:000CH         PUBLIC        str_ptr
  D:000DH         PUBLIC        noise
  D:000FH         PUBLIC        state
  C:1B9DH         PUBLIC        ub_header
  X:0000H         PUBLIC        GPS_timemode
  X:0001H         PUBLIC        GPS_tow
  B:0022H.0       PUBLIC        msg_update_flag
  C:17E5H         PUBLIC        interpret_message
  D:0010H         PUBLIC        buf_index
  X:0005H         PUBLIC        quant_error
  C:1FB5H         PUBLIC        setup_ublox
  C:1A05H         PUBLIC        timemode
  X:0009H         PUBLIC        UTC_time_buffer
  C:1EDCH         PUBLIC        packet_process
  X:0010H         PUBLIC        msg_buf
  C:21F9H         PUBLIC        _send_packet
  C:1AD1H         PUBLIC        cfg_prt
  D:0011H         PUBLIC        maxnoise
  X:00D8H         PUBLIC        GPS_time_valid
  X:00D9H         PUBLIC        UTC_time_valid
  C:2A2AH         PUBLIC        _poll_packet
  X:00DAH         PUBLIC        leap_seconds
  X:00DBH         PUBLIC        GPS_week
  C:2915H         PUBLIC        _get_packet
  C:25E9H         SYMBOL        Com003F
  C:25E9H         SYMBOL        L?0064
  C:25F3H         SYMBOL        L?0065
  C:2608H         SYMBOL        L?0066
  C:260EH         SYMBOL        L?0067
  C:2611H         SYMBOL        L?0068
  C:261AH         SYMBOL        L?0069
  C:261CH         SYMBOL        L?0070
BL51 BANKED LINKER/LOCATER V5.15            04/26/2011  15:50:59  PAGE 34


  C:2629H         SYMBOL        L?0072
  C:262CH         SYMBOL        L?0073
  C:2633H         SYMBOL        L?0074
  C:263FH         SYMBOL        L?0075
  C:264AH         SYMBOL        L?0076
  -------         PROC          COM003F
  -------         ENDPROC       COM003F
  -------         PROC          PACKET_PROCESS
  C:1EDCH         LINE#         85
  C:1EDCH         LINE#         86
  C:1EDCH         LINE#         87
  C:1EF0H         LINE#         88
  C:1EF0H         LINE#         90
  C:1EF4H         LINE#         91
  C:1EF4H         LINE#         92
  C:1F01H         LINE#         93
  C:1F05H         LINE#         95
  C:1F08H         LINE#         97
  C:1F0AH         LINE#         100
  C:1F13H         LINE#         101
  C:1F13H         LINE#         102
  C:1F15H         LINE#         103
  C:1F17H         LINE#         104
  C:1F1AH         LINE#         105
  C:1F1CH         LINE#         106
  C:1F1EH         LINE#         107
  C:1F22H         LINE#         108
  C:1F22H         LINE#         109
  C:1F23H         LINE#         112
  C:1F29H         LINE#         113
  C:1F29H         LINE#         114
  C:1F29H         LINE#         117
  C:1F2CH         LINE#         118
  C:1F2FH         LINE#         121
  C:1F34H         LINE#         122
  C:1F34H         LINE#         123
  C:1F44H         LINE#         124
  C:1F47H         LINE#         125
  C:1F4AH         LINE#         126
  C:1F4AH         LINE#         128
  C:1F4CH         LINE#         129
  C:1F4DH         LINE#         132
  C:1F53H         LINE#         133
  C:1F53H         LINE#         134
  C:1F53H         LINE#         137
  C:1F56H         LINE#         138
  C:1F59H         LINE#         141
  C:1F5EH         LINE#         142
  C:1F61H         LINE#         145
  C:1F6AH         LINE#         146
  C:1F6DH         LINE#         148
  C:1F6FH         LINE#         149
  C:1F70H         LINE#         152
  C:1F76H         LINE#         153
  C:1F76H         LINE#         154
  C:1F78H         LINE#         157
  C:1F8BH         LINE#         158
  C:1F8BH         LINE#         159
  C:1F8EH         LINE#         160
  C:1F90H         LINE#         161
  C:1F92H         LINE#         164
  C:1FB0H         LINE#         165
  C:1FB2H         LINE#         166
  C:1FB2H         LINE#         168
  C:1FB4H         LINE#         169
BL51 BANKED LINKER/LOCATER V5.15            04/26/2011  15:50:59  PAGE 35


  C:1FB4H         LINE#         170
  C:1FB4H         LINE#         171
  -------         ENDPROC       PACKET_PROCESS
  -------         PROC          INTERPRET_MESSAGE
  -------         DO            
  X:00DDH         SYMBOL        in_packet
  D:0007H         SYMBOL        count
  D:004EH         SYMBOL        index
  -------         ENDDO         
  C:17E5H         LINE#         173
  C:17E5H         LINE#         174
  C:17E5H         LINE#         178
  C:17EEH         LINE#         181
  C:180AH         LINE#         182
  C:180AH         LINE#         183
  C:180AH         LINE#         184
  C:1815H         LINE#         185
  C:1815H         LINE#         187
  C:1815H         LINE#         188
  C:1825H         LINE#         190
  C:1833H         LINE#         191
  C:1839H         LINE#         192
  C:183AH         LINE#         193
  C:183AH         LINE#         194
  C:183AH         LINE#         197
  C:183AH         LINE#         199
  C:1853H         LINE#         200
  C:1853H         LINE#         202
  C:1853H         LINE#         204
  C:185BH         LINE#         207
  C:1863H         LINE#         208
  C:186BH         LINE#         209
  C:1873H         LINE#         210
  C:187BH         LINE#         211
  C:189BH         LINE#         214
  C:18C4H         LINE#         217
  C:18D1H         LINE#         218
  C:18E3H         LINE#         221
  C:18EBH         LINE#         222
  C:18ECH         LINE#         225
  C:18ECH         LINE#         227
  C:1903H         LINE#         228
  C:190BH         LINE#         229
  C:1913H         LINE#         230
  C:191BH         LINE#         231
  C:1923H         LINE#         232
  C:192BH         LINE#         233
  C:1933H         LINE#         234
  C:1934H         LINE#         236
  C:1934H         LINE#         237
  C:1937H         LINE#         238
  C:1939H         LINE#         239
  C:1939H         LINE#         240
  C:194CH         LINE#         241
  C:1952H         LINE#         242
  C:1957H         LINE#         244
  C:1957H         LINE#         248
  C:1957H         LINE#         249
  C:1957H         LINE#         250
  C:1957H         LINE#         251
  C:1957H         LINE#         254
  C:1957H         LINE#         255
  C:1960H         LINE#         256
  C:1960H         LINE#         258
  C:1960H         LINE#         259
BL51 BANKED LINKER/LOCATER V5.15            04/26/2011  15:50:59  PAGE 36


  C:1962H         LINE#         260
  C:1963H         LINE#         262
  C:1963H         LINE#         265
  C:1963H         LINE#         266
  C:1965H         LINE#         267
  C:1965H         LINE#         268
  C:1966H         LINE#         271
  C:1966H         LINE#         272
  C:1978H         LINE#         273
  C:1978H         LINE#         275
  C:1978H         LINE#         276
  C:1981H         LINE#         277
  C:1992H         LINE#         278
  C:19BDH         LINE#         279
  C:19F8H         LINE#         280
  C:19F8H         LINE#         283
  C:19F8H         LINE#         284
  C:1A00H         LINE#         285
  C:1A01H         LINE#         286
  C:1A01H         LINE#         287
  C:1A01H         LINE#         289
  C:1A01H         LINE#         290
  C:1A04H         LINE#         291
  C:1A04H         LINE#         292
  C:1A04H         LINE#         293
  -------         ENDPROC       INTERPRET_MESSAGE
  -------         PROC          _POLL_PACKET
  D:0007H         SYMBOL        class_num
  D:0005H         SYMBOL        id_num
  -------         DO            
  X:00DDH         SYMBOL        poll_packet
  -------         ENDDO         
  C:2A2AH         LINE#         295
  C:2A2AH         LINE#         296
  C:2A2AH         LINE#         299
  C:2A2DH         LINE#         300
  C:2A2DH         LINE#         301
  C:2A2DH         LINE#         302
  C:2A31H         LINE#         304
  -------         ENDPROC       _POLL_PACKET
  C:229BH         SYMBOL        L?0071
  -------         PROC          _SEND_PACKET
  D:004EH         SYMBOL        out_packet
  C:21F9H         LINE#         307
  C:21FFH         LINE#         308
  C:21FFH         LINE#         309
  C:2204H         LINE#         311
  C:220FH         LINE#         314
  C:2214H         LINE#         315
  C:2219H         LINE#         318
  C:2222H         LINE#         319
  C:222CH         LINE#         321
  C:2236H         LINE#         322
  C:223CH         LINE#         325
  C:2246H         LINE#         326
  C:224CH         LINE#         328
  C:2252H         LINE#         329
  C:225BH         LINE#         332
  C:226BH         LINE#         333
  C:226BH         LINE#         334
  C:227BH         LINE#         335
  C:228DH         LINE#         336
  C:2291H         LINE#         339
  C:2296H         LINE#         340
  C:229BH         LINE#         341
BL51 BANKED LINKER/LOCATER V5.15            04/26/2011  15:50:59  PAGE 37


  -------         ENDPROC       _SEND_PACKET
  -------         PROC          _GET_PACKET
  D:004FH         SYMBOL        in_packet
  C:2915H         LINE#         343
  C:291BH         LINE#         344
  C:291BH         LINE#         346
  -------         ENDPROC       _GET_PACKET
  -------         PROC          SETUP_UBLOX
  -------         DO            
  D:004BH         SYMBOL        timer
  D:004DH         SYMBOL        retry
  -------         ENDDO         
  C:1FB5H         LINE#         349
  C:1FB5H         LINE#         350
  C:1FB5H         LINE#         352
  C:1FB8H         LINE#         355
  C:1FC2H         LINE#         356
  C:1FC7H         LINE#         357
  C:1FCFH         LINE#         358
  C:1FD6H         LINE#         359
  C:1FDAH         LINE#         360
  C:1FDEH         LINE#         361
  C:1FE2H         LINE#         362
  C:1FE6H         LINE#         363
  C:1FE8H         LINE#         364
  C:1FEAH         LINE#         365
  C:1FEEH         LINE#         366
  C:1FF0H         LINE#         367
  C:1FF2H         LINE#         368
  C:1FFFH         LINE#         370
  C:2009H         LINE#         371
  C:2009H         LINE#         372
  C:200EH         LINE#         375
  C:2017H         LINE#         378
  C:2026H         LINE#         379
  C:2026H         LINE#         380
  C:202EH         LINE#         381
  C:2031H         LINE#         382
  C:2033H         LINE#         384
  C:2035H         LINE#         386
  C:2038H         LINE#         387
  C:203AH         LINE#         388
  C:203CH         LINE#         390
  C:2041H         LINE#         391
  C:2044H         LINE#         394
  C:2046H         LINE#         397
  C:204FH         LINE#         400
  C:2058H         LINE#         403
  C:2061H         LINE#         406
  C:206AH         LINE#         409
  C:2073H         LINE#         412
  C:207CH         LINE#         414
  C:207EH         LINE#         415
  -------         ENDPROC       SETUP_UBLOX
  -------         PROC          _SET_MESSAGE_RATE
  D:0007H         SYMBOL        class_num
  D:0005H         SYMBOL        id_num
  D:0003H         SYMBOL        rate
  -------         DO            
  X:00DDH         SYMBOL        temp_packet
  -------         ENDDO         
  C:28B2H         LINE#         418
  C:28B2H         LINE#         419
  C:28B2H         LINE#         422
  C:28B8H         LINE#         423
BL51 BANKED LINKER/LOCATER V5.15            04/26/2011  15:50:59  PAGE 38


  C:28BCH         LINE#         424
  C:28BEH         LINE#         425
  C:28BEH         LINE#         427
  C:28C1H         LINE#         428
  C:28C1H         LINE#         429
  C:28C1H         LINE#         430
  C:28C6H         LINE#         431
  C:28C9H         LINE#         432
  C:28CBH         LINE#         434
  -------         ENDPROC       _SET_MESSAGE_RATE
  -------         PROC          _GET_UTC_TIME
  D:005CH         SYMBOL        out_time
  C:2980H         LINE#         438
  C:2986H         LINE#         439
  C:2986H         LINE#         440
  -------         ENDPROC       _GET_UTC_TIME
  -------         ENDMOD        UBLOX_PROT

  -------         MODULE        CONFIG
  C:0000H         SYMBOL        _ICE_DUMMY_
  D:00E6H         PUBLIC        EIE1
  D:00E4H         PUBLIC        IT01CF
  D:00A5H         PUBLIC        P1MDOUT
  D:00A8H         PUBLIC        IE
  D:00A6H         PUBLIC        P2MDOUT
  D:0093H         PUBLIC        TMR3RLH
  D:0092H         PUBLIC        TMR3RLL
  C:29C0H         PUBLIC        Port_IO_Init
  D:00D9H         PUBLIC        PCA0MD
  C:28F5H         PUBLIC        Oscillator_Init
  D:00E1H         PUBLIC        XBR0
  D:00C1H         PUBLIC        SMB0CF
  D:00E2H         PUBLIC        XBR1
  D:00F1H         PUBLIC        P0MDIN
  C:2A75H         PUBLIC        UART_Init
  D:0089H         PUBLIC        TMOD
  D:0088H         PUBLIC        TCON
  D:00D4H         PUBLIC        P0SKIP
  D:0091H         PUBLIC        TMR3CN
  C:2A5CH         PUBLIC        Interrupts_Init
  D:00A9H         PUBLIC        CLKSEL
  D:00B2H         PUBLIC        OSCICN
  C:2A79H         PUBLIC        SMBus_Init
  C:0026H         PUBLIC        Init_Device
  D:00B9H         PUBLIC        CLKMUL
  C:2A6EH         PUBLIC        PCA_Init
  D:008DH         PUBLIC        TH1
  D:0098H         PUBLIC        SCON0
  C:29ADH         PUBLIC        Timer_Init
  -------         PROC          PCA_INIT
  C:2A6EH         LINE#         9
  C:2A6EH         LINE#         10
  C:2A6EH         LINE#         11
  C:2A71H         LINE#         12
  C:2A74H         LINE#         13
  -------         ENDPROC       PCA_INIT
  -------         PROC          TIMER_INIT
  C:29ADH         LINE#         15
  C:29ADH         LINE#         16
  C:29ADH         LINE#         17
  C:29B0H         LINE#         18
  C:29B3H         LINE#         19
  C:29B6H         LINE#         20
  C:29B9H         LINE#         21
  C:29BCH         LINE#         22
BL51 BANKED LINKER/LOCATER V5.15            04/26/2011  15:50:59  PAGE 39


  C:29BFH         LINE#         23
  -------         ENDPROC       TIMER_INIT
  -------         PROC          UART_INIT
  C:2A75H         LINE#         25
  C:2A75H         LINE#         26
  C:2A75H         LINE#         27
  C:2A78H         LINE#         28
  -------         ENDPROC       UART_INIT
  -------         PROC          SMBUS_INIT
  C:2A79H         LINE#         30
  C:2A79H         LINE#         31
  C:2A79H         LINE#         32
  C:2A7CH         LINE#         33
  -------         ENDPROC       SMBUS_INIT
  -------         PROC          PORT_IO_INIT
  C:29C0H         LINE#         35
  C:29C0H         LINE#         36
  C:29C0H         LINE#         59
  C:29C3H         LINE#         60
  C:29C6H         LINE#         61
  C:29C9H         LINE#         62
  C:29CCH         LINE#         63
  C:29CFH         LINE#         64
  C:29D2H         LINE#         65
  -------         ENDPROC       PORT_IO_INIT
  -------         PROC          OSCILLATOR_INIT
  -------         DO            
  D:0006H         SYMBOL        i
  -------         ENDDO         
  C:28F5H         LINE#         67
  C:28F5H         LINE#         68
  C:28F5H         LINE#         69
  C:28F8H         LINE#         70
  C:28FBH         LINE#         71
  C:2906H         LINE#         72
  C:2909H         LINE#         73
  C:290EH         LINE#         74
  C:2911H         LINE#         75
  C:2914H         LINE#         76
  -------         ENDPROC       OSCILLATOR_INIT
  -------         PROC          INTERRUPTS_INIT
  C:2A5CH         LINE#         78
  C:2A5CH         LINE#         79
  C:2A5CH         LINE#         80
  C:2A5FH         LINE#         81
  C:2A62H         LINE#         82
  C:2A65H         LINE#         83
  -------         ENDPROC       INTERRUPTS_INIT
  -------         PROC          INIT_DEVICE
  C:0026H         LINE#         87
  C:0026H         LINE#         88
  C:0026H         LINE#         89
  C:0029H         LINE#         90
  C:002CH         LINE#         91
  C:002FH         LINE#         92
  C:0032H         LINE#         93
  C:0035H         LINE#         94
  C:0038H         LINE#         95
  -------         ENDPROC       INIT_DEVICE
  -------         ENDMOD        CONFIG

  -------         MODULE        ?C?COPY
  C:0E41H         PUBLIC        ?C?COPY
  -------         ENDMOD        ?C?COPY

BL51 BANKED LINKER/LOCATER V5.15            04/26/2011  15:50:59  PAGE 40


  -------         MODULE        ?C?SCDIV
  C:0E67H         PUBLIC        ?C?SCDIV
  -------         ENDMOD        ?C?SCDIV

  -------         MODULE        ?C?CLDPTR
  C:0E89H         PUBLIC        ?C?CLDPTR
  -------         ENDMOD        ?C?CLDPTR

  -------         MODULE        ?C?CLDOPTR
  C:0EA2H         PUBLIC        ?C?CLDOPTR
  -------         ENDMOD        ?C?CLDOPTR

  -------         MODULE        ?C?CSTPTR
  C:0ECFH         PUBLIC        ?C?CSTPTR
  -------         ENDMOD        ?C?CSTPTR

  -------         MODULE        ?C?IMUL
  C:0EE1H         PUBLIC        ?C?IMUL
  -------         ENDMOD        ?C?IMUL

  -------         MODULE        ?C?UIDIV
  C:0EF3H         PUBLIC        ?C?UIDIV
  -------         ENDMOD        ?C?UIDIV

  -------         MODULE        ?C?SIDIV
  C:0F48H         PUBLIC        ?C?SIDIV
  -------         ENDMOD        ?C?SIDIV

  -------         MODULE        ?C?LMUL
  C:0F7EH         PUBLIC        ?C?LMUL
  -------         ENDMOD        ?C?LMUL

  -------         MODULE        ?C?ULDIV
  C:1009H         PUBLIC        ?C?ULDIV
  -------         ENDMOD        ?C?ULDIV

  -------         MODULE        ?C?SLDIV
  C:26A2H         PUBLIC        ?C?SLDIV
  -------         ENDMOD        ?C?SLDIV

  -------         MODULE        ?C?ULCMP
  C:109BH         PUBLIC        ?C?ULCMP
  -------         ENDMOD        ?C?ULCMP

  -------         MODULE        ?C?LSTXDATA
  C:10ACH         PUBLIC        ?C?LSTXDATA
  -------         ENDMOD        ?C?LSTXDATA

  -------         MODULE        ?C?LSTKXDATA
  C:10B8H         PUBLIC        ?C?LSTKXDATA
  -------         ENDMOD        ?C?LSTKXDATA

  -------         MODULE        ?C?CCASE
  C:10E9H         PUBLIC        ?C?CCASE
  -------         ENDMOD        ?C?CCASE

  -------         MODULE        PRINTF
  D:004BH         PUBLIC        ?_PRINTF517?BYTE
  D:004BH         PUBLIC        ?_PRINTF?BYTE
  D:004BH         PUBLIC        ?_SPRINTF517?BYTE
  D:004BH         PUBLIC        ?_SPRINTF?BYTE
  C:11ADH         PUBLIC        _PRINTF
  C:11ADH         PUBLIC        _PRINTF517
  C:11A7H         PUBLIC        _SPRINTF
  C:11A7H         PUBLIC        _SPRINTF517
BL51 BANKED LINKER/LOCATER V5.15            04/26/2011  15:50:59  PAGE 41


  -------         ENDMOD        PRINTF

  -------         MODULE        ?C?MEMSET
  C:110FH         PUBLIC        ?C?MEMSET
  -------         ENDMOD        ?C?MEMSET

  -------         MODULE        ?C?PLDIIDATA
  C:113BH         PUBLIC        ?C?PLDIIDATA
  -------         ENDMOD        ?C?PLDIIDATA

  -------         MODULE        PUTCHAR
  C:288BH         PUBLIC        _PUTCHAR
  -------         ENDMOD        PUTCHAR

*** WARNING L16: UNCALLED SEGMENT, IGNORED FOR OVERLAY PROCESS
    SEGMENT: ?PR?I2C_GIVEACK?I2C_BUS

Program Size: data=113.2 xdata=669 code=10879
LINK/LOCATE RUN COMPLETE.  1 WARNING(S),  0 ERROR(S)
