BL51 BANKED LINKER/LOCATER V5.15              11/17/2008  14:46:16  PAGE 1


BL51 BANKED LINKER/LOCATER V5.15, INVOKED BY:
C:\SILABS\MCU\IDEFILES\C51\BIN\BL51NEW.EXE F:\PT8616\final_source\released\SW_
>> ver1.2\MCU\EEPROM_drv.obj, F:\PT8616\final_source\released\SW_ver1.2\MCU\GP
>> S_main.obj, F:\PT8616\final_source\released\SW_ver1.2\MCU\I2C_bus.obj, F:\P
>> T8616\final_source\released\SW_ver1.2\MCU\i2c_slave.obj, F:\PT8616\final_so
>> urce\released\SW_ver1.2\MCU\ini.obj, F:\PT8616\final_source\released\SW_ver
>> 1.2\MCU\LTC_handler.obj, F:\PT8616\final_source\released\SW_ver1.2\MCU\pt53
>> 00_handler.obj, F:\PT8616\final_source\released\SW_ver1.2\MCU\serial.obj, F
>> :\PT8616\final_source\released\SW_ver1.2\MCU\SW_uart.obj, F:\PT8616\final_s
>> ource\released\SW_ver1.2\MCU\ublox_prot.obj TO F:\PT8616\final_source\relea
>> sed\SW_ver1.2\MCU\PT8616 RS (256) PL (68) PW (78)


MEMORY MODEL: SMALL


INPUT MODULES INCLUDED:
  F:\PT8616\final_source\released\SW_ver1.2\MCU\EEPROM_drv.obj (EEPROM_DRV)
  F:\PT8616\final_source\released\SW_ver1.2\MCU\GPS_main.obj (GPS_MAIN)
  F:\PT8616\final_source\released\SW_ver1.2\MCU\I2C_bus.obj (I2C_BUS)
  F:\PT8616\final_source\released\SW_ver1.2\MCU\i2c_slave.obj (I2C_SLAVE)
  F:\PT8616\final_source\released\SW_ver1.2\MCU\ini.obj (INI)
  F:\PT8616\final_source\released\SW_ver1.2\MCU\LTC_handler.obj (LTC_HANDLER)
  F:\PT8616\final_source\released\SW_ver1.2\MCU\pt5300_handler.obj (PT5300_HAN
>> DLER)
  F:\PT8616\final_source\released\SW_ver1.2\MCU\serial.obj (SERIAL)
  F:\PT8616\final_source\released\SW_ver1.2\MCU\SW_uart.obj (SW_UART)
  F:\PT8616\final_source\released\SW_ver1.2\MCU\ublox_prot.obj (UBLOX_PROT)
  C:\SILABS\MCU\IDEFILES\C51\LIB\C51S.LIB (?C_STARTUP)
  C:\SILABS\MCU\IDEFILES\C51\LIB\C51S.LIB (?C?COPY)
  C:\SILABS\MCU\IDEFILES\C51\LIB\C51S.LIB (?C?SCDIV)
  C:\SILABS\MCU\IDEFILES\C51\LIB\C51S.LIB (?C?CLDPTR)
  C:\SILABS\MCU\IDEFILES\C51\LIB\C51S.LIB (?C?CLDOPTR)
  C:\SILABS\MCU\IDEFILES\C51\LIB\C51S.LIB (?C?CSTPTR)
  C:\SILABS\MCU\IDEFILES\C51\LIB\C51S.LIB (?C?IMUL)
  C:\SILABS\MCU\IDEFILES\C51\LIB\C51S.LIB (?C?UIDIV)
  C:\SILABS\MCU\IDEFILES\C51\LIB\C51S.LIB (?C?SIDIV)
  C:\SILABS\MCU\IDEFILES\C51\LIB\C51S.LIB (?C?LMUL)
  C:\SILABS\MCU\IDEFILES\C51\LIB\C51S.LIB (?C?ULDIV)
  C:\SILABS\MCU\IDEFILES\C51\LIB\C51S.LIB (?C?SLDIV)
  C:\SILABS\MCU\IDEFILES\C51\LIB\C51S.LIB (?C?ULCMP)
  C:\SILABS\MCU\IDEFILES\C51\LIB\C51S.LIB (?C?LSTXDATA)
  C:\SILABS\MCU\IDEFILES\C51\LIB\C51S.LIB (?C?LSTKXDATA)
  C:\SILABS\MCU\IDEFILES\C51\LIB\C51S.LIB (?C?CCASE)
  C:\SILABS\MCU\IDEFILES\C51\LIB\C51S.LIB (PRINTF)
  C:\SILABS\MCU\IDEFILES\C51\LIB\C51S.LIB (STRLEN)
  C:\SILABS\MCU\IDEFILES\C51\LIB\C51S.LIB (?C?MEMSET)
  C:\SILABS\MCU\IDEFILES\C51\LIB\C51S.LIB (?C_INIT)
  C:\SILABS\MCU\IDEFILES\C51\LIB\C51S.LIB (?C?PLDIIDATA)
  C:\SILABS\MCU\IDEFILES\C51\LIB\C51S.LIB (PUTCHAR)


LINK MAP OF MODULE:  F:\PT8616\final_source\released\SW_ver1.2\MCU\PT8616 (EEP
>> ROM_DRV)


            TYPE    BASE      LENGTH    RELOCATION   SEGMENT NAME
            -----------------------------------------------------

            * * * * * * *   D A T A   M E M O R Y   * * * * * * *
            REG     0000H     0008H     ABSOLUTE     "REG BANK 0"
            DATA    0008H     000CH     UNIT         ?DT?GPS_MAIN
            DATA    0014H     0008H     UNIT         ?DT?LTC_HANDLER
            DATA    001CH     0004H     UNIT         ?DT?I2C_SLAVE
            BIT     0020H.0   0001H.1   UNIT         _BIT_GROUP_
            BIT     0021H.1   0000H.3   UNIT         ?BI?GPS_MAIN
BL51 BANKED LINKER/LOCATER V5.15            11/17/2008  14:46:16  PAGE 2


            BIT     0021H.4   0000H.3   UNIT         ?BI?LTC_HANDLER
            BIT     0021H.7   0000H.2   UNIT         ?BI?UBLOX_PROT
            BIT     0022H.1   0000H.1   UNIT         ?BI?I2C_SLAVE
            BIT     0022H.2   0000H.1   UNIT         ?BI?SW_UART
                    0022H.3   0000H.5                *** GAP ***
            DATA    0023H     0028H     UNIT         _DATA_GROUP_
            DATA    004BH     0007H     UNIT         ?DT?UBLOX_PROT
            DATA    0052H     0004H     UNIT         ?DT?SERIAL
            DATA    0056H     0004H     UNIT         ?DT?SW_UART
            DATA    005AH     0003H     UNIT         ?DT?_SW_SENDSTR?SW_UART
            IDATA   005DH     0001H     UNIT         ?STACK

            * * * * * * *  X D A T A   M E M O R Y  * * * * * * *
            XDATA   0000H     008DH     UNIT         ?XD?LTC_HANDLER
            XDATA   008DH     0080H     UNIT         ?XD?SW_UART
            XDATA   010DH     004DH     UNIT         ?XD?GPS_MAIN
            XDATA   015AH     0035H     UNIT         ?XD?UBLOX_PROT
            XDATA   018FH     0020H     UNIT         ?XD?SERIAL
            XDATA   01AFH     0010H     UNIT         ?XD?I2C_SLAVE

            * * * * * * *   C O D E   M E M O R Y   * * * * * * *
            CODE    0000H     0003H     ABSOLUTE     
            CODE    0003H     0003H     ABSOLUTE     
            CODE    0006H     000CH     UNIT         ?PR?I2C_STOP?I2C_BUS
                    0012H     0001H                  *** GAP ***
            CODE    0013H     0003H     ABSOLUTE     
            CODE    0016H     0003H     UNIT         ?PR?INT_RISE?GPS_MAIN
                    0019H     0002H                  *** GAP ***
            CODE    001BH     0003H     ABSOLUTE     
            CODE    001EH     0003H     UNIT         ?PR?INT_FALL?GPS_MAIN
                    0021H     0002H                  *** GAP ***
            CODE    0023H     0003H     ABSOLUTE     
            CODE    0026H     0015H     UNIT         ?PR?_FPGA_WRITE_BYTE?I2C_
>> BUS
            CODE    003BH     0003H     ABSOLUTE     
            CODE    003EH     0031H     UNIT         ?PR?_GETCH?SERIAL
                    006FH     0004H                  *** GAP ***
            CODE    0073H     0003H     ABSOLUTE     
            CODE    0076H     0B86H     UNIT         ?PR?LTC_MANAGER?LTC_HANDL
>> ER
            CODE    0BFCH     03DAH     UNIT         ?C?LIB_CODE
            CODE    0FD6H     03D4H     UNIT         ?PR?PT5300_IN_HANDLE?PT53
>> 00_HANDLER
            CODE    13AAH     035CH     UNIT         ?PR?PRINTF?PRINTF
            CODE    1706H     02B8H     UNIT         ?PR?MAIN?GPS_MAIN
            CODE    19BEH     01D0H     UNIT         ?PR?INTERPRET_MESSAGE?UBL
>> OX_PROT
            CODE    1B8EH     0161H     UNIT         ?PR?OFFSET_TIME?LTC_HANDL
>> ER
            CODE    1CEFH     0157H     UNIT         ?PR?CHECK_DAYLIGHT_SWITCH
>> ?LTC_HANDLER
            CODE    1E46H     012CH     UNIT         ?PR?PRINT_LTC_INFO?LTC_HA
>> NDLER
            CODE    1F72H     011CH     UNIT         ?PR?INIT_LTC?LTC_HANDLER
            CODE    208EH     00FCH     UNIT         ?PR?PACKET_PROCESS?UBLOX_
>> PROT
            CODE    218AH     00E9H     UNIT         ?PR?_SEND_PACKET?UBLOX_PR
>> OT
            CODE    2273H     00B6H     UNIT         ?PR?SMBUS_ISR?I2C_SLAVE
            CODE    2329H     009CH     UNIT         ?PR?SEC_INC?LTC_HANDLER
            CODE    23C5H     009BH     UNIT         ?PR?PRINT_DEBUG_PAGE?GPS_
>> MAIN
            CODE    2460H     0098H     UNIT         ?PR?SETUP_UBLOX?UBLOX_PRO
>> T
            CODE    24F8H     008FH     UNIT         ?CO?LTC_HANDLER
BL51 BANKED LINKER/LOCATER V5.15            11/17/2008  14:46:16  PAGE 3


            CODE    2587H     008CH     UNIT         ?C_C51STARTUP
            CODE    2613H     0088H     UNIT         ?PR?I2C_PUTCH?I2C_SLAVE
            CODE    269BH     0073H     UNIT         ?PR?CONFIG?INI
            CODE    270EH     0071H     UNIT         ?PR?CONFIRM_DAYLIGHT_SWIT
>> CH?LTC_HANDLER
            CODE    277FH     006AH     UNIT         ?PR?TRANSMIT_LTC_DATA?LTC
>> _HANDLER
            CODE    27E9H     0066H     UNIT         ?PR?TX_GEN?SW_UART
            CODE    284FH     0064H     UNIT         ?PR?UPDATE_LTC_STRINGS?LT
>> C_HANDLER
            CODE    28B3H     0060H     UNIT         ?CO?GPS_MAIN
            CODE    2913H     005BH     UNIT         ?PR?PT5300_OUT_HANDLE?PT5
>> 300_HANDLER
            CODE    296EH     0046H     UNIT         ?CO?UBLOX_PROT
            CODE    29B4H     0044H     UNIT         ?C?LDIV
            CODE    29F8H     0043H     UNIT         ?PR?_EEPROM_READ_BYTE?EEP
>> ROM_DRV
            CODE    2A3BH     0043H     UNIT         ?C_INITSEG
            CODE    2A7EH     0037H     UNIT         ?PR?_EEPROM_WRITE_BYTE?EE
>> PROM_DRV
            CODE    2AB5H     0036H     UNIT         ?PR?I2C_GETACK?I2C_BUS
            CODE    2AEBH     002EH     UNIT         ?PR?SERINT0?SERIAL
            CODE    2B19H     002AH     UNIT         ?PR?_FPGA_WRITE_ARRAY?I2C
>> _BUS
            CODE    2B43H     0027H     UNIT         ?PR?PUTCHAR?PUTCHAR
            CODE    2B6AH     0023H     UNIT         ?PR?_SW_SENDSTR?SW_UART
            CODE    2B8DH     0021H     UNIT         ?PR?I2C_READBYTE?I2C_BUS
            CODE    2BAEH     0020H     UNIT         ?PR?_I2C_SENDBYTE?I2C_BUS
>> 
            CODE    2BCEH     0020H     UNIT         ?PR?_SET_MESSAGE_RATE?UBL
>> OX_PROT
            CODE    2BEEH     001EH     UNIT         ?PR?_GET_PACKET?UBLOX_PRO
>> T
            CODE    2C0CH     001CH     UNIT         ?PR?_CLEAR_BIT?GPS_MAIN
            CODE    2C28H     001CH     UNIT         ?PR?_FPGA_READ_BYTE?I2C_B
>> US
            CODE    2C44H     001BH     UNIT         ?PR?_SET_BIT?GPS_MAIN
            CODE    2C5FH     0019H     UNIT         ?PR?_SW_PUTCH?SW_UART
            CODE    2C78H     0019H     UNIT         ?PR?_GET_UTC_TIME?UBLOX_P
>> ROT
            CODE    2C91H     0018H     UNIT         ?PR?SETUP_SW_UART?SW_UART
>> 
            CODE    2CA9H     0016H     UNIT         ?PR?SET_UART38400?SERIAL
            CODE    2CBFH     0015H     UNIT         ?PR?SET_UART9600?SERIAL
            CODE    2CD4H     0015H     UNIT         ?PR?_STRLEN?STRLEN
            CODE    2CE9H     0014H     UNIT         ?PR?I2C_START?I2C_BUS
            CODE    2CFDH     0012H     UNIT         ?PR?SDELAY?I2C_BUS
            CODE    2D0FH     0012H     UNIT         ?PR?_BIN_TO_BCD?LTC_HANDL
>> ER
            CODE    2D21H     0011H     UNIT         ?PR?I2C_GIVEACK?I2C_BUS
            CODE    2D32H     0011H     UNIT         ?PR?SETUP_UART?SERIAL
            CODE    2D43H     0010H     UNIT         ?PR?_DELAY?I2C_BUS
            CODE    2D53H     000AH     UNIT         ?PR?TIMER3_ISR?I2C_SLAVE
            CODE    2D5DH     0008H     UNIT         ?PR?_PUTCH?SERIAL
            CODE    2D65H     0007H     UNIT         ?PR?SETUP_I2C?I2C_SLAVE



OVERLAY MAP OF MODULE:   F:\PT8616\final_source\released\SW_ver1.2\MCU\PT8616 
>> (EEPROM_DRV)


SEGMENT                                            BIT_GROUP          DATA_GRO
>> UP 
  +--> CALLED SEGMENT                           START    LENGTH     START    L
BL51 BANKED LINKER/LOCATER V5.15            11/17/2008  14:46:16  PAGE 4


>> ENGTH
------------------------------------------------------------------------------
>> -----
?PR?SMBUS_ISR?I2C_SLAVE                         -----    -----      -----    -
>> ----
  +--> ?PR?I2C_PUTCH?I2C_SLAVE
  +--> ?PR?PT5300_OUT_HANDLE?PT5300_HANDLER

?PR?I2C_PUTCH?I2C_SLAVE                         -----    -----      -----    -
>> ----
  +--> ?CO?GPS_MAIN

*** NEW ROOT ***************************************************

?C_C51STARTUP                                   -----    -----      -----    -
>> ----
  +--> ?PR?MAIN?GPS_MAIN
  +--> ?C_INITSEG

?PR?MAIN?GPS_MAIN                               -----    -----      -----    -
>> ----
  +--> ?PR?CONFIG?INI
  +--> ?PR?SETUP_I2C?I2C_SLAVE
  +--> ?PR?_EEPROM_READ_BYTE?EEPROM_DRV
  +--> ?PR?SETUP_UART?SERIAL
  +--> ?PR?SET_UART38400?SERIAL
  +--> ?PR?INIT_LTC?LTC_HANDLER
  +--> ?CO?GPS_MAIN
  +--> ?PR?_FPGA_READ_BYTE?I2C_BUS
  +--> ?PR?_FPGA_WRITE_ARRAY?I2C_BUS
  +--> ?PR?_SET_BIT?GPS_MAIN
  +--> ?PR?_FPGA_WRITE_BYTE?I2C_BUS
  +--> ?PR?SETUP_UBLOX?UBLOX_PROT
  +--> ?PR?_SET_MESSAGE_RATE?UBLOX_PROT
  +--> ?PR?_CLEAR_BIT?GPS_MAIN
  +--> ?PR?PACKET_PROCESS?UBLOX_PROT
  +--> ?PR?CONFIRM_DAYLIGHT_SWITCH?LTC_HANDLER
  +--> ?PR?PT5300_IN_HANDLE?PT5300_HANDLER
  +--> ?PR?INTERPRET_MESSAGE?UBLOX_PROT
  +--> ?PR?UPDATE_LTC_STRINGS?LTC_HANDLER
  +--> ?PR?CHECK_DAYLIGHT_SWITCH?LTC_HANDLER
  +--> ?PR?_EEPROM_WRITE_BYTE?EEPROM_DRV
  +--> ?PR?LTC_MANAGER?LTC_HANDLER
  +--> ?PR?TRANSMIT_LTC_DATA?LTC_HANDLER

?PR?_EEPROM_READ_BYTE?EEPROM_DRV                -----    -----      0023H    0
>> 003H
  +--> ?PR?I2C_START?I2C_BUS
  +--> ?PR?_I2C_SENDBYTE?I2C_BUS
  +--> ?PR?I2C_GETACK?I2C_BUS
  +--> ?PR?I2C_READBYTE?I2C_BUS
  +--> ?PR?I2C_STOP?I2C_BUS
  +--> ?PR?_DELAY?I2C_BUS

?PR?I2C_START?I2C_BUS                           -----    -----      -----    -
>> ----
  +--> ?PR?SDELAY?I2C_BUS

?PR?_I2C_SENDBYTE?I2C_BUS                       -----    -----      -----    -
>> ----
  +--> ?PR?SDELAY?I2C_BUS

?PR?I2C_GETACK?I2C_BUS                          -----    -----      -----    -
>> ----
  +--> ?PR?I2C_START?I2C_BUS
BL51 BANKED LINKER/LOCATER V5.15            11/17/2008  14:46:16  PAGE 5


  +--> ?PR?_I2C_SENDBYTE?I2C_BUS
  +--> ?PR?SDELAY?I2C_BUS

?PR?I2C_READBYTE?I2C_BUS                        -----    -----      -----    -
>> ----
  +--> ?PR?SDELAY?I2C_BUS

?PR?I2C_STOP?I2C_BUS                            -----    -----      -----    -
>> ----
  +--> ?PR?SDELAY?I2C_BUS

?PR?_FPGA_READ_BYTE?I2C_BUS                     -----    -----      -----    -
>> ----
  +--> ?PR?I2C_GETACK?I2C_BUS
  +--> ?PR?I2C_START?I2C_BUS
  +--> ?PR?_I2C_SENDBYTE?I2C_BUS
  +--> ?PR?I2C_READBYTE?I2C_BUS
  +--> ?PR?I2C_STOP?I2C_BUS

?PR?_FPGA_WRITE_ARRAY?I2C_BUS                   -----    -----      0023H    0
>> 005H
  +--> ?PR?I2C_GETACK?I2C_BUS
  +--> ?PR?_I2C_SENDBYTE?I2C_BUS
  +--> ?PR?I2C_STOP?I2C_BUS

?PR?_FPGA_WRITE_BYTE?I2C_BUS                    -----    -----      -----    -
>> ----
  +--> ?PR?I2C_START?I2C_BUS
  +--> ?PR?_I2C_SENDBYTE?I2C_BUS
  +--> ?PR?I2C_GETACK?I2C_BUS
  +--> ?PR?I2C_STOP?I2C_BUS

?PR?SETUP_UBLOX?UBLOX_PROT                      -----    -----      0023H    0
>> 003H
  +--> ?PR?SET_UART9600?SERIAL
  +--> ?CO?UBLOX_PROT
  +--> ?PR?_SEND_PACKET?UBLOX_PROT
  +--> ?PR?SET_UART38400?SERIAL
  +--> ?PR?PACKET_PROCESS?UBLOX_PROT
  +--> ?PR?INTERPRET_MESSAGE?UBLOX_PROT

?PR?_SEND_PACKET?UBLOX_PROT                     -----    -----      0045H    0
>> 003H
  +--> ?PR?_PUTCH?SERIAL

?PR?PACKET_PROCESS?UBLOX_PROT                   -----    -----      -----    -
>> ----
  +--> ?PR?_GETCH?SERIAL
  +--> ?CO?UBLOX_PROT

?PR?INTERPRET_MESSAGE?UBLOX_PROT                -----    -----      0026H    0
>> 022H
  +--> ?PR?_GET_PACKET?UBLOX_PROT

?PR?_GET_PACKET?UBLOX_PROT                      -----    -----      0048H    0
>> 003H

?PR?_SET_MESSAGE_RATE?UBLOX_PROT                -----    -----      0023H    0
>> 022H
  +--> ?PR?_SEND_PACKET?UBLOX_PROT

?PR?PT5300_IN_HANDLE?PT5300_HANDLER             -----    -----      0023H    0
>> 001H
  +--> ?PR?_SET_BIT?GPS_MAIN
  +--> ?PR?_CLEAR_BIT?GPS_MAIN
BL51 BANKED LINKER/LOCATER V5.15            11/17/2008  14:46:16  PAGE 6


  +--> ?PR?_FPGA_WRITE_BYTE?I2C_BUS
  +--> ?PR?_EEPROM_WRITE_BYTE?EEPROM_DRV

?PR?_EEPROM_WRITE_BYTE?EEPROM_DRV               -----    -----      0024H    0
>> 003H
  +--> ?PR?I2C_START?I2C_BUS
  +--> ?PR?_I2C_SENDBYTE?I2C_BUS
  +--> ?PR?I2C_GETACK?I2C_BUS
  +--> ?PR?I2C_STOP?I2C_BUS
  +--> ?PR?_DELAY?I2C_BUS

?PR?UPDATE_LTC_STRINGS?LTC_HANDLER              -----    -----      -----    -
>> ----
  +--> ?CO?LTC_HANDLER
  +--> ?PR?PRINTF?PRINTF

?PR?PRINTF?PRINTF                               0020H.0  0001H.1    0023H    0
>> 014H
  +--> ?PR?PUTCHAR?PUTCHAR

?PR?CHECK_DAYLIGHT_SWITCH?LTC_HANDLER           -----    -----      -----    -
>> ----
  +--> ?PR?_SET_BIT?GPS_MAIN

?PR?LTC_MANAGER?LTC_HANDLER                     -----    -----      0023H    0
>> 011H
  +--> ?PR?_GET_UTC_TIME?UBLOX_PROT
  +--> ?PR?SEC_INC?LTC_HANDLER
  +--> ?PR?_SET_BIT?GPS_MAIN
  +--> ?PR?_CLEAR_BIT?GPS_MAIN
  +--> ?PR?OFFSET_TIME?LTC_HANDLER
  +--> ?PR?_BIN_TO_BCD?LTC_HANDLER

?PR?_GET_UTC_TIME?UBLOX_PROT                    -----    -----      0034H    0
>> 003H

?PR?SEC_INC?LTC_HANDLER                         -----    -----      -----    -
>> ----
  +--> ?CO?LTC_HANDLER

?PR?OFFSET_TIME?LTC_HANDLER                     -----    -----      0034H    0
>> 014H
  +--> ?CO?LTC_HANDLER

?PR?TRANSMIT_LTC_DATA?LTC_HANDLER               -----    -----      -----    -
>> ----
  +--> ?PR?_FPGA_WRITE_ARRAY?I2C_BUS



SYMBOL TABLE OF MODULE:  F:\PT8616\final_source\released\SW_ver1.2\MCU\PT8616 
>> (EEPROM_DRV)

  VALUE           TYPE          NAME
  ----------------------------------

  -------         MODULE        EEPROM_DRV
  C:0000H         SYMBOL        _ICE_DUMMY_
  C:29F8H         PUBLIC        _EEPROM_read_byte
  C:2A7EH         PUBLIC        _EEPROM_write_byte
  -------         PROC          _EEPROM_WRITE_BYTE
  D:0024H         SYMBOL        bank
  D:0025H         SYMBOL        adresse
  D:0026H         SYMBOL        byte
  C:2A7EH         LINE#         3
BL51 BANKED LINKER/LOCATER V5.15            11/17/2008  14:46:16  PAGE 7


  C:2A84H         LINE#         4
  C:2A84H         LINE#         5
  C:2A8DH         LINE#         7
  C:2A90H         LINE#         8
  C:2A98H         LINE#         9
  C:2A9BH         LINE#         10
  C:2AA0H         LINE#         11
  C:2AA3H         LINE#         12
  C:2AA8H         LINE#         13
  C:2AABH         LINE#         14
  C:2AAEH         LINE#         15
  -------         ENDPROC       _EEPROM_WRITE_BYTE
  -------         PROC          _EEPROM_READ_BYTE
  D:0023H         SYMBOL        bank
  D:0024H         SYMBOL        adresse
  -------         DO            
  D:0025H         SYMBOL        in_byte
  -------         ENDDO         
  C:29F8H         LINE#         18
  C:29FCH         LINE#         19
  C:29FCH         LINE#         20
  C:29FFH         LINE#         21
  C:2A08H         LINE#         23
  C:2A0BH         LINE#         24
  C:2A13H         LINE#         25
  C:2A16H         LINE#         26
  C:2A1BH         LINE#         27
  C:2A1EH         LINE#         28
  C:2A21H         LINE#         29
  C:2A26H         LINE#         30
  C:2A29H         LINE#         31
  C:2A2EH         LINE#         32
  C:2A31H         LINE#         33
  C:2A38H         LINE#         35
  C:2A3AH         LINE#         36
  -------         ENDPROC       _EEPROM_READ_BYTE
  -------         ENDMOD        EEPROM_DRV

  -------         MODULE        GPS_MAIN
  C:0000H         SYMBOL        _ICE_DUMMY_
  D:0090H         PUBLIC        P1
  D:00A0H         PUBLIC        P2
  B:0021H.1       PUBLIC        ext1_fall_flag
  D:0008H         PUBLIC        counter
  C:2912H         PUBLIC        current_MCU_sw_version
  B:00A8H.7       PUBLIC        EA
  B:00A0H.0       PUBLIC        LED1
  B:00A0H.1       PUBLIC        LED2
  C:2C12H         PUBLIC        _clear_bit
  D:00E8H         PUBLIC        ADC0CN
  D:00A8H         PUBLIC        IE
  D:0009H         PUBLIC        FPGA_system_control
  B:0021H.2       PUBLIC        ext1_rise_flag
  D:00D8H         PUBLIC        PCA0CN
  D:00B8H         PUBLIC        IP
  B:0021H.3       PUBLIC        OCXO_locked_status
  C:23C5H         PUBLIC        print_debug_page
  D:000AH         PUBLIC        OCXO_counter
  D:00C0H         PUBLIC        SMB0CN
  B:00A0H.2       PUBLIC        FPGA_reset
  C:1706H         PUBLIC        main
  X:010DH         PUBLIC        OCXO_phase_diff
  D:00F8H         PUBLIC        SPI0CN
  D:000BH         PUBLIC        master_status_byte
  D:0088H         PUBLIC        TCON
BL51 BANKED LINKER/LOCATER V5.15            11/17/2008  14:46:16  PAGE 8


  D:00C8H         PUBLIC        TMR2CN
  C:2911H         PUBLIC        current_FPGA_sw_version
  D:000CH         PUBLIC        OCXO_dac_value
  D:000EH         PUBLIC        tp_select
  C:001EH         PUBLIC        int_fall
  C:2C4AH         PUBLIC        _set_bit
  X:010FH         PUBLIC        KU_str
  D:0011H         PUBLIC        FPGA_software_version
  C:0016H         PUBLIC        int_rise
  D:0098H         PUBLIC        SCON0
  D:0012H         PUBLIC        OCXO_avg_dac_value
  B:0090H.0       PUBLIC        timepulse_status
  X:011AH         PUBLIC        debug_buffer
  D:00D0H         PUBLIC        PSW
  -------         PROC          INT_RISE
  C:0016H         LINE#         114
  C:0016H         LINE#         116
  C:0018H         LINE#         117
  -------         ENDPROC       INT_RISE
  -------         PROC          INT_FALL
  C:001EH         LINE#         120
  C:001EH         LINE#         122
  C:0020H         LINE#         123
  -------         ENDPROC       INT_FALL
  -------         PROC          MAIN
  C:1706H         LINE#         150
  C:1706H         LINE#         151
  C:1706H         LINE#         152
  C:1709H         LINE#         155
  C:170BH         LINE#         156
  C:170DH         LINE#         157
  C:170FH         LINE#         158
  C:1712H         LINE#         159
  C:1718H         LINE#         160
  C:171CH         LINE#         161
  C:1720H         LINE#         162
  C:1722H         LINE#         163
  C:1724H         LINE#         164
  C:1726H         LINE#         165
  C:1733H         LINE#         168
  C:1736H         LINE#         171
  C:1738H         LINE#         174
  C:173AH         LINE#         175
  C:173CH         LINE#         176
  C:173EH         LINE#         179
  C:1741H         LINE#         180
  C:1761H         LINE#         182
  C:1764H         LINE#         183
  C:1767H         LINE#         184
  C:176AH         LINE#         190
  C:1775H         LINE#         193
  C:177EH         LINE#         194
  C:1787H         LINE#         197
  C:1795H         LINE#         201
  C:179EH         LINE#         202
  C:17A7H         LINE#         205
  C:17ADH         LINE#         206
  C:17B3H         LINE#         209
  C:17B8H         LINE#         210
  C:17BDH         LINE#         211
  C:17C4H         LINE#         214
  C:17CBH         LINE#         215
  C:17D2H         LINE#         219
  C:17D5H         LINE#         222
  C:17DEH         LINE#         225
BL51 BANKED LINKER/LOCATER V5.15            11/17/2008  14:46:16  PAGE 9


  C:17E7H         LINE#         228
  C:17F0H         LINE#         231
  C:17F9H         LINE#         234
  C:17FBH         LINE#         236
  C:17FEH         LINE#         237
  C:1800H         LINE#         240
  C:1800H         LINE#         241
  C:1800H         LINE#         243
  C:180BH         LINE#         244
  C:1810H         LINE#         246
  C:1813H         LINE#         248
  C:181EH         LINE#         249
  C:1823H         LINE#         251
  C:1826H         LINE#         260
  C:1829H         LINE#         263
  C:182CH         LINE#         266
  C:182FH         LINE#         267
  C:182FH         LINE#         268
  C:1831H         LINE#         269
  C:1834H         LINE#         270
  C:1836H         LINE#         271
  C:1836H         LINE#         274
  C:1839H         LINE#         275
  C:1839H         LINE#         276
  C:183BH         LINE#         277
  C:183EH         LINE#         278
  C:1840H         LINE#         279
  C:1840H         LINE#         288
  C:1846H         LINE#         289
  C:1846H         LINE#         290
  C:1848H         LINE#         294
  C:186BH         LINE#         299
  C:1871H         LINE#         300
  C:1871H         LINE#         302
  C:188DH         LINE#         303
  C:188DH         LINE#         305
  C:1894H         LINE#         306
  C:1894H         LINE#         307
  C:1897H         LINE#         308
  C:1899H         LINE#         309
  C:18A3H         LINE#         310
  C:18A5H         LINE#         313
  C:18A7H         LINE#         314
  C:18A9H         LINE#         320
  C:18A9H         LINE#         322
  C:18C6H         LINE#         323
  C:18C6H         LINE#         325
  C:18CDH         LINE#         326
  C:18CDH         LINE#         327
  C:18D0H         LINE#         328
  C:18D2H         LINE#         329
  C:18DCH         LINE#         330
  C:18DEH         LINE#         333
  C:18E0H         LINE#         334
  C:18E2H         LINE#         336
  C:18E5H         LINE#         337
  C:18E5H         LINE#         339
  C:18E8H         LINE#         340
  C:18EBH         LINE#         342
  C:18EEH         LINE#         343
  C:18F1H         LINE#         348
  C:18F9H         LINE#         349
  C:18F9H         LINE#         351
  C:1900H         LINE#         352
  C:1907H         LINE#         355
BL51 BANKED LINKER/LOCATER V5.15            11/17/2008  14:46:16  PAGE 10


  C:1912H         LINE#         356
  C:1914H         LINE#         357
  C:1916H         LINE#         359
  C:191EH         LINE#         360
  C:191EH         LINE#         362
  C:1923H         LINE#         363
  C:1923H         LINE#         366
  C:1929H         LINE#         367
  C:1929H         LINE#         368
  C:1930H         LINE#         369
  C:1937H         LINE#         372
  C:1952H         LINE#         373
  C:196AH         LINE#         376
  C:196FH         LINE#         377
  C:1978H         LINE#         379
  C:197DH         LINE#         380
  C:1986H         LINE#         381
  C:1986H         LINE#         390
  C:1992H         LINE#         391
  C:1992H         LINE#         392
  C:1994H         LINE#         394
  C:199EH         LINE#         395
  C:199EH         LINE#         396
  C:19A3H         LINE#         397
  C:19A5H         LINE#         398
  C:19A5H         LINE#         399
  C:19A7H         LINE#         401
  C:19AAH         LINE#         403
  C:19ACH         LINE#         404
  C:19ACH         LINE#         409
  C:19AFH         LINE#         410
  C:19AFH         LINE#         411
  C:19B1H         LINE#         414
  C:19B4H         LINE#         415
  C:19B7H         LINE#         416
  C:19B9H         LINE#         417
  C:19B9H         LINE#         420
  C:19BBH         LINE#         421
  -------         ENDPROC       MAIN
  -------         PROC          L?0061
  -------         ENDPROC       L?0061
  -------         PROC          _SET_BIT
  D:0001H         SYMBOL        byte
  D:0005H         SYMBOL        bit_number
  C:2C4AH         LINE#         426
  C:2C4AH         LINE#         427
  C:2C4AH         LINE#         428
  -------         ENDPROC       _SET_BIT
  -------         PROC          L?0062
  -------         ENDPROC       L?0062
  -------         PROC          _CLEAR_BIT
  D:0001H         SYMBOL        byte
  D:0005H         SYMBOL        bit_number
  C:2C12H         LINE#         432
  C:2C12H         LINE#         433
  C:2C12H         LINE#         434
  -------         ENDPROC       _CLEAR_BIT
  -------         PROC          PRINT_DEBUG_PAGE
  C:23C5H         LINE#         439
  C:23C5H         LINE#         440
  C:23C5H         LINE#         442
  C:23D0H         LINE#         445
  C:23D5H         LINE#         446
  C:23DBH         LINE#         448
  C:23E4H         LINE#         452
BL51 BANKED LINKER/LOCATER V5.15            11/17/2008  14:46:16  PAGE 11


  C:23E9H         LINE#         453
  C:23EFH         LINE#         455
  C:23F8H         LINE#         458
  C:23FFH         LINE#         459
  C:2405H         LINE#         461
  C:240EH         LINE#         464
  C:2415H         LINE#         465
  C:241BH         LINE#         467
  C:2424H         LINE#         470
  C:244CH         LINE#         471
  -------         ENDPROC       PRINT_DEBUG_PAGE
  -------         ENDMOD        GPS_MAIN

  -------         MODULE        I2C_BUS
  C:0000H         SYMBOL        _ICE_DUMMY_
  D:0090H         PUBLIC        P1
  C:2CFDH         PUBLIC        sdelay
  D:00E8H         PUBLIC        ADC0CN
  D:00A8H         PUBLIC        IE
  C:2B19H         PUBLIC        _FPGA_write_array
  C:2CE9H         PUBLIC        i2c_start
  C:2C28H         PUBLIC        _FPGA_read_byte
  D:00D8H         PUBLIC        PCA0CN
  D:00B8H         PUBLIC        IP
  B:0090H.1       PUBLIC        sda_int_io
  C:2BAEH         PUBLIC        _i2c_sendbyte
  C:0026H         PUBLIC        _FPGA_write_byte
  D:00C0H         PUBLIC        SMB0CN
  C:0006H         PUBLIC        i2c_stop
  B:0090H.2       PUBLIC        scl_int_io
  D:00F8H         PUBLIC        SPI0CN
  C:2B8DH         PUBLIC        i2c_readbyte
  D:0088H         PUBLIC        TCON
  D:00C8H         PUBLIC        TMR2CN
  C:2D21H         PUBLIC        i2c_giveack
  D:008CH         PUBLIC        TH0
  D:008AH         PUBLIC        TL0
  C:2AC9H         PUBLIC        i2c_getack
  D:0098H         PUBLIC        SCON0
  C:2D43H         PUBLIC        _delay
  D:00D0H         PUBLIC        PSW
  -------         PROC          _DELAY
  D:0007H         SYMBOL        hi
  D:0005H         SYMBOL        lo
  C:2D43H         LINE#         9
  C:2D43H         LINE#         10
  C:2D43H         LINE#         11
  C:2D46H         LINE#         12
  C:2D48H         LINE#         13
  C:2D4AH         LINE#         14
  C:2D4DH         LINE#         15
  C:2D52H         LINE#         17
  -------         ENDPROC       _DELAY
  -------         PROC          SDELAY
  C:2CFDH         LINE#         20
  C:2CFDH         LINE#         21
  C:2CFDH         LINE#         22
  C:2D00H         LINE#         23
  C:2D03H         LINE#         24
  C:2D06H         LINE#         25
  C:2D09H         LINE#         26
  C:2D0EH         LINE#         28
  -------         ENDPROC       SDELAY
  -------         PROC          I2C_START
  C:2CE9H         LINE#         30
BL51 BANKED LINKER/LOCATER V5.15            11/17/2008  14:46:16  PAGE 12


  C:2CE9H         LINE#         31
  C:2CE9H         LINE#         32
  C:2CEBH         LINE#         33
  C:2CEEH         LINE#         34
  C:2CF0H         LINE#         35
  C:2CF3H         LINE#         36
  C:2CF5H         LINE#         37
  C:2CF8H         LINE#         38
  C:2CFAH         LINE#         39
  -------         ENDPROC       I2C_START
  -------         PROC          I2C_STOP
  C:0006H         LINE#         42
  C:0006H         LINE#         43
  C:0006H         LINE#         44
  C:0008H         LINE#         45
  C:000AH         LINE#         46
  C:000DH         LINE#         47
  C:000FH         LINE#         48
  -------         ENDPROC       I2C_STOP
  -------         PROC          _I2C_SENDBYTE
  D:0007H         SYMBOL        byte
  -------         DO            
  D:0006H         SYMBOL        count
  -------         ENDDO         
  C:2BAEH         LINE#         51
  C:2BAEH         LINE#         52
  C:2BAEH         LINE#         53
  C:2BB0H         LINE#         55
  C:2BB0H         LINE#         56
  C:2BB0H         LINE#         57
  C:2BB4H         LINE#         58
  C:2BB7H         LINE#         59
  C:2BB9H         LINE#         60
  C:2BBCH         LINE#         61
  C:2BBEH         LINE#         62
  C:2BC2H         LINE#         63
  C:2BC5H         LINE#         64
  C:2BC9H         LINE#         67
  C:2BCBH         LINE#         69
  -------         ENDPROC       _I2C_SENDBYTE
  -------         PROC          I2C_READBYTE
  -------         DO            
  D:0007H         SYMBOL        inbyte
  D:0006H         SYMBOL        count
  -------         ENDDO         
  C:2B8DH         LINE#         72
  C:2B8DH         LINE#         73
  C:2B8DH         LINE#         74
  C:2B8FH         LINE#         75
  C:2B90H         LINE#         77
  C:2B90H         LINE#         78
  C:2B90H         LINE#         79
  C:2B94H         LINE#         80
  C:2B96H         LINE#         81
  C:2B99H         LINE#         82
  C:2B9FH         LINE#         83
  C:2BA1H         LINE#         84
  C:2BA4H         LINE#         85
  C:2BA8H         LINE#         87
  C:2BAAH         LINE#         88
  C:2BADH         LINE#         90
  C:2BADH         LINE#         91
  -------         ENDPROC       I2C_READBYTE
  C:2ABEH         SYMBOL        L?0029
  -------         PROC          L?0028
BL51 BANKED LINKER/LOCATER V5.15            11/17/2008  14:46:16  PAGE 13


  -------         ENDPROC       L?0028
  C:2ABEH         SYMBOL        L?0029
  -------         PROC          I2C_GETACK
  -------         DO            
  D:0007H         SYMBOL        count
  D:0006H         SYMBOL        sda_temp
  -------         ENDDO         
  C:2AC9H         LINE#         93
  C:2AC9H         LINE#         94
  C:2AC9H         LINE#         96
  C:2ACBH         LINE#         97
  C:2ACDH         LINE#         98
  C:2ACFH         LINE#         99
  C:2AD2H         LINE#         100
  C:2AD2H         LINE#         101
  C:2AD7H         LINE#         103
  C:2AD8H         LINE#         104
  C:2ADBH         LINE#         105
  C:2ADEH         LINE#         106
  C:2ADEH         LINE#         108
  C:2AE0H         LINE#         109
  C:2AE3H         LINE#         110
  C:2AE5H         LINE#         111
  C:2AE8H         LINE#         113
  C:2AEAH         LINE#         114
  -------         ENDPROC       I2C_GETACK
  -------         PROC          I2C_GIVEACK
  C:2D21H         LINE#         116
  C:2D21H         LINE#         117
  C:2D21H         LINE#         118
  C:2D23H         LINE#         119
  C:2D25H         LINE#         120
  C:2D28H         LINE#         121
  C:2D2AH         LINE#         122
  C:2D2DH         LINE#         123
  C:2D2FH         LINE#         124
  -------         ENDPROC       I2C_GIVEACK
  -------         PROC          _FPGA_READ_BYTE
  D:0005H         SYMBOL        subaddress
  -------         DO            
  D:0004H         SYMBOL        in_byte
  -------         ENDDO         
  C:2C28H         LINE#         127
  C:2C28H         LINE#         128
  C:2C28H         LINE#         129
  C:2C28H         LINE#         131
  C:2C28H         LINE#         132
  C:2C28H         LINE#         133
  C:2C28H         LINE#         134
  C:2C28H         LINE#         135
  C:2C2BH         LINE#         136
  C:2C2EH         LINE#         137
  C:2C33H         LINE#         138
  C:2C36H         LINE#         139
  C:2C3BH         LINE#         140
  C:2C3EH         LINE#         141
  C:2C41H         LINE#         143
  C:2C43H         LINE#         144
  -------         ENDPROC       _FPGA_READ_BYTE
  -------         PROC          _FPGA_WRITE_BYTE
  D:0004H         SYMBOL        subaddress
  D:0005H         SYMBOL        byte
  C:0026H         LINE#         146
  C:0028H         LINE#         147
  C:0028H         LINE#         148
BL51 BANKED LINKER/LOCATER V5.15            11/17/2008  14:46:16  PAGE 14


  C:002BH         LINE#         149
  C:0030H         LINE#         150
  C:0033H         LINE#         151
  C:0035H         LINE#         152
  C:0035H         LINE#         153
  C:0035H         LINE#         154
  C:0038H         LINE#         155
  -------         ENDPROC       _FPGA_WRITE_BYTE
  -------         PROC          _FPGA_WRITE_ARRAY
  D:0005H         SYMBOL        subaddress
  D:0024H         SYMBOL        array
  D:0027H         SYMBOL        num_of_bytes
  -------         DO            
  D:0004H         SYMBOL        byte_count
  -------         ENDDO         
  C:2B19H         LINE#         158
  C:2B1FH         LINE#         159
  C:2B1FH         LINE#         160
  C:2B1FH         LINE#         162
  C:2B1FH         LINE#         163
  C:2B1FH         LINE#         164
  C:2B1FH         LINE#         165
  C:2B1FH         LINE#         166
  C:2B22H         LINE#         168
  C:2B28H         LINE#         169
  C:2B28H         LINE#         170
  C:2B3AH         LINE#         171
  C:2B3DH         LINE#         172
  C:2B40H         LINE#         174
  -------         ENDPROC       _FPGA_WRITE_ARRAY
  -------         ENDMOD        I2C_BUS

  -------         MODULE        I2C_SLAVE
  C:0000H         SYMBOL        _ICE_DUMMY_
  D:00A0H         PUBLIC        P2
  D:00E6H         PUBLIC        EIE1
  C:2613H         PUBLIC        i2c_putch
  D:00E8H         PUBLIC        ADC0CN
  D:00A8H         PUBLIC        IE
  D:00D8H         PUBLIC        PCA0CN
  D:00B8H         PUBLIC        IP
  B:00C0H.2       PUBLIC        ARBLOST
  C:2273H         PUBLIC        SMBus_ISR
  B:00C0H.0       PUBLIC        SI
  D:001CH         PUBLIC        out_buffer_select
  D:00C1H         PUBLIC        SMB0CF
  D:00C0H         PUBLIC        SMB0CN
  C:2D53H         PUBLIC        timer3_ISR
  D:00F8H         PUBLIC        SPI0CN
  B:0022H.1       PUBLIC        i2c_msgupdate
  D:0088H         PUBLIC        TCON
  X:01AFH         PUBLIC        in_buffer
  D:00C8H         PUBLIC        TMR2CN
  D:0091H         PUBLIC        TMR3CN
  B:00C0H.1       PUBLIC        ACK
  D:001DH         PUBLIC        in_index
  C:2D65H         PUBLIC        setup_I2C
  D:001EH         PUBLIC        out_index
  D:001FH         PUBLIC        SMB_DATA
  D:0098H         PUBLIC        SCON0
  B:00C0H.5       PUBLIC        STA
  D:00C2H         PUBLIC        SMB0DAT
  B:00C0H.4       PUBLIC        STO
  D:00D0H         PUBLIC        PSW
  -------         PROC          TIMER3_ISR
BL51 BANKED LINKER/LOCATER V5.15            11/17/2008  14:46:16  PAGE 15


  C:2D53H         LINE#         41
  C:2D53H         LINE#         43
  C:2D56H         LINE#         44
  C:2D59H         LINE#         45
  C:2D5CH         LINE#         46
  -------         ENDPROC       TIMER3_ISR
  -------         PROC          SMBUS_ISR
  C:2273H         LINE#         48
  C:2290H         LINE#         50
  C:2293H         LINE#         51
  C:2293H         LINE#         54
  C:22A9H         LINE#         55
  C:22A9H         LINE#         57
  C:22A9H         LINE#         58
  C:22ABH         LINE#         59
  C:22B3H         LINE#         60
  C:22B3H         LINE#         61
  C:22B8H         LINE#         62
  C:22BFH         LINE#         64
  C:22C2H         LINE#         66
  C:22C4H         LINE#         67
  C:22C6H         LINE#         69
  C:22C8H         LINE#         70
  C:22CAH         LINE#         73
  C:22CAH         LINE#         74
  C:22CDH         LINE#         76
  C:22DEH         LINE#         79
  C:22EAH         LINE#         80
  C:22EAH         LINE#         81
  C:22EDH         LINE#         82
  C:22F0H         LINE#         83
  C:22F0H         LINE#         87
  C:22F2H         LINE#         88
  C:22F4H         LINE#         92
  C:22F4H         LINE#         93
  C:22F6H         LINE#         94
  C:22F8H         LINE#         96
  C:22FAH         LINE#         99
  C:22FAH         LINE#         103
  C:22FAH         LINE#         109
  C:22FAH         LINE#         110
  C:22FCH         LINE#         113
  C:22FEH         LINE#         115
  C:22FEH         LINE#         116
  C:2301H         LINE#         117
  C:2304H         LINE#         118
  C:2304H         LINE#         119
  C:2304H         LINE#         120
  C:2304H         LINE#         121
  C:2306H         LINE#         122
  C:2306H         LINE#         123
  C:2306H         LINE#         127
  C:2306H         LINE#         128
  C:2308H         LINE#         129
  C:230AH         LINE#         130
  C:230CH         LINE#         131
  C:230CH         LINE#         132
  C:230EH         LINE#         133
  -------         ENDPROC       SMBUS_ISR
  -------         PROC          I2C_PUTCH
  -------         DO            
  D:0007H         SYMBOL        out
  -------         ENDDO         
  C:2613H         LINE#         135
  C:2613H         LINE#         136
BL51 BANKED LINKER/LOCATER V5.15            11/17/2008  14:46:16  PAGE 16


  C:2613H         LINE#         140
  C:2645H         LINE#         141
  C:2645H         LINE#         142
  C:2645H         LINE#         143
  C:2651H         LINE#         144
  C:2653H         LINE#         145
  C:2653H         LINE#         146
  C:265FH         LINE#         147
  C:2661H         LINE#         148
  C:2661H         LINE#         149
  C:2663H         LINE#         150
  C:2665H         LINE#         151
  C:2665H         LINE#         152
  C:266AH         LINE#         153
  C:266CH         LINE#         154
  C:266CH         LINE#         155
  C:2671H         LINE#         156
  C:2673H         LINE#         157
  C:2673H         LINE#         158
  C:2675H         LINE#         159
  C:2678H         LINE#         160
  C:2679H         LINE#         161
  C:267CH         LINE#         162
  C:2680H         LINE#         163
  C:2682H         LINE#         164
  C:2682H         LINE#         165
  C:2688H         LINE#         166
  C:268AH         LINE#         167
  C:268AH         LINE#         168
  C:269AH         LINE#         169
  C:269AH         LINE#         170
  C:269AH         LINE#         172
  C:269AH         LINE#         173
  -------         ENDPROC       I2C_PUTCH
  -------         PROC          SETUP_I2C
  C:2D65H         LINE#         175
  C:2D65H         LINE#         176
  C:2D65H         LINE#         177
  C:2D68H         LINE#         178
  C:2D6BH         LINE#         179
  -------         ENDPROC       SETUP_I2C
  -------         ENDMOD        I2C_SLAVE

  -------         MODULE        INI
  C:0000H         SYMBOL        _ICE_DUMMY_
  D:00E6H         PUBLIC        EIE1
  D:00E4H         PUBLIC        IT01CF
  D:00E8H         PUBLIC        ADC0CN
  D:00A4H         PUBLIC        P0MDOUT
  D:00A5H         PUBLIC        P1MDOUT
  D:00A8H         PUBLIC        IE
  D:00A6H         PUBLIC        P2MDOUT
  D:00A7H         PUBLIC        P3MDOUT
  D:0093H         PUBLIC        TMR3RLH
  D:0092H         PUBLIC        TMR3RLL
  D:00D9H         PUBLIC        PCA0MD
  D:00D8H         PUBLIC        PCA0CN
  D:00B8H         PUBLIC        IP
  D:00E1H         PUBLIC        XBR0
  D:00C1H         PUBLIC        SMB0CF
  D:00E2H         PUBLIC        XBR1
  D:00C0H         PUBLIC        SMB0CN
  D:00F1H         PUBLIC        P0MDIN
  D:00F2H         PUBLIC        P1MDIN
  D:00F3H         PUBLIC        P2MDIN
BL51 BANKED LINKER/LOCATER V5.15            11/17/2008  14:46:16  PAGE 17


  D:00F4H         PUBLIC        P3MDIN
  D:00F8H         PUBLIC        SPI0CN
  D:0087H         PUBLIC        PCON
  D:0088H         PUBLIC        TCON
  D:00C8H         PUBLIC        TMR2CN
  D:00D4H         PUBLIC        P0SKIP
  D:0091H         PUBLIC        TMR3CN
  D:00D5H         PUBLIC        P1SKIP
  D:00D6H         PUBLIC        P2SKIP
  D:00A9H         PUBLIC        CLKSEL
  B:0098H.0       PUBLIC        RI0
  B:0098H.1       PUBLIC        TI0
  D:00B1H         PUBLIC        OSCXCN
  B:0088H.6       PUBLIC        TR1
  D:00EFH         PUBLIC        RSTSRC
  D:0098H         PUBLIC        SCON0
  D:00C2H         PUBLIC        SMB0DAT
  D:0095H         PUBLIC        TMR3H
  D:0094H         PUBLIC        TMR3L
  C:269BH         PUBLIC        config
  D:00D0H         PUBLIC        PSW
  -------         PROC          CONFIG
  -------         DO            
  D:0006H         SYMBOL        n
  -------         ENDDO         
  C:269BH         LINE#         15
  C:269BH         LINE#         16
  C:269BH         LINE#         17
  C:269EH         LINE#         19
  C:26A1H         LINE#         35
  C:26A4H         LINE#         36
  C:26A7H         LINE#         48
  C:26A9H         LINE#         49
  C:26ACH         LINE#         50
  C:26AFH         LINE#         51
  C:26B1H         LINE#         53
  C:26B4H         LINE#         54
  C:26B7H         LINE#         55
  C:26BAH         LINE#         57
  C:26BDH         LINE#         58
  C:26BFH         LINE#         62
  C:26C2H         LINE#         63
  C:26C5H         LINE#         64
  C:26C7H         LINE#         74
  C:26CAH         LINE#         76
  C:26D4H         LINE#         79
  C:26D9H         LINE#         82
  C:26DCH         LINE#         97
  C:26DFH         LINE#         99
  C:26E2H         LINE#         106
  C:26E5H         LINE#         107
  C:26E7H         LINE#         108
  C:26E9H         LINE#         111
  C:26EEH         LINE#         112
  C:26F4H         LINE#         113
  C:26F7H         LINE#         124
  C:26F9H         LINE#         126
  C:26FBH         LINE#         127
  C:26FDH         LINE#         128
  C:26FFH         LINE#         134
  C:2702H         LINE#         135
  C:2704H         LINE#         136
  C:2707H         LINE#         139
  C:270AH         LINE#         140
  C:270DH         LINE#         142
BL51 BANKED LINKER/LOCATER V5.15            11/17/2008  14:46:16  PAGE 18


  -------         ENDPROC       CONFIG
  -------         ENDMOD        INI

  -------         MODULE        LTC_HANDLER
  C:0000H         SYMBOL        _ICE_DUMMY_
  X:0000H         PUBLIC        BCD_coded_time_a
  X:0004H         PUBLIC        BCD_coded_time_b
  D:0090H         PUBLIC        P1
  D:00A0H         PUBLIC        P2
  C:1E46H         PUBLIC        print_LTC_info
  X:0008H         PUBLIC        LTC_a_frames
  X:0009H         PUBLIC        secs_since_sync_a
  X:000DH         PUBLIC        LTC_b_frames
  C:2D0FH         PUBLIC        _bin_to_BCD
  X:000EH         PUBLIC        secs_since_sync_b
  X:0012H         PUBLIC        send_buffer
  D:00E8H         PUBLIC        ADC0CN
  D:00A8H         PUBLIC        IE
  X:0027H         PUBLIC        LTC_a_offset
  X:002BH         PUBLIC        LTC_b_offset
  D:0014H         PUBLIC        i2c_byte
  D:00D8H         PUBLIC        PCA0CN
  D:00B8H         PUBLIC        IP
  C:1B8EH         PUBLIC        offset_time
  C:0076H         PUBLIC        LTC_manager
  D:0015H         PUBLIC        NTSC_offset
  D:00C0H         PUBLIC        SMB0CN
  C:270EH         PUBLIC        confirm_daylight_switch
  X:002FH         PUBLIC        int_GPS_week
  X:0031H         PUBLIC        LTC_a_watchoffset
  X:0034H         PUBLIC        LTC_b_watchoffset
  D:00F8H         PUBLIC        SPI0CN
  D:0017H         PUBLIC        byte_index
  C:1CEFH         PUBLIC        check_daylight_switch
  D:0088H         PUBLIC        TCON
  X:0037H         PUBLIC        LTC_confirm
  X:0038H         PUBLIC        LTC_a_time
  X:003FH         PUBLIC        LTC_b_time
  D:00C8H         PUBLIC        TMR2CN
  C:277FH         PUBLIC        transmit_LTC_data
  C:284FH         PUBLIC        update_LTC_strings
  X:0046H         PUBLIC        quant_error_100MHz
  C:257BH         PUBLIC        month_days
  D:0018H         PUBLIC        temp_long
  X:0047H         PUBLIC        daylight_off_a_time
  X:004EH         PUBLIC        daylight_off_b_time
  X:0055H         PUBLIC        LTC_request
  X:0056H         PUBLIC        int_GPS_tow
  C:2329H         PUBLIC        sec_inc
  X:005AH         PUBLIC        dropframe_setup
  X:005BH         PUBLIC        int_time
  B:0021H.4       PUBLIC        LTC_a_daylight_flag
  B:0021H.5       PUBLIC        LTC_b_daylight_flag
  X:0062H         PUBLIC        LTC_a_str
  X:006DH         PUBLIC        LTC_b_str
  D:0098H         PUBLIC        SCON0
  X:0078H         PUBLIC        LTC_a_sync_hour
  B:0090H.0       PUBLIC        timepulse_status
  X:0079H         PUBLIC        daylight_switch_setup
  X:007AH         PUBLIC        LTC_b_sync_hour
  X:007BH         PUBLIC        LTC_a_sync_min
  X:007CH         PUBLIC        LTC_b_sync_min
  X:007DH         PUBLIC        daylight_on_a_time
  X:0084H         PUBLIC        daylight_on_b_time
  X:008BH         PUBLIC        LTC_sync_request
BL51 BANKED LINKER/LOCATER V5.15            11/17/2008  14:46:16  PAGE 19


  B:0021H.6       PUBLIC        first_time_run
  X:008CH         PUBLIC        LTC_setup
  C:1F72H         PUBLIC        init_LTC
  D:00D0H         PUBLIC        PSW
  -------         PROC          _BIN_TO_BCD
  D:0007H         SYMBOL        binary
  -------         DO            
  D:0007H         SYMBOL        tens
  D:0006H         SYMBOL        ones
  D:0007H         SYMBOL        BCD
  -------         ENDDO         
  C:2D0FH         LINE#         164
  C:2D0FH         LINE#         165
  C:2D0FH         LINE#         168
  C:2D16H         LINE#         169
  C:2D1BH         LINE#         170
  C:2D20H         LINE#         172
  C:2D20H         LINE#         173
  -------         ENDPROC       _BIN_TO_BCD
  -------         PROC          SEC_INC
  C:2329H         LINE#         179
  C:2329H         LINE#         180
  C:2329H         LINE#         181
  C:232FH         LINE#         184
  C:2337H         LINE#         185
  C:2337H         LINE#         186
  C:2338H         LINE#         187
  C:233EH         LINE#         190
  C:2346H         LINE#         191
  C:2346H         LINE#         192
  C:2347H         LINE#         193
  C:234DH         LINE#         196
  C:2352H         LINE#         197
  C:2352H         LINE#         198
  C:2353H         LINE#         199
  C:2359H         LINE#         202
  C:2371H         LINE#         203
  C:2371H         LINE#         204
  C:2377H         LINE#         205
  C:2377H         LINE#         206
  C:2378H         LINE#         207
  C:2378H         LINE#         208
  C:2378H         LINE#         209
  C:237AH         LINE#         211
  C:23A3H         LINE#         212
  C:23A3H         LINE#         213
  C:23A6H         LINE#         214
  C:23ACH         LINE#         215
  C:23ACH         LINE#         218
  C:23B3H         LINE#         219
  C:23B3H         LINE#         220
  C:23B6H         LINE#         221
  C:23C4H         LINE#         222
  C:23C4H         LINE#         223
  C:23C4H         LINE#         224
  C:23C4H         LINE#         225
  C:23C4H         LINE#         226
  -------         ENDPROC       SEC_INC
  -------         PROC          OFFSET_TIME
  D:0034H         SYMBOL        in_time
  D:003BH         SYMBOL        out_time
  D:003EH         SYMBOL        hours
  D:003FH         SYMBOL        mins
  D:0040H         SYMBOL        secs
  -------         DO            
BL51 BANKED LINKER/LOCATER V5.15            11/17/2008  14:46:16  PAGE 20


  D:0041H         SYMBOL        temp_time
  -------         ENDDO         
  C:1B8EH         LINE#         233
  C:1B8EH         LINE#         234
  C:1B8EH         LINE#         238
  C:1BA1H         LINE#         241
  C:1BA7H         LINE#         244
  C:1BAEH         LINE#         245
  C:1BAEH         LINE#         246
  C:1BB0H         LINE#         247
  C:1BB6H         LINE#         248
  C:1BB8H         LINE#         250
  C:1BC1H         LINE#         251
  C:1BC1H         LINE#         252
  C:1BC3H         LINE#         253
  C:1BCEH         LINE#         254
  C:1BCEH         LINE#         258
  C:1BD4H         LINE#         261
  C:1BDBH         LINE#         262
  C:1BDBH         LINE#         263
  C:1BDDH         LINE#         264
  C:1BE3H         LINE#         265
  C:1BE5H         LINE#         267
  C:1BEEH         LINE#         268
  C:1BEEH         LINE#         269
  C:1BF0H         LINE#         270
  C:1BFBH         LINE#         271
  C:1BFBH         LINE#         275
  C:1C01H         LINE#         278
  C:1C08H         LINE#         279
  C:1C08H         LINE#         280
  C:1C0AH         LINE#         281
  C:1C10H         LINE#         282
  C:1C12H         LINE#         284
  C:1C1BH         LINE#         285
  C:1C1BH         LINE#         286
  C:1C1DH         LINE#         287
  C:1C28H         LINE#         288
  C:1C28H         LINE#         292
  C:1C31H         LINE#         293
  C:1C31H         LINE#         294
  C:1C33H         LINE#         296
  C:1C4BH         LINE#         297
  C:1C50H         LINE#         299
  C:1C65H         LINE#         301
  C:1C6EH         LINE#         302
  C:1C6EH         LINE#         303
  C:1C76H         LINE#         304
  C:1C79H         LINE#         305
  C:1C79H         LINE#         306
  C:1C7BH         LINE#         309
  C:1C93H         LINE#         310
  C:1C93H         LINE#         311
  C:1C9CH         LINE#         312
  C:1C9CH         LINE#         313
  C:1C9CH         LINE#         314
  C:1C9CH         LINE#         315
  C:1C9CH         LINE#         316
  C:1C9EH         LINE#         318
  C:1CC3H         LINE#         319
  C:1CC3H         LINE#         320
  C:1CC5H         LINE#         321
  C:1CC8H         LINE#         322
  C:1CC8H         LINE#         324
  C:1CD1H         LINE#         325
BL51 BANKED LINKER/LOCATER V5.15            11/17/2008  14:46:16  PAGE 21


  C:1CD1H         LINE#         326
  C:1CD9H         LINE#         327
  C:1CDCH         LINE#         328
  C:1CDCH         LINE#         330
  -------         ENDPROC       OFFSET_TIME
  -------         PROC          LTC_MANAGER
  -------         DO            
  D:0023H         SYMBOL        NTSC_offset_long
  D:0027H         SYMBOL        skipped_frames
  D:0029H         SYMBOL        temp_offset
  D:002CH         SYMBOL        temp_sec_offset
  D:0030H         SYMBOL        temp_secs_since_sync
  -------         ENDDO         
  C:0076H         LINE#         341
  C:0076H         LINE#         342
  C:0076H         LINE#         345
  C:007BH         LINE#         348
  C:0083H         LINE#         358
  C:0086H         LINE#         359
  C:0086H         LINE#         360
  C:008FH         LINE#         361
  C:00A3H         LINE#         362
  C:00A3H         LINE#         365
  C:00A6H         LINE#         366
  C:00D8H         LINE#         369
  C:00F7H         LINE#         370
  C:0116H         LINE#         373
  C:012FH         LINE#         374
  C:013DH         LINE#         378
  C:014FH         LINE#         379
  C:0163H         LINE#         381
  C:0189H         LINE#         388
  C:01B1H         LINE#         389
  C:01D1H         LINE#         390
  C:01DEH         LINE#         392
  C:01F0H         LINE#         393
  C:01FCH         LINE#         395
  C:0207H         LINE#         403
  C:022FH         LINE#         404
  C:024FH         LINE#         405
  C:0270H         LINE#         407
  C:0274H         LINE#         416
  C:0287H         LINE#         419
  C:028AH         LINE#         420
  C:028CH         LINE#         427
  C:0299H         LINE#         428
  C:0299H         LINE#         429
  C:029DH         LINE#         432
  C:02B8H         LINE#         433
  C:02DFH         LINE#         440
  C:02E9H         LINE#         441
  C:02E9H         LINE#         442
  C:02EEH         LINE#         445
  C:0333H         LINE#         448
  C:0353H         LINE#         449
  C:038CH         LINE#         452
  C:03B1H         LINE#         453
  C:03E8H         LINE#         456
  C:040CH         LINE#         457
  C:0432H         LINE#         458
  C:0467H         LINE#         461
  C:0472H         LINE#         463
  C:048AH         LINE#         464
  C:04B5H         LINE#         466
  C:04C4H         LINE#         467
BL51 BANKED LINKER/LOCATER V5.15            11/17/2008  14:46:16  PAGE 22


  C:04D6H         LINE#         469
  C:04E5H         LINE#         470
  C:04F7H         LINE#         472
  C:04FEH         LINE#         473
  C:0503H         LINE#         475
  C:0509H         LINE#         476
  C:0509H         LINE#         477
  C:050BH         LINE#         480
  C:050BH         LINE#         481
  C:050EH         LINE#         482
  C:0512H         LINE#         483
  C:0512H         LINE#         490
  C:0527H         LINE#         493
  C:0530H         LINE#         494
  C:0530H         LINE#         495
  C:0532H         LINE#         496
  C:054AH         LINE#         497
  C:054AH         LINE#         500
  C:0557H         LINE#         501
  C:0557H         LINE#         502
  C:057BH         LINE#         505
  C:05A6H         LINE#         506
  C:05A6H         LINE#         507
  C:05B0H         LINE#         508
  C:05B2H         LINE#         510
  C:05C8H         LINE#         511
  C:05C8H         LINE#         512
  C:05E0H         LINE#         513
  C:05E2H         LINE#         514
  C:05E2H         LINE#         515
  C:05E2H         LINE#         517
  C:05E8H         LINE#         520
  C:05EEH         LINE#         521
  C:0615H         LINE#         523
  C:0615H         LINE#         524
  C:061AH         LINE#         525
  C:0642H         LINE#         526
  C:0642H         LINE#         528
  C:0648H         LINE#         529
  C:064CH         LINE#         530
  C:0650H         LINE#         531
  C:0654H         LINE#         538
  C:065EH         LINE#         539
  C:065EH         LINE#         541
  C:0668H         LINE#         542
  C:0668H         LINE#         543
  C:066EH         LINE#         544
  C:066EH         LINE#         545
  C:0686H         LINE#         546
  C:0686H         LINE#         548
  C:0690H         LINE#         549
  C:0698H         LINE#         550
  C:0698H         LINE#         551
  C:0698H         LINE#         552
  C:069AH         LINE#         555
  C:06A4H         LINE#         556
  C:06A4H         LINE#         557
  C:06AAH         LINE#         558
  C:06AAH         LINE#         559
  C:06C2H         LINE#         560
  C:06C2H         LINE#         562
  C:06CCH         LINE#         563
  C:06D7H         LINE#         564
  C:06D7H         LINE#         565
  C:06D7H         LINE#         566
BL51 BANKED LINKER/LOCATER V5.15            11/17/2008  14:46:16  PAGE 23


  C:06D7H         LINE#         567
  C:06D7H         LINE#         573
  C:06E4H         LINE#         574
  C:06F1H         LINE#         575
  C:06FEH         LINE#         576
  C:070BH         LINE#         588
  C:071EH         LINE#         591
  C:0721H         LINE#         592
  C:0723H         LINE#         599
  C:0730H         LINE#         600
  C:0730H         LINE#         601
  C:0734H         LINE#         604
  C:074FH         LINE#         605
  C:0776H         LINE#         612
  C:0780H         LINE#         613
  C:0780H         LINE#         614
  C:0785H         LINE#         616
  C:07CAH         LINE#         619
  C:07EAH         LINE#         620
  C:0823H         LINE#         623
  C:0848H         LINE#         624
  C:087FH         LINE#         627
  C:08A3H         LINE#         628
  C:08C9H         LINE#         629
  C:08FEH         LINE#         632
  C:0909H         LINE#         634
  C:0921H         LINE#         635
  C:094CH         LINE#         637
  C:095BH         LINE#         638
  C:096DH         LINE#         640
  C:097CH         LINE#         641
  C:098EH         LINE#         643
  C:0995H         LINE#         644
  C:099AH         LINE#         646
  C:09A0H         LINE#         647
  C:09A0H         LINE#         648
  C:09A2H         LINE#         651
  C:09A2H         LINE#         652
  C:09A5H         LINE#         653
  C:09A9H         LINE#         654
  C:09A9H         LINE#         661
  C:09BEH         LINE#         664
  C:09C7H         LINE#         665
  C:09C7H         LINE#         666
  C:09C9H         LINE#         667
  C:09E1H         LINE#         668
  C:09E1H         LINE#         671
  C:09EEH         LINE#         672
  C:09EEH         LINE#         673
  C:0A12H         LINE#         676
  C:0A3DH         LINE#         677
  C:0A3DH         LINE#         678
  C:0A47H         LINE#         679
  C:0A49H         LINE#         681
  C:0A5FH         LINE#         682
  C:0A5FH         LINE#         683
  C:0A77H         LINE#         684
  C:0A79H         LINE#         685
  C:0A79H         LINE#         686
  C:0A79H         LINE#         688
  C:0A7FH         LINE#         692
  C:0A85H         LINE#         693
  C:0AACH         LINE#         695
  C:0AACH         LINE#         696
  C:0AB1H         LINE#         697
BL51 BANKED LINKER/LOCATER V5.15            11/17/2008  14:46:16  PAGE 24


  C:0AD9H         LINE#         698
  C:0AD9H         LINE#         700
  C:0ADFH         LINE#         701
  C:0AE3H         LINE#         702
  C:0AE7H         LINE#         703
  C:0AEBH         LINE#         710
  C:0AF5H         LINE#         711
  C:0AF5H         LINE#         713
  C:0AFFH         LINE#         714
  C:0AFFH         LINE#         715
  C:0B05H         LINE#         716
  C:0B05H         LINE#         717
  C:0B1DH         LINE#         718
  C:0B1DH         LINE#         720
  C:0B28H         LINE#         721
  C:0B30H         LINE#         722
  C:0B30H         LINE#         723
  C:0B30H         LINE#         724
  C:0B32H         LINE#         727
  C:0B3CH         LINE#         728
  C:0B3CH         LINE#         729
  C:0B42H         LINE#         730
  C:0B42H         LINE#         731
  C:0B5AH         LINE#         732
  C:0B5AH         LINE#         734
  C:0B64H         LINE#         735
  C:0B6FH         LINE#         736
  C:0B6FH         LINE#         737
  C:0B6FH         LINE#         738
  C:0B6FH         LINE#         739
  C:0B6FH         LINE#         745
  C:0B7CH         LINE#         746
  C:0B89H         LINE#         747
  C:0B96H         LINE#         748
  C:0BA3H         LINE#         757
  C:0BADH         LINE#         758
  C:0BADH         LINE#         759
  C:0BD3H         LINE#         760
  C:0BF9H         LINE#         761
  C:0BFBH         LINE#         762
  C:0BFBH         LINE#         763
  -------         ENDPROC       LTC_MANAGER
  -------         PROC          CHECK_DAYLIGHT_SWITCH
  C:1CEFH         LINE#         766
  C:1CEFH         LINE#         767
  C:1CEFH         LINE#         771
  C:1CFFH         LINE#         772
  C:1CFFH         LINE#         774
  C:1D23H         LINE#         775
  C:1D23H         LINE#         776
  C:1D30H         LINE#         777
  C:1D30H         LINE#         779
  C:1D30H         LINE#         780
  C:1D30H         LINE#         782
  C:1D30H         LINE#         783
  C:1D38H         LINE#         784
  C:1D38H         LINE#         785
  C:1D3AH         LINE#         787
  C:1D3AH         LINE#         788
  C:1D3CH         LINE#         789
  C:1D44H         LINE#         790
  C:1D46H         LINE#         791
  C:1D46H         LINE#         792
  C:1D46H         LINE#         795
  C:1D6AH         LINE#         796
BL51 BANKED LINKER/LOCATER V5.15            11/17/2008  14:46:16  PAGE 25


  C:1D6AH         LINE#         797
  C:1D77H         LINE#         798
  C:1D77H         LINE#         800
  C:1D77H         LINE#         801
  C:1D77H         LINE#         803
  C:1D77H         LINE#         804
  C:1D82H         LINE#         805
  C:1D8AH         LINE#         806
  C:1D8CH         LINE#         808
  C:1D8CH         LINE#         809
  C:1D8EH         LINE#         810
  C:1D99H         LINE#         811
  C:1D99H         LINE#         812
  C:1D99H         LINE#         813
  C:1D99H         LINE#         814
  C:1D99H         LINE#         819
  C:1DA9H         LINE#         820
  C:1DA9H         LINE#         822
  C:1DCDH         LINE#         823
  C:1DCDH         LINE#         824
  C:1DDBH         LINE#         825
  C:1DDBH         LINE#         827
  C:1DDBH         LINE#         828
  C:1DDBH         LINE#         830
  C:1DDBH         LINE#         831
  C:1DE3H         LINE#         832
  C:1DE3H         LINE#         833
  C:1DE5H         LINE#         835
  C:1DE5H         LINE#         836
  C:1DE7H         LINE#         837
  C:1DEFH         LINE#         838
  C:1DF1H         LINE#         839
  C:1DF1H         LINE#         840
  C:1DF1H         LINE#         843
  C:1E15H         LINE#         844
  C:1E15H         LINE#         845
  C:1E23H         LINE#         846
  C:1E23H         LINE#         848
  C:1E23H         LINE#         849
  C:1E23H         LINE#         851
  C:1E23H         LINE#         852
  C:1E2EH         LINE#         853
  C:1E36H         LINE#         854
  C:1E38H         LINE#         856
  C:1E38H         LINE#         857
  C:1E3AH         LINE#         858
  C:1E45H         LINE#         859
  C:1E45H         LINE#         860
  C:1E45H         LINE#         861
  C:1E45H         LINE#         862
  C:1E45H         LINE#         863
  -------         ENDPROC       CHECK_DAYLIGHT_SWITCH
  -------         PROC          CONFIRM_DAYLIGHT_SWITCH
  C:270EH         LINE#         866
  C:270EH         LINE#         867
  C:270EH         LINE#         869
  C:2716H         LINE#         870
  C:2716H         LINE#         872
  C:271EH         LINE#         873
  C:2722H         LINE#         875
  C:2726H         LINE#         876
  C:2728H         LINE#         878
  C:272EH         LINE#         879
  C:272EH         LINE#         880
  C:2730H         LINE#         882
BL51 BANKED LINKER/LOCATER V5.15            11/17/2008  14:46:16  PAGE 26


  C:2738H         LINE#         883
  C:2738H         LINE#         884
  C:273FH         LINE#         885
  C:2746H         LINE#         886
  C:2746H         LINE#         889
  C:274EH         LINE#         890
  C:274EH         LINE#         892
  C:2756H         LINE#         893
  C:275AH         LINE#         895
  C:275EH         LINE#         896
  C:2760H         LINE#         898
  C:2766H         LINE#         899
  C:2766H         LINE#         900
  C:2768H         LINE#         902
  C:2770H         LINE#         903
  C:2770H         LINE#         904
  C:2777H         LINE#         905
  C:277EH         LINE#         906
  C:277EH         LINE#         907
  -------         ENDPROC       CONFIRM_DAYLIGHT_SWITCH
  -------         PROC          UPDATE_LTC_STRINGS
  C:284FH         LINE#         910
  C:284FH         LINE#         911
  C:284FH         LINE#         912
  C:2881H         LINE#         913
  -------         ENDPROC       UPDATE_LTC_STRINGS
  -------         PROC          TRANSMIT_LTC_DATA
  C:277FH         LINE#         921
  C:277FH         LINE#         922
  C:277FH         LINE#         924
  C:2787H         LINE#         925
  C:278BH         LINE#         926
  C:278FH         LINE#         927
  C:2797H         LINE#         928
  C:279FH         LINE#         929
  C:27A7H         LINE#         930
  C:27AFH         LINE#         932
  C:27B7H         LINE#         933
  C:27BFH         LINE#         934
  C:27C7H         LINE#         935
  C:27CFH         LINE#         937
  C:27D7H         LINE#         938
  C:27DBH         LINE#         941
  -------         ENDPROC       TRANSMIT_LTC_DATA
  -------         PROC          INIT_LTC
  C:1F72H         LINE#         946
  C:1F72H         LINE#         947
  C:1F72H         LINE#         948
  C:1F77H         LINE#         949
  C:1F81H         LINE#         950
  C:1F8BH         LINE#         951
  C:1F90H         LINE#         952
  C:1F94H         LINE#         953
  C:1F98H         LINE#         954
  C:1F9CH         LINE#         957
  C:1FA9H         LINE#         958
  C:1FB8H         LINE#         959
  C:1FC7H         LINE#         961
  C:1FD6H         LINE#         962
  C:1FE5H         LINE#         964
  C:1FF4H         LINE#         965
  C:2003H         LINE#         967
  C:2005H         LINE#         968
  C:2007H         LINE#         970
  C:200CH         LINE#         971
BL51 BANKED LINKER/LOCATER V5.15            11/17/2008  14:46:16  PAGE 27


  C:2010H         LINE#         973
  C:201AH         LINE#         974
  C:2021H         LINE#         976
  C:202EH         LINE#         977
  C:203DH         LINE#         979
  C:204CH         LINE#         980
  C:205BH         LINE#         982
  C:206AH         LINE#         983
  C:2079H         LINE#         985
  C:2083H         LINE#         986
  C:208DH         LINE#         987
  -------         ENDPROC       INIT_LTC
  -------         PROC          PRINT_LTC_INFO
  C:1E46H         LINE#         990
  C:1E46H         LINE#         991
  C:1E46H         LINE#         993
  C:1E78H         LINE#         994
  C:1E8CH         LINE#         997
  C:1E9EH         LINE#         998
  C:1EB2H         LINE#         1001
  C:1EC4H         LINE#         1002
  C:1ED8H         LINE#         1005
  C:1EEBH         LINE#         1006
  C:1EEBH         LINE#         1007
  C:1EEBH         LINE#         1008
  C:1EF1H         LINE#         1009
  C:1EF3H         LINE#         1010
  C:1EF3H         LINE#         1011
  C:1EF9H         LINE#         1012
  C:1EFBH         LINE#         1013
  C:1EFBH         LINE#         1014
  C:1F03H         LINE#         1015
  C:1F05H         LINE#         1016
  C:1F05H         LINE#         1017
  C:1F10H         LINE#         1018
  C:1F10H         LINE#         1019
  C:1F10H         LINE#         1022
  C:1F17H         LINE#         1023
  C:1F22H         LINE#         1026
  C:1F27H         LINE#         1027
  C:1F2FH         LINE#         1029
  C:1F38H         LINE#         1032
  C:1F4AH         LINE#         1033
  C:1F5EH         LINE#         1034
  -------         ENDPROC       PRINT_LTC_INFO
  -------         ENDMOD        LTC_HANDLER

  -------         MODULE        PT5300_HANDLER
  C:0000H         SYMBOL        _ICE_DUMMY_
  D:00A0H         PUBLIC        P2
  D:00E8H         PUBLIC        ADC0CN
  D:00A8H         PUBLIC        IE
  D:00D8H         PUBLIC        PCA0CN
  D:00B8H         PUBLIC        IP
  D:00C0H         PUBLIC        SMB0CN
  D:00F8H         PUBLIC        SPI0CN
  D:0088H         PUBLIC        TCON
  C:0FD6H         PUBLIC        pt5300_in_handle
  D:00C8H         PUBLIC        TMR2CN
  C:2913H         PUBLIC        pt5300_out_handle
  D:0098H         PUBLIC        SCON0
  D:00D0H         PUBLIC        PSW
  -------         PROC          PT5300_IN_HANDLE
  -------         DO            
  D:0023H         SYMBOL        counter
BL51 BANKED LINKER/LOCATER V5.15            11/17/2008  14:46:16  PAGE 28


  -------         ENDDO         
  C:0FD6H         LINE#         12
  C:0FD6H         LINE#         13
  C:0FD6H         LINE#         15
  C:0FD9H         LINE#         17
  C:1065H         LINE#         18
  C:1065H         LINE#         21
  C:1065H         LINE#         23
  C:1072H         LINE#         24
  C:1079H         LINE#         26
  C:107EH         LINE#         29
  C:1085H         LINE#         30
  C:108DH         LINE#         32
  C:108DH         LINE#         36
  C:108DH         LINE#         37
  C:1095H         LINE#         38
  C:1096H         LINE#         39
  C:1096H         LINE#         40
  C:109EH         LINE#         41
  C:109FH         LINE#         42
  C:109FH         LINE#         43
  C:10A7H         LINE#         44
  C:10A8H         LINE#         45
  C:10A8H         LINE#         46
  C:10B0H         LINE#         47
  C:10B1H         LINE#         50
  C:10B1H         LINE#         51
  C:10B8H         LINE#         53
  C:10CFH         LINE#         54
  C:10CFH         LINE#         55
  C:10CFH         LINE#         56
  C:10CFH         LINE#         57
  C:10D2H         LINE#         58
  C:10D2H         LINE#         59
  C:10D9H         LINE#         60
  C:10DAH         LINE#         61
  C:10DAH         LINE#         62
  C:10E1H         LINE#         63
  C:10E2H         LINE#         64
  C:10E2H         LINE#         65
  C:10E9H         LINE#         66
  C:10EAH         LINE#         67
  C:10EAH         LINE#         68
  C:10F1H         LINE#         69
  C:10F2H         LINE#         70
  C:10F2H         LINE#         71
  C:10F2H         LINE#         74
  C:10F2H         LINE#         75
  C:10FAH         LINE#         76
  C:10FEH         LINE#         77
  C:1101H         LINE#         79
  C:1101H         LINE#         80
  C:1109H         LINE#         81
  C:110AH         LINE#         83
  C:110AH         LINE#         84
  C:1112H         LINE#         85
  C:1113H         LINE#         88
  C:1113H         LINE#         89
  C:111BH         LINE#         90
  C:111CH         LINE#         93
  C:111CH         LINE#         94
  C:1124H         LINE#         95
  C:1125H         LINE#         98
  C:1125H         LINE#         99
  C:112DH         LINE#         100
BL51 BANKED LINKER/LOCATER V5.15            11/17/2008  14:46:16  PAGE 29


  C:1131H         LINE#         101
  C:1134H         LINE#         104
  C:1134H         LINE#         105
  C:113DH         LINE#         106
  C:113EH         LINE#         107
  C:113EH         LINE#         108
  C:1146H         LINE#         109
  C:1147H         LINE#         110
  C:1147H         LINE#         111
  C:114FH         LINE#         112
  C:1150H         LINE#         115
  C:1150H         LINE#         116
  C:1159H         LINE#         117
  C:115AH         LINE#         118
  C:115AH         LINE#         119
  C:1162H         LINE#         120
  C:1163H         LINE#         121
  C:1163H         LINE#         122
  C:116BH         LINE#         123
  C:116CH         LINE#         128
  C:116CH         LINE#         129
  C:1174H         LINE#         130
  C:1175H         LINE#         131
  C:1175H         LINE#         132
  C:117DH         LINE#         133
  C:117EH         LINE#         134
  C:117EH         LINE#         135
  C:1186H         LINE#         136
  C:1187H         LINE#         137
  C:1187H         LINE#         138
  C:118FH         LINE#         139
  C:1190H         LINE#         142
  C:1190H         LINE#         143
  C:1197H         LINE#         145
  C:11AEH         LINE#         146
  C:11AEH         LINE#         147
  C:11AEH         LINE#         148
  C:11B3H         LINE#         149
  C:11B4H         LINE#         150
  C:11B4H         LINE#         151
  C:11BBH         LINE#         152
  C:11BCH         LINE#         153
  C:11BCH         LINE#         154
  C:11C3H         LINE#         155
  C:11C4H         LINE#         156
  C:11C4H         LINE#         157
  C:11CBH         LINE#         158
  C:11CCH         LINE#         159
  C:11CCH         LINE#         160
  C:11D3H         LINE#         161
  C:11D4H         LINE#         162
  C:11D4H         LINE#         163
  C:11D4H         LINE#         166
  C:11D4H         LINE#         167
  C:11DCH         LINE#         168
  C:11E8H         LINE#         169
  C:11E9H         LINE#         171
  C:11E9H         LINE#         172
  C:11F1H         LINE#         173
  C:11F2H         LINE#         175
  C:11F2H         LINE#         176
  C:11FAH         LINE#         177
  C:11FBH         LINE#         180
  C:11FBH         LINE#         181
  C:1203H         LINE#         182
BL51 BANKED LINKER/LOCATER V5.15            11/17/2008  14:46:16  PAGE 30


  C:1204H         LINE#         185
  C:1204H         LINE#         186
  C:120CH         LINE#         187
  C:120DH         LINE#         189
  C:120DH         LINE#         190
  C:1215H         LINE#         191
  C:1221H         LINE#         192
  C:1222H         LINE#         195
  C:1222H         LINE#         196
  C:122BH         LINE#         197
  C:122CH         LINE#         198
  C:122CH         LINE#         199
  C:1234H         LINE#         200
  C:1235H         LINE#         201
  C:1235H         LINE#         202
  C:123DH         LINE#         203
  C:123EH         LINE#         206
  C:123EH         LINE#         207
  C:1247H         LINE#         208
  C:1248H         LINE#         209
  C:1248H         LINE#         210
  C:1250H         LINE#         211
  C:1251H         LINE#         212
  C:1251H         LINE#         213
  C:1259H         LINE#         214
  C:125AH         LINE#         217
  C:125AH         LINE#         218
  C:1266H         LINE#         219
  C:126AH         LINE#         221
  C:126CH         LINE#         222
  C:126EH         LINE#         224
  C:126EH         LINE#         225
  C:127AH         LINE#         226
  C:127EH         LINE#         228
  C:1283H         LINE#         229
  C:1283H         LINE#         232
  C:1283H         LINE#         233
  C:12A6H         LINE#         234
  C:12A8H         LINE#         235
  C:12A8H         LINE#         236
  C:12CEH         LINE#         237
  C:12CEH         LINE#         241
  C:12CEH         LINE#         242
  C:12D5H         LINE#         243
  C:12FBH         LINE#         246
  C:1306H         LINE#         247
  C:130EH         LINE#         248
  C:1310H         LINE#         251
  C:1310H         LINE#         252
  C:1317H         LINE#         253
  C:133DH         LINE#         256
  C:1348H         LINE#         257
  C:1353H         LINE#         258
  C:1353H         LINE#         261
  C:1353H         LINE#         262
  C:135BH         LINE#         263
  C:135FH         LINE#         264
  C:1363H         LINE#         265
  C:1365H         LINE#         267
  C:1369H         LINE#         268
  C:136CH         LINE#         269
  C:1370H         LINE#         270
  C:1372H         LINE#         271
  C:1373H         LINE#         274
  C:1373H         LINE#         275
BL51 BANKED LINKER/LOCATER V5.15            11/17/2008  14:46:16  PAGE 31


  C:1386H         LINE#         277
  C:1389H         LINE#         278
  C:13A9H         LINE#         279
  C:13A9H         LINE#         281
  C:13A9H         LINE#         282
  -------         ENDPROC       PT5300_IN_HANDLE
  -------         PROC          PT5300_OUT_HANDLE
  C:2913H         LINE#         285
  C:2913H         LINE#         286
  C:2913H         LINE#         287
  C:294EH         LINE#         288
  C:294EH         LINE#         294
  C:294EH         LINE#         295
  C:2951H         LINE#         296
  C:2952H         LINE#         298
  C:2952H         LINE#         299
  C:2955H         LINE#         300
  C:2956H         LINE#         302
  C:2956H         LINE#         303
  C:2959H         LINE#         304
  C:295AH         LINE#         306
  C:295AH         LINE#         307
  C:295DH         LINE#         308
  C:295EH         LINE#         310
  C:295EH         LINE#         311
  C:2961H         LINE#         312
  C:2962H         LINE#         314
  C:2962H         LINE#         315
  C:2965H         LINE#         316
  C:2966H         LINE#         318
  C:2966H         LINE#         319
  C:2969H         LINE#         320
[...]
  C:2CA9H         LINE#         40
  C:2CA9H         LINE#         41
  C:2CA9H         LINE#         42
  C:2CACH         LINE#         43
  C:2CAEH         LINE#         45
  C:2CB1H         LINE#         46
  C:2CB3H         LINE#         47
  C:2CB6H         LINE#         48
  C:2CB9H         LINE#         49
  C:2CBCH         LINE#         50
  C:2CBEH         LINE#         51
  -------         ENDPROC       SET_UART38400
  -------         PROC          _PUTCH
  D:0007H         SYMBOL        c
  C:2D5DH         LINE#         54
  C:2D5DH         LINE#         55
  C:2D5DH         LINE#         56
  C:2D5FH         LINE#         57
  C:2D62H         LINE#         59
  C:2D64H         LINE#         60
  -------         ENDPROC       _PUTCH
  -------         PROC          SERINT0
  C:2AEBH         LINE#         63
  C:2AF3H         LINE#         65
  C:2AF6H         LINE#         66
  C:2AF6H         LINE#         67
  C:2B04H         LINE#         68
  C:2B06H         LINE#         69
  C:2B08H         LINE#         70
  C:2B0DH         LINE#         71
  C:2B10H         LINE#         72
  C:2B10H         LINE#         73
  -------         ENDPROC       SERINT0
BL51 BANKED LINKER/LOCATER V5.15            11/17/2008  14:46:16  PAGE 33


  -------         PROC          _GETCH
  D:0001H         SYMBOL        c
  -------         DO            
  D:0007H         SYMBOL        timer
  -------         ENDDO         
  C:003EH         LINE#         75
  C:003EH         LINE#         76
  C:003EH         LINE#         77
  C:0040H         LINE#         79
  C:0045H         LINE#         80
  C:0045H         LINE#         81
  C:0046H         LINE#         82
  C:0049H         LINE#         83
  C:0049H         LINE#         84
  C:004DH         LINE#         85
  C:004FH         LINE#         86
  C:004FH         LINE#         87
  C:004FH         LINE#         89
  C:0051H         LINE#         90
  C:0060H         LINE#         91
  C:0062H         LINE#         92
  C:0067H         LINE#         93
  C:006AH         LINE#         94
  C:006CH         LINE#         95
  C:006EH         LINE#         96
  -------         ENDPROC       _GETCH
  -------         ENDMOD        SERIAL

  -------         MODULE        SW_UART
  C:0000H         SYMBOL        _ICE_DUMMY_
  D:00A0H         PUBLIC        P2
  B:00A0H.1       PUBLIC        LED2
  D:0056H         PUBLIC        SWBUF
  D:00E8H         PUBLIC        ADC0CN
  D:00A8H         PUBLIC        IE
  C:2C5FH         PUBLIC        _SW_putch
  D:00D8H         PUBLIC        PCA0CN
  D:00B8H         PUBLIC        IP
  D:00C0H         PUBLIC        SMB0CN
  B:00A0H.6       PUBLIC        TX
  D:00F8H         PUBLIC        SPI0CN
  D:0057H         PUBLIC        outptr
  D:0088H         PUBLIC        TCON
  D:00C8H         PUBLIC        TMR2CN
  C:27E9H         PUBLIC        TX_gen
  B:00A8H.3       PUBLIC        ET1
  X:008DH         PUBLIC        outbuffer
  B:0022H.2       PUBLIC        CLK
  C:2C91H         PUBLIC        setup_SW_uart
  D:0098H         PUBLIC        SCON0
  D:0058H         PUBLIC        BITCOUNT
  C:2B6AH         PUBLIC        _SW_sendstr
  D:0059H         PUBLIC        outindex
  D:00D0H         PUBLIC        PSW
  -------         PROC          TX_GEN
  C:27E9H         LINE#         17
  C:27F1H         LINE#         20
  C:27F4H         LINE#         21
  C:27F4H         LINE#         23
  C:27FAH         LINE#         24
  C:27FAH         LINE#         26
  C:27FEH         LINE#         27
  C:27FEH         LINE#         28
  C:2800H         LINE#         30
  C:2802H         LINE#         31
BL51 BANKED LINKER/LOCATER V5.15            11/17/2008  14:46:16  PAGE 34


  C:280EH         LINE#         32
  C:280EH         LINE#         33
  C:2810H         LINE#         36
  C:2815H         LINE#         37
  C:2815H         LINE#         38
  C:2817H         LINE#         39
  C:2819H         LINE#         40
  C:281BH         LINE#         42
  C:2820H         LINE#         43
  C:2820H         LINE#         44
  C:2822H         LINE#         46
  C:2824H         LINE#         47
  C:282CH         LINE#         48
  C:282FH         LINE#         49
  C:2831H         LINE#         52
  C:2831H         LINE#         53
  C:2836H         LINE#         54
  C:283AH         LINE#         56
  C:283CH         LINE#         58
  C:2842H         LINE#         59
  C:2844H         LINE#         60
  C:2844H         LINE#         61
  C:2844H         LINE#         62
  C:2844H         LINE#         63
  C:2846H         LINE#         64
  -------         ENDPROC       TX_GEN
  -------         PROC          SETUP_SW_UART
  C:2C91H         LINE#         67
  C:2C91H         LINE#         68
  C:2C91H         LINE#         69
  C:2C94H         LINE#         70
  C:2C96H         LINE#         71
  C:2CA3H         LINE#         73
  C:2CA6H         LINE#         76
  C:2CA8H         LINE#         77
  -------         ENDPROC       SETUP_SW_UART
  -------         PROC          _SW_PUTCH
  D:0007H         SYMBOL        out
  C:2C5FH         LINE#         80
  C:2C5FH         LINE#         81
  C:2C5FH         LINE#         83
  C:2C64H         LINE#         86
  C:2C74H         LINE#         87
  C:2C77H         LINE#         88
  -------         ENDPROC       _SW_PUTCH
  -------         PROC          _SW_SENDSTR
  D:005AH         SYMBOL        str
  D:0005H         SYMBOL        length
  -------         DO            
  D:0004H         SYMBOL        bytecount
  -------         ENDDO         
  C:2B6AH         LINE#         91
  C:2B70H         LINE#         92
  C:2B70H         LINE#         93
  C:2B72H         LINE#         95
  C:2B77H         LINE#         96
  C:2B8CH         LINE#         97
  -------         ENDPROC       _SW_SENDSTR
  -------         ENDMOD        SW_UART

  -------         MODULE        UBLOX_PROT
  C:0000H         SYMBOL        _ICE_DUMMY_
  C:2C78H         PUBLIC        _get_UTC_time
  D:0090H         PUBLIC        P1
  D:00A0H         PUBLIC        P2
BL51 BANKED LINKER/LOCATER V5.15            11/17/2008  14:46:16  PAGE 35


  D:004BH         PUBLIC        length
  C:2BCEH         PUBLIC        _set_message_rate
  D:00E8H         PUBLIC        ADC0CN
  B:0021H.7       PUBLIC        acknowledge
  D:00A8H         PUBLIC        IE
  D:004DH         PUBLIC        ck_a
  D:004EH         PUBLIC        ck_b
  D:004FH         PUBLIC        str_ptr
  D:00D8H         PUBLIC        PCA0CN
  D:00B8H         PUBLIC        IP
  D:0050H         PUBLIC        state
  C:29B2H         PUBLIC        ub_header
  X:015AH         PUBLIC        GPS_timemode
  D:00C0H         PUBLIC        SMB0CN
  X:015BH         PUBLIC        GPS_tow
  B:0022H.0       PUBLIC        msg_update_flag
  C:19BEH         PUBLIC        interpret_message
  D:00F8H         PUBLIC        SPI0CN
  D:0088H         PUBLIC        TCON
  D:00C8H         PUBLIC        TMR2CN
  D:0051H         PUBLIC        buf_index
  X:015FH         PUBLIC        quant_error
  C:2460H         PUBLIC        setup_ublox
  C:296EH         PUBLIC        timemode
  X:0163H         PUBLIC        UTC_time_buffer
  C:208EH         PUBLIC        packet_process
  D:0098H         PUBLIC        SCON0
  X:016AH         PUBLIC        msg_buf
  C:218AH         PUBLIC        _send_packet
  C:2990H         PUBLIC        cfg_prt
  X:018AH         PUBLIC        GPS_time_valid
  X:018BH         PUBLIC        UTC_time_valid
  X:018CH         PUBLIC        leap_seconds
  X:018DH         PUBLIC        GPS_week
  D:00D0H         PUBLIC        PSW
  C:2BEEH         PUBLIC        _get_packet
  -------         PROC          PACKET_PROCESS
  C:208EH         LINE#         83
  C:208EH         LINE#         84
  C:208EH         LINE#         85
  C:20A2H         LINE#         86
  C:20A2H         LINE#         88
  C:20A6H         LINE#         89
  C:20A6H         LINE#         90
  C:20BCH         LINE#         91
  C:20C0H         LINE#         93
  C:20C3H         LINE#         95
  C:20C5H         LINE#         98
  C:20CEH         LINE#         99
  C:20CEH         LINE#         100
  C:20D0H         LINE#         101
  C:20D2H         LINE#         102
  C:20D5H         LINE#         103
  C:20D7H         LINE#         104
  C:20D9H         LINE#         105
  C:20DDH         LINE#         106
  C:20DDH         LINE#         107
  C:20DEH         LINE#         110
  C:20E4H         LINE#         111
  C:20E4H         LINE#         112
  C:20E6H         LINE#         115
  C:20F6H         LINE#         116
  C:20FAH         LINE#         119
  C:20FFH         LINE#         120
  C:20FFH         LINE#         121
BL51 BANKED LINKER/LOCATER V5.15            11/17/2008  14:46:16  PAGE 36


  C:2112H         LINE#         122
  C:2115H         LINE#         123
  C:2118H         LINE#         124
  C:2118H         LINE#         126
  C:211AH         LINE#         127
  C:211BH         LINE#         130
  C:2120H         LINE#         131
  C:2120H         LINE#         132
  C:2122H         LINE#         135
  C:2132H         LINE#         136
  C:2136H         LINE#         139
  C:213FH         LINE#         140
  C:2142H         LINE#         142
  C:2144H         LINE#         143
  C:2145H         LINE#         146
  C:214BH         LINE#         147
  C:214BH         LINE#         148
  C:214DH         LINE#         151
  C:2160H         LINE#         152
  C:2160H         LINE#         153
  C:2163H         LINE#         154
  C:2165H         LINE#         155
  C:2167H         LINE#         158
  C:2185H         LINE#         159
  C:2187H         LINE#         160
  C:2187H         LINE#         162
  C:2189H         LINE#         163
  C:2189H         LINE#         164
  C:2189H         LINE#         165
  -------         ENDPROC       PACKET_PROCESS
  -------         PROC          INTERPRET_MESSAGE
  -------         DO            
  D:0026H         SYMBOL        in_packet
  -------         ENDDO         
  C:19BEH         LINE#         167
  C:19BEH         LINE#         168
  C:19BEH         LINE#         171
  C:19C7H         LINE#         174
  C:19DEH         LINE#         175
  C:19DEH         LINE#         177
  C:19DEH         LINE#         179
  C:19EDH         LINE#         180
  C:19EDH         LINE#         182
  C:19EDH         LINE#         184
  C:19F3H         LINE#         187
  C:19F9H         LINE#         188
  C:19FFH         LINE#         189
  C:1A05H         LINE#         190
  C:1A0BH         LINE#         191
  C:1A32H         LINE#         194
  C:1A62H         LINE#         197
  C:1A6BH         LINE#         198
  C:1A78H         LINE#         201
  C:1A7EH         LINE#         202
  C:1A7FH         LINE#         205
  C:1A7FH         LINE#         207
  C:1A91H         LINE#         208
  C:1A95H         LINE#         209
  C:1A99H         LINE#         210
  C:1A9DH         LINE#         211
  C:1AA1H         LINE#         212
  C:1AA5H         LINE#         213
  C:1AABH         LINE#         214
  C:1AACH         LINE#         215
  C:1AACH         LINE#         216
BL51 BANKED LINKER/LOCATER V5.15            11/17/2008  14:46:16  PAGE 37


  C:1AACH         LINE#         219
  C:1AACH         LINE#         220
  C:1AB3H         LINE#         221
  C:1AB3H         LINE#         223
  C:1AB3H         LINE#         224
  C:1AB5H         LINE#         225
  C:1AB6H         LINE#         227
  C:1AB6H         LINE#         230
  C:1AB6H         LINE#         231
  C:1AB8H         LINE#         232
  C:1AB8H         LINE#         233
  C:1AB9H         LINE#         236
  C:1AB9H         LINE#         237
  C:1AC9H         LINE#         238
  C:1AC9H         LINE#         240
  C:1AC9H         LINE#         241
  C:1AD5H         LINE#         242
  C:1AFFH         LINE#         243
  C:1B43H         LINE#         244
  C:1B87H         LINE#         245
  C:1B87H         LINE#         248
  C:1B87H         LINE#         249
  C:1B8DH         LINE#         250
  C:1B8DH         LINE#         251
  C:1B8DH         LINE#         252
  C:1B8DH         LINE#         253
  C:1B8DH         LINE#         255
  -------         ENDPROC       INTERPRET_MESSAGE
  -------         PROC          _SEND_PACKET
  D:0045H         SYMBOL        out_packet
  C:218AH         LINE#         269
  C:2190H         LINE#         270
  C:2190H         LINE#         271
  C:2195H         LINE#         273
  C:21A0H         LINE#         276
  C:21A5H         LINE#         277
  C:21AAH         LINE#         280
  C:21B7H         LINE#         281
  C:21C4H         LINE#         283
  C:21CEH         LINE#         284
  C:21E2H         LINE#         287
  C:21ECH         LINE#         288
  C:2200H         LINE#         290
  C:220AH         LINE#         291
  C:221EH         LINE#         294
  C:222EH         LINE#         295
  C:222EH         LINE#         296
  C:2246H         LINE#         297
  C:2265H         LINE#         298
  C:2269H         LINE#         301
  C:226EH         LINE#         302
  -------         ENDPROC       _SEND_PACKET
  -------         PROC          _GET_PACKET
  D:0048H         SYMBOL        in_packet
  C:2BEEH         LINE#         305
  C:2BF4H         LINE#         306
  C:2BF4H         LINE#         308
  -------         ENDPROC       _GET_PACKET
  -------         PROC          SETUP_UBLOX
  -------         DO            
  D:0023H         SYMBOL        timer
  D:0025H         SYMBOL        retry
  -------         ENDDO         
  C:2460H         LINE#         311
  C:2460H         LINE#         312
BL51 BANKED LINKER/LOCATER V5.15            11/17/2008  14:46:16  PAGE 38


  C:2460H         LINE#         314
  C:2463H         LINE#         317
  C:246DH         LINE#         318
  C:2472H         LINE#         319
  C:247AH         LINE#         320
  C:2481H         LINE#         321
  C:2485H         LINE#         322
  C:2489H         LINE#         323
  C:248DH         LINE#         324
  C:2491H         LINE#         325
  C:2493H         LINE#         326
  C:2495H         LINE#         327
  C:2499H         LINE#         328
  C:249BH         LINE#         329
  C:249DH         LINE#         330
  C:24AAH         LINE#         332
  C:24B4H         LINE#         333
  C:24B4H         LINE#         334
  C:24B9H         LINE#         336
  C:24BCH         LINE#         339
  C:24C5H         LINE#         342
  C:24C8H         LINE#         345
  C:24D7H         LINE#         346
  C:24D7H         LINE#         347
  C:24DFH         LINE#         348
  C:24E2H         LINE#         349
  C:24E4H         LINE#         351
  C:24E6H         LINE#         353
  C:24E9H         LINE#         354
  C:24EBH         LINE#         355
  C:24EDH         LINE#         358
  C:24EFH         LINE#         361
  -------         ENDPROC       SETUP_UBLOX
  -------         PROC          _SET_MESSAGE_RATE
  D:0007H         SYMBOL        class_num
  D:0005H         SYMBOL        id_num
  D:0003H         SYMBOL        rate
  -------         DO            
  D:0023H         SYMBOL        temp_packet
  -------         ENDDO         
  C:2BCEH         LINE#         365
  C:2BCEH         LINE#         366
  C:2BCEH         LINE#         369
  C:2BD1H         LINE#         370
  C:2BD4H         LINE#         371
  C:2BD7H         LINE#         372
  C:2BDAH         LINE#         374
  C:2BDCH         LINE#         375
  C:2BDEH         LINE#         376
  C:2BE0H         LINE#         377
  C:2BE2H         LINE#         378
  C:2BE4H         LINE#         379
  C:2BE6H         LINE#         381
  -------         ENDPROC       _SET_MESSAGE_RATE
  -------         PROC          _GET_UTC_TIME
  D:0034H         SYMBOL        out_time
  C:2C78H         LINE#         385
  C:2C7EH         LINE#         386
  C:2C7EH         LINE#         387
  -------         ENDPROC       _GET_UTC_TIME
  -------         ENDMOD        UBLOX_PROT

  -------         MODULE        ?C?COPY
  C:0CCCH         PUBLIC        ?C?COPY
  -------         ENDMOD        ?C?COPY
BL51 BANKED LINKER/LOCATER V5.15            11/17/2008  14:46:16  PAGE 39



  -------         MODULE        ?C?SCDIV
  C:0CF2H         PUBLIC        ?C?SCDIV
  -------         ENDMOD        ?C?SCDIV

  -------         MODULE        ?C?CLDPTR
  C:0D14H         PUBLIC        ?C?CLDPTR
  -------         ENDMOD        ?C?CLDPTR

  -------         MODULE        ?C?CLDOPTR
  C:0D2DH         PUBLIC        ?C?CLDOPTR
  -------         ENDMOD        ?C?CLDOPTR

  -------         MODULE        ?C?CSTPTR
  C:0D5AH         PUBLIC        ?C?CSTPTR
  -------         ENDMOD        ?C?CSTPTR

  -------         MODULE        ?C?IMUL
  C:0D6CH         PUBLIC        ?C?IMUL
  -------         ENDMOD        ?C?IMUL

  -------         MODULE        ?C?UIDIV
  C:0D7EH         PUBLIC        ?C?UIDIV
  -------         ENDMOD        ?C?UIDIV

  -------         MODULE        ?C?SIDIV
  C:0DD3H         PUBLIC        ?C?SIDIV
  -------         ENDMOD        ?C?SIDIV

  -------         MODULE        ?C?LMUL
  C:0E09H         PUBLIC        ?C?LMUL
  -------         ENDMOD        ?C?LMUL

  -------         MODULE        ?C?ULDIV
  C:0E94H         PUBLIC        ?C?ULDIV
  -------         ENDMOD        ?C?ULDIV

  -------         MODULE        ?C?SLDIV
  C:29B4H         PUBLIC        ?C?SLDIV
  -------         ENDMOD        ?C?SLDIV

  -------         MODULE        ?C?ULCMP
  C:0F26H         PUBLIC        ?C?ULCMP
  -------         ENDMOD        ?C?ULCMP

  -------         MODULE        ?C?LSTXDATA
  C:0F37H         PUBLIC        ?C?LSTXDATA
  -------         ENDMOD        ?C?LSTXDATA

  -------         MODULE        ?C?LSTKXDATA
  C:0F43H         PUBLIC        ?C?LSTKXDATA
  -------         ENDMOD        ?C?LSTKXDATA

  -------         MODULE        ?C?CCASE
  C:0F74H         PUBLIC        ?C?CCASE
  -------         ENDMOD        ?C?CCASE

  -------         MODULE        PRINTF
  D:0023H         PUBLIC        ?_PRINTF517?BYTE
  D:0023H         PUBLIC        ?_PRINTF?BYTE
  D:0023H         PUBLIC        ?_SPRINTF517?BYTE
  D:0023H         PUBLIC        ?_SPRINTF?BYTE
  C:140CH         PUBLIC        _PRINTF
  C:140CH         PUBLIC        _PRINTF517
  C:1406H         PUBLIC        _SPRINTF
BL51 BANKED LINKER/LOCATER V5.15            11/17/2008  14:46:16  PAGE 40


  C:1406H         PUBLIC        _SPRINTF517
  -------         ENDMOD        PRINTF

  -------         MODULE        STRLEN
  C:2CD4H         PUBLIC        _STRLEN
  -------         ENDMOD        STRLEN

  -------         MODULE        ?C?MEMSET
  C:0F9AH         PUBLIC        ?C?MEMSET
  -------         ENDMOD        ?C?MEMSET

  -------         MODULE        ?C?PLDIIDATA
  C:0FC6H         PUBLIC        ?C?PLDIIDATA
  -------         ENDMOD        ?C?PLDIIDATA

  -------         MODULE        PUTCHAR
  C:2B43H         PUBLIC        _PUTCHAR
  -------         ENDMOD        PUTCHAR

*** WARNING L16: UNCALLED SEGMENT, IGNORED FOR OVERLAY PROCESS
    SEGMENT: ?PR?PRINT_DEBUG_PAGE?GPS_MAIN

*** WARNING L16: UNCALLED SEGMENT, IGNORED FOR OVERLAY PROCESS
    SEGMENT: ?PR?I2C_GIVEACK?I2C_BUS

*** WARNING L16: UNCALLED SEGMENT, IGNORED FOR OVERLAY PROCESS
    SEGMENT: ?PR?PRINT_LTC_INFO?LTC_HANDLER

*** WARNING L16: UNCALLED SEGMENT, IGNORED FOR OVERLAY PROCESS
    SEGMENT: ?PR?SETUP_SW_UART?SW_UART

Program Size: data=93.3 xdata=447 code=11619
LINK/LOCATE RUN COMPLETE.  4 WARNING(S),  0 ERROR(S)
