--------------------------------------------------------------------------------
Release 7.1.04i Trace H.42
Copyright (c) 1995-2005 Xilinx, Inc.  All rights reserved.

C:/ISE71/bin/nt/trce.exe -ise
f:\pt8612\vhdl\xilinx\sdhd_module_v2\SDHD_module_v2.ise -intstyle ise -e 3 -l 3
-s 5 -xml hd_gen_module hd_gen_module.ncd -o hd_gen_module.twr
hd_gen_module.pcf


Design file:              hd_gen_module.ncd
Physical constraint file: hd_gen_module.pcf
Device,speed:             xc2vp20,-5 (PRODUCTION 1.91 2005-07-22)
Report level:             error report

Environment Variable      Effect 
--------------------      ------ 
NONE                      No environment variables were set
--------------------------------------------------------------------------------

WARNING:Timing:2719 - The clock HD_Gen_Channel_1/var_clk has a low pulse width
   of 3333 ps and a high pulse width of 3333 ps.  This violates the pulse width
   of component
   HD_Gen_Channel_1/video_generator_instance/rocket_io_inst/serial_data_output/
   T_CUSTOM_INST which has a minimum low pulse width of 4500 ps and a minimum
   high pulse width of 4500 ps.
WARNING:Timing:2751 - The clock HD_Gen_Channel_1/var_clk has a period
   (frequency) specification of 6666 ps (150.02 Mhz).  This violates the
   minimum period (maximum frequency) for component
   HD_Gen_Channel_1/video_generator_instance/rocket_io_inst/serial_data_output/
   T_CUSTOM_INST of 10000 ps (100.00 Mhz).
WARNING:Timing:2719 - The clock HD_Gen_Channel_1/var_clk has a low pulse width
   of 3333 ps and a high pulse width of 3333 ps.  This violates the pulse width
   of component
   HD_Gen_Channel_1/video_generator_instance/rocket_io_inst/serial_data_output/
   T_CUSTOM_INST which has a minimum low pulse width of 4500 ps and a minimum
   high pulse width of 4500 ps.
WARNING:Timing:2751 - The clock HD_Gen_Channel_1/var_clk has a period
   (frequency) specification of 6666 ps (150.02 Mhz).  This violates the
   minimum period (maximum frequency) for component
   HD_Gen_Channel_1/video_generator_instance/rocket_io_inst/serial_data_output/
   T_CUSTOM_INST of 10000 ps (100.00 Mhz).
WARNING:Timing:2719 - The clock brefclk has a low pulse width of 3333 ps and a
   high pulse width of 3333 ps.  This violates the pulse width of component
   HD_Gen_Channel_1/video_generator_instance/rocket_io_inst/serial_data_output/
   T_CUSTOM_INST which has a minimum low pulse width of 4500 ps and a minimum
   high pulse width of 4500 ps.
WARNING:Timing:2751 - The clock brefclk has a period (frequency) specification
   of 6666 ps (150.02 Mhz).  This violates the minimum period (maximum
   frequency) for component
   HD_Gen_Channel_1/video_generator_instance/rocket_io_inst/serial_data_output/
   T_CUSTOM_INST of 10000 ps (100.00 Mhz).
WARNING:Timing:2719 - The clock HD_Gen_Channel_2/var_clk has a low pulse width
   of 3333 ps and a high pulse width of 3333 ps.  This violates the pulse width
   of component
   HD_Gen_Channel_2/video_generator_instance/rocket_io_inst/serial_data_output/
   T_CUSTOM_INST which has a minimum low pulse width of 4500 ps and a minimum
   high pulse width of 4500 ps.
WARNING:Timing:2751 - The clock HD_Gen_Channel_2/var_clk has a period
   (frequency) specification of 6666 ps (150.02 Mhz).  This violates the
   minimum period (maximum frequency) for component
   HD_Gen_Channel_2/video_generator_instance/rocket_io_inst/serial_data_output/
   T_CUSTOM_INST of 10000 ps (100.00 Mhz).
WARNING:Timing:2719 - The clock HD_Gen_Channel_2/var_clk has a low pulse width
   of 3333 ps and a high pulse width of 3333 ps.  This violates the pulse width
   of component
   HD_Gen_Channel_2/video_generator_instance/rocket_io_inst/serial_data_output/
   T_CUSTOM_INST which has a minimum low pulse width of 4500 ps and a minimum
   high pulse width of 4500 ps.
WARNING:Timing:2751 - The clock HD_Gen_Channel_2/var_clk has a period
   (frequency) specification of 6666 ps (150.02 Mhz).  This violates the
   minimum period (maximum frequency) for component
   HD_Gen_Channel_2/video_generator_instance/rocket_io_inst/serial_data_output/
   T_CUSTOM_INST of 10000 ps (100.00 Mhz).
WARNING:Timing:2719 - The clock brefclk has a low pulse width of 3333 ps and a
   high pulse width of 3333 ps.  This violates the pulse width of component
   HD_Gen_Channel_2/video_generator_instance/rocket_io_inst/serial_data_output/
   T_CUSTOM_INST which has a minimum low pulse width of 4500 ps and a minimum
   high pulse width of 4500 ps.
WARNING:Timing:2751 - The clock brefclk has a period (frequency) specification
   of 6666 ps (150.02 Mhz).  This violates the minimum period (maximum
   frequency) for component
   HD_Gen_Channel_2/video_generator_instance/rocket_io_inst/serial_data_output/
   T_CUSTOM_INST of 10000 ps (100.00 Mhz).
WARNING:Timing:2719 - The clock HD_Gen_Channel_3/var_clk has a low pulse width
   of 3333 ps and a high pulse width of 3333 ps.  This violates the pulse width
   of component
   HD_Gen_Channel_3/video_generator_instance/rocket_io_inst/serial_data_output/
   T_CUSTOM_INST which has a minimum low pulse width of 4500 ps and a minimum
   high pulse width of 4500 ps.
WARNING:Timing:2751 - The clock HD_Gen_Channel_3/var_clk has a period
   (frequency) specification of 6666 ps (150.02 Mhz).  This violates the
   minimum period (maximum frequency) for component
   HD_Gen_Channel_3/video_generator_instance/rocket_io_inst/serial_data_output/
   T_CUSTOM_INST of 10000 ps (100.00 Mhz).
WARNING:Timing:2719 - The clock HD_Gen_Channel_3/var_clk has a low pulse width
   of 3333 ps and a high pulse width of 3333 ps.  This violates the pulse width
   of component
   HD_Gen_Channel_3/video_generator_instance/rocket_io_inst/serial_data_output/
   T_CUSTOM_INST which has a minimum low pulse width of 4500 ps and a minimum
   high pulse width of 4500 ps.
WARNING:Timing:2751 - The clock HD_Gen_Channel_3/var_clk has a period
   (frequency) specification of 6666 ps (150.02 Mhz).  This violates the
   minimum period (maximum frequency) for component
   HD_Gen_Channel_3/video_generator_instance/rocket_io_inst/serial_data_output/
   T_CUSTOM_INST of 10000 ps (100.00 Mhz).
WARNING:Timing:2719 - The clock brefclk has a low pulse width of 3333 ps and a
   high pulse width of 3333 ps.  This violates the pulse width of component
   HD_Gen_Channel_3/video_generator_instance/rocket_io_inst/serial_data_output/
   T_CUSTOM_INST which has a minimum low pulse width of 4500 ps and a minimum
   high pulse width of 4500 ps.
WARNING:Timing:2751 - The clock brefclk has a period (frequency) specification
   of 6666 ps (150.02 Mhz).  This violates the minimum period (maximum
   frequency) for component
   HD_Gen_Channel_3/video_generator_instance/rocket_io_inst/serial_data_output/
   T_CUSTOM_INST of 10000 ps (100.00 Mhz).
WARNING:Timing:2719 - The clock HD_Gen_Channel_4/var_clk has a low pulse width
   of 3333 ps and a high pulse width of 3333 ps.  This violates the pulse width
   of component
   HD_Gen_Channel_4/video_generator_instance/rocket_io_inst/serial_data_output/
   T_CUSTOM_INST which has a minimum low pulse width of 4500 ps and a minimum
   high pulse width of 4500 ps.
WARNING:Timing:2751 - The clock HD_Gen_Channel_4/var_clk has a period
   (frequency) specification of 6666 ps (150.02 Mhz).  This violates the
   minimum period (maximum frequency) for component
   HD_Gen_Channel_4/video_generator_instance/rocket_io_inst/serial_data_output/
   T_CUSTOM_INST of 10000 ps (100.00 Mhz).
WARNING:Timing:2719 - The clock HD_Gen_Channel_4/var_clk has a low pulse width
   of 3333 ps and a high pulse width of 3333 ps.  This violates the pulse width
   of component
   HD_Gen_Channel_4/video_generator_instance/rocket_io_inst/serial_data_output/
   T_CUSTOM_INST which has a minimum low pulse width of 4500 ps and a minimum
   high pulse width of 4500 ps.
WARNING:Timing:2751 - The clock HD_Gen_Channel_4/var_clk has a period
   (frequency) specification of 6666 ps (150.02 Mhz).  This violates the
   minimum period (maximum frequency) for component
   HD_Gen_Channel_4/video_generator_instance/rocket_io_inst/serial_data_output/
   T_CUSTOM_INST of 10000 ps (100.00 Mhz).
WARNING:Timing:2719 - The clock brefclk has a low pulse width of 3333 ps and a
   high pulse width of 3333 ps.  This violates the pulse width of component
   HD_Gen_Channel_4/video_generator_instance/rocket_io_inst/serial_data_output/
   T_CUSTOM_INST which has a minimum low pulse width of 4500 ps and a minimum
   high pulse width of 4500 ps.
WARNING:Timing:2751 - The clock brefclk has a period (frequency) specification
   of 6666 ps (150.02 Mhz).  This violates the minimum period (maximum
   frequency) for component
   HD_Gen_Channel_4/video_generator_instance/rocket_io_inst/serial_data_output/
   T_CUSTOM_INST of 10000 ps (100.00 Mhz).
WARNING:Timing:2719 - The clock HD_Gen_Channel_1/var_clk has a low pulse width
   of 3333 ps and a high pulse width of 3333 ps.  This violates the pulse width
   of component
   HD_Gen_Channel_1/video_generator_instance/rocket_io_inst/serial_data_output/
   T_CUSTOM_INST which has a minimum low pulse width of 4500 ps and a minimum
   high pulse width of 4500 ps.
WARNING:Timing:2751 - The clock HD_Gen_Channel_1/var_clk has a period
   (frequency) specification of 6666 ps (150.02 Mhz).  This violates the
   minimum period (maximum frequency) for component
   HD_Gen_Channel_1/video_generator_instance/rocket_io_inst/serial_data_output/
   T_CUSTOM_INST of 10000 ps (100.00 Mhz).
WARNING:Timing:2719 - The clock HD_Gen_Channel_1/var_clk has a low pulse width
   of 3333 ps and a high pulse width of 3333 ps.  This violates the pulse width
   of component
   HD_Gen_Channel_1/video_generator_instance/rocket_io_inst/serial_data_output/
   T_CUSTOM_INST which has a minimum low pulse width of 4500 ps and a minimum
   high pulse width of 4500 ps.
WARNING:Timing:2751 - The clock HD_Gen_Channel_1/var_clk has a period
   (frequency) specification of 6666 ps (150.02 Mhz).  This violates the
   minimum period (maximum frequency) for component
   HD_Gen_Channel_1/video_generator_instance/rocket_io_inst/serial_data_output/
   T_CUSTOM_INST of 10000 ps (100.00 Mhz).
WARNING:Timing:2719 - The clock brefclk has a low pulse width of 3333 ps and a
   high pulse width of 3333 ps.  This violates the pulse width of component
   HD_Gen_Channel_1/video_generator_instance/rocket_io_inst/serial_data_output/
   T_CUSTOM_INST which has a minimum low pulse width of 4500 ps and a minimum
   high pulse width of 4500 ps.
WARNING:Timing:2751 - The clock brefclk has a period (frequency) specification
   of 6666 ps (150.02 Mhz).  This violates the minimum period (maximum
   frequency) for component
   HD_Gen_Channel_1/video_generator_instance/rocket_io_inst/serial_data_output/
   T_CUSTOM_INST of 10000 ps (100.00 Mhz).
WARNING:Timing:2719 - The clock HD_Gen_Channel_2/var_clk has a low pulse width
   of 3333 ps and a high pulse width of 3333 ps.  This violates the pulse width
   of component
   HD_Gen_Channel_2/video_generator_instance/rocket_io_inst/serial_data_output/
   T_CUSTOM_INST which has a minimum low pulse width of 4500 ps and a minimum
   high pulse width of 4500 ps.
WARNING:Timing:2751 - The clock HD_Gen_Channel_2/var_clk has a period
   (frequency) specification of 6666 ps (150.02 Mhz).  This violates the
   minimum period (maximum frequency) for component
   HD_Gen_Channel_2/video_generator_instance/rocket_io_inst/serial_data_output/
   T_CUSTOM_INST of 10000 ps (100.00 Mhz).
WARNING:Timing:2719 - The clock HD_Gen_Channel_2/var_clk has a low pulse width
   of 3333 ps and a high pulse width of 3333 ps.  This violates the pulse width
   of component
   HD_Gen_Channel_2/video_generator_instance/rocket_io_inst/serial_data_output/
   T_CUSTOM_INST which has a minimum low pulse width of 4500 ps and a minimum
   high pulse width of 4500 ps.
WARNING:Timing:2751 - The clock HD_Gen_Channel_2/var_clk has a period
   (frequency) specification of 6666 ps (150.02 Mhz).  This violates the
   minimum period (maximum frequency) for component
   HD_Gen_Channel_2/video_generator_instance/rocket_io_inst/serial_data_output/
   T_CUSTOM_INST of 10000 ps (100.00 Mhz).
WARNING:Timing:2719 - The clock brefclk has a low pulse width of 3333 ps and a
   high pulse width of 3333 ps.  This violates the pulse width of component
   HD_Gen_Channel_2/video_generator_instance/rocket_io_inst/serial_data_output/
   T_CUSTOM_INST which has a minimum low pulse width of 4500 ps and a minimum
   high pulse width of 4500 ps.
WARNING:Timing:2751 - The clock brefclk has a period (frequency) specification
   of 6666 ps (150.02 Mhz).  This violates the minimum period (maximum
   frequency) for component
   HD_Gen_Channel_2/video_generator_instance/rocket_io_inst/serial_data_output/
   T_CUSTOM_INST of 10000 ps (100.00 Mhz).
WARNING:Timing:2719 - The clock HD_Gen_Channel_3/var_clk has a low pulse width
   of 3333 ps and a high pulse width of 3333 ps.  This violates the pulse width
   of component
   HD_Gen_Channel_3/video_generator_instance/rocket_io_inst/serial_data_output/
   T_CUSTOM_INST which has a minimum low pulse width of 4500 ps and a minimum
   high pulse width of 4500 ps.
WARNING:Timing:2751 - The clock HD_Gen_Channel_3/var_clk has a period
   (frequency) specification of 6666 ps (150.02 Mhz).  This violates the
   minimum period (maximum frequency) for component
   HD_Gen_Channel_3/video_generator_instance/rocket_io_inst/serial_data_output/
   T_CUSTOM_INST of 10000 ps (100.00 Mhz).
WARNING:Timing:2719 - The clock HD_Gen_Channel_3/var_clk has a low pulse width
   of 3333 ps and a high pulse width of 3333 ps.  This violates the pulse width
   of component
   HD_Gen_Channel_3/video_generator_instance/rocket_io_inst/serial_data_output/
   T_CUSTOM_INST which has a minimum low pulse width of 4500 ps and a minimum
   high pulse width of 4500 ps.
WARNING:Timing:2751 - The clock HD_Gen_Channel_3/var_clk has a period
   (frequency) specification of 6666 ps (150.02 Mhz).  This violates the
   minimum period (maximum frequency) for component
   HD_Gen_Channel_3/video_generator_instance/rocket_io_inst/serial_data_output/
   T_CUSTOM_INST of 10000 ps (100.00 Mhz).
WARNING:Timing:2719 - The clock brefclk has a low pulse width of 3333 ps and a
   high pulse width of 3333 ps.  This violates the pulse width of component
   HD_Gen_Channel_3/video_generator_instance/rocket_io_inst/serial_data_output/
   T_CUSTOM_INST which has a minimum low pulse width of 4500 ps and a minimum
   high pulse width of 4500 ps.
WARNING:Timing:2751 - The clock brefclk has a period (frequency) specification
   of 6666 ps (150.02 Mhz).  This violates the minimum period (maximum
   frequency) for component
   HD_Gen_Channel_3/video_generator_instance/rocket_io_inst/serial_data_output/
   T_CUSTOM_INST of 10000 ps (100.00 Mhz).
WARNING:Timing:2719 - The clock HD_Gen_Channel_4/var_clk has a low pulse width
   of 3333 ps and a high pulse width of 3333 ps.  This violates the pulse width
   of component
   HD_Gen_Channel_4/video_generator_instance/rocket_io_inst/serial_data_output/
   T_CUSTOM_INST which has a minimum low pulse width of 4500 ps and a minimum
   high pulse width of 4500 ps.
WARNING:Timing:2751 - The clock HD_Gen_Channel_4/var_clk has a period
   (frequency) specification of 6666 ps (150.02 Mhz).  This violates the
   minimum period (maximum frequency) for component
   HD_Gen_Channel_4/video_generator_instance/rocket_io_inst/serial_data_output/
   T_CUSTOM_INST of 10000 ps (100.00 Mhz).
WARNING:Timing:2719 - The clock HD_Gen_Channel_4/var_clk has a low pulse width
   of 3333 ps and a high pulse width of 3333 ps.  This violates the pulse width
   of component
   HD_Gen_Channel_4/video_generator_instance/rocket_io_inst/serial_data_output/
   T_CUSTOM_INST which has a minimum low pulse width of 4500 ps and a minimum
   high pulse width of 4500 ps.
WARNING:Timing:2751 - The clock HD_Gen_Channel_4/var_clk has a period
   (frequency) specification of 6666 ps (150.02 Mhz).  This violates the
   minimum period (maximum frequency) for component
   HD_Gen_Channel_4/video_generator_instance/rocket_io_inst/serial_data_output/
   T_CUSTOM_INST of 10000 ps (100.00 Mhz).
WARNING:Timing:2719 - The clock brefclk has a low pulse width of 3333 ps and a
   high pulse width of 3333 ps.  This violates the pulse width of component
   HD_Gen_Channel_4/video_generator_instance/rocket_io_inst/serial_data_output/
   T_CUSTOM_INST which has a minimum low pulse width of 4500 ps and a minimum
   high pulse width of 4500 ps.
WARNING:Timing:2751 - The clock brefclk has a period (frequency) specification
   of 6666 ps (150.02 Mhz).  This violates the minimum period (maximum
   frequency) for component
   HD_Gen_Channel_4/video_generator_instance/rocket_io_inst/serial_data_output/
   T_CUSTOM_INST of 10000 ps (100.00 Mhz).
WARNING:Timing:2719 - The clock HD_Gen_Channel_1/var_clk has a low pulse width
   of 3333 ps and a high pulse width of 3333 ps.  This violates the pulse width
   of component
   HD_Gen_Channel_1/video_generator_instance/rocket_io_inst/serial_data_output/
   T_CUSTOM_INST which has a minimum low pulse width of 4500 ps and a minimum
   high pulse width of 4500 ps.
WARNING:Timing:2751 - The clock HD_Gen_Channel_1/var_clk has a period
   (frequency) specification of 6666 ps (150.02 Mhz).  This violates the
   minimum period (maximum frequency) for component
   HD_Gen_Channel_1/video_generator_instance/rocket_io_inst/serial_data_output/
   T_CUSTOM_INST of 10000 ps (100.00 Mhz).
WARNING:Timing:2719 - The clock HD_Gen_Channel_1/var_clk has a low pulse width
   of 3333 ps and a high pulse width of 3333 ps.  This violates the pulse width
   of component
   HD_Gen_Channel_1/video_generator_instance/rocket_io_inst/serial_data_output/
   T_CUSTOM_INST which has a minimum low pulse width of 4500 ps and a minimum
   high pulse width of 4500 ps.
WARNING:Timing:2751 - The clock HD_Gen_Channel_1/var_clk has a period
   (frequency) specification of 6666 ps (150.02 Mhz).  This violates the
   minimum period (maximum frequency) for component
   HD_Gen_Channel_1/video_generator_instance/rocket_io_inst/serial_data_output/
   T_CUSTOM_INST of 10000 ps (100.00 Mhz).
WARNING:Timing:2719 - The clock brefclk2 has a low pulse width of 3333 ps and a
   high pulse width of 3333 ps.  This violates the pulse width of component
   HD_Gen_Channel_1/video_generator_instance/rocket_io_inst/serial_data_output/
   T_CUSTOM_INST which has a minimum low pulse width of 4500 ps and a minimum
   high pulse width of 4500 ps.
WARNING:Timing:2751 - The clock brefclk2 has a period (frequency) specification
   of 6666 ps (150.02 Mhz).  This violates the minimum period (maximum
   frequency) for component
   HD_Gen_Channel_1/video_generator_instance/rocket_io_inst/serial_data_output/
   T_CUSTOM_INST of 10000 ps (100.00 Mhz).
WARNING:Timing:2719 - The clock HD_Gen_Channel_2/var_clk has a low pulse width
   of 3333 ps and a high pulse width of 3333 ps.  This violates the pulse width
   of component
   HD_Gen_Channel_2/video_generator_instance/rocket_io_inst/serial_data_output/
   T_CUSTOM_INST which has a minimum low pulse width of 4500 ps and a minimum
   high pulse width of 4500 ps.
WARNING:Timing:2751 - The clock HD_Gen_Channel_2/var_clk has a period
   (frequency) specification of 6666 ps (150.02 Mhz).  This violates the
   minimum period (maximum frequency) for component
   HD_Gen_Channel_2/video_generator_instance/rocket_io_inst/serial_data_output/
   T_CUSTOM_INST of 10000 ps (100.00 Mhz).
WARNING:Timing:2719 - The clock HD_Gen_Channel_2/var_clk has a low pulse width
   of 3333 ps and a high pulse width of 3333 ps.  This violates the pulse width
   of component
   HD_Gen_Channel_2/video_generator_instance/rocket_io_inst/serial_data_output/
   T_CUSTOM_INST which has a minimum low pulse width of 4500 ps and a minimum
   high pulse width of 4500 ps.
WARNING:Timing:2751 - The clock HD_Gen_Channel_2/var_clk has a period
   (frequency) specification of 6666 ps (150.02 Mhz).  This violates the
   minimum period (maximum frequency) for component
   HD_Gen_Channel_2/video_generator_instance/rocket_io_inst/serial_data_output/
   T_CUSTOM_INST of 10000 ps (100.00 Mhz).
WARNING:Timing:2719 - The clock brefclk2 has a low pulse width of 3333 ps and a
   high pulse width of 3333 ps.  This violates the pulse width of component
   HD_Gen_Channel_2/video_generator_instance/rocket_io_inst/serial_data_output/
   T_CUSTOM_INST which has a minimum low pulse width of 4500 ps and a minimum
   high pulse width of 4500 ps.
WARNING:Timing:2751 - The clock brefclk2 has a period (frequency) specification
   of 6666 ps (150.02 Mhz).  This violates the minimum period (maximum
   frequency) for component
   HD_Gen_Channel_2/video_generator_instance/rocket_io_inst/serial_data_output/
   T_CUSTOM_INST of 10000 ps (100.00 Mhz).
WARNING:Timing:2719 - The clock HD_Gen_Channel_3/var_clk has a low pulse width
   of 3333 ps and a high pulse width of 3333 ps.  This violates the pulse width
   of component
   HD_Gen_Channel_3/video_generator_instance/rocket_io_inst/serial_data_output/
   T_CUSTOM_INST which has a minimum low pulse width of 4500 ps and a minimum
   high pulse width of 4500 ps.
WARNING:Timing:2751 - The clock HD_Gen_Channel_3/var_clk has a period
   (frequency) specification of 6666 ps (150.02 Mhz).  This violates the
   minimum period (maximum frequency) for component
   HD_Gen_Channel_3/video_generator_instance/rocket_io_inst/serial_data_output/
   T_CUSTOM_INST of 10000 ps (100.00 Mhz).
WARNING:Timing:2719 - The clock HD_Gen_Channel_3/var_clk has a low pulse width
   of 3333 ps and a high pulse width of 3333 ps.  This violates the pulse width
   of component
   HD_Gen_Channel_3/video_generator_instance/rocket_io_inst/serial_data_output/
   T_CUSTOM_INST which has a minimum low pulse width of 4500 ps and a minimum
   high pulse width of 4500 ps.
WARNING:Timing:2751 - The clock HD_Gen_Channel_3/var_clk has a period
   (frequency) specification of 6666 ps (150.02 Mhz).  This violates the
   minimum period (maximum frequency) for component
   HD_Gen_Channel_3/video_generator_instance/rocket_io_inst/serial_data_output/
   T_CUSTOM_INST of 10000 ps (100.00 Mhz).
WARNING:Timing:2719 - The clock brefclk2 has a low pulse width of 3333 ps and a
   high pulse width of 3333 ps.  This violates the pulse width of component
   HD_Gen_Channel_3/video_generator_instance/rocket_io_inst/serial_data_output/
   T_CUSTOM_INST which has a minimum low pulse width of 4500 ps and a minimum
   high pulse width of 4500 ps.
WARNING:Timing:2751 - The clock brefclk2 has a period (frequency) specification
   of 6666 ps (150.02 Mhz).  This violates the minimum period (maximum
   frequency) for component
   HD_Gen_Channel_3/video_generator_instance/rocket_io_inst/serial_data_output/
   T_CUSTOM_INST of 10000 ps (100.00 Mhz).
WARNING:Timing:2719 - The clock HD_Gen_Channel_4/var_clk has a low pulse width
   of 3333 ps and a high pulse width of 3333 ps.  This violates the pulse width
   of component
   HD_Gen_Channel_4/video_generator_instance/rocket_io_inst/serial_data_output/
   T_CUSTOM_INST which has a minimum low pulse width of 4500 ps and a minimum
   high pulse width of 4500 ps.
WARNING:Timing:2751 - The clock HD_Gen_Channel_4/var_clk has a period
   (frequency) specification of 6666 ps (150.02 Mhz).  This violates the
   minimum period (maximum frequency) for component
   HD_Gen_Channel_4/video_generator_instance/rocket_io_inst/serial_data_output/
   T_CUSTOM_INST of 10000 ps (100.00 Mhz).
WARNING:Timing:2719 - The clock HD_Gen_Channel_4/var_clk has a low pulse width
   of 3333 ps and a high pulse width of 3333 ps.  This violates the pulse width
   of component
   HD_Gen_Channel_4/video_generator_instance/rocket_io_inst/serial_data_output/
   T_CUSTOM_INST which has a minimum low pulse width of 4500 ps and a minimum
   high pulse width of 4500 ps.
WARNING:Timing:2751 - The clock HD_Gen_Channel_4/var_clk has a period
   (frequency) specification of 6666 ps (150.02 Mhz).  This violates the
   minimum period (maximum frequency) for component
   HD_Gen_Channel_4/video_generator_instance/rocket_io_inst/serial_data_output/
   T_CUSTOM_INST of 10000 ps (100.00 Mhz).
WARNING:Timing:2719 - The clock brefclk2 has a low pulse width of 3333 ps and a
   high pulse width of 3333 ps.  This violates the pulse width of component
   HD_Gen_Channel_4/video_generator_instance/rocket_io_inst/serial_data_output/
   T_CUSTOM_INST which has a minimum low pulse width of 4500 ps and a minimum
   high pulse width of 4500 ps.
WARNING:Timing:2751 - The clock brefclk2 has a period (frequency) specification
   of 6666 ps (150.02 Mhz).  This violates the minimum period (maximum
   frequency) for component
   HD_Gen_Channel_4/video_generator_instance/rocket_io_inst/serial_data_output/
   T_CUSTOM_INST of 10000 ps (100.00 Mhz).
WARNING:Timing:2719 - The clock HD_Gen_Channel_1/var_clk has a low pulse width
   of 3333 ps and a high pulse width of 3333 ps.  This violates the pulse width
   of component
   HD_Gen_Channel_1/video_generator_instance/rocket_io_inst/serial_data_output/
   T_CUSTOM_INST which has a minimum low pulse width of 4500 ps and a minimum
   high pulse width of 4500 ps.
WARNING:Timing:2751 - The clock HD_Gen_Channel_1/var_clk has a period
   (frequency) specification of 6666 ps (150.02 Mhz).  This violates the
   minimum period (maximum frequency) for component
   HD_Gen_Channel_1/video_generator_instance/rocket_io_inst/serial_data_output/
   T_CUSTOM_INST of 10000 ps (100.00 Mhz).
WARNING:Timing:2719 - The clock HD_Gen_Channel_1/var_clk has a low pulse width
   of 3333 ps and a high pulse width of 3333 ps.  This violates the pulse width
   of component
   HD_Gen_Channel_1/video_generator_instance/rocket_io_inst/serial_data_output/
   T_CUSTOM_INST which has a minimum low pulse width of 4500 ps and a minimum
   high pulse width of 4500 ps.
WARNING:Timing:2751 - The clock HD_Gen_Channel_1/var_clk has a period
   (frequency) specification of 6666 ps (150.02 Mhz).  This violates the
   minimum period (maximum frequency) for component
   HD_Gen_Channel_1/video_generator_instance/rocket_io_inst/serial_data_output/
   T_CUSTOM_INST of 10000 ps (100.00 Mhz).
WARNING:Timing:2719 - The clock brefclk2 has a low pulse width of 3333 ps and a
   high pulse width of 3333 ps.  This violates the pulse width of component
   HD_Gen_Channel_1/video_generator_instance/rocket_io_inst/serial_data_output/
   T_CUSTOM_INST which has a minimum low pulse width of 4500 ps and a minimum
   high pulse width of 4500 ps.
WARNING:Timing:2751 - The clock brefclk2 has a period (frequency) specification
   of 6666 ps (150.02 Mhz).  This violates the minimum period (maximum
   frequency) for component
   HD_Gen_Channel_1/video_generator_instance/rocket_io_inst/serial_data_output/
   T_CUSTOM_INST of 10000 ps (100.00 Mhz).
WARNING:Timing:2719 - The clock HD_Gen_Channel_2/var_clk has a low pulse width
   of 3333 ps and a high pulse width of 3333 ps.  This violates the pulse width
   of component
   HD_Gen_Channel_2/video_generator_instance/rocket_io_inst/serial_data_output/
   T_CUSTOM_INST which has a minimum low pulse width of 4500 ps and a minimum
   high pulse width of 4500 ps.
WARNING:Timing:2751 - The clock HD_Gen_Channel_2/var_clk has a period
   (frequency) specification of 6666 ps (150.02 Mhz).  This violates the
   minimum period (maximum frequency) for component
   HD_Gen_Channel_2/video_generator_instance/rocket_io_inst/serial_data_output/
   T_CUSTOM_INST of 10000 ps (100.00 Mhz).
WARNING:Timing:2719 - The clock HD_Gen_Channel_2/var_clk has a low pulse width
   of 3333 ps and a high pulse width of 3333 ps.  This violates the pulse width
   of component
   HD_Gen_Channel_2/video_generator_instance/rocket_io_inst/serial_data_output/
   T_CUSTOM_INST which has a minimum low pulse width of 4500 ps and a minimum
   high pulse width of 4500 ps.
WARNING:Timing:2751 - The clock HD_Gen_Channel_2/var_clk has a period
   (frequency) specification of 6666 ps (150.02 Mhz).  This violates the
   minimum period (maximum frequency) for component
   HD_Gen_Channel_2/video_generator_instance/rocket_io_inst/serial_data_output/
   T_CUSTOM_INST of 10000 ps (100.00 Mhz).
WARNING:Timing:2719 - The clock brefclk2 has a low pulse width of 3333 ps and a
   high pulse width of 3333 ps.  This violates the pulse width of component
   HD_Gen_Channel_2/video_generator_instance/rocket_io_inst/serial_data_output/
   T_CUSTOM_INST which has a minimum low pulse width of 4500 ps and a minimum
   high pulse width of 4500 ps.
WARNING:Timing:2751 - The clock brefclk2 has a period (frequency) specification
   of 6666 ps (150.02 Mhz).  This violates the minimum period (maximum
   frequency) for component
   HD_Gen_Channel_2/video_generator_instance/rocket_io_inst/serial_data_output/
   T_CUSTOM_INST of 10000 ps (100.00 Mhz).
WARNING:Timing:2719 - The clock HD_Gen_Channel_3/var_clk has a low pulse width
   of 3333 ps and a high pulse width of 3333 ps.  This violates the pulse width
   of component
   HD_Gen_Channel_3/video_generator_instance/rocket_io_inst/serial_data_output/
   T_CUSTOM_INST which has a minimum low pulse width of 4500 ps and a minimum
   high pulse width of 4500 ps.
WARNING:Timing:2751 - The clock HD_Gen_Channel_3/var_clk has a period
   (frequency) specification of 6666 ps (150.02 Mhz).  This violates the
   minimum period (maximum frequency) for component
   HD_Gen_Channel_3/video_generator_instance/rocket_io_inst/serial_data_output/
   T_CUSTOM_INST of 10000 ps (100.00 Mhz).
WARNING:Timing:2719 - The clock HD_Gen_Channel_3/var_clk has a low pulse width
   of 3333 ps and a high pulse width of 3333 ps.  This violates the pulse width
   of component
   HD_Gen_Channel_3/video_generator_instance/rocket_io_inst/serial_data_output/
   T_CUSTOM_INST which has a minimum low pulse width of 4500 ps and a minimum
   high pulse width of 4500 ps.
WARNING:Timing:2751 - The clock HD_Gen_Channel_3/var_clk has a period
   (frequency) specification of 6666 ps (150.02 Mhz).  This violates the
   minimum period (maximum frequency) for component
   HD_Gen_Channel_3/video_generator_instance/rocket_io_inst/serial_data_output/
   T_CUSTOM_INST of 10000 ps (100.00 Mhz).
WARNING:Timing:2719 - The clock brefclk2 has a low pulse width of 3333 ps and a
   high pulse width of 3333 ps.  This violates the pulse width of component
   HD_Gen_Channel_3/video_generator_instance/rocket_io_inst/serial_data_output/
   T_CUSTOM_INST which has a minimum low pulse width of 4500 ps and a minimum
   high pulse width of 4500 ps.
WARNING:Timing:2751 - The clock brefclk2 has a period (frequency) specification
   of 6666 ps (150.02 Mhz).  This violates the minimum period (maximum
   frequency) for component
   HD_Gen_Channel_3/video_generator_instance/rocket_io_inst/serial_data_output/
   T_CUSTOM_INST of 10000 ps (100.00 Mhz).
WARNING:Timing:2719 - The clock HD_Gen_Channel_4/var_clk has a low pulse width
   of 3333 ps and a high pulse width of 3333 ps.  This violates the pulse width
   of component
   HD_Gen_Channel_4/video_generator_instance/rocket_io_inst/serial_data_output/
   T_CUSTOM_INST which has a minimum low pulse width of 4500 ps and a minimum
   high pulse width of 4500 ps.
WARNING:Timing:2751 - The clock HD_Gen_Channel_4/var_clk has a period
   (frequency) specification of 6666 ps (150.02 Mhz).  This violates the
   minimum period (maximum frequency) for component
   HD_Gen_Channel_4/video_generator_instance/rocket_io_inst/serial_data_output/
   T_CUSTOM_INST of 10000 ps (100.00 Mhz).
WARNING:Timing:2719 - The clock HD_Gen_Channel_4/var_clk has a low pulse width
   of 3333 ps and a high pulse width of 3333 ps.  This violates the pulse width
   of component
   HD_Gen_Channel_4/video_generator_instance/rocket_io_inst/serial_data_output/
   T_CUSTOM_INST which has a minimum low pulse width of 4500 ps and a minimum
   high pulse width of 4500 ps.
WARNING:Timing:2751 - The clock HD_Gen_Channel_4/var_clk has a period
   (frequency) specification of 6666 ps (150.02 Mhz).  This violates the
   minimum period (maximum frequency) for component
   HD_Gen_Channel_4/video_generator_instance/rocket_io_inst/serial_data_output/
   T_CUSTOM_INST of 10000 ps (100.00 Mhz).
WARNING:Timing:2719 - The clock brefclk2 has a low pulse width of 3333 ps and a
   high pulse width of 3333 ps.  This violates the pulse width of component
   HD_Gen_Channel_4/video_generator_instance/rocket_io_inst/serial_data_output/
   T_CUSTOM_INST which has a minimum low pulse width of 4500 ps and a minimum
   high pulse width of 4500 ps.
WARNING:Timing:2751 - The clock brefclk2 has a period (frequency) specification
   of 6666 ps (150.02 Mhz).  This violates the minimum period (maximum
   frequency) for component
   HD_Gen_Channel_4/video_generator_instance/rocket_io_inst/serial_data_output/
   T_CUSTOM_INST of 10000 ps (100.00 Mhz).
INFO:Timing:2752 - To get complete path coverage, use the unconstrained paths
   option. All paths that are not constrained will be reported in the
   unconstrained paths section(s) of the report.

================================================================================
Timing constraint: TS_brefclk_p_i = PERIOD TIMEGRP "brefclk_p_i" 150 MHz HIGH 50% INPUT_JITTER 1
        ns;

 0 items analyzed, 0 timing errors detected.
--------------------------------------------------------------------------------

================================================================================
Timing constraint: TS_brefclk_n_i = PERIOD TIMEGRP "brefclk_n_i" 150 MHz HIGH 50% INPUT_JITTER 1
        ns;

 591 items analyzed, 0 timing errors detected. (0 setup errors, 0 hold errors)
 Minimum period is   4.142ns.
--------------------------------------------------------------------------------

================================================================================
Timing constraint: TS_brefclk2_p_i = PERIOD TIMEGRP "brefclk2_p_i" 150 MHz HIGH 50% INPUT_JITTER
        1 ns;

 0 items analyzed, 0 timing errors detected.
--------------------------------------------------------------------------------

================================================================================
Timing constraint: TS_brefclk2_n_i = PERIOD TIMEGRP "brefclk2_n_i" 150 MHz HIGH 50% INPUT_JITTER
        1 ns;

 81000 items analyzed, 0 timing errors detected. (0 setup errors, 0 hold errors)
 Minimum period is   6.649ns.
--------------------------------------------------------------------------------


All constraints were met.


Data Sheet report:
-----------------
All values displayed in nanoseconds (ns)

Clock to Setup on destination clock brefclk2_n_i
---------------+---------+---------+---------+---------+
               | Src:Rise| Src:Fall| Src:Rise| Src:Fall|
Source Clock   |Dest:Rise|Dest:Rise|Dest:Fall|Dest:Fall|
---------------+---------+---------+---------+---------+
brefclk2_n_i   |    6.649|         |         |         |
brefclk2_p_i   |    6.649|         |         |         |
brefclk_n_i    |    6.649|         |         |         |
brefclk_p_i    |    6.649|         |         |         |
---------------+---------+---------+---------+---------+

Clock to Setup on destination clock brefclk2_p_i
---------------+---------+---------+---------+---------+
               | Src:Rise| Src:Fall| Src:Rise| Src:Fall|
Source Clock   |Dest:Rise|Dest:Rise|Dest:Fall|Dest:Fall|
---------------+---------+---------+---------+---------+
brefclk2_n_i   |    6.649|         |         |         |
brefclk2_p_i   |    6.649|         |         |         |
brefclk_n_i    |    6.649|         |         |         |
brefclk_p_i    |    6.649|         |         |         |
---------------+---------+---------+---------+---------+

Clock to Setup on destination clock brefclk_n_i
---------------+---------+---------+---------+---------+
               | Src:Rise| Src:Fall| Src:Rise| Src:Fall|
Source Clock   |Dest:Rise|Dest:Rise|Dest:Fall|Dest:Fall|
---------------+---------+---------+---------+---------+
brefclk2_n_i   |    6.649|         |         |         |
brefclk2_p_i   |    6.649|         |         |         |
brefclk_n_i    |    6.649|         |         |         |
brefclk_p_i    |    6.649|         |         |         |
---------------+---------+---------+---------+---------+

Clock to Setup on destination clock brefclk_p_i
---------------+---------+---------+---------+---------+
               | Src:Rise| Src:Fall| Src:Rise| Src:Fall|
Source Clock   |Dest:Rise|Dest:Rise|Dest:Fall|Dest:Fall|
---------------+---------+---------+---------+---------+
brefclk2_n_i   |    6.649|         |         |         |
brefclk2_p_i   |    6.649|         |         |         |
brefclk_n_i    |    6.649|         |         |         |
brefclk_p_i    |    6.649|         |         |         |
---------------+---------+---------+---------+---------+


Timing summary:
---------------

Timing errors: 0  Score: 0

Constraints cover 81591 paths, 0 nets, and 40778 connections

Design statistics:
   Minimum period:   6.649ns (Maximum frequency: 150.399MHz)


Analysis completed Mon Dec 12 11:34:48 2005
--------------------------------------------------------------------------------



Peak Memory Usage: 260 MB
