BL51 BANKED LINKER/LOCATER V5.15              06/13/2013  14:21:19  PAGE 1


BL51 BANKED LINKER/LOCATER V5.15, INVOKED BY:
C:\PROGRAM FILES (X86)\SILABS\MCU\IDEFILES\C51\BIN\BL51.EXE Z:\bs\Documents\Do
>> kumenter\8051\PT8616\SW_ver4.3\MCU\EEPROM_drv.obj, Z:\bs\Documents\Dokument
>> er\8051\PT8616\SW_ver4.3\MCU\GPS_main.obj, Z:\bs\Documents\Dokumenter\8051\
>> PT8616\SW_ver4.3\MCU\I2C_bus.obj, Z:\bs\Documents\Dokumenter\8051\PT8616\SW
>> _ver4.3\MCU\i2c_slave.obj, Z:\bs\Documents\Dokumenter\8051\PT8616\SW_ver4.3
>> \MCU\LTC_handler.obj, Z:\bs\Documents\Dokumenter\8051\PT8616\SW_ver4.3\MCU\
>> pt5300_handler.obj, Z:\bs\Documents\Dokumenter\8051\PT8616\SW_ver4.3\MCU\se
>> rial.obj, Z:\bs\Documents\Dokumenter\8051\PT8616\SW_ver4.3\MCU\ublox_prot.o
>> bj, Z:\bs\Documents\Dokumenter\8051\PT8616\SW_ver4.3\MCU\config.obj TO Z:\b
>> s\Documents\Dokumenter\8051\PT8616\SW_ver4.3\MCU\PT8616 RS (256) PL (68) PW
>>  (78)


MEMORY MODEL: SMALL


INPUT MODULES INCLUDED:
  Z:\bs\Documents\Dokumenter\8051\PT8616\SW_ver4.3\MCU\EEPROM_drv.obj (EEPROM_
>> DRV)
  Z:\bs\Documents\Dokumenter\8051\PT8616\SW_ver4.3\MCU\GPS_main.obj (GPS_MAIN)
>> 
  Z:\bs\Documents\Dokumenter\8051\PT8616\SW_ver4.3\MCU\I2C_bus.obj (I2C_BUS)
  Z:\bs\Documents\Dokumenter\8051\PT8616\SW_ver4.3\MCU\i2c_slave.obj (I2C_SLAV
>> E)
  Z:\bs\Documents\Dokumenter\8051\PT8616\SW_ver4.3\MCU\LTC_handler.obj (LTC_HA
>> NDLER)
  Z:\bs\Documents\Dokumenter\8051\PT8616\SW_ver4.3\MCU\pt5300_handler.obj (PT5
>> 300_HANDLER)
  Z:\bs\Documents\Dokumenter\8051\PT8616\SW_ver4.3\MCU\serial.obj (SERIAL)
  Z:\bs\Documents\Dokumenter\8051\PT8616\SW_ver4.3\MCU\ublox_prot.obj (UBLOX_P
>> ROT)
  Z:\bs\Documents\Dokumenter\8051\PT8616\SW_ver4.3\MCU\config.obj (CONFIG)
  C:\PROGRAM FILES (X86)\SILABS\MCU\IDEFILES\C51\LIB\C51S.LIB (?C_STARTUP)
  C:\PROGRAM FILES (X86)\SILABS\MCU\IDEFILES\C51\LIB\C51S.LIB (?C?COPY)
  C:\PROGRAM FILES (X86)\SILABS\MCU\IDEFILES\C51\LIB\C51S.LIB (?C?SCDIV)
  C:\PROGRAM FILES (X86)\SILABS\MCU\IDEFILES\C51\LIB\C51S.LIB (?C?CLDPTR)
  C:\PROGRAM FILES (X86)\SILABS\MCU\IDEFILES\C51\LIB\C51S.LIB (?C?CLDOPTR)
  C:\PROGRAM FILES (X86)\SILABS\MCU\IDEFILES\C51\LIB\C51S.LIB (?C?CSTPTR)
  C:\PROGRAM FILES (X86)\SILABS\MCU\IDEFILES\C51\LIB\C51S.LIB (?C?IMUL)
  C:\PROGRAM FILES (X86)\SILABS\MCU\IDEFILES\C51\LIB\C51S.LIB (?C?UIDIV)
  C:\PROGRAM FILES (X86)\SILABS\MCU\IDEFILES\C51\LIB\C51S.LIB (?C?SIDIV)
  C:\PROGRAM FILES (X86)\SILABS\MCU\IDEFILES\C51\LIB\C51S.LIB (?C?LMUL)
  C:\PROGRAM FILES (X86)\SILABS\MCU\IDEFILES\C51\LIB\C51S.LIB (?C?ULDIV)
  C:\PROGRAM FILES (X86)\SILABS\MCU\IDEFILES\C51\LIB\C51S.LIB (?C?SLDIV)
  C:\PROGRAM FILES (X86)\SILABS\MCU\IDEFILES\C51\LIB\C51S.LIB (?C?ULCMP)
  C:\PROGRAM FILES (X86)\SILABS\MCU\IDEFILES\C51\LIB\C51S.LIB (?C?LSTXDATA)
  C:\PROGRAM FILES (X86)\SILABS\MCU\IDEFILES\C51\LIB\C51S.LIB (?C?LSTKXDATA)
  C:\PROGRAM FILES (X86)\SILABS\MCU\IDEFILES\C51\LIB\C51S.LIB (?C?CCASE)
  C:\PROGRAM FILES (X86)\SILABS\MCU\IDEFILES\C51\LIB\C51S.LIB (PRINTF)
  C:\PROGRAM FILES (X86)\SILABS\MCU\IDEFILES\C51\LIB\C51S.LIB (?C?MEMSET)
  C:\PROGRAM FILES (X86)\SILABS\MCU\IDEFILES\C51\LIB\C51S.LIB (?C_INIT)
  C:\PROGRAM FILES (X86)\SILABS\MCU\IDEFILES\C51\LIB\C51S.LIB (?C?PLDIIDATA)
  C:\PROGRAM FILES (X86)\SILABS\MCU\IDEFILES\C51\LIB\C51S.LIB (PUTCHAR)


LINK MAP OF MODULE:  Z:\bs\Documents\Dokumenter\8051\PT8616\SW_ver4.3\MCU\PT86
>> 16 (EEPROM_DRV)


            TYPE    BASE      LENGTH    RELOCATION   SEGMENT NAME
            -----------------------------------------------------

            * * * * * * *   D A T A   M E M O R Y   * * * * * * *
            REG     0000H     0008H     ABSOLUTE     "REG BANK 0"
            DATA    0008H     000DH     UNIT         ?DT?UBLOX_PROT
BL51 BANKED LINKER/LOCATER V5.15            06/13/2013  14:21:19  PAGE 2


            DATA    0015H     0008H     UNIT         ?DT?LTC_HANDLER
            DATA    001DH     0002H     UNIT         ?DT?SERIAL
                    001FH     0001H                  *** GAP ***
            BIT     0020H.0   0001H.1   UNIT         _BIT_GROUP_
            BIT     0021H.1   0000H.5   UNIT         ?BI?UBLOX_PROT
            BIT     0021H.6   0000H.3   UNIT         ?BI?GPS_MAIN
            BIT     0022H.1   0000H.3   UNIT         ?BI?LTC_HANDLER
            BIT     0022H.4   0000H.1   UNIT         ?BI?I2C_SLAVE
                    0022H.5   0000H.3                *** GAP ***
            DATA    0023H     0026H     UNIT         ?DT?GPS_MAIN
            DATA    0049H     0026H     UNIT         _DATA_GROUP_
            DATA    006FH     0004H     UNIT         ?DT?I2C_SLAVE
            IDATA   0073H     0001H     UNIT         ?STACK

            * * * * * * *  X D A T A   M E M O R Y  * * * * * * *
            XDATA   0000H     0141H     UNIT         ?XD?UBLOX_PROT
            XDATA   0141H     0130H     UNIT         _XDATA_GROUP_
            XDATA   0271H     0091H     UNIT         ?XD?LTC_HANDLER
            XDATA   0302H     0053H     UNIT         ?XD?GPS_MAIN
            XDATA   0355H     0010H     UNIT         ?XD?I2C_SLAVE
            XDATA   0365H     0008H     UNIT         ?XD?SERIAL

            * * * * * * *   C O D E   M E M O R Y   * * * * * * *
            CODE    0000H     0003H     ABSOLUTE     
            CODE    0003H     0003H     ABSOLUTE     
            CODE    0006H     000DH     UNIT         ?PR?_SET_BIT?GPS_MAIN
            CODE    0013H     0003H     ABSOLUTE     
            CODE    0016H     000CH     UNIT         ?PR?I2C_STOP?I2C_BUS
                    0022H     0001H                  *** GAP ***
            CODE    0023H     0003H     ABSOLUTE     
            CODE    0026H     0015H     UNIT         ?PR?INIT_DEVICE?CONFIG
            CODE    003BH     0003H     ABSOLUTE     
            CODE    003EH     0032H     UNIT         ?PR?I2C_GETACK?I2C_BUS
            CODE    0070H     0003H     UNIT         ?PR?INT_RISE?GPS_MAIN
            CODE    0073H     0003H     ABSOLUTE     
            CODE    0076H     0AB4H     UNIT         ?CO?UBLOX_PROT
            CODE    0B2AH     0496H     UNIT         ?PR?MAIN?GPS_MAIN
            CODE    0FC0H     044EH     UNIT         ?PR?LTC_MANAGER?LTC_HANDL
>> ER
            CODE    140EH     0441H     UNIT         ?PR?LTC_HANDLER
            CODE    184FH     03DAH     UNIT         ?C?LIB_CODE
            CODE    1C29H     035CH     UNIT         ?PR?PRINTF?PRINTF
            CODE    1F85H     033EH     UNIT         ?PR?PT5300_IN_HANDLE?PT53
>> 00_HANDLER
            CODE    22C3H     0222H     UNIT         ?PR?INTERPRET_MESSAGE?UBL
>> OX_PROT
            CODE    24E5H     0169H     UNIT         ?PR?PACKET_PROCESS?UBLOX_
>> PROT
            CODE    264EH     013DH     UNIT         ?PR?CHECK_DAYLIGHT_SWITCH
>> ?LTC_HANDLER
            CODE    278BH     011CH     UNIT         ?PR?OFFSET_TIME?LTC_HANDL
>> ER
            CODE    28A7H     00E4H     UNIT         ?PR?I2C_PUTCH?I2C_SLAVE
            CODE    298BH     00D7H     UNIT         ?PR?SETUP_UBLOX?UBLOX_PRO
>> T
            CODE    2A62H     00C4H     UNIT         ?PR?INIT_LTC?LTC_HANDLER
            CODE    2B26H     00B6H     UNIT         ?PR?SMBUS_ISR?I2C_SLAVE
            CODE    2BDCH     009EH     UNIT         ?PR?_SEND_PACKET?UBLOX_PR
>> OT
            CODE    2C7AH     008CH     UNIT         ?C_C51STARTUP
            CODE    2D06H     007CH     UNIT         ?CO?GPS_MAIN
            CODE    2D82H     007BH     UNIT         ?PR?PT5300_OUT_HANDLE?PT5
>> 300_HANDLER
            CODE    2DFDH     0072H     UNIT         ?PR?SEC_INC?LTC_HANDLER
            CODE    2E6FH     0071H     UNIT         ?PR?CONFIRM_DAYLIGHT_SWIT
BL51 BANKED LINKER/LOCATER V5.15            06/13/2013  14:21:19  PAGE 3


>> CH?LTC_HANDLER
            CODE    2EE0H     0071H     UNIT         ?PR?UBLOX_PROT
            CODE    2F51H     0070H     UNIT         ?C_INITSEG
            CODE    2FC1H     006AH     UNIT         ?PR?TRANSMIT_LTC_DATA?LTC
>> _HANDLER
            CODE    302BH     0044H     UNIT         ?C?LDIV
            CODE    306FH     0043H     UNIT         ?PR?_EEPROM_READ_BYTE?EEP
>> ROM_DRV
            CODE    30B2H     0043H     UNIT         ?PR?SORT_QUALITIES?GPS_MA
>> IN
            CODE    30F5H     0042H     UNIT         ?PR?GPS_MAIN
            CODE    3137H     003CH     UNIT         ?PR?WAIT_FOR_MESSAGE?UBLO
>> X_PROT
            CODE    3173H     0037H     UNIT         ?PR?_EEPROM_WRITE_BYTE?EE
>> PROM_DRV
            CODE    31AAH     0037H     UNIT         ?PR?UPDATE_LTC_STRINGS?LT
>> C_HANDLER
            CODE    31E1H     0036H     UNIT         ?PR?PT5300_HANDLER
            CODE    3217H     0031H     UNIT         ?PR?_GETCH?SERIAL
            CODE    3248H     002EH     UNIT         ?PR?SERINT0?SERIAL
            CODE    3276H     002BH     UNIT         ?PR?_SEND_PACKET_ACK?UBLO
>> X_PROT
            CODE    32A1H     0027H     UNIT         ?PR?_FPGA_WRITE_ARRAY?I2C
>> _BUS
            CODE    32C8H     0027H     UNIT         ?PR?PUTCHAR?PUTCHAR
            CODE    32EFH     0022H     UNIT         ?PR?_SET_MESSAGE_RATE?UBL
>> OX_PROT
            CODE    3311H     0021H     UNIT         ?PR?I2C_READBYTE?I2C_BUS
            CODE    3332H     0020H     UNIT         ?PR?OSCILLATOR_INIT?CONFI
>> G
            CODE    3352H     001EH     UNIT         ?CO?LTC_HANDLER
            CODE    3370H     001EH     UNIT         ?PR?_GET_PACKET?UBLOX_PRO
>> T
            CODE    338EH     0019H     UNIT         ?PR?_I2C_SENDBYTE?I2C_BUS
>> 
            CODE    33A7H     0019H     UNIT         ?PR?_FPGA_READ_BYTE?I2C_B
>> US
            CODE    33C0H     0019H     UNIT         ?PR?_GET_UTC_TIME?UBLOX_P
>> ROT
            CODE    33D9H     0014H     UNIT         ?PR?I2C_START?I2C_BUS
            CODE    33EDH     0013H     UNIT         ?PR?TIMER_INIT?CONFIG
            CODE    3400H     0013H     UNIT         ?PR?PORT_IO_INIT?CONFIG
            CODE    3413H     0012H     UNIT         ?PR?SDELAY?I2C_BUS
            CODE    3425H     0012H     UNIT         ?PR?_FPGA_WRITE_BYTE?I2C_
>> BUS
            CODE    3437H     0012H     UNIT         ?PR?_BIN_TO_BCD?LTC_HANDL
>> ER
            CODE    3449H     0011H     UNIT         ?PR?I2C_BUS
            CODE    345AH     0010H     UNIT         ?PR?_DELAY?I2C_BUS
            CODE    346AH     0010H     UNIT         ?PR?_POLL_PACKET?UBLOX_PR
>> OT
            CODE    347AH     000EH     UNIT         ?PR?_CLEAR_BIT?GPS_MAIN
            CODE    3488H     000AH     UNIT         ?PR?I2C_GIVEACK?I2C_BUS
            CODE    3492H     000AH     UNIT         ?PR?TIMER3_ISR?I2C_SLAVE
            CODE    349CH     000AH     UNIT         ?PR?INTERRUPTS_INIT?CONFI
>> G
            CODE    34A6H     0008H     UNIT         ?PR?_PUTCH?SERIAL
            CODE    34AEH     0007H     UNIT         ?PR?RESTART_MAINSTATE?GPS
>> _MAIN
            CODE    34B5H     0007H     UNIT         ?PR?PCA_INIT?CONFIG
            CODE    34BCH     0004H     UNIT         ?PR?UART_INIT?CONFIG
            CODE    34C0H     0004H     UNIT         ?PR?SMBUS_INIT?CONFIG
            CODE    34C4H     0003H     UNIT         ?PR?INT_FALL?GPS_MAIN


BL51 BANKED LINKER/LOCATER V5.15            06/13/2013  14:21:19  PAGE 4



OVERLAY MAP OF MODULE:   Z:\bs\Documents\Dokumenter\8051\PT8616\SW_ver4.3\MCU\
>> PT8616 (EEPROM_DRV)


SEGMENT                                            BIT_GROUP          DATA_GRO
>> UP          XDATA_GROUP
  +--> CALLED SEGMENT                           START    LENGTH     START    L
>> ENGTH     START    LENGTH
------------------------------------------------------------------------------
>> -------------------------
?PR?SMBUS_ISR?I2C_SLAVE                         -----    -----      -----    -
>> ----      -----    -----
  +--> ?PR?I2C_PUTCH?I2C_SLAVE
  +--> ?PR?PT5300_OUT_HANDLE?PT5300_HANDLER

?PR?I2C_PUTCH?I2C_SLAVE                         -----    -----      -----    -
>> ----      -----    -----
  +--> ?CO?GPS_MAIN

*** NEW ROOT ***************************************************

?C_C51STARTUP                                   -----    -----      -----    -
>> ----      -----    -----
  +--> ?PR?MAIN?GPS_MAIN
  +--> ?C_INITSEG

?PR?MAIN?GPS_MAIN                               -----    -----      0049H    0
>> 001H      -----    -----
  +--> ?PR?INIT_DEVICE?CONFIG
  +--> ?CO?GPS_MAIN
  +--> ?PR?_FPGA_READ_BYTE?I2C_BUS
  +--> ?PR?_EEPROM_READ_BYTE?EEPROM_DRV
  +--> ?PR?INIT_LTC?LTC_HANDLER
  +--> ?PR?_FPGA_WRITE_BYTE?I2C_BUS
  +--> ?PR?GPS_MAIN
  +--> ?PR?_SET_BIT?GPS_MAIN
  +--> ?CO?UBLOX_PROT
  +--> ?PR?_SEND_PACKET?UBLOX_PROT
  +--> ?PR?_CLEAR_BIT?GPS_MAIN
  +--> ?PR?PRINTF?PRINTF
  +--> ?PR?SETUP_UBLOX?UBLOX_PROT
  +--> ?PR?PACKET_PROCESS?UBLOX_PROT
  +--> ?PR?CONFIRM_DAYLIGHT_SWITCH?LTC_HANDLER
  +--> ?PR?_POLL_PACKET?UBLOX_PROT
  +--> ?PR?PT5300_IN_HANDLE?PT5300_HANDLER
  +--> ?PR?INTERPRET_MESSAGE?UBLOX_PROT
  +--> ?PR?UPDATE_LTC_STRINGS?LTC_HANDLER
  +--> ?PR?CHECK_DAYLIGHT_SWITCH?LTC_HANDLER
  +--> ?PR?LTC_MANAGER?LTC_HANDLER
  +--> ?PR?TRANSMIT_LTC_DATA?LTC_HANDLER
  +--> ?PR?SORT_QUALITIES?GPS_MAIN

?PR?INIT_DEVICE?CONFIG                          -----    -----      -----    -
>> ----      -----    -----
  +--> ?PR?PCA_INIT?CONFIG
  +--> ?PR?TIMER_INIT?CONFIG
  +--> ?PR?UART_INIT?CONFIG
  +--> ?PR?SMBUS_INIT?CONFIG
  +--> ?PR?PORT_IO_INIT?CONFIG
  +--> ?PR?OSCILLATOR_INIT?CONFIG
  +--> ?PR?INTERRUPTS_INIT?CONFIG

?PR?_FPGA_READ_BYTE?I2C_BUS                     -----    -----      -----    -
>> ----      -----    -----
BL51 BANKED LINKER/LOCATER V5.15            06/13/2013  14:21:19  PAGE 5


  +--> ?PR?I2C_GETACK?I2C_BUS
  +--> ?PR?I2C_START?I2C_BUS
  +--> ?PR?I2C_BUS
  +--> ?PR?I2C_READBYTE?I2C_BUS
  +--> ?PR?I2C_STOP?I2C_BUS

?PR?I2C_GETACK?I2C_BUS                          -----    -----      -----    -
>> ----      -----    -----
  +--> ?PR?I2C_START?I2C_BUS
  +--> ?PR?_I2C_SENDBYTE?I2C_BUS
  +--> ?PR?SDELAY?I2C_BUS

?PR?I2C_START?I2C_BUS                           -----    -----      -----    -
>> ----      -----    -----
  +--> ?PR?SDELAY?I2C_BUS

?PR?_I2C_SENDBYTE?I2C_BUS                       -----    -----      -----    -
>> ----      -----    -----
  +--> ?PR?SDELAY?I2C_BUS

?PR?I2C_BUS                                     -----    -----      -----    -
>> ----      -----    -----
  +--> ?PR?SDELAY?I2C_BUS
  +--> ?PR?_I2C_SENDBYTE?I2C_BUS
  +--> ?PR?I2C_GETACK?I2C_BUS

?PR?I2C_READBYTE?I2C_BUS                        -----    -----      -----    -
>> ----      -----    -----
  +--> ?PR?SDELAY?I2C_BUS

?PR?I2C_STOP?I2C_BUS                            -----    -----      -----    -
>> ----      -----    -----
  +--> ?PR?SDELAY?I2C_BUS

?PR?_EEPROM_READ_BYTE?EEPROM_DRV                -----    -----      004AH    0
>> 003H      -----    -----
  +--> ?PR?I2C_START?I2C_BUS
  +--> ?PR?_I2C_SENDBYTE?I2C_BUS
  +--> ?PR?I2C_GETACK?I2C_BUS
  +--> ?PR?I2C_READBYTE?I2C_BUS
  +--> ?PR?I2C_STOP?I2C_BUS
  +--> ?PR?_DELAY?I2C_BUS

?PR?INIT_LTC?LTC_HANDLER                        -----    -----      -----    -
>> ----      -----    -----
  +--> ?PR?LTC_HANDLER

?PR?LTC_HANDLER                                 -----    -----      -----    -
>> ----      -----    -----
  +--> ?CO?LTC_HANDLER

?PR?_FPGA_WRITE_BYTE?I2C_BUS                    -----    -----      -----    -
>> ----      -----    -----
  +--> ?PR?I2C_START?I2C_BUS
  +--> ?PR?I2C_BUS
  +--> ?PR?I2C_GETACK?I2C_BUS
  +--> ?PR?I2C_STOP?I2C_BUS

?PR?_SET_BIT?GPS_MAIN                           -----    -----      -----    -
>> ----      -----    -----
  +--> ?PR?GPS_MAIN

?PR?_SEND_PACKET?UBLOX_PROT                     -----    -----      004FH    0
>> 003H      -----    -----
  +--> ?PR?_PUTCH?SERIAL
BL51 BANKED LINKER/LOCATER V5.15            06/13/2013  14:21:19  PAGE 6


  +--> ?PR?UBLOX_PROT

?PR?_CLEAR_BIT?GPS_MAIN                         -----    -----      -----    -
>> ----      -----    -----
  +--> ?PR?GPS_MAIN

?PR?PRINTF?PRINTF                               0020H.0  0001H.1    004BH    0
>> 014H      -----    -----
  +--> ?PR?PUTCHAR?PUTCHAR

?PR?SETUP_UBLOX?UBLOX_PROT                      -----    -----      -----    -
>> ----      -----    -----
  +--> ?CO?UBLOX_PROT
  +--> ?PR?_SEND_PACKET_ACK?UBLOX_PROT
  +--> ?PR?_SET_MESSAGE_RATE?UBLOX_PROT
  +--> ?PR?WAIT_FOR_MESSAGE?UBLOX_PROT

?PR?_SEND_PACKET_ACK?UBLOX_PROT                 -----    -----      004AH    0
>> 005H      -----    -----
  +--> ?PR?_SEND_PACKET?UBLOX_PROT
  +--> ?PR?WAIT_FOR_MESSAGE?UBLOX_PROT

?PR?WAIT_FOR_MESSAGE?UBLOX_PROT                 -----    -----      004FH    0
>> 003H      -----    -----
  +--> ?PR?PACKET_PROCESS?UBLOX_PROT
  +--> ?PR?INTERPRET_MESSAGE?UBLOX_PROT

?PR?PACKET_PROCESS?UBLOX_PROT                   -----    -----      -----    -
>> ----      -----    -----
  +--> ?PR?_GETCH?SERIAL
  +--> ?CO?UBLOX_PROT
  +--> ?PR?UBLOX_PROT
  +--> ?PR?RESTART_MAINSTATE?GPS_MAIN

?PR?INTERPRET_MESSAGE?UBLOX_PROT                -----    -----      0052H    0
>> 001H      0141H    0130H
  +--> ?PR?_GET_PACKET?UBLOX_PROT
  +--> ?PR?UBLOX_PROT

?PR?_GET_PACKET?UBLOX_PROT                      -----    -----      0053H    0
>> 003H      -----    -----

?PR?_SET_MESSAGE_RATE?UBLOX_PROT                -----    -----      -----    -
>> ----      0141H    0130H
  +--> ?PR?UBLOX_PROT
  +--> ?PR?_SEND_PACKET?UBLOX_PROT

?PR?_POLL_PACKET?UBLOX_PROT                     -----    -----      -----    -
>> ----      0141H    0130H
  +--> ?PR?UBLOX_PROT
  +--> ?PR?_SEND_PACKET?UBLOX_PROT

?PR?PT5300_IN_HANDLE?PT5300_HANDLER             -----    -----      004AH    0
>> 001H      -----    -----
  +--> ?PR?_SET_BIT?GPS_MAIN
  +--> ?PR?_CLEAR_BIT?GPS_MAIN
  +--> ?PR?_FPGA_WRITE_BYTE?I2C_BUS
  +--> ?PR?_EEPROM_WRITE_BYTE?EEPROM_DRV
  +--> ?PR?PT5300_HANDLER

?PR?_EEPROM_WRITE_BYTE?EEPROM_DRV               -----    -----      004BH    0
>> 003H      -----    -----
  +--> ?PR?I2C_START?I2C_BUS
  +--> ?PR?_I2C_SENDBYTE?I2C_BUS
  +--> ?PR?I2C_GETACK?I2C_BUS
BL51 BANKED LINKER/LOCATER V5.15            06/13/2013  14:21:19  PAGE 7


  +--> ?PR?I2C_STOP?I2C_BUS
  +--> ?PR?_DELAY?I2C_BUS

?PR?UPDATE_LTC_STRINGS?LTC_HANDLER              -----    -----      004AH    0
>> 001H      -----    -----
  +--> ?PR?LTC_HANDLER
  +--> ?PR?PRINTF?PRINTF

?PR?CHECK_DAYLIGHT_SWITCH?LTC_HANDLER           -----    -----      -----    -
>> ----      -----    -----
  +--> ?PR?LTC_HANDLER
  +--> ?PR?_SET_BIT?GPS_MAIN

?PR?LTC_MANAGER?LTC_HANDLER                     -----    -----      004AH    0
>> 011H      -----    -----
  +--> ?PR?_GET_UTC_TIME?UBLOX_PROT
  +--> ?PR?LTC_HANDLER
  +--> ?PR?SEC_INC?LTC_HANDLER
  +--> ?PR?_SET_BIT?GPS_MAIN
  +--> ?PR?_CLEAR_BIT?GPS_MAIN
  +--> ?PR?OFFSET_TIME?LTC_HANDLER
  +--> ?PR?_BIN_TO_BCD?LTC_HANDLER

?PR?_GET_UTC_TIME?UBLOX_PROT                    -----    -----      005BH    0
>> 003H      -----    -----

?PR?SEC_INC?LTC_HANDLER                         -----    -----      -----    -
>> ----      -----    -----
  +--> ?PR?LTC_HANDLER

?PR?OFFSET_TIME?LTC_HANDLER                     -----    -----      005BH    0
>> 014H      -----    -----
  +--> ?PR?LTC_HANDLER

?PR?TRANSMIT_LTC_DATA?LTC_HANDLER               -----    -----      -----    -
>> ----      -----    -----
  +--> ?PR?_FPGA_WRITE_ARRAY?I2C_BUS

?PR?_FPGA_WRITE_ARRAY?I2C_BUS                   -----    -----      004AH    0
>> 005H      -----    -----
  +--> ?PR?I2C_GETACK?I2C_BUS
  +--> ?PR?I2C_BUS
  +--> ?PR?I2C_STOP?I2C_BUS

?PR?SORT_QUALITIES?GPS_MAIN                     -----    -----      004AH    0
>> 001H      -----    -----



SYMBOL TABLE OF MODULE:  Z:\bs\Documents\Dokumenter\8051\PT8616\SW_ver4.3\MCU\
>> PT8616 (EEPROM_DRV)

  VALUE           TYPE          NAME
  ----------------------------------

  -------         MODULE        EEPROM_DRV
  C:0000H         SYMBOL        _ICE_DUMMY_
  C:306FH         PUBLIC        _EEPROM_read_byte
  C:3173H         PUBLIC        _EEPROM_write_byte
  -------         PROC          _EEPROM_WRITE_BYTE
  D:004BH         SYMBOL        bank
  D:004CH         SYMBOL        adresse
  D:004DH         SYMBOL        byte
  C:3173H         LINE#         3
  C:3179H         LINE#         4
BL51 BANKED LINKER/LOCATER V5.15            06/13/2013  14:21:19  PAGE 8


  C:3179H         LINE#         6
  C:3182H         LINE#         8
  C:3185H         LINE#         9
  C:318DH         LINE#         10
  C:3190H         LINE#         11
  C:3195H         LINE#         12
  C:3198H         LINE#         13
  C:319DH         LINE#         14
  C:31A0H         LINE#         15
  C:31A3H         LINE#         16
  -------         ENDPROC       _EEPROM_WRITE_BYTE
  -------         PROC          _EEPROM_READ_BYTE
  D:004AH         SYMBOL        bank
  D:004BH         SYMBOL        adresse
  -------         DO            
  D:004CH         SYMBOL        in_byte
  -------         ENDDO         
  C:306FH         LINE#         20
  C:3073H         LINE#         21
  C:3073H         LINE#         22
  C:3076H         LINE#         26
  C:307FH         LINE#         28
  C:3082H         LINE#         29
  C:308AH         LINE#         30
  C:308DH         LINE#         31
  C:3092H         LINE#         32
  C:3095H         LINE#         33
  C:3098H         LINE#         34
  C:309DH         LINE#         35
  C:30A0H         LINE#         36
  C:30A5H         LINE#         37
  C:30A8H         LINE#         38
  C:30AFH         LINE#         41
  C:30B1H         LINE#         42
  -------         ENDPROC       _EEPROM_READ_BYTE
  -------         ENDMOD        EEPROM_DRV

  -------         MODULE        GPS_MAIN
  C:0000H         SYMBOL        _ICE_DUMMY_
  B:00A0H.6       PUBLIC        NTP_REQUEST
  D:0090H         PUBLIC        P1
  D:00A0H         PUBLIC        P2
  C:30B2H         PUBLIC        sort_qualities
  B:0021H.6       PUBLIC        ext1_fall_flag
  D:0023H         PUBLIC        sorted_quality
  D:0027H         PUBLIC        counter
  C:2D81H         PUBLIC        current_MCU_sw_version
  B:00A0H.0       PUBLIC        LED1
  B:00A0H.1       PUBLIC        LED2
  C:347AH         PUBLIC        _clear_bit
  D:0029H         PUBLIC        GPS_Recovery_Count
  D:002AH         PUBLIC        FPGA_system_control
  B:0021H.7       PUBLIC        ext1_rise_flag
  B:0022H.0       PUBLIC        OCXO_locked_status
  D:002BH         PUBLIC        blink_count
  B:00A0H.2       PUBLIC        FPGA_reset
  C:0B2AH         PUBLIC        main
  X:0302H         PUBLIC        PT5300_str
  X:030DH         PUBLIC        OCXO_phase_diff
  D:002DH         PUBLIC        main_state
  D:002EH         PUBLIC        master_status_byte
  C:34AEH         PUBLIC        restart_mainstate
  C:2D80H         PUBLIC        current_FPGA_sw_version
  X:030FH         PUBLIC        counter_str
  D:002FH         PUBLIC        OCXO_dac_value
BL51 BANKED LINKER/LOCATER V5.15            06/13/2013  14:21:19  PAGE 9


  B:00A0H.5       PUBLIC        NTP_LOCK_STATUS
  X:031AH         PUBLIC        debug_str
  D:0031H         PUBLIC        next_state
  X:0329H         PUBLIC        quality_str
  C:34C4H         PUBLIC        int_fall
  C:0006H         PUBLIC        _set_bit
  D:0032H         PUBLIC        message_counter
  X:0334H         PUBLIC        phase_str
  D:0033H         PUBLIC        NTP_request_edge
  D:0034H         PUBLIC        blinkpat
  X:033FH         PUBLIC        KU_str
  D:0035H         PUBLIC        FPGA_software_version
  D:0036H         PUBLIC        blinkseq
  C:0070H         PUBLIC        int_rise
  X:034AH         PUBLIC        status_str
  D:0037H         PUBLIC        OCXO_avg_dac_value
  B:0090H.0       PUBLIC        timepulse_status
  D:0039H         PUBLIC        signal_quality
  C:30F5H         SYMBOL        Com006D
  C:30F5H         SYMBOL        L?0110
  C:30FCH         SYMBOL        L?0111
  C:3106H         SYMBOL        L?0112
  C:3106H         SYMBOL        L?0113
  C:310DH         SYMBOL        L?0115
  C:310DH         SYMBOL        L?0116
  C:3116H         SYMBOL        L?0118
  C:3122H         SYMBOL        L?0119
  C:312DH         SYMBOL        L?0120
  -------         PROC          COM006D
  -------         ENDPROC       COM006D
  -------         PROC          INT_RISE
  C:0070H         LINE#         146
  C:0070H         LINE#         148
  C:0072H         LINE#         149
  -------         ENDPROC       INT_RISE
  -------         PROC          INT_FALL
  C:34C4H         LINE#         152
  C:34C4H         LINE#         154
  C:34C6H         LINE#         155
  -------         ENDPROC       INT_FALL
  -------         PROC          SORT_QUALITIES
  -------         DO            
  D:0006H         SYMBOL        idx1
  D:0007H         SYMBOL        idx2
  D:004AH         SYMBOL        max_quality
  -------         ENDDO         
  C:30B2H         LINE#         158
  C:30B2H         LINE#         159
  C:30B2H         LINE#         161
  C:30B5H         LINE#         164
  C:30C4H         LINE#         167
  C:30C6H         LINE#         168
  C:30C6H         LINE#         169
  C:30C8H         LINE#         171
  C:30D8H         LINE#         173
  C:30DDH         LINE#         174
  C:30E9H         LINE#         177
  C:30F0H         LINE#         178
  C:30F4H         LINE#         179
  -------         ENDPROC       SORT_QUALITIES
  C:0F7EH         SYMBOL        L?0106
  C:0F91H         SYMBOL        L?0107
  C:0F9BH         SYMBOL        L?0108
  C:0FADH         SYMBOL        L?0114
  C:0FB7H         SYMBOL        L?0117
BL51 BANKED LINKER/LOCATER V5.15            06/13/2013  14:21:19  PAGE 10


  -------         PROC          MAIN
  -------         DO            
  D:0049H         SYMBOL        bootcount
  -------         ENDDO         
  C:0B2AH         LINE#         235
  C:0B2AH         LINE#         236
  C:0B2AH         LINE#         237
  C:0B2DH         LINE#         239
  C:0B30H         LINE#         241
  C:0B33H         LINE#         242
  C:0B35H         LINE#         245
  C:0B37H         LINE#         246
  C:0B3AH         LINE#         249
  C:0B43H         LINE#         250
  C:0B4CH         LINE#         253
  C:0B4CH         LINE#         254
  C:0B4CH         LINE#         260
  C:0B55H         LINE#         261
  C:0B55H         LINE#         262
  C:0B81H         LINE#         263
  C:0B81H         LINE#         264
  C:0B81H         LINE#         265
  C:0B84H         LINE#         268
  C:0B90H         LINE#         270
  C:0B95H         LINE#         271
  C:0B99H         LINE#         274
  C:0B9BH         LINE#         277
  C:0B9FH         LINE#         278
  C:0BC7H         LINE#         280
  C:0BCAH         LINE#         283
  C:0BD5H         LINE#         286
  C:0BDCH         LINE#         287
  C:0BE3H         LINE#         299
  C:0BE9H         LINE#         302
  C:0BEFH         LINE#         305
  C:0BF7H         LINE#         306
  C:0BFCH         LINE#         308
  C:0BFFH         LINE#         310
  C:0BFFH         LINE#         311
  C:0C02H         LINE#         313
  C:0C0EH         LINE#         315
  C:0C10H         LINE#         316
  C:0C13H         LINE#         318
  C:0C13H         LINE#         319
  C:0C16H         LINE#         320
  C:0C1FH         LINE#         321
  C:0C2BH         LINE#         322
  C:0C2EH         LINE#         323
  C:0C31H         LINE#         324
  C:0C34H         LINE#         326
  C:0C34H         LINE#         327
  C:0C37H         LINE#         329
  C:0C43H         LINE#         331
  C:0C45H         LINE#         334
  C:0C4CH         LINE#         335
  C:0C53H         LINE#         336
  C:0C58H         LINE#         338
  C:0C5BH         LINE#         340
  C:0C5BH         LINE#         341
  C:0C5EH         LINE#         343
  C:0C67H         LINE#         345
  C:0C67H         LINE#         346
  C:0C6FH         LINE#         347
  C:0C77H         LINE#         348
  C:0C77H         LINE#         350
BL51 BANKED LINKER/LOCATER V5.15            06/13/2013  14:21:19  PAGE 11


  C:0C79H         LINE#         352
  C:0C79H         LINE#         353
  C:0C7CH         LINE#         355
  C:0C7FH         LINE#         357
  C:0C81H         LINE#         358
  C:0C89H         LINE#         359
  C:0C91H         LINE#         361
  C:0C93H         LINE#         363
  C:0C93H         LINE#         364
  C:0C96H         LINE#         366
  C:0CA8H         LINE#         369
  C:0CAFH         LINE#         370
  C:0CB6H         LINE#         372
  C:0CBBH         LINE#         373
  C:0CBDH         LINE#         375
  C:0CBDH         LINE#         376
  C:0CC0H         LINE#         378
  C:0CC3H         LINE#         380
  C:0CC5H         LINE#         382
  C:0CC5H         LINE#         383
  C:0CC8H         LINE#         385
  C:0CD1H         LINE#         387
  C:0CD1H         LINE#         389
  C:0CD9H         LINE#         391
  C:0CD9H         LINE#         396
  C:0CD9H         LINE#         397
  C:0CD9H         LINE#         399
  C:0CDEH         LINE#         400
  C:0CE1H         LINE#         401
  C:0CE1H         LINE#         403
  C:0D0DH         LINE#         404
  C:0D0DH         LINE#         405
  C:0D0DH         LINE#         406
  C:0D10H         LINE#         407
  C:0D13H         LINE#         409
  C:0D13H         LINE#         410
  C:0D21H         LINE#         411
  C:0D21H         LINE#         412
  C:0D27H         LINE#         413
  C:0D2AH         LINE#         419
  C:0D2AH         LINE#         420
  C:0D2DH         LINE#         421
  C:0D2DH         LINE#         422
  C:0D3BH         LINE#         423
  C:0D3BH         LINE#         424
  C:0D3EH         LINE#         430
  C:0D3EH         LINE#         432
  C:0D41H         LINE#         433
  C:0D47H         LINE#         436
  C:0D51H         LINE#         437
  C:0D51H         LINE#         439
  C:0D5CH         LINE#         440
  C:0D5CH         LINE#         441
  C:0D5EH         LINE#         443
  C:0D63H         LINE#         445
  C:0D66H         LINE#         447
  C:0D66H         LINE#         449
  C:0D69H         LINE#         450
  C:0D6BH         LINE#         453
  C:0D7DH         LINE#         454
  C:0D80H         LINE#         458
  C:0D82H         LINE#         460
  C:0D82H         LINE#         462
  C:0D85H         LINE#         463
  C:0D87H         LINE#         465
BL51 BANKED LINKER/LOCATER V5.15            06/13/2013  14:21:19  PAGE 12


  C:0D8CH         LINE#         466
  C:0D8FH         LINE#         468
  C:0D91H         LINE#         470
  C:0D91H         LINE#         472
  C:0D9BH         LINE#         473
  C:0DA0H         LINE#         476
  C:0DA3H         LINE#         477
  C:0DA8H         LINE#         479
  C:0DADH         LINE#         480
  C:0DADH         LINE#         482
  C:0DAFH         LINE#         484
  C:0DAFH         LINE#         485
  C:0DB2H         LINE#         486
  C:0DB5H         LINE#         488
  C:0DB7H         LINE#         490
  C:0DB7H         LINE#         491
  C:0DBAH         LINE#         492
  C:0DBCH         LINE#         503
  C:0DBCH         LINE#         504
  C:0DBFH         LINE#         505
  C:0DBFH         LINE#         506
  C:0DBFH         LINE#         513
  C:0DCAH         LINE#         515
  C:0DD5H         LINE#         516
  C:0DDAH         LINE#         518
  C:0DDDH         LINE#         521
  C:0DE0H         LINE#         524
  C:0DE3H         LINE#         527
  C:0DE7H         LINE#         530
  C:0DEAH         LINE#         531
  C:0DEDH         LINE#         533
  C:0DF3H         LINE#         536
  C:0DF6H         LINE#         537
  C:0DFDH         LINE#         540
  C:0E00H         LINE#         541
  C:0E00H         LINE#         542
  C:0E03H         LINE#         543
  C:0E05H         LINE#         544
  C:0E05H         LINE#         547
  C:0E08H         LINE#         548
  C:0E08H         LINE#         549
  C:0E0BH         LINE#         550
  C:0E0DH         LINE#         551
  C:0E0DH         LINE#         554
  C:0E1FH         LINE#         555
  C:0E1FH         LINE#         556
  C:0E24H         LINE#         557
  C:0E26H         LINE#         558
  C:0E29H         LINE#         560
  C:0E39H         LINE#         561
  C:0E3DH         LINE#         563
  C:0E3FH         LINE#         564
  C:0E3FH         LINE#         571
  C:0E45H         LINE#         572
  C:0E45H         LINE#         577
  C:0E68H         LINE#         580
  C:0E6FH         LINE#         582
  C:0E74H         LINE#         583
  C:0E74H         LINE#         584
  C:0E7BH         LINE#         585
  C:0E82H         LINE#         588
  C:0E9DH         LINE#         589
  C:0EB5H         LINE#         590
  C:0EB5H         LINE#         592
  C:0EB8H         LINE#         593
BL51 BANKED LINKER/LOCATER V5.15            06/13/2013  14:21:19  PAGE 13


  C:0EBBH         LINE#         595
  C:0EC3H         LINE#         596
  C:0EC5H         LINE#         603
  C:0ED8H         LINE#         610
  C:0EF3H         LINE#         611
  C:0F0EH         LINE#         612
  C:0F34H         LINE#         613
  C:0F64H         LINE#         616
  C:0F66H         LINE#         617
  C:0F68H         LINE#         618
  C:0F68H         LINE#         621
  C:0F6EH         LINE#         622
  C:0F6EH         LINE#         624
  C:0F71H         LINE#         625
  C:0F74H         LINE#         626
  C:0F77H         LINE#         628
  C:0F79H         LINE#         629
  C:0F7BH         LINE#         630
  C:0F7BH         LINE#         632
  C:0F7EH         LINE#         633
  -------         ENDPROC       MAIN
  -------         PROC          _SET_BIT
  D:0001H         SYMBOL        byte
  D:0005H         SYMBOL        bit_number
  C:0006H         LINE#         637
  C:0006H         LINE#         638
  C:0006H         LINE#         639
  -------         ENDPROC       _SET_BIT
  -------         PROC          _CLEAR_BIT
  D:0001H         SYMBOL        byte
  D:0005H         SYMBOL        bit_number
  C:347AH         LINE#         643
  C:347AH         LINE#         644
  C:347AH         LINE#         645
  -------         ENDPROC       _CLEAR_BIT
  -------         PROC          RESTART_MAINSTATE
  C:34AEH         LINE#         648
  C:34AEH         LINE#         649
  C:34AEH         LINE#         650
  C:34B1H         LINE#         651
  C:34B4H         LINE#         652
  -------         ENDPROC       RESTART_MAINSTATE
  -------         ENDMOD        GPS_MAIN

  -------         MODULE        I2C_BUS
  C:0000H         SYMBOL        _ICE_DUMMY_
  D:0090H         PUBLIC        P1
  C:3413H         PUBLIC        sdelay
  C:32A1H         PUBLIC        _FPGA_write_array
  C:33D9H         PUBLIC        i2c_start
  C:33A7H         PUBLIC        _FPGA_read_byte
  B:0090H.1       PUBLIC        sda_int_io
  C:338EH         PUBLIC        _i2c_sendbyte
  C:3425H         PUBLIC        _FPGA_write_byte
  C:0016H         PUBLIC        i2c_stop
  B:0090H.2       PUBLIC        scl_int_io
  C:3311H         PUBLIC        i2c_readbyte
  D:0088H         PUBLIC        TCON
  C:3488H         PUBLIC        i2c_giveack
  D:008CH         PUBLIC        TH0
  D:008AH         PUBLIC        TL0
  C:0052H         PUBLIC        i2c_getack
  C:345AH         PUBLIC        _delay
  C:3449H         SYMBOL        Com001E
  C:3449H         SYMBOL        L?0031
BL51 BANKED LINKER/LOCATER V5.15            06/13/2013  14:21:19  PAGE 14


  C:344CH         SYMBOL        L?0032
  C:3454H         SYMBOL        L?0033
  C:3454H         SYMBOL        L?0034
  -------         PROC          COM001E
  -------         ENDPROC       COM001E
  -------         PROC          _DELAY
  D:0007H         SYMBOL        hi
  D:0005H         SYMBOL        lo
  C:345AH         LINE#         9
  C:345AH         LINE#         10
  C:345AH         LINE#         11
  C:345DH         LINE#         12
  C:345FH         LINE#         13
  C:3461H         LINE#         14
  C:3464H         LINE#         15
  C:3469H         LINE#         17
  -------         ENDPROC       _DELAY
  -------         PROC          SDELAY
  C:3413H         LINE#         20
  C:3413H         LINE#         21
  C:3413H         LINE#         22
  C:3416H         LINE#         23
  C:3419H         LINE#         24
  C:341CH         LINE#         25
  C:341FH         LINE#         26
  C:3424H         LINE#         28
  -------         ENDPROC       SDELAY
  -------         PROC          I2C_START
  C:33D9H         LINE#         30
  C:33D9H         LINE#         31
  C:33D9H         LINE#         32
  C:33DBH         LINE#         33
  C:33DEH         LINE#         34
  C:33E0H         LINE#         35
  C:33E3H         LINE#         36
  C:33E5H         LINE#         37
  C:33E8H         LINE#         38
  C:33EAH         LINE#         39
  -------         ENDPROC       I2C_START
  -------         PROC          I2C_STOP
  C:0016H         LINE#         42
  C:0016H         LINE#         43
  C:0016H         LINE#         44
  C:0018H         LINE#         45
  C:001AH         LINE#         46
  C:001DH         LINE#         47
  C:001FH         LINE#         48
  -------         ENDPROC       I2C_STOP
  -------         PROC          _I2C_SENDBYTE
  D:0007H         SYMBOL        byte
  -------         DO            
  D:0006H         SYMBOL        count
  -------         ENDDO         
  C:338EH         LINE#         51
  C:338EH         LINE#         52
  C:338EH         LINE#         53
  C:3390H         LINE#         55
  C:3390H         LINE#         56
  C:3390H         LINE#         57
  C:3394H         LINE#         58
  C:3394H         LINE#         59
  C:3394H         LINE#         60
  C:3394H         LINE#         61
  C:3397H         LINE#         62
  C:339BH         LINE#         63
BL51 BANKED LINKER/LOCATER V5.15            06/13/2013  14:21:19  PAGE 15


  C:339EH         LINE#         64
  C:33A2H         LINE#         67
  C:33A4H         LINE#         69
  -------         ENDPROC       _I2C_SENDBYTE
  -------         PROC          I2C_READBYTE
  -------         DO            
  D:0007H         SYMBOL        inbyte
  D:0006H         SYMBOL        count
  -------         ENDDO         
  C:3311H         LINE#         72
  C:3311H         LINE#         73
  C:3311H         LINE#         74
  C:3313H         LINE#         75
  C:3314H         LINE#         77
  C:3314H         LINE#         78
  C:3314H         LINE#         79
  C:3318H         LINE#         80
  C:331AH         LINE#         81
  C:331DH         LINE#         82
  C:3323H         LINE#         83
  C:3325H         LINE#         84
  C:3328H         LINE#         85
  C:332CH         LINE#         87
  C:332EH         LINE#         88
  C:3331H         LINE#         90
  C:3331H         LINE#         91
  -------         ENDPROC       I2C_READBYTE
  C:0047H         SYMBOL        L?0029
  -------         PROC          L?0028
  -------         ENDPROC       L?0028
  C:0047H         SYMBOL        L?0029
  -------         PROC          I2C_GETACK
  -------         DO            
  D:0007H         SYMBOL        count
  D:0006H         SYMBOL        sda_temp
  -------         ENDDO         
  C:0052H         LINE#         93
  C:0052H         LINE#         94
  C:0052H         LINE#         96
  C:0054H         LINE#         97
  C:0056H         LINE#         98
  C:0058H         LINE#         99
  C:005BH         LINE#         100
  C:005BH         LINE#         101
  C:0060H         LINE#         103
  C:0061H         LINE#         104
  C:0064H         LINE#         105
  C:0067H         LINE#         106
  C:0067H         LINE#         108
  C:0067H         LINE#         109
  C:0067H         LINE#         110
  C:006AH         LINE#         111
  C:006DH         LINE#         113
  C:006FH         LINE#         114
  -------         ENDPROC       I2C_GETACK
  -------         PROC          I2C_GIVEACK
  C:3488H         LINE#         116
  C:3488H         LINE#         117
  C:3488H         LINE#         118
  C:348AH         LINE#         119
  C:348CH         LINE#         120
  C:348CH         LINE#         121
  C:348CH         LINE#         122
  C:348CH         LINE#         123
  C:348FH         LINE#         124
BL51 BANKED LINKER/LOCATER V5.15            06/13/2013  14:21:19  PAGE 16


  -------         ENDPROC       I2C_GIVEACK
  -------         PROC          _FPGA_READ_BYTE
  D:0005H         SYMBOL        subaddress
  -------         DO            
  D:0004H         SYMBOL        in_byte
  -------         ENDDO         
  C:33A7H         LINE#         127
  C:33A7H         LINE#         128
  C:33A7H         LINE#         129
  C:33A7H         LINE#         131
  C:33A7H         LINE#         132
  C:33A7H         LINE#         133
  C:33A7H         LINE#         134
  C:33A7H         LINE#         135
  C:33AAH         LINE#         136
  C:33ADH         LINE#         137
  C:33AFH         LINE#         138
  C:33B2H         LINE#         139
  C:33B7H         LINE#         140
  C:33BAH         LINE#         141
  C:33BDH         LINE#         143
  C:33BFH         LINE#         144
  -------         ENDPROC       _FPGA_READ_BYTE
  -------         PROC          _FPGA_WRITE_BYTE
  D:0004H         SYMBOL        subaddress
  D:0005H         SYMBOL        byte
  C:3425H         LINE#         146
  C:3427H         LINE#         147
  C:3427H         LINE#         148
  C:342AH         LINE#         149
  C:342CH         LINE#         150
  C:342FH         LINE#         151
  C:3431H         LINE#         152
  C:3431H         LINE#         153
  C:3431H         LINE#         154
  C:3434H         LINE#         155
  -------         ENDPROC       _FPGA_WRITE_BYTE
  -------         PROC          _FPGA_WRITE_ARRAY
  D:0005H         SYMBOL        subaddress
  D:004BH         SYMBOL        array
  D:004EH         SYMBOL        num_of_bytes
  -------         DO            
  D:0004H         SYMBOL        byte_count
  -------         ENDDO         
  C:32A1H         LINE#         158
  C:32A7H         LINE#         159
  C:32A7H         LINE#         160
  C:32A7H         LINE#         162
  C:32A7H         LINE#         163
  C:32A7H         LINE#         164
  C:32A7H         LINE#         165
  C:32A7H         LINE#         166
  C:32AAH         LINE#         168
  C:32B0H         LINE#         169
  C:32B0H         LINE#         170
  C:32BFH         LINE#         171
  C:32C2H         LINE#         172
  C:32C5H         LINE#         174
  -------         ENDPROC       _FPGA_WRITE_ARRAY
  -------         ENDMOD        I2C_BUS

  -------         MODULE        I2C_SLAVE
  C:0000H         SYMBOL        _ICE_DUMMY_
  D:00A0H         PUBLIC        P2
  C:28A7H         PUBLIC        i2c_putch
BL51 BANKED LINKER/LOCATER V5.15            06/13/2013  14:21:19  PAGE 17


  B:00C0H.2       PUBLIC        ARBLOST
  C:2B26H         PUBLIC        SMBus_ISR
  B:00C0H.0       PUBLIC        SI
  D:006FH         PUBLIC        out_buffer_select
  D:00C1H         PUBLIC        SMB0CF
  D:00C0H         PUBLIC        SMB0CN
  C:3492H         PUBLIC        timer3_ISR
  B:0022H.4       PUBLIC        i2c_msgupdate
  X:0355H         PUBLIC        in_buffer
  D:0091H         PUBLIC        TMR3CN
  B:00C0H.1       PUBLIC        ACK
  D:0070H         PUBLIC        in_index
  D:0071H         PUBLIC        out_index
  D:0072H         PUBLIC        SMB_DATA
  B:00C0H.5       PUBLIC        STA
  D:00C2H         PUBLIC        SMB0DAT
  B:00C0H.4       PUBLIC        STO
  -------         PROC          TIMER3_ISR
  C:3492H         LINE#         43
  C:3492H         LINE#         45
  C:3495H         LINE#         46
  C:3498H         LINE#         47
  C:349BH         LINE#         48
  -------         ENDPROC       TIMER3_ISR
  -------         PROC          SMBUS_ISR
  C:2B26H         LINE#         50
  C:2B43H         LINE#         52
  C:2B46H         LINE#         53
  C:2B46H         LINE#         56
  C:2B5CH         LINE#         57
  C:2B5CH         LINE#         59
  C:2B5CH         LINE#         60
  C:2B5EH         LINE#         61
  C:2B66H         LINE#         62
  C:2B66H         LINE#         63
  C:2B6BH         LINE#         64
  C:2B72H         LINE#         66
  C:2B75H         LINE#         68
  C:2B77H         LINE#         69
  C:2B79H         LINE#         71
  C:2B7BH         LINE#         72
  C:2B7DH         LINE#         75
  C:2B7DH         LINE#         76
  C:2B80H         LINE#         78
  C:2B91H         LINE#         81
  C:2B9DH         LINE#         82
  C:2B9DH         LINE#         83
  C:2BA0H         LINE#         84
  C:2BA3H         LINE#         85
  C:2BA3H         LINE#         89
  C:2BA5H         LINE#         90
  C:2BA7H         LINE#         94
  C:2BA7H         LINE#         95
  C:2BA9H         LINE#         96
  C:2BABH         LINE#         98
  C:2BADH         LINE#         101
  C:2BADH         LINE#         103
  C:2BADH         LINE#         109
  C:2BADH         LINE#         110
  C:2BAFH         LINE#         113
  C:2BB1H         LINE#         115
  C:2BB1H         LINE#         116
  C:2BB4H         LINE#         117
  C:2BB7H         LINE#         118
  C:2BB7H         LINE#         119
BL51 BANKED LINKER/LOCATER V5.15            06/13/2013  14:21:19  PAGE 18


  C:2BB7H         LINE#         120
  C:2BB7H         LINE#         121
  C:2BB9H         LINE#         122
  C:2BB9H         LINE#         123
  C:2BB9H         LINE#         127
  C:2BB9H         LINE#         128
  C:2BBBH         LINE#         129
  C:2BBDH         LINE#         130
  C:2BBFH         LINE#         131
  C:2BBFH         LINE#         132
  C:2BC1H         LINE#         133
  -------         ENDPROC       SMBUS_ISR
  -------         PROC          I2C_PUTCH
  -------         DO            
  D:0007H         SYMBOL        out
  -------         ENDDO         
  C:28A7H         LINE#         135
  C:28A7H         LINE#         136
  C:28A7H         LINE#         140
  C:28EEH         LINE#         141
  C:28EEH         LINE#         142
  C:28EEH         LINE#         143
  C:28FAH         LINE#         144
  C:28FDH         LINE#         145
  C:28FDH         LINE#         146
  C:2909H         LINE#         147
  C:290BH         LINE#         148
  C:290BH         LINE#         149
  C:2917H         LINE#         150
  C:2919H         LINE#         152
  C:2919H         LINE#         153
  C:291BH         LINE#         154
  C:291DH         LINE#         155
  C:291DH         LINE#         156
  C:2922H         LINE#         157
  C:2924H         LINE#         158
  C:2924H         LINE#         159
  C:2929H         LINE#         160
  C:292BH         LINE#         161
  C:292BH         LINE#         162
  C:292DH         LINE#         163
  C:2930H         LINE#         164
  C:2931H         LINE#         165
  C:2934H         LINE#         166
  C:2938H         LINE#         167
  C:293AH         LINE#         169
  C:293AH         LINE#         170
  C:2946H         LINE#         171
  C:2948H         LINE#         172
  C:2948H         LINE#         173
  C:2954H         LINE#         174
  C:2956H         LINE#         175
  C:2956H         LINE#         176
  C:2962H         LINE#         177
  C:2964H         LINE#         178
  C:2964H         LINE#         179
  C:2970H         LINE#         180
  C:2972H         LINE#         182
  C:2972H         LINE#         183
  C:2978H         LINE#         184
  C:297AH         LINE#         185
  C:297AH         LINE#         186
  C:298AH         LINE#         187
  C:298AH         LINE#         190
  C:298AH         LINE#         192
BL51 BANKED LINKER/LOCATER V5.15            06/13/2013  14:21:19  PAGE 19


  C:298AH         LINE#         193
  -------         ENDPROC       I2C_PUTCH
  -------         ENDMOD        I2C_SLAVE

  -------         MODULE        LTC_HANDLER
  C:0000H         SYMBOL        _ICE_DUMMY_
  X:0271H         PUBLIC        BCD_coded_time_a
  X:0275H         PUBLIC        BCD_coded_time_b
  D:0090H         PUBLIC        P1
  D:00A0H         PUBLIC        P2
  X:0279H         PUBLIC        LTC_a_frames
  X:027AH         PUBLIC        secs_since_sync_a
  X:027EH         PUBLIC        LTC_b_frames
  C:3437H         PUBLIC        _bin_to_BCD
  X:027FH         PUBLIC        secs_since_sync_b
  X:0283H         PUBLIC        send_buffer
  X:0298H         PUBLIC        LTC_a_offset
  X:029CH         PUBLIC        LTC_b_offset
  D:0015H         PUBLIC        i2c_byte
  C:278BH         PUBLIC        offset_time
  C:0FC0H         PUBLIC        LTC_manager
  D:0016H         PUBLIC        NTSC_offset
  C:2E6FH         PUBLIC        confirm_daylight_switch
  X:02A0H         PUBLIC        int_GPS_week
  X:02A2H         PUBLIC        LTC_a_watchoffset
  X:02A5H         PUBLIC        LTC_b_watchoffset
  D:0018H         PUBLIC        byte_index
  C:264EH         PUBLIC        check_daylight_switch
  X:02A8H         PUBLIC        LTC_confirm
  X:02A9H         PUBLIC        LTC_a_time
  X:02B0H         PUBLIC        LTC_b_time
  C:2FC1H         PUBLIC        transmit_LTC_data
  C:31AAH         PUBLIC        update_LTC_strings
  X:02B7H         PUBLIC        quant_error_100MHz
  C:3364H         PUBLIC        month_days
  D:0019H         PUBLIC        temp_long
  X:02B8H         PUBLIC        daylight_off_a_time
  X:02BFH         PUBLIC        daylight_off_b_time
  X:02C6H         PUBLIC        LTC_request
  X:02C7H         PUBLIC        int_GPS_tow
  C:2DFDH         PUBLIC        sec_inc
  X:02CBH         PUBLIC        dropframe_setup
  X:02CCH         PUBLIC        int_time
  B:0022H.1       PUBLIC        LTC_a_daylight_flag
  B:0022H.2       PUBLIC        LTC_b_daylight_flag
  X:02D3H         PUBLIC        LTC_a_str
  X:02E0H         PUBLIC        LTC_b_str
  X:02EDH         PUBLIC        LTC_a_sync_hour
  B:0090H.0       PUBLIC        timepulse_status
  X:02EEH         PUBLIC        daylight_switch_setup
  X:02EFH         PUBLIC        LTC_b_sync_hour
  X:02F0H         PUBLIC        LTC_a_sync_min
  X:02F1H         PUBLIC        LTC_b_sync_min
  X:02F2H         PUBLIC        daylight_on_a_time
  X:02F9H         PUBLIC        daylight_on_b_time
  X:0300H         PUBLIC        LTC_sync_request
  B:0022H.3       PUBLIC        first_time_run
  X:0301H         PUBLIC        LTC_setup
  C:2A62H         PUBLIC        init_LTC
  C:140EH         SYMBOL        Com008F
  C:140EH         SYMBOL        L?0144
  C:1607H         SYMBOL        L?0145
  C:162FH         SYMBOL        L?0146
  C:1632H         SYMBOL        L?0147
  C:163DH         SYMBOL        L?0148
BL51 BANKED LINKER/LOCATER V5.15            06/13/2013  14:21:19  PAGE 20


  C:164BH         SYMBOL        L?0149
  C:1675H         SYMBOL        L?0150
  C:1680H         SYMBOL        L?0151
  C:1684H         SYMBOL        L?0152
  C:1693H         SYMBOL        L?0153
  C:169CH         SYMBOL        L?0154
  C:16A7H         SYMBOL        L?0156
  C:16AAH         SYMBOL        L?0157
  C:16BBH         SYMBOL        L?0158
  C:16BBH         SYMBOL        L?0159
  C:16CDH         SYMBOL        L?0160
  C:16E7H         SYMBOL        L?0161
  C:16E8H         SYMBOL        L?0162
  C:16F4H         SYMBOL        L?0163
  C:16FFH         SYMBOL        L?0165
  C:171AH         SYMBOL        L?0166
  C:1735H         SYMBOL        L?0167
  C:1735H         SYMBOL        L?0168
  C:173CH         SYMBOL        L?0169
  C:1754H         SYMBOL        L?0170
  C:1754H         SYMBOL        L?0171
  C:1759H         SYMBOL        L?0172
  C:1760H         SYMBOL        L?0173
  C:176AH         SYMBOL        L?0174
  C:1772H         SYMBOL        L?0175
  C:177BH         SYMBOL        L?0176
  C:1782H         SYMBOL        L?0177
  C:1796H         SYMBOL        L?0178
  C:17A5H         SYMBOL        L?0179
  C:17B8H         SYMBOL        L?0180
  C:17CCH         SYMBOL        L?0181
  C:17D3H         SYMBOL        L?0182
  C:17E6H         SYMBOL        L?0183
  C:17F3H         SYMBOL        L?0184
  C:17F3H         SYMBOL        L?0185
  C:17FAH         SYMBOL        L?0186
  C:1807H         SYMBOL        L?0187
  C:1812H         SYMBOL        L?0188
  C:181DH         SYMBOL        L?0189
  C:1827H         SYMBOL        L?0190
  C:1831H         SYMBOL        L?0191
  C:183BH         SYMBOL        L?0192
  C:1845H         SYMBOL        L?0193
  -------         PROC          COM008F
  -------         ENDPROC       COM008F
  -------         PROC          _BIN_TO_BCD
  D:0007H         SYMBOL        binary
  -------         DO            
  D:0007H         SYMBOL        tens
  D:0006H         SYMBOL        ones
  D:0007H         SYMBOL        BCD
  -------         ENDDO         
  C:3437H         LINE#         164
  C:3437H         LINE#         165
  C:3437H         LINE#         168
  C:343EH         LINE#         169
  C:3443H         LINE#         170
  C:3448H         LINE#         172
  C:3448H         LINE#         173
  -------         ENDPROC       _BIN_TO_BCD
  -------         PROC          SEC_INC
  C:2DFDH         LINE#         179
  C:2DFDH         LINE#         180
  C:2DFDH         LINE#         181
  C:2E03H         LINE#         184
BL51 BANKED LINKER/LOCATER V5.15            06/13/2013  14:21:19  PAGE 21


  C:2E08H         LINE#         185
  C:2E08H         LINE#         186
  C:2E09H         LINE#         187
  C:2E0FH         LINE#         190
  C:2E14H         LINE#         191
  C:2E14H         LINE#         192
  C:2E15H         LINE#         193
  C:2E1BH         LINE#         196
  C:2E20H         LINE#         197
  C:2E20H         LINE#         198
  C:2E21H         LINE#         199
  C:2E27H         LINE#         202
  C:2E31H         LINE#         203
  C:2E31H         LINE#         204
  C:2E37H         LINE#         205
  C:2E37H         LINE#         206
  C:2E38H         LINE#         207
  C:2E38H         LINE#         208
  C:2E38H         LINE#         209
  C:2E3AH         LINE#         211
  C:2E4DH         LINE#         212
  C:2E4DH         LINE#         213
  C:2E50H         LINE#         214
  C:2E56H         LINE#         215
  C:2E56H         LINE#         218
  C:2E5DH         LINE#         219
  C:2E5DH         LINE#         220
  C:2E60H         LINE#         221
  C:2E6EH         LINE#         222
  C:2E6EH         LINE#         223
  C:2E6EH         LINE#         224
  C:2E6EH         LINE#         225
  C:2E6EH         LINE#         226
  -------         ENDPROC       SEC_INC
  -------         PROC          OFFSET_TIME
  D:005BH         SYMBOL        in_time
  D:0062H         SYMBOL        out_time
  D:0065H         SYMBOL        hours
  D:0066H         SYMBOL        mins
  D:0067H         SYMBOL        secs
  -------         DO            
  D:0068H         SYMBOL        temp_time
  -------         ENDDO         
  C:278BH         LINE#         233
  C:278BH         LINE#         234
  C:278BH         LINE#         238
  C:279EH         LINE#         241
  C:27A4H         LINE#         244
  C:27ABH         LINE#         245
  C:27ABH         LINE#         246
  C:27ADH         LINE#         247
  C:27B3H         LINE#         248
  C:27B5H         LINE#         250
  C:27BEH         LINE#         251
  C:27BEH         LINE#         252
  C:27C0H         LINE#         253
  C:27CBH         LINE#         254
  C:27CBH         LINE#         258
  C:27D1H         LINE#         261
  C:27D8H         LINE#         262
  C:27D8H         LINE#         263
  C:27DAH         LINE#         264
  C:27E0H         LINE#         265
  C:27E2H         LINE#         267
  C:27EBH         LINE#         268
BL51 BANKED LINKER/LOCATER V5.15            06/13/2013  14:21:19  PAGE 22


  C:27EBH         LINE#         269
  C:27EDH         LINE#         270
  C:27F8H         LINE#         271
  C:27F8H         LINE#         275
  C:27FEH         LINE#         278
  C:2805H         LINE#         279
  C:2805H         LINE#         280
  C:2807H         LINE#         281
  C:280DH         LINE#         282
  C:280FH         LINE#         284
  C:2818H         LINE#         285
  C:2818H         LINE#         286
  C:281AH         LINE#         287
  C:2825H         LINE#         288
  C:2825H         LINE#         292
  C:282EH         LINE#         293
  C:282EH         LINE#         294
  C:2830H         LINE#         296
  C:283AH         LINE#         297
  C:283FH         LINE#         299
  C:2844H         LINE#         301
  C:284DH         LINE#         302
  C:284DH         LINE#         303
  C:2855H         LINE#         304
  C:2858H         LINE#         305
  C:2858H         LINE#         306
  C:285AH         LINE#         309
  C:2864H         LINE#         310
  C:2864H         LINE#         311
  C:286DH         LINE#         312
  C:286DH         LINE#         313
  C:286DH         LINE#         314
  C:286DH         LINE#         315
  C:286DH         LINE#         316
  C:286FH         LINE#         318
  C:287BH         LINE#         319
  C:287BH         LINE#         320
  C:287DH         LINE#         321
  C:2880H         LINE#         322
  C:2880H         LINE#         324
  C:2889H         LINE#         325
  C:2889H         LINE#         326
  C:2891H         LINE#         327
  C:2894H         LINE#         328
  C:2894H         LINE#         330
  -------         ENDPROC       OFFSET_TIME
  C:13FEH         SYMBOL        L?0164
  -------         PROC          LTC_MANAGER
  -------         DO            
  D:004AH         SYMBOL        NTSC_offset_long
  D:004EH         SYMBOL        skipped_frames
  D:0050H         SYMBOL        temp_offset
  D:0053H         SYMBOL        temp_sec_offset
  D:0057H         SYMBOL        temp_secs_since_sync
  -------         ENDDO         
  C:0FC0H         LINE#         341
  C:0FC0H         LINE#         342
  C:0FC0H         LINE#         345
  C:0FC5H         LINE#         348
  C:0FCDH         LINE#         360
  C:0FD3H         LINE#         361
  C:0FD3H         LINE#         362
  C:0FDCH         LINE#         363
  C:0FF0H         LINE#         364
  C:0FFFH         LINE#         365
BL51 BANKED LINKER/LOCATER V5.15            06/13/2013  14:21:19  PAGE 23


  C:1001H         LINE#         367
  C:1001H         LINE#         368
  C:1019H         LINE#         371
  C:1032H         LINE#         372
  C:1040H         LINE#         373
  C:1040H         LINE#         376
  C:1050H         LINE#         377
  C:1060H         LINE#         380
  C:1063H         LINE#         383
  C:1075H         LINE#         384
  C:1089H         LINE#         386
  C:10A5H         LINE#         393
  C:10A5H         LINE#         394
  C:10ABH         LINE#         395
  C:10B8H         LINE#         397
  C:10CAH         LINE#         398
  C:10D6H         LINE#         400
  C:10E1H         LINE#         408
  C:10E1H         LINE#         409
  C:10E7H         LINE#         410
  C:10FCH         LINE#         412
  C:1100H         LINE#         421
  C:1107H         LINE#         424
  C:110AH         LINE#         425
  C:110CH         LINE#         432
  C:1116H         LINE#         433
  C:1116H         LINE#         434
  C:111AH         LINE#         437
  C:1124H         LINE#         438
  C:112DH         LINE#         445
  C:1133H         LINE#         446
  C:1133H         LINE#         447
  C:1133H         LINE#         450
  C:1139H         LINE#         453
  C:1139H         LINE#         454
  C:1139H         LINE#         457
  C:1139H         LINE#         458
  C:1139H         LINE#         461
  C:1139H         LINE#         462
  C:1139H         LINE#         463
  C:1139H         LINE#         466
  C:1139H         LINE#         468
  C:1139H         LINE#         469
  C:1139H         LINE#         471
  C:1139H         LINE#         472
  C:1139H         LINE#         474
  C:1139H         LINE#         475
  C:113CH         LINE#         477
  C:1143H         LINE#         478
  C:1148H         LINE#         480
  C:114EH         LINE#         481
  C:114EH         LINE#         482
  C:1150H         LINE#         485
  C:1150H         LINE#         486
  C:1153H         LINE#         487
  C:1157H         LINE#         488
  C:1157H         LINE#         495
  C:115DH         LINE#         498
  C:1166H         LINE#         499
  C:1166H         LINE#         500
  C:1166H         LINE#         501
  C:1169H         LINE#         502
  C:1169H         LINE#         505
  C:1173H         LINE#         506
  C:1173H         LINE#         507
BL51 BANKED LINKER/LOCATER V5.15            06/13/2013  14:21:19  PAGE 24


  C:1173H         LINE#         510
  C:1187H         LINE#         511
  C:1187H         LINE#         512
  C:118AH         LINE#         513
  C:118CH         LINE#         515
  C:1198H         LINE#         516
  C:1198H         LINE#         517
  C:1198H         LINE#         518
  C:119BH         LINE#         519
  C:119BH         LINE#         520
  C:119BH         LINE#         522
  C:11A1H         LINE#         525
  C:11A7H         LINE#         526
  C:11B2H         LINE#         528
  C:11B2H         LINE#         529
  C:11B7H         LINE#         530
  C:11C7H         LINE#         531
  C:11C7H         LINE#         533
  C:11CAH         LINE#         534
  C:11CAH         LINE#         535
  C:11CAH         LINE#         536
  C:11CAH         LINE#         543
  C:11D3H         LINE#         544
  C:11D3H         LINE#         546
  C:11DDH         LINE#         547
  C:11DDH         LINE#         548
  C:11E3H         LINE#         549
  C:11E3H         LINE#         550
  C:11EFH         LINE#         551
  C:11EFH         LINE#         553
  C:11F0H         LINE#         554
  C:11F5H         LINE#         555
  C:11F5H         LINE#         556
  C:11F5H         LINE#         557
  C:11F7H         LINE#         560
  C:1201H         LINE#         561
  C:1201H         LINE#         562
  C:1207H         LINE#         563
  C:1207H         LINE#         564
  C:1213H         LINE#         565
  C:1213H         LINE#         567
  C:121DH         LINE#         568
  C:1228H         LINE#         569
  C:1228H         LINE#         570
  C:1228H         LINE#         571
  C:1228H         LINE#         572
  C:1228H         LINE#         578
  C:1235H         LINE#         579
  C:1242H         LINE#         580
  C:124FH         LINE#         581
  C:125CH         LINE#         593
  C:1263H         LINE#         596
  C:1266H         LINE#         597
  C:1268H         LINE#         604
  C:1272H         LINE#         605
  C:1272H         LINE#         606
  C:1276H         LINE#         609
  C:1280H         LINE#         610
  C:1289H         LINE#         617
  C:128FH         LINE#         618
  C:128FH         LINE#         619
  C:128FH         LINE#         621
  C:1295H         LINE#         624
  C:1295H         LINE#         625
  C:1295H         LINE#         628
BL51 BANKED LINKER/LOCATER V5.15            06/13/2013  14:21:19  PAGE 25


  C:1295H         LINE#         629
  C:1295H         LINE#         632
  C:1295H         LINE#         633
  C:1295H         LINE#         634
  C:1295H         LINE#         637
  C:1295H         LINE#         639
  C:1295H         LINE#         640
  C:1295H         LINE#         642
  C:1295H         LINE#         643
  C:1295H         LINE#         645
  C:1295H         LINE#         646
  C:1298H         LINE#         648
  C:129FH         LINE#         649
  C:12A4H         LINE#         651
  C:12AAH         LINE#         652
  C:12AAH         LINE#         653
  C:12ACH         LINE#         656
  C:12ACH         LINE#         657
  C:12AFH         LINE#         658
  C:12B3H         LINE#         659
  C:12B3H         LINE#         666
  C:12B9H         LINE#         669
  C:12C2H         LINE#         670
  C:12C2H         LINE#         671
  C:12C2H         LINE#         672
  C:12C5H         LINE#         673
  C:12C5H         LINE#         676
  C:12CFH         LINE#         677
  C:12CFH         LINE#         678
  C:12CFH         LINE#         681
  C:12E3H         LINE#         682
  C:12E3H         LINE#         683
  C:12E6H         LINE#         684
  C:12E8H         LINE#         686
  C:12F4H         LINE#         687
  C:12F4H         LINE#         688
  C:12F4H         LINE#         689
  C:12F7H         LINE#         690
  C:12F7H         LINE#         691
  C:12F7H         LINE#         693
  C:12FDH         LINE#         697
  C:1303H         LINE#         698
  C:1311H         LINE#         700
  C:1311H         LINE#         701
  C:1316H         LINE#         702
  C:1335H         LINE#         703
  C:1335H         LINE#         705
  C:1338H         LINE#         706
  C:1338H         LINE#         707
  C:1338H         LINE#         708
  C:1338H         LINE#         715
  C:1341H         LINE#         716
  C:1341H         LINE#         718
  C:134BH         LINE#         719
  C:134BH         LINE#         720
  C:1351H         LINE#         721
  C:1351H         LINE#         722
  C:135DH         LINE#         723
  C:135DH         LINE#         725
  C:135FH         LINE#         726
  C:1364H         LINE#         727
  C:1364H         LINE#         728
  C:1364H         LINE#         729
  C:1366H         LINE#         732
  C:1370H         LINE#         733
BL51 BANKED LINKER/LOCATER V5.15            06/13/2013  14:21:19  PAGE 26


  C:1370H         LINE#         734
  C:1376H         LINE#         735
  C:1376H         LINE#         736
  C:1382H         LINE#         737
  C:1382H         LINE#         739
  C:138CH         LINE#         740
  C:1397H         LINE#         741
  C:1397H         LINE#         742
  C:1397H         LINE#         743
  C:1397H         LINE#         744
  C:1397H         LINE#         750
  C:13A4H         LINE#         751
  C:13B1H         LINE#         752
  C:13BEH         LINE#         753
  C:13CBH         LINE#         762
  C:13D5H         LINE#         763
  C:13D5H         LINE#         764
  C:13E8H         LINE#         765
  C:13FBH         LINE#         766
  C:13FDH         LINE#         767
  C:13FDH         LINE#         768
  -------         ENDPROC       LTC_MANAGER
  C:2781H         SYMBOL        L?0155
  -------         PROC          CHECK_DAYLIGHT_SWITCH
  C:264EH         LINE#         771
  C:264EH         LINE#         772
  C:264EH         LINE#         776
  C:265EH         LINE#         777
  C:265EH         LINE#         779
  C:2682H         LINE#         780
  C:2682H         LINE#         781
  C:268FH         LINE#         782
  C:268FH         LINE#         784
  C:268FH         LINE#         785
  C:268FH         LINE#         787
  C:268FH         LINE#         788
  C:2694H         LINE#         789
  C:2694H         LINE#         790
  C:2696H         LINE#         792
  C:2696H         LINE#         793
  C:2698H         LINE#         794
  C:269DH         LINE#         795
  C:269FH         LINE#         796
  C:269FH         LINE#         797
  C:269FH         LINE#         800
  C:26C3H         LINE#         801
  C:26C3H         LINE#         802
  C:26D0H         LINE#         803
  C:26D0H         LINE#         805
  C:26D0H         LINE#         806
  C:26D0H         LINE#         808
  C:26D0H         LINE#         809
  C:26D5H         LINE#         810
  C:26DAH         LINE#         811
  C:26DCH         LINE#         813
  C:26DCH         LINE#         814
  C:26DEH         LINE#         815
  C:26E6H         LINE#         816
  C:26E6H         LINE#         817
  C:26E6H         LINE#         818
  C:26E6H         LINE#         819
  C:26E6H         LINE#         824
  C:26F6H         LINE#         825
  C:26F6H         LINE#         827
  C:271AH         LINE#         828
BL51 BANKED LINKER/LOCATER V5.15            06/13/2013  14:21:19  PAGE 27


  C:271AH         LINE#         829
  C:2728H         LINE#         830
  C:2728H         LINE#         832
  C:2728H         LINE#         833
  C:2728H         LINE#         835
  C:2728H         LINE#         836
  C:272DH         LINE#         837
  C:272DH         LINE#         838
  C:272FH         LINE#         840
  C:272FH         LINE#         841
  C:2731H         LINE#         842
  C:2736H         LINE#         843
  C:2738H         LINE#         844
  C:2738H         LINE#         845
  C:2738H         LINE#         848
  C:275CH         LINE#         849
  C:275CH         LINE#         850
  C:276AH         LINE#         851
  C:276AH         LINE#         853
  C:276AH         LINE#         854
  C:276AH         LINE#         856
  C:276AH         LINE#         857
  C:276FH         LINE#         858
  C:2774H         LINE#         859
  C:2776H         LINE#         861
  C:2776H         LINE#         862
  C:2778H         LINE#         863
  C:2780H         LINE#         864
  C:2780H         LINE#         865
  C:2780H         LINE#         866
  C:2780H         LINE#         867
  C:2780H         LINE#         868
  -------         ENDPROC       CHECK_DAYLIGHT_SWITCH
  -------         PROC          CONFIRM_DAYLIGHT_SWITCH
  C:2E6FH         LINE#         871
  C:2E6FH         LINE#         872
  C:2E6FH         LINE#         874
  C:2E77H         LINE#         875
  C:2E77H         LINE#         877
  C:2E7FH         LINE#         878
  C:2E83H         LINE#         880
  C:2E87H         LINE#         881
  C:2E89H         LINE#         883
  C:2E8FH         LINE#         884
  C:2E8FH         LINE#         885
  C:2E91H         LINE#         887
  C:2E99H         LINE#         888
  C:2E99H         LINE#         889
  C:2EA0H         LINE#         890
  C:2EA7H         LINE#         891
  C:2EA7H         LINE#         894
  C:2EAFH         LINE#         895
  C:2EAFH         LINE#         897
  C:2EB7H         LINE#         898
  C:2EBBH         LINE#         900
  C:2EBFH         LINE#         901
  C:2EC1H         LINE#         903
  C:2EC7H         LINE#         904
  C:2EC7H         LINE#         905
  C:2EC9H         LINE#         907
  C:2ED1H         LINE#         908
  C:2ED1H         LINE#         909
  C:2ED8H         LINE#         910
  C:2EDFH         LINE#         911
  C:2EDFH         LINE#         912
BL51 BANKED LINKER/LOCATER V5.15            06/13/2013  14:21:19  PAGE 28


  -------         ENDPROC       CONFIRM_DAYLIGHT_SWITCH
  -------         PROC          UPDATE_LTC_STRINGS
  -------         DO            
  D:004AH         SYMBOL        GPSLock
  -------         ENDDO         
  C:31AAH         LINE#         915
  C:31AAH         LINE#         916
  C:31AAH         LINE#         922
  C:31B5H         LINE#         924
  C:31CBH         LINE#         926
  -------         ENDPROC       UPDATE_LTC_STRINGS
  -------         PROC          TRANSMIT_LTC_DATA
  C:2FC1H         LINE#         934
  C:2FC1H         LINE#         935
  C:2FC1H         LINE#         937
  C:2FC9H         LINE#         938
  C:2FCDH         LINE#         939
  C:2FD1H         LINE#         940
  C:2FD9H         LINE#         941
  C:2FE1H         LINE#         942
  C:2FE9H         LINE#         943
  C:2FF1H         LINE#         945
  C:2FF9H         LINE#         946
  C:3001H         LINE#         947
  C:3009H         LINE#         948
  C:3011H         LINE#         950
  C:3019H         LINE#         951
  C:301DH         LINE#         954
  -------         ENDPROC       TRANSMIT_LTC_DATA
  -------         PROC          INIT_LTC
  C:2A62H         LINE#         959
  C:2A62H         LINE#         960
  C:2A62H         LINE#         961
  C:2A67H         LINE#         962
  C:2A71H         LINE#         963
  C:2A7BH         LINE#         964
  C:2A80H         LINE#         965
  C:2A84H         LINE#         966
  C:2A88H         LINE#         967
  C:2A8CH         LINE#         970
  C:2A95H         LINE#         971
  C:2A99H         LINE#         972
  C:2AA3H         LINE#         974
  C:2AAAH         LINE#         975
  C:2AB1H         LINE#         977
  C:2AB8H         LINE#         978
  C:2ABFH         LINE#         980
  C:2AC1H         LINE#         981
  C:2AC3H         LINE#         983
  C:2AC8H         LINE#         984
  C:2ACCH         LINE#         986
  C:2AD6H         LINE#         987
  C:2ADDH         LINE#         989
  C:2AEAH         LINE#         990
  C:2AEEH         LINE#         992
  C:2AFAH         LINE#         993
  C:2B03H         LINE#         995
  C:2B0AH         LINE#         996
  C:2B11H         LINE#         998
  C:2B1BH         LINE#         999
  C:2B25H         LINE#         1000
  -------         ENDPROC       INIT_LTC
  -------         ENDMOD        LTC_HANDLER

  -------         MODULE        PT5300_HANDLER
BL51 BANKED LINKER/LOCATER V5.15            06/13/2013  14:21:19  PAGE 29


  C:0000H         SYMBOL        _ICE_DUMMY_
  D:00A0H         PUBLIC        P2
  C:1F85H         PUBLIC        pt5300_in_handle
  C:2D82H         PUBLIC        pt5300_out_handle
  C:31E1H         SYMBOL        Com0064
  C:31E1H         SYMBOL        L?0101
  C:31E1H         SYMBOL        L?0102
  C:3202H         SYMBOL        L?0103
  C:3205H         SYMBOL        L?0104
  C:320CH         SYMBOL        L?0106
  -------         PROC          COM0064
  -------         ENDPROC       COM0064
  C:22B9H         SYMBOL        L?0105
  -------         PROC          PT5300_IN_HANDLE
  -------         DO            
  D:004AH         SYMBOL        counter
  -------         ENDDO         
  C:1F85H         LINE#         12
  C:1F85H         LINE#         13
  C:1F85H         LINE#         15
  C:1F88H         LINE#         17
  C:2014H         LINE#         18
  C:2014H         LINE#         21
  C:2014H         LINE#         23
  C:2021H         LINE#         24
  C:2028H         LINE#         26
  C:202DH         LINE#         29
  C:2034H         LINE#         30
  C:203CH         LINE#         32
  C:203CH         LINE#         36
  C:203CH         LINE#         37
  C:2044H         LINE#         38
  C:2045H         LINE#         39
  C:2045H         LINE#         40
  C:204DH         LINE#         41
  C:204EH         LINE#         42
  C:204EH         LINE#         43
  C:2056H         LINE#         44
  C:2057H         LINE#         45
  C:2057H         LINE#         46
  C:205FH         LINE#         47
  C:2060H         LINE#         50
  C:2060H         LINE#         51
  C:2067H         LINE#         53
  C:207EH         LINE#         54
  C:207EH         LINE#         55
  C:207EH         LINE#         56
  C:207EH         LINE#         57
  C:2081H         LINE#         58
  C:2081H         LINE#         59
  C:2088H         LINE#         60
  C:2089H         LINE#         61
  C:2089H         LINE#         62
  C:2090H         LINE#         63
  C:2091H         LINE#         64
  C:2091H         LINE#         65
  C:2098H         LINE#         66
  C:2099H         LINE#         67
  C:2099H         LINE#         68
  C:20A0H         LINE#         69
  C:20A1H         LINE#         70
  C:20A1H         LINE#         71
  C:20A1H         LINE#         74
  C:20A1H         LINE#         75
  C:20A4H         LINE#         76
BL51 BANKED LINKER/LOCATER V5.15            06/13/2013  14:21:19  PAGE 30


  C:20A7H         LINE#         77
  C:20AAH         LINE#         79
  C:20AAH         LINE#         80
  C:20B2H         LINE#         81
  C:20B3H         LINE#         83
  C:20B3H         LINE#         84
  C:20BBH         LINE#         85
  C:20BCH         LINE#         88
  C:20BCH         LINE#         89
  C:20C4H         LINE#         90
  C:20C5H         LINE#         93
  C:20C5H         LINE#         94
  C:20CDH         LINE#         95
  C:20CEH         LINE#         98
  C:20CEH         LINE#         99
  C:20D1H         LINE#         100
  C:20D4H         LINE#         101
  C:20D7H         LINE#         104
  C:20D7H         LINE#         105
  C:20E0H         LINE#         106
  C:20E1H         LINE#         107
  C:20E1H         LINE#         108
  C:20E9H         LINE#         109
  C:20EAH         LINE#         110
  C:20EAH         LINE#         111
  C:20F2H         LINE#         112
  C:20F3H         LINE#         115
  C:20F3H         LINE#         116
  C:20FCH         LINE#         117
  C:20FDH         LINE#         118
  C:20FDH         LINE#         119
  C:2105H         LINE#         120
  C:2106H         LINE#         121
  C:2106H         LINE#         122
  C:210EH         LINE#         123
  C:210FH         LINE#         128
  C:210FH         LINE#         129
  C:2117H         LINE#         130
  C:2118H         LINE#         131
  C:2118H         LINE#         132
  C:2120H         LINE#         133
  C:2121H         LINE#         134
  C:2121H         LINE#         135
  C:2129H         LINE#         136
  C:212AH         LINE#         137
  C:212AH         LINE#         138
  C:2132H         LINE#         139
  C:2133H         LINE#         142
  C:2133H         LINE#         143
  C:213AH         LINE#         145
  C:2151H         LINE#         146
  C:2151H         LINE#         147
  C:2151H         LINE#         148
  C:2156H         LINE#         149
  C:2157H         LINE#         150
  C:2157H         LINE#         151
  C:215EH         LINE#         152
  C:215FH         LINE#         153
  C:215FH         LINE#         154
  C:2166H         LINE#         155
  C:2167H         LINE#         156
  C:2167H         LINE#         157
  C:216EH         LINE#         158
  C:216FH         LINE#         159
  C:216FH         LINE#         160
BL51 BANKED LINKER/LOCATER V5.15            06/13/2013  14:21:19  PAGE 31


  C:2176H         LINE#         161
  C:2177H         LINE#         162
  C:2177H         LINE#         163
  C:2177H         LINE#         166
  C:2177H         LINE#         167
  C:217DH         LINE#         168
  C:2188H         LINE#         169
  C:2189H         LINE#         171
  C:2189H         LINE#         172
  C:2191H         LINE#         173
[...]
  C:2510H         LINE#         174
  C:2510H         LINE#         176
  C:2514H         LINE#         177
  C:2514H         LINE#         178
  C:2523H         LINE#         179
  C:252DH         LINE#         180
  C:2538H         LINE#         181
  C:2538H         LINE#         182
  C:2540H         LINE#         183
  C:2542H         LINE#         184
  C:2544H         LINE#         186
  C:2544H         LINE#         187
  C:2549H         LINE#         188
  C:254BH         LINE#         189
  C:254BH         LINE#         191
  C:2553H         LINE#         194
  C:255EH         LINE#         195
  C:255EH         LINE#         196
  C:2561H         LINE#         197
  C:2561H         LINE#         198
  C:2563H         LINE#         199
  C:2565H         LINE#         200
  C:2567H         LINE#         201
  C:256AH         LINE#         203
  C:256AH         LINE#         205
  C:256FH         LINE#         206
  C:2573H         LINE#         207
  C:2576H         LINE#         208
  C:2578H         LINE#         209
  C:257AH         LINE#         210
  C:257EH         LINE#         211
  C:257EH         LINE#         212
  C:257FH         LINE#         215
  C:2585H         LINE#         216
  C:2585H         LINE#         217
  C:258DH         LINE#         220
  C:2590H         LINE#         221
  C:2593H         LINE#         224
  C:259BH         LINE#         225
  C:259BH         LINE#         226
  C:25ABH         LINE#         227
  C:25AEH         LINE#         228
  C:25B3H         LINE#         229
  C:25B3H         LINE#         231
  C:25BBH         LINE#         232
  C:25BCH         LINE#         235
  C:25C2H         LINE#         236
  C:25C2H         LINE#         237
  C:25CAH         LINE#         240
  C:25CDH         LINE#         241
  C:25D0H         LINE#         244
  C:25DAH         LINE#         245
  C:25DDH         LINE#         247
  C:25E5H         LINE#         250
  C:25F1H         LINE#         251
  C:25F1H         LINE#         252
BL51 BANKED LINKER/LOCATER V5.15            06/13/2013  14:21:19  PAGE 36


  C:25F3H         LINE#         253
  C:25F7H         LINE#         254
  C:25F7H         LINE#         255
  C:25F8H         LINE#         258
  C:25FEH         LINE#         259
  C:25FEH         LINE#         260
  C:2606H         LINE#         263
  C:2619H         LINE#         264
  C:2619H         LINE#         265
  C:261DH         LINE#         266
  C:2621H         LINE#         267
  C:2623H         LINE#         270
  C:2643H         LINE#         271
  C:2645H         LINE#         272
  C:2645H         LINE#         274
  C:264DH         LINE#         275
  C:264DH         LINE#         276
  C:264DH         LINE#         277
  -------         ENDPROC       PACKET_PROCESS
  -------         PROC          INTERPRET_MESSAGE
  -------         DO            
  X:0141H         SYMBOL        in_packet
  D:0007H         SYMBOL        count
  D:0052H         SYMBOL        index
  -------         ENDDO         
  C:22C3H         LINE#         279
  C:22C3H         LINE#         280
  C:22C3H         LINE#         284
  C:22CCH         LINE#         287
  C:22E8H         LINE#         288
  C:22E8H         LINE#         289
  C:22E8H         LINE#         290
  C:22F3H         LINE#         291
  C:22F3H         LINE#         293
  C:22F3H         LINE#         294
  C:2303H         LINE#         296
  C:2311H         LINE#         297
  C:2317H         LINE#         298
  C:2318H         LINE#         299
  C:2318H         LINE#         300
  C:2318H         LINE#         303
  C:2318H         LINE#         305
  C:2331H         LINE#         306
  C:2331H         LINE#         308
  C:2331H         LINE#         310
  C:2339H         LINE#         313
  C:2341H         LINE#         314
  C:2349H         LINE#         315
  C:2351H         LINE#         316
  C:2359H         LINE#         317
  C:2379H         LINE#         320
  C:23A2H         LINE#         323
  C:23AFH         LINE#         324
  C:23C1H         LINE#         327
  C:23C9H         LINE#         328
  C:23CAH         LINE#         331
  C:23CAH         LINE#         333
  C:23E1H         LINE#         334
  C:23E9H         LINE#         335
  C:23F1H         LINE#         336
  C:23F9H         LINE#         337
  C:2401H         LINE#         338
  C:2409H         LINE#         339
  C:2411H         LINE#         342
  C:2413H         LINE#         343
BL51 BANKED LINKER/LOCATER V5.15            06/13/2013  14:21:19  PAGE 37


  C:2414H         LINE#         345
  C:2414H         LINE#         346
  C:2417H         LINE#         347
  C:2419H         LINE#         348
  C:2419H         LINE#         349
  C:242CH         LINE#         350
  C:2432H         LINE#         351
  C:2437H         LINE#         353
  C:2437H         LINE#         357
  C:2437H         LINE#         358
  C:2437H         LINE#         359
  C:2437H         LINE#         360
  C:2437H         LINE#         363
  C:2437H         LINE#         364
  C:2440H         LINE#         365
  C:2440H         LINE#         367
  C:2440H         LINE#         368
  C:2442H         LINE#         369
  C:2443H         LINE#         371
  C:2443H         LINE#         374
  C:2443H         LINE#         375
  C:2445H         LINE#         376
  C:2445H         LINE#         377
  C:2446H         LINE#         380
  C:2446H         LINE#         381
  C:2458H         LINE#         382
  C:2458H         LINE#         384
  C:2458H         LINE#         385
  C:2461H         LINE#         386
  C:2472H         LINE#         387
  C:249DH         LINE#         388
  C:24D8H         LINE#         389
  C:24D8H         LINE#         392
  C:24D8H         LINE#         393
  C:24E0H         LINE#         394
  C:24E1H         LINE#         395
  C:24E1H         LINE#         396
  C:24E1H         LINE#         398
  C:24E1H         LINE#         399
  C:24E4H         LINE#         400
  C:24E4H         LINE#         401
  C:24E4H         LINE#         402
  -------         ENDPROC       INTERPRET_MESSAGE
  -------         PROC          _POLL_PACKET
  D:0007H         SYMBOL        class_num
  D:0005H         SYMBOL        id_num
  -------         DO            
  X:0141H         SYMBOL        poll_packet
  -------         ENDDO         
  C:346AH         LINE#         404
  C:346AH         LINE#         405
  C:346AH         LINE#         408
  C:346DH         LINE#         409
  C:346DH         LINE#         410
  C:346DH         LINE#         411
  C:3471H         LINE#         413
  -------         ENDPROC       _POLL_PACKET
  C:2C6FH         SYMBOL        L?0098
  -------         PROC          _SEND_PACKET
  D:004FH         SYMBOL        out_packet
  C:2BDCH         LINE#         416
  C:2BE2H         LINE#         417
  C:2BE2H         LINE#         418
  C:2BE7H         LINE#         420
  C:2BF2H         LINE#         423
BL51 BANKED LINKER/LOCATER V5.15            06/13/2013  14:21:19  PAGE 38


  C:2BF7H         LINE#         424
  C:2BFCH         LINE#         427
  C:2C05H         LINE#         428
  C:2C0FH         LINE#         430
  C:2C19H         LINE#         431
  C:2C1FH         LINE#         434
  C:2C29H         LINE#         435
  C:2C2FH         LINE#         437
  C:2C35H         LINE#         438
  C:2C3EH         LINE#         441
  C:2C4EH         LINE#         442
  C:2C4EH         LINE#         443
  C:2C55H         LINE#         444
  C:2C5BH         LINE#         445
  C:2C65H         LINE#         448
  C:2C6AH         LINE#         449
  C:2C6FH         LINE#         450
  -------         ENDPROC       _SEND_PACKET
  -------         PROC          _SEND_PACKET_ACK
  D:004AH         SYMBOL        out_packet
  -------         DO            
  D:004DH         SYMBOL        c
  D:004EH         SYMBOL        d
  -------         ENDDO         
  C:3276H         LINE#         452
  C:327CH         LINE#         453
  C:327CH         LINE#         456
  C:327FH         LINE#         457
  C:327FH         LINE#         458
  C:3281H         LINE#         459
  C:328AH         LINE#         461
  C:328FH         LINE#         463
  C:3295H         LINE#         464
  C:329EH         LINE#         465
  C:32A0H         LINE#         466
  -------         ENDPROC       _SEND_PACKET_ACK
  -------         PROC          _GET_PACKET
  D:0053H         SYMBOL        in_packet
  C:3370H         LINE#         468
  C:3376H         LINE#         469
  C:3376H         LINE#         471
  -------         ENDPROC       _GET_PACKET
  -------         PROC          _SET_MESSAGE_RATE
  D:0007H         SYMBOL        class_num
  D:0005H         SYMBOL        id_num
  D:0003H         SYMBOL        rate
  -------         DO            
  X:0141H         SYMBOL        temp_packet
  -------         ENDDO         
  C:32EFH         LINE#         475
  C:32EFH         LINE#         476
  C:32EFH         LINE#         479
  C:32F5H         LINE#         480
  C:32F9H         LINE#         481
  C:32FBH         LINE#         482
  C:32FBH         LINE#         484
  C:32FEH         LINE#         485
  C:32FEH         LINE#         486
  C:32FEH         LINE#         487
  C:3303H         LINE#         488
  C:3306H         LINE#         489
  C:3308H         LINE#         491
  -------         ENDPROC       _SET_MESSAGE_RATE
  -------         PROC          _GET_UTC_TIME
  D:005BH         SYMBOL        out_time
BL51 BANKED LINKER/LOCATER V5.15            06/13/2013  14:21:19  PAGE 39


  C:33C0H         LINE#         494
  C:33C6H         LINE#         495
  C:33C6H         LINE#         496
  -------         ENDPROC       _GET_UTC_TIME
  C:2A4CH         SYMBOL        L?0094
  C:2A58H         SYMBOL        L?0101
  -------         PROC          SETUP_UBLOX
  C:298BH         LINE#         499
  C:298BH         LINE#         500
  C:298BH         LINE#         502
  C:2995H         LINE#         503
  C:299AH         LINE#         504
  C:29A2H         LINE#         505
  C:29A9H         LINE#         506
  C:29ADH         LINE#         507
  C:29B1H         LINE#         508
  C:29B5H         LINE#         509
  C:29B9H         LINE#         510
  C:29BDH         LINE#         511
  C:29C1H         LINE#         512
  C:29C5H         LINE#         513
  C:29C7H         LINE#         514
  C:29D5H         LINE#         516
  C:29DEH         LINE#         519
  C:29E7H         LINE#         521
  C:29F0H         LINE#         524
  C:29F9H         LINE#         527
  C:29FBH         LINE#         528
  C:29FFH         LINE#         529
  C:2A06H         LINE#         532
  C:2A08H         LINE#         533
  C:2A0AH         LINE#         534
  C:2A11H         LINE#         537
  C:2A13H         LINE#         538
  C:2A15H         LINE#         539
  C:2A1CH         LINE#         542
  C:2A1EH         LINE#         543
  C:2A27H         LINE#         544
  C:2A2FH         LINE#         547
  C:2A31H         LINE#         548
  C:2A35H         LINE#         549
  C:2A3CH         LINE#         552
  C:2A45H         LINE#         555
  C:2A47H         LINE#         556
  C:2A49H         LINE#         557
  C:2A4BH         LINE#         558
  -------         ENDPROC       SETUP_UBLOX
  -------         PROC          WAIT_FOR_MESSAGE
  -------         DO            
  D:004FH         SYMBOL        timer
  D:0051H         SYMBOL        c
  -------         ENDDO         
  C:3137H         LINE#         560
  C:3137H         LINE#         561
  C:3137H         LINE#         562
  C:313CH         LINE#         563
  C:313EH         LINE#         565
  C:3148H         LINE#         566
  C:3148H         LINE#         567
  C:3157H         LINE#         568
  C:3157H         LINE#         569
  C:315FH         LINE#         570
  C:3162H         LINE#         571
  C:3164H         LINE#         573
  C:3167H         LINE#         574
BL51 BANKED LINKER/LOCATER V5.15            06/13/2013  14:21:19  PAGE 40


  C:3169H         LINE#         575
  C:316BH         LINE#         576
  C:316DH         LINE#         578
  C:3172H         LINE#         579
  -------         ENDPROC       WAIT_FOR_MESSAGE
  -------         ENDMOD        UBLOX_PROT

  -------         MODULE        CONFIG
  C:0000H         SYMBOL        _ICE_DUMMY_
  D:00E6H         PUBLIC        EIE1
  D:00E4H         PUBLIC        IT01CF
  D:00A5H         PUBLIC        P1MDOUT
  D:00A8H         PUBLIC        IE
  D:00A6H         PUBLIC        P2MDOUT
  D:0093H         PUBLIC        TMR3RLH
  D:0092H         PUBLIC        TMR3RLL
  C:3400H         PUBLIC        Port_IO_Init
  D:00D9H         PUBLIC        PCA0MD
  C:3332H         PUBLIC        Oscillator_Init
  D:00E1H         PUBLIC        XBR0
  D:00C1H         PUBLIC        SMB0CF
  D:00E2H         PUBLIC        XBR1
  D:00F1H         PUBLIC        P0MDIN
  C:34BCH         PUBLIC        UART_Init
  D:0089H         PUBLIC        TMOD
  D:0088H         PUBLIC        TCON
  D:00D4H         PUBLIC        P0SKIP
  D:0091H         PUBLIC        TMR3CN
  C:349CH         PUBLIC        Interrupts_Init
  D:00A9H         PUBLIC        CLKSEL
  D:00B2H         PUBLIC        OSCICN
  C:34C0H         PUBLIC        SMBus_Init
  C:0026H         PUBLIC        Init_Device
  D:00B9H         PUBLIC        CLKMUL
  C:34B5H         PUBLIC        PCA_Init
  D:008DH         PUBLIC        TH1
  D:0098H         PUBLIC        SCON0
  C:33EDH         PUBLIC        Timer_Init
  -------         PROC          PCA_INIT
  C:34B5H         LINE#         9
  C:34B5H         LINE#         10
  C:34B5H         LINE#         11
  C:34B8H         LINE#         12
  C:34BBH         LINE#         13
  -------         ENDPROC       PCA_INIT
  -------         PROC          TIMER_INIT
  C:33EDH         LINE#         15
  C:33EDH         LINE#         16
  C:33EDH         LINE#         17
  C:33F0H         LINE#         18
  C:33F3H         LINE#         19
  C:33F6H         LINE#         20
  C:33F9H         LINE#         21
  C:33FCH         LINE#         22
  C:33FFH         LINE#         23
  -------         ENDPROC       TIMER_INIT
  -------         PROC          UART_INIT
  C:34BCH         LINE#         25
  C:34BCH         LINE#         26
  C:34BCH         LINE#         27
  C:34BFH         LINE#         28
  -------         ENDPROC       UART_INIT
  -------         PROC          SMBUS_INIT
  C:34C0H         LINE#         30
  C:34C0H         LINE#         31
BL51 BANKED LINKER/LOCATER V5.15            06/13/2013  14:21:19  PAGE 41


  C:34C0H         LINE#         32
  C:34C3H         LINE#         33
  -------         ENDPROC       SMBUS_INIT
  -------         PROC          PORT_IO_INIT
  C:3400H         LINE#         35
  C:3400H         LINE#         36
  C:3400H         LINE#         59
  C:3403H         LINE#         60
  C:3406H         LINE#         61
  C:3409H         LINE#         62
  C:340CH         LINE#         63
  C:340FH         LINE#         64
  C:3412H         LINE#         65
  -------         ENDPROC       PORT_IO_INIT
  -------         PROC          OSCILLATOR_INIT
  -------         DO            
  D:0006H         SYMBOL        i
  -------         ENDDO         
  C:3332H         LINE#         67
  C:3332H         LINE#         68
  C:3332H         LINE#         69
  C:3335H         LINE#         70
  C:3338H         LINE#         71
  C:3343H         LINE#         72
  C:3346H         LINE#         73
  C:334BH         LINE#         74
  C:334EH         LINE#         75
  C:3351H         LINE#         76
  -------         ENDPROC       OSCILLATOR_INIT
  -------         PROC          INTERRUPTS_INIT
  C:349CH         LINE#         78
  C:349CH         LINE#         79
  C:349CH         LINE#         80
  C:349FH         LINE#         81
  C:34A2H         LINE#         82
  C:34A5H         LINE#         83
  -------         ENDPROC       INTERRUPTS_INIT
  -------         PROC          INIT_DEVICE
  C:0026H         LINE#         87
  C:0026H         LINE#         88
  C:0026H         LINE#         89
  C:0029H         LINE#         90
  C:002CH         LINE#         91
  C:002FH         LINE#         92
  C:0032H         LINE#         93
  C:0035H         LINE#         94
  C:0038H         LINE#         95
  -------         ENDPROC       INIT_DEVICE
  -------         ENDMOD        CONFIG

  -------         MODULE        ?C?COPY
  C:191FH         PUBLIC        ?C?COPY
  -------         ENDMOD        ?C?COPY

  -------         MODULE        ?C?SCDIV
  C:1945H         PUBLIC        ?C?SCDIV
  -------         ENDMOD        ?C?SCDIV

  -------         MODULE        ?C?CLDPTR
  C:1967H         PUBLIC        ?C?CLDPTR
  -------         ENDMOD        ?C?CLDPTR

  -------         MODULE        ?C?CLDOPTR
  C:1980H         PUBLIC        ?C?CLDOPTR
  -------         ENDMOD        ?C?CLDOPTR
BL51 BANKED LINKER/LOCATER V5.15            06/13/2013  14:21:19  PAGE 42



  -------         MODULE        ?C?CSTPTR
  C:19ADH         PUBLIC        ?C?CSTPTR
  -------         ENDMOD        ?C?CSTPTR

  -------         MODULE        ?C?IMUL
  C:19BFH         PUBLIC        ?C?IMUL
  -------         ENDMOD        ?C?IMUL

  -------         MODULE        ?C?UIDIV
  C:19D1H         PUBLIC        ?C?UIDIV
  -------         ENDMOD        ?C?UIDIV

  -------         MODULE        ?C?SIDIV
  C:1A26H         PUBLIC        ?C?SIDIV
  -------         ENDMOD        ?C?SIDIV

  -------         MODULE        ?C?LMUL
  C:1A5CH         PUBLIC        ?C?LMUL
  -------         ENDMOD        ?C?LMUL

  -------         MODULE        ?C?ULDIV
  C:1AE7H         PUBLIC        ?C?ULDIV
  -------         ENDMOD        ?C?ULDIV

  -------         MODULE        ?C?SLDIV
  C:302BH         PUBLIC        ?C?SLDIV
  -------         ENDMOD        ?C?SLDIV

  -------         MODULE        ?C?ULCMP
  C:1B79H         PUBLIC        ?C?ULCMP
  -------         ENDMOD        ?C?ULCMP

  -------         MODULE        ?C?LSTXDATA
  C:1B8AH         PUBLIC        ?C?LSTXDATA
  -------         ENDMOD        ?C?LSTXDATA

  -------         MODULE        ?C?LSTKXDATA
  C:1B96H         PUBLIC        ?C?LSTKXDATA
  -------         ENDMOD        ?C?LSTKXDATA

  -------         MODULE        ?C?CCASE
  C:1BC7H         PUBLIC        ?C?CCASE
  -------         ENDMOD        ?C?CCASE

  -------         MODULE        PRINTF
  D:004BH         PUBLIC        ?_PRINTF517?BYTE
  D:004BH         PUBLIC        ?_PRINTF?BYTE
  D:004BH         PUBLIC        ?_SPRINTF517?BYTE
  D:004BH         PUBLIC        ?_SPRINTF?BYTE
  C:1C8BH         PUBLIC        _PRINTF
  C:1C8BH         PUBLIC        _PRINTF517
  C:1C85H         PUBLIC        _SPRINTF
  C:1C85H         PUBLIC        _SPRINTF517
  -------         ENDMOD        PRINTF

  -------         MODULE        ?C?MEMSET
  C:1BEDH         PUBLIC        ?C?MEMSET
  -------         ENDMOD        ?C?MEMSET

  -------         MODULE        ?C?PLDIIDATA
  C:1C19H         PUBLIC        ?C?PLDIIDATA
  -------         ENDMOD        ?C?PLDIIDATA

  -------         MODULE        PUTCHAR
BL51 BANKED LINKER/LOCATER V5.15            06/13/2013  14:21:19  PAGE 43


  C:32C8H         PUBLIC        _PUTCHAR
  -------         ENDMOD        PUTCHAR

*** WARNING L16: UNCALLED SEGMENT, IGNORED FOR OVERLAY PROCESS
    SEGMENT: ?PR?I2C_GIVEACK?I2C_BUS

Program Size: data=114.5 xdata=877 code=13510
LINK/LOCATE RUN COMPLETE.  1 WARNING(S),  0 ERROR(S)
