4008 109 82961

PART NO.              DESCRIPTION                      QTY NAME

A                                                        1 XA1
4008-002-05510        NM24C02M8                          1 V1
4008-100-70630        SMD 1%, 10K                       19 R1-2
                                                           R201
                                                           R203
                                                           R214
                                                           R220
                                                           R222
                                                           R301
                                                           R303
                                                           R320
                                                           R322
                                                           R401
                                                           R403
                                                           R420
                                                           R422
                                                           R501
                                                           R503
                                                           R520
                                                           R522
4008-100-70410        SMD 1%, 100                       18 R3-4
                                                           R205-206
                                                           R224-225
                                                           R305-306
                                                           R324-325
                                                           R405-406
                                                           R424-425
                                                           R505-506
                                                           R524-525
4008-002-05500        MAX4102                            9 V2-4
                                                           V23-24
                                                           V43-44
                                                           V63-64
4008-103-55500        MCX                                1 CX1
4008-103-56030        COAX13                             6 CX2-3
                                                           CX22-23
                                                           CX42-43
4008-100-70880        SMD 1%, 75                        11 R5-6
                                                           R10
                                                           R16-17
                                                           R30
                                                           R36
                                                           R46
                                                           R50
                                                           R70
                                                           R76
4008-100-70490        SMD 1%, 681                       10 R7-8
                                                           R11
                                                           R15
                                                           R31
                                                           R35
                                                           R51
                                                           R55
                                                           R71
                                                           R75
2122-350-00359        CER.L 100                          1 R9
2322-141-40197        MPR 75                            12 R12-14
                                                           R32-34
                                                           R52-54
                                                           R72-74
2222-581-16641        100N,X7R 1206                     78 C1-4
                                                           C10-13
                                                           C30-33
                                                           C50-53
                                                           C70-73
                                                           C202-213
                                                           C216-218
                                                           C221-222
                                                           C302
                                                           C305-313
                                                           C316-318
                                                           C402
                                                           C405-413
                                                           C416-418
                                                           C502
                                                           C505-513
                                                           C516-518
                                                           C552-553
4008-100-70670        SMD 1%, 22K1                       8 R18-19
                                                           R38-39
                                                           R58-59
                                                           R78-79
2222-128-55159        SAL-RPM 128 15U,16V                2 C5-6
4008-100-09040        2.7UH SIEMENS                      4 L1-2
                                                           L203-204
4022-007-45420        TESTP                              7 TP4-6
                                                           TP61-64
BLIND-HOLE                                              52 H40-91
9337-149-10112        74HC4538D                          4 V201
                                                           V301
                                                           V401
                                                           V501
4008-002-04680        TLE2082CD SMD                     16 V202-203
                                                           V205-206
                                                           V302-303
                                                           V305-306
                                                           V402-403
                                                           V405-406
                                                           V502-503
                                                           V505-506
8208-110-01690        22UH SIEMENS-SMD                   8 L201-202
                                                           L301-302
                                                           L401-402
                                                           L501-502
9332-153-70215        BAV99                             24 D201-206
                                                           D301-306
                                                           D401-406
                                                           D501-506
4008-100-70450        SMD 1%, 267                        8 R202
                                                           R221
                                                           R302
                                                           R321
                                                           R402
                                                           R421
                                                           R502
                                                           R521
4008-100-70710        SMD 1%, 47K5                      24 R204
                                                           R207-208
                                                           R223
                                                           R226-227
                                                           R304
                                                           R307-308
                                                           R323
                                                           R326-327
                                                           R404
                                                           R407-408
                                                           R423
                                                           R426-427
                                                           R504
                                                           R507-508
                                                           R523
                                                           R526-527
4008-100-70590        SMD 1%, 4K75                      25 R209-210
                                                           R228-229
                                                           R309-310
                                                           R328-329
                                                           R409-410
                                                           R428-429
                                                           R509-510
                                                           R528-529
                                                           R549-557
4008-100-70730        SMD 1%, 68K1                       1 R215
4008-100-70550        SMD 1%, 2K21                       1 R216
4008-100-70580        SMD 1%, 3K92                       1 R217
4008-100-70540        SMD 1%, 1K82                       1 R218
XXX                   SMD 1%,SEL                         1 R219
4008-100-70800        SMD 1%, 267K                      16 R211-213
                                                           R230
                                                           R311-313
                                                           R330
                                                           R411-413
                                                           R430
                                                           R511-513
                                                           R530
2222-863-18102        1N,NP0 1% 1206                     8 C201
                                                           C215
                                                           C301
                                                           C315
                                                           C401
                                                           C415
                                                           C501
                                                           C515
2222-128-54339        SAL-RPM 128 33U,10V                2 C219-220
4008-100-70750        SMD 1%, 100K                       9 R540-548
XXX                   PROGRAMMING PLUG 9X3 POL F095      1 PP1
4008-002-05120        74HC11D                            2 V540-541

