BL51 BANKED LINKER/LOCATER V5.15              12/15/2010  16:29:59  PAGE 1


BL51 BANKED LINKER/LOCATER V5.15, INVOKED BY:
C:\SILABS\MCU\IDEFILES\C51\BIN\BL51NEW.EXE C:\PT8616\final_source\released\SW_
>> ver2.2\MCU\EEPROM_drv.obj, C:\PT8616\final_source\released\SW_ver2.2\MCU\GP
>> S_main.obj, C:\PT8616\final_source\released\SW_ver2.2\MCU\I2C_bus.obj, C:\P
>> T8616\final_source\released\SW_ver2.2\MCU\i2c_slave.obj, C:\PT8616\final_so
>> urce\released\SW_ver2.2\MCU\LTC_handler.obj, C:\PT8616\final_source\release
>> d\SW_ver2.2\MCU\pt5300_handler.obj, C:\PT8616\final_source\released\SW_ver2
>> .2\MCU\serial.obj, C:\PT8616\final_source\released\SW_ver2.2\MCU\ublox_prot
>> .obj, C:\PT8616\final_source\released\SW_ver2.2\MCU\config.obj TO C:\PT8616
>> \final_source\released\SW_ver2.2\MCU\PT8616 RS (256) PL (68) PW (78)


MEMORY MODEL: SMALL


INPUT MODULES INCLUDED:
  C:\PT8616\final_source\released\SW_ver2.2\MCU\EEPROM_drv.obj (EEPROM_DRV)
  C:\PT8616\final_source\released\SW_ver2.2\MCU\GPS_main.obj (GPS_MAIN)
  C:\PT8616\final_source\released\SW_ver2.2\MCU\I2C_bus.obj (I2C_BUS)
  C:\PT8616\final_source\released\SW_ver2.2\MCU\i2c_slave.obj (I2C_SLAVE)
  C:\PT8616\final_source\released\SW_ver2.2\MCU\LTC_handler.obj (LTC_HANDLER)
  C:\PT8616\final_source\released\SW_ver2.2\MCU\pt5300_handler.obj (PT5300_HAN
>> DLER)
  C:\PT8616\final_source\released\SW_ver2.2\MCU\serial.obj (SERIAL)
  C:\PT8616\final_source\released\SW_ver2.2\MCU\ublox_prot.obj (UBLOX_PROT)
  C:\PT8616\final_source\released\SW_ver2.2\MCU\config.obj (CONFIG)
  C:\SILABS\MCU\IDEFILES\C51\LIB\C51S.LIB (?C_STARTUP)
  C:\SILABS\MCU\IDEFILES\C51\LIB\C51S.LIB (?C?COPY)
  C:\SILABS\MCU\IDEFILES\C51\LIB\C51S.LIB (?C?SCDIV)
  C:\SILABS\MCU\IDEFILES\C51\LIB\C51S.LIB (?C?CLDPTR)
  C:\SILABS\MCU\IDEFILES\C51\LIB\C51S.LIB (?C?CLDOPTR)
  C:\SILABS\MCU\IDEFILES\C51\LIB\C51S.LIB (?C?CSTPTR)
  C:\SILABS\MCU\IDEFILES\C51\LIB\C51S.LIB (?C?IMUL)
  C:\SILABS\MCU\IDEFILES\C51\LIB\C51S.LIB (?C?UIDIV)
  C:\SILABS\MCU\IDEFILES\C51\LIB\C51S.LIB (?C?SIDIV)
  C:\SILABS\MCU\IDEFILES\C51\LIB\C51S.LIB (?C?LMUL)
  C:\SILABS\MCU\IDEFILES\C51\LIB\C51S.LIB (?C?ULDIV)
  C:\SILABS\MCU\IDEFILES\C51\LIB\C51S.LIB (?C?SLDIV)
  C:\SILABS\MCU\IDEFILES\C51\LIB\C51S.LIB (?C?ULCMP)
  C:\SILABS\MCU\IDEFILES\C51\LIB\C51S.LIB (?C?LSTXDATA)
  C:\SILABS\MCU\IDEFILES\C51\LIB\C51S.LIB (?C?LSTKXDATA)
  C:\SILABS\MCU\IDEFILES\C51\LIB\C51S.LIB (?C?CCASE)
  C:\SILABS\MCU\IDEFILES\C51\LIB\C51S.LIB (PRINTF)
  C:\SILABS\MCU\IDEFILES\C51\LIB\C51S.LIB (?C?MEMSET)
  C:\SILABS\MCU\IDEFILES\C51\LIB\C51S.LIB (?C_INIT)
  C:\SILABS\MCU\IDEFILES\C51\LIB\C51S.LIB (?C?PLDIIDATA)
  C:\SILABS\MCU\IDEFILES\C51\LIB\C51S.LIB (PUTCHAR)


LINK MAP OF MODULE:  C:\PT8616\final_source\released\SW_ver2.2\MCU\PT8616 (EEP
>> ROM_DRV)


            TYPE    BASE      LENGTH    RELOCATION   SEGMENT NAME
            -----------------------------------------------------

            * * * * * * *   D A T A   M E M O R Y   * * * * * * *
            REG     0000H     0008H     ABSOLUTE     "REG BANK 0"
            DATA    0008H     0008H     UNIT         ?DT?LTC_HANDLER
            DATA    0010H     0007H     UNIT         ?DT?UBLOX_PROT
            DATA    0017H     0004H     UNIT         ?DT?I2C_SLAVE
            DATA    001BH     0002H     UNIT         ?DT?SERIAL
                    001DH     0003H                  *** GAP ***
            BIT     0020H.0   0001H.1   UNIT         _BIT_GROUP_
            BIT     0021H.1   0000H.3   UNIT         ?BI?GPS_MAIN
            BIT     0021H.4   0000H.3   UNIT         ?BI?LTC_HANDLER
BL51 BANKED LINKER/LOCATER V5.15            12/15/2010  16:29:59  PAGE 2


            BIT     0021H.7   0000H.2   UNIT         ?BI?UBLOX_PROT
            BIT     0022H.1   0000H.1   UNIT         ?BI?I2C_SLAVE
                    0022H.2   0000H.6                *** GAP ***
            DATA    0023H     0028H     UNIT         ?DT?GPS_MAIN
            DATA    004BH     0025H     UNIT         _DATA_GROUP_
            IDATA   0070H     0001H     UNIT         ?STACK

            * * * * * * *  X D A T A   M E M O R Y  * * * * * * *
            XDATA   0000H     00DDH     UNIT         ?XD?UBLOX_PROT
            XDATA   00DDH     00CCH     UNIT         _XDATA_GROUP_
            XDATA   01A9H     008DH     UNIT         ?XD?LTC_HANDLER
            XDATA   0236H     004FH     UNIT         ?XD?GPS_MAIN
            XDATA   0285H     0010H     UNIT         ?XD?I2C_SLAVE
            XDATA   0295H     0008H     UNIT         ?XD?SERIAL

            * * * * * * *   C O D E   M E M O R Y   * * * * * * *
            CODE    0000H     0003H     ABSOLUTE     
            CODE    0003H     0003H     ABSOLUTE     
            CODE    0006H     000DH     UNIT         ?PR?_SET_BIT?GPS_MAIN
            CODE    0013H     0003H     ABSOLUTE     
            CODE    0016H     000CH     UNIT         ?PR?I2C_STOP?I2C_BUS
                    0022H     0001H                  *** GAP ***
            CODE    0023H     0003H     ABSOLUTE     
            CODE    0026H     0015H     UNIT         ?PR?INIT_DEVICE?CONFIG
            CODE    003BH     0003H     ABSOLUTE     
            CODE    003EH     0032H     UNIT         ?PR?I2C_GETACK?I2C_BUS
            CODE    0070H     0003H     UNIT         ?PR?INT_RISE?GPS_MAIN
            CODE    0073H     0003H     ABSOLUTE     
            CODE    0076H     04D3H     UNIT         ?PR?MAIN?GPS_MAIN
            CODE    0549H     043EH     UNIT         ?PR?LTC_HANDLER
            CODE    0987H     043AH     UNIT         ?PR?LTC_MANAGER?LTC_HANDL
>> ER
            CODE    0DC1H     03DAH     UNIT         ?C?LIB_CODE
            CODE    119BH     035CH     UNIT         ?PR?PRINTF?PRINTF
            CODE    14F7H     033EH     UNIT         ?PR?PT5300_IN_HANDLE?PT53
>> 00_HANDLER
            CODE    1835H     01F4H     UNIT         ?PR?INTERPRET_MESSAGE?UBL
>> OX_PROT
            CODE    1A29H     019AH     UNIT         ?CO?UBLOX_PROT
            CODE    1BC3H     013DH     UNIT         ?PR?CHECK_DAYLIGHT_SWITCH
>> ?LTC_HANDLER
            CODE    1D00H     011CH     UNIT         ?PR?OFFSET_TIME?LTC_HANDL
>> ER
            CODE    1E1CH     00E4H     UNIT         ?PR?I2C_PUTCH?I2C_SLAVE
            CODE    1F00H     00DCH     UNIT         ?PR?PACKET_PROCESS?UBLOX_
>> PROT
            CODE    1FDCH     00CAH     UNIT         ?PR?SETUP_UBLOX?UBLOX_PRO
>> T
            CODE    20A6H     00C4H     UNIT         ?PR?INIT_LTC?LTC_HANDLER
            CODE    216AH     00B6H     UNIT         ?PR?SMBUS_ISR?I2C_SLAVE
            CODE    2220H     00ADH     UNIT         ?PR?_SEND_PACKET?UBLOX_PR
>> OT
            CODE    22CDH     008CH     UNIT         ?C_C51STARTUP
            CODE    2359H     007CH     UNIT         ?CO?GPS_MAIN
            CODE    23D5H     007BH     UNIT         ?PR?PT5300_OUT_HANDLE?PT5
>> 300_HANDLER
            CODE    2450H     0073H     UNIT         ?C_INITSEG
            CODE    24C3H     0072H     UNIT         ?PR?SEC_INC?LTC_HANDLER
            CODE    2535H     0071H     UNIT         ?PR?CONFIRM_DAYLIGHT_SWIT
>> CH?LTC_HANDLER
            CODE    25A6H     006AH     UNIT         ?PR?TRANSMIT_LTC_DATA?LTC
>> _HANDLER
            CODE    2610H     0061H     UNIT         ?PR?UBLOX_PROT
            CODE    2671H     0051H     UNIT         ?PR?GPS_MAIN
            CODE    26C2H     0044H     UNIT         ?C?LDIV
BL51 BANKED LINKER/LOCATER V5.15            12/15/2010  16:29:59  PAGE 3


            CODE    2706H     0043H     UNIT         ?PR?_EEPROM_READ_BYTE?EEP
>> ROM_DRV
            CODE    2749H     0043H     UNIT         ?PR?SORT_QUALITIES?GPS_MA
>> IN
            CODE    278CH     0037H     UNIT         ?PR?_EEPROM_WRITE_BYTE?EE
>> PROM_DRV
            CODE    27C3H     0036H     UNIT         ?PR?PT5300_HANDLER
            CODE    27F9H     0031H     UNIT         ?PR?_GETCH?SERIAL
            CODE    282AH     002EH     UNIT         ?PR?SERINT0?SERIAL
            CODE    2858H     002CH     UNIT         ?PR?UPDATE_LTC_STRINGS?LT
>> C_HANDLER
            CODE    2884H     0027H     UNIT         ?PR?_FPGA_WRITE_ARRAY?I2C
>> _BUS
            CODE    28ABH     0027H     UNIT         ?PR?PUTCHAR?PUTCHAR
            CODE    28D2H     0022H     UNIT         ?PR?_SET_MESSAGE_RATE?UBL
>> OX_PROT
            CODE    28F4H     0021H     UNIT         ?PR?I2C_READBYTE?I2C_BUS
            CODE    2915H     0020H     UNIT         ?PR?OSCILLATOR_INIT?CONFI
>> G
            CODE    2935H     001EH     UNIT         ?PR?_GET_PACKET?UBLOX_PRO
>> T
            CODE    2953H     001BH     UNIT         ?CO?LTC_HANDLER
            CODE    296EH     0019H     UNIT         ?PR?_I2C_SENDBYTE?I2C_BUS
>> 
            CODE    2987H     0019H     UNIT         ?PR?_FPGA_READ_BYTE?I2C_B
>> US
            CODE    29A0H     0019H     UNIT         ?PR?_GET_UTC_TIME?UBLOX_P
>> ROT
            CODE    29B9H     0014H     UNIT         ?PR?I2C_START?I2C_BUS
            CODE    29CDH     0013H     UNIT         ?PR?TIMER_INIT?CONFIG
            CODE    29E0H     0013H     UNIT         ?PR?PORT_IO_INIT?CONFIG
            CODE    29F3H     0012H     UNIT         ?PR?SDELAY?I2C_BUS
            CODE    2A05H     0012H     UNIT         ?PR?_FPGA_WRITE_BYTE?I2C_
>> BUS
            CODE    2A17H     0012H     UNIT         ?PR?_BIN_TO_BCD?LTC_HANDL
>> ER
            CODE    2A29H     0011H     UNIT         ?PR?I2C_BUS
            CODE    2A3AH     0010H     UNIT         ?PR?_DELAY?I2C_BUS
            CODE    2A4AH     0010H     UNIT         ?PR?_POLL_PACKET?UBLOX_PR
>> OT
            CODE    2A5AH     000EH     UNIT         ?PR?_CLEAR_BIT?GPS_MAIN
            CODE    2A68H     000AH     UNIT         ?PR?I2C_GIVEACK?I2C_BUS
            CODE    2A72H     000AH     UNIT         ?PR?TIMER3_ISR?I2C_SLAVE
            CODE    2A7CH     000AH     UNIT         ?PR?INTERRUPTS_INIT?CONFI
>> G
            CODE    2A86H     0008H     UNIT         ?PR?_PUTCH?SERIAL
            CODE    2A8EH     0007H     UNIT         ?PR?PCA_INIT?CONFIG
            CODE    2A95H     0004H     UNIT         ?PR?UART_INIT?CONFIG
            CODE    2A99H     0004H     UNIT         ?PR?SMBUS_INIT?CONFIG
            CODE    2A9DH     0003H     UNIT         ?PR?INT_FALL?GPS_MAIN



OVERLAY MAP OF MODULE:   C:\PT8616\final_source\released\SW_ver2.2\MCU\PT8616 
>> (EEPROM_DRV)


SEGMENT                                            BIT_GROUP          DATA_GRO
>> UP          XDATA_GROUP
  +--> CALLED SEGMENT                           START    LENGTH     START    L
>> ENGTH     START    LENGTH
------------------------------------------------------------------------------
>> -------------------------
?PR?SMBUS_ISR?I2C_SLAVE                         -----    -----      -----    -
>> ----      -----    -----
BL51 BANKED LINKER/LOCATER V5.15            12/15/2010  16:29:59  PAGE 4


  +--> ?PR?I2C_PUTCH?I2C_SLAVE
  +--> ?PR?PT5300_OUT_HANDLE?PT5300_HANDLER

?PR?I2C_PUTCH?I2C_SLAVE                         -----    -----      -----    -
>> ----      -----    -----
  +--> ?CO?GPS_MAIN

*** NEW ROOT ***************************************************

?C_C51STARTUP                                   -----    -----      -----    -
>> ----      -----    -----
  +--> ?PR?MAIN?GPS_MAIN
  +--> ?C_INITSEG

?PR?MAIN?GPS_MAIN                               -----    -----      -----    -
>> ----      -----    -----
  +--> ?PR?INIT_DEVICE?CONFIG
  +--> ?CO?GPS_MAIN
  +--> ?PR?_FPGA_READ_BYTE?I2C_BUS
  +--> ?PR?_SET_BIT?GPS_MAIN
  +--> ?PR?_CLEAR_BIT?GPS_MAIN
  +--> ?PR?PACKET_PROCESS?UBLOX_PROT
  +--> ?PR?CONFIRM_DAYLIGHT_SWITCH?LTC_HANDLER
  +--> ?PR?_POLL_PACKET?UBLOX_PROT
  +--> ?PR?PT5300_IN_HANDLE?PT5300_HANDLER
  +--> ?PR?INTERPRET_MESSAGE?UBLOX_PROT
  +--> ?PR?_FPGA_WRITE_BYTE?I2C_BUS
  +--> ?PR?UPDATE_LTC_STRINGS?LTC_HANDLER
  +--> ?PR?CHECK_DAYLIGHT_SWITCH?LTC_HANDLER
  +--> ?PR?GPS_MAIN
  +--> ?PR?PRINTF?PRINTF
  +--> ?PR?LTC_MANAGER?LTC_HANDLER
  +--> ?PR?TRANSMIT_LTC_DATA?LTC_HANDLER
  +--> ?PR?SORT_QUALITIES?GPS_MAIN
  +--> ?PR?_EEPROM_READ_BYTE?EEPROM_DRV
  +--> ?PR?INIT_LTC?LTC_HANDLER
  +--> ?PR?_FPGA_WRITE_ARRAY?I2C_BUS
  +--> ?PR?SETUP_UBLOX?UBLOX_PROT
  +--> ?PR?_EEPROM_WRITE_BYTE?EEPROM_DRV

?PR?INIT_DEVICE?CONFIG                          -----    -----      -----    -
>> ----      -----    -----
  +--> ?PR?PCA_INIT?CONFIG
  +--> ?PR?TIMER_INIT?CONFIG
  +--> ?PR?UART_INIT?CONFIG
  +--> ?PR?SMBUS_INIT?CONFIG
  +--> ?PR?PORT_IO_INIT?CONFIG
  +--> ?PR?OSCILLATOR_INIT?CONFIG
  +--> ?PR?INTERRUPTS_INIT?CONFIG

?PR?_FPGA_READ_BYTE?I2C_BUS                     -----    -----      -----    -
>> ----      -----    -----
  +--> ?PR?I2C_GETACK?I2C_BUS
  +--> ?PR?I2C_START?I2C_BUS
  +--> ?PR?I2C_BUS
  +--> ?PR?I2C_READBYTE?I2C_BUS
  +--> ?PR?I2C_STOP?I2C_BUS

?PR?I2C_GETACK?I2C_BUS                          -----    -----      -----    -
>> ----      -----    -----
  +--> ?PR?I2C_START?I2C_BUS
  +--> ?PR?_I2C_SENDBYTE?I2C_BUS
  +--> ?PR?SDELAY?I2C_BUS

?PR?I2C_START?I2C_BUS                           -----    -----      -----    -
BL51 BANKED LINKER/LOCATER V5.15            12/15/2010  16:29:59  PAGE 5


>> ----      -----    -----
  +--> ?PR?SDELAY?I2C_BUS

?PR?_I2C_SENDBYTE?I2C_BUS                       -----    -----      -----    -
>> ----      -----    -----
  +--> ?PR?SDELAY?I2C_BUS

?PR?I2C_BUS                                     -----    -----      -----    -
>> ----      -----    -----
  +--> ?PR?SDELAY?I2C_BUS
  +--> ?PR?_I2C_SENDBYTE?I2C_BUS
  +--> ?PR?I2C_GETACK?I2C_BUS

?PR?I2C_READBYTE?I2C_BUS                        -----    -----      -----    -
>> ----      -----    -----
  +--> ?PR?SDELAY?I2C_BUS

?PR?I2C_STOP?I2C_BUS                            -----    -----      -----    -
>> ----      -----    -----
  +--> ?PR?SDELAY?I2C_BUS

?PR?_SET_BIT?GPS_MAIN                           -----    -----      -----    -
>> ----      -----    -----
  +--> ?PR?GPS_MAIN

?PR?GPS_MAIN                                    -----    -----      -----    -
>> ----      -----    -----
  +--> ?CO?GPS_MAIN

?PR?_CLEAR_BIT?GPS_MAIN                         -----    -----      -----    -
>> ----      -----    -----
  +--> ?PR?GPS_MAIN

?PR?PACKET_PROCESS?UBLOX_PROT                   -----    -----      -----    -
>> ----      -----    -----
  +--> ?PR?_GETCH?SERIAL
  +--> ?CO?UBLOX_PROT
  +--> ?PR?UBLOX_PROT

?PR?_POLL_PACKET?UBLOX_PROT                     -----    -----      -----    -
>> ----      00DDH    00CCH
  +--> ?PR?UBLOX_PROT
  +--> ?PR?_SEND_PACKET?UBLOX_PROT

?PR?_SEND_PACKET?UBLOX_PROT                     -----    -----      004EH    0
>> 003H      -----    -----
  +--> ?PR?_PUTCH?SERIAL
  +--> ?PR?UBLOX_PROT

?PR?PT5300_IN_HANDLE?PT5300_HANDLER             -----    -----      004BH    0
>> 001H      -----    -----
  +--> ?PR?_SET_BIT?GPS_MAIN
  +--> ?PR?_CLEAR_BIT?GPS_MAIN
  +--> ?PR?_FPGA_WRITE_BYTE?I2C_BUS
  +--> ?PR?_EEPROM_WRITE_BYTE?EEPROM_DRV
  +--> ?PR?PT5300_HANDLER

?PR?_FPGA_WRITE_BYTE?I2C_BUS                    -----    -----      -----    -
>> ----      -----    -----
  +--> ?PR?I2C_START?I2C_BUS
  +--> ?PR?I2C_BUS
  +--> ?PR?I2C_GETACK?I2C_BUS
  +--> ?PR?I2C_STOP?I2C_BUS

?PR?_EEPROM_WRITE_BYTE?EEPROM_DRV               -----    -----      004CH    0
BL51 BANKED LINKER/LOCATER V5.15            12/15/2010  16:29:59  PAGE 6


>> 003H      -----    -----
  +--> ?PR?I2C_START?I2C_BUS
  +--> ?PR?_I2C_SENDBYTE?I2C_BUS
  +--> ?PR?I2C_GETACK?I2C_BUS
  +--> ?PR?I2C_STOP?I2C_BUS
  +--> ?PR?_DELAY?I2C_BUS

?PR?INTERPRET_MESSAGE?UBLOX_PROT                -----    -----      004EH    0
>> 001H      00DDH    00CCH
  +--> ?PR?_GET_PACKET?UBLOX_PROT
  +--> ?PR?UBLOX_PROT

?PR?_GET_PACKET?UBLOX_PROT                      -----    -----      004FH    0
>> 003H      -----    -----

?PR?UPDATE_LTC_STRINGS?LTC_HANDLER              -----    -----      -----    -
>> ----      -----    -----
  +--> ?PR?LTC_HANDLER
  +--> ?PR?PRINTF?PRINTF

?PR?LTC_HANDLER                                 -----    -----      -----    -
>> ----      -----    -----
  +--> ?CO?LTC_HANDLER

?PR?PRINTF?PRINTF                               0020H.0  0001H.1    004BH    0
>> 014H      -----    -----
  +--> ?PR?PUTCHAR?PUTCHAR

?PR?CHECK_DAYLIGHT_SWITCH?LTC_HANDLER           -----    -----      -----    -
>> ----      -----    -----
  +--> ?PR?LTC_HANDLER
  +--> ?PR?_SET_BIT?GPS_MAIN

?PR?LTC_MANAGER?LTC_HANDLER                     -----    -----      004BH    0
>> 011H      -----    -----
  +--> ?PR?_GET_UTC_TIME?UBLOX_PROT
  +--> ?PR?SEC_INC?LTC_HANDLER
  +--> ?PR?LTC_HANDLER
  +--> ?PR?_SET_BIT?GPS_MAIN
  +--> ?PR?_CLEAR_BIT?GPS_MAIN
  +--> ?PR?OFFSET_TIME?LTC_HANDLER
  +--> ?PR?_BIN_TO_BCD?LTC_HANDLER

?PR?_GET_UTC_TIME?UBLOX_PROT                    -----    -----      005CH    0
>> 003H      -----    -----

?PR?SEC_INC?LTC_HANDLER                         -----    -----      -----    -
>> ----      -----    -----
  +--> ?PR?LTC_HANDLER

?PR?OFFSET_TIME?LTC_HANDLER                     -----    -----      005CH    0
>> 014H      -----    -----
  +--> ?PR?LTC_HANDLER

?PR?TRANSMIT_LTC_DATA?LTC_HANDLER               -----    -----      -----    -
>> ----      -----    -----
  +--> ?PR?_FPGA_WRITE_ARRAY?I2C_BUS

?PR?_FPGA_WRITE_ARRAY?I2C_BUS                   -----    -----      004BH    0
>> 005H      -----    -----
  +--> ?PR?I2C_GETACK?I2C_BUS
  +--> ?PR?I2C_BUS
  +--> ?PR?I2C_STOP?I2C_BUS

?PR?SORT_QUALITIES?GPS_MAIN                     -----    -----      004BH    0
BL51 BANKED LINKER/LOCATER V5.15            12/15/2010  16:29:59  PAGE 7


>> 001H      -----    -----

?PR?_EEPROM_READ_BYTE?EEPROM_DRV                -----    -----      004BH    0
>> 003H      -----    -----
  +--> ?PR?I2C_START?I2C_BUS
  +--> ?PR?_I2C_SENDBYTE?I2C_BUS
  +--> ?PR?I2C_GETACK?I2C_BUS
  +--> ?PR?I2C_READBYTE?I2C_BUS
  +--> ?PR?I2C_STOP?I2C_BUS
  +--> ?PR?_DELAY?I2C_BUS

?PR?INIT_LTC?LTC_HANDLER                        -----    -----      -----    -
>> ----      -----    -----
  +--> ?PR?LTC_HANDLER

?PR?SETUP_UBLOX?UBLOX_PROT                      -----    -----      004BH    0
>> 003H      -----    -----
  +--> ?CO?UBLOX_PROT
  +--> ?PR?_SEND_PACKET?UBLOX_PROT
  +--> ?PR?PACKET_PROCESS?UBLOX_PROT
  +--> ?PR?INTERPRET_MESSAGE?UBLOX_PROT
  +--> ?PR?_SET_MESSAGE_RATE?UBLOX_PROT

?PR?_SET_MESSAGE_RATE?UBLOX_PROT                -----    -----      -----    -
>> ----      00DDH    00CCH
  +--> ?PR?UBLOX_PROT
  +--> ?PR?_SEND_PACKET?UBLOX_PROT



SYMBOL TABLE OF MODULE:  C:\PT8616\final_source\released\SW_ver2.2\MCU\PT8616 
>> (EEPROM_DRV)

  VALUE           TYPE          NAME
  ----------------------------------

  -------         MODULE        EEPROM_DRV
  C:0000H         SYMBOL        _ICE_DUMMY_
  C:2706H         PUBLIC        _EEPROM_read_byte
  C:278CH         PUBLIC        _EEPROM_write_byte
  -------         PROC          _EEPROM_WRITE_BYTE
  D:004CH         SYMBOL        bank
  D:004DH         SYMBOL        adresse
  D:004EH         SYMBOL        byte
  C:278CH         LINE#         3
  C:2792H         LINE#         4
  C:2792H         LINE#         5
  C:279BH         LINE#         7
  C:279EH         LINE#         8
  C:27A6H         LINE#         9
  C:27A9H         LINE#         10
  C:27AEH         LINE#         11
  C:27B1H         LINE#         12
  C:27B6H         LINE#         13
  C:27B9H         LINE#         14
  C:27BCH         LINE#         15
  -------         ENDPROC       _EEPROM_WRITE_BYTE
  -------         PROC          _EEPROM_READ_BYTE
  D:004BH         SYMBOL        bank
  D:004CH         SYMBOL        adresse
  -------         DO            
  D:004DH         SYMBOL        in_byte
  -------         ENDDO         
  C:2706H         LINE#         18
  C:270AH         LINE#         19
BL51 BANKED LINKER/LOCATER V5.15            12/15/2010  16:29:59  PAGE 8


  C:270AH         LINE#         20
  C:270DH         LINE#         21
  C:2716H         LINE#         23
  C:2719H         LINE#         24
  C:2721H         LINE#         25
  C:2724H         LINE#         26
  C:2729H         LINE#         27
  C:272CH         LINE#         28
  C:272FH         LINE#         29
  C:2734H         LINE#         30
  C:2737H         LINE#         31
  C:273CH         LINE#         32
  C:273FH         LINE#         33
  C:2746H         LINE#         35
  C:2748H         LINE#         36
  -------         ENDPROC       _EEPROM_READ_BYTE
  -------         ENDMOD        EEPROM_DRV

  -------         MODULE        GPS_MAIN
  C:0000H         SYMBOL        _ICE_DUMMY_
  B:00A0H.6       PUBLIC        NTP_REQUEST
  D:0090H         PUBLIC        P1
  D:00A0H         PUBLIC        P2
  C:2749H         PUBLIC        sort_qualities
  B:0021H.1       PUBLIC        ext1_fall_flag
  D:0023H         PUBLIC        sorted_quality
  D:0027H         PUBLIC        counter
  C:23D4H         PUBLIC        current_MCU_sw_version
  B:00A0H.0       PUBLIC        LED1
  B:00A0H.1       PUBLIC        LED2
  C:2A5AH         PUBLIC        _clear_bit
  D:0029H         PUBLIC        FPGA_system_control
  B:0021H.2       PUBLIC        ext1_rise_flag
  B:0021H.3       PUBLIC        OCXO_locked_status
  D:002AH         PUBLIC        blink_count
  B:00A0H.2       PUBLIC        FPGA_reset
  C:0076H         PUBLIC        main
  X:0236H         PUBLIC        PT5300_str
  X:0241H         PUBLIC        OCXO_phase_diff
  D:002CH         PUBLIC        main_state
  D:002DH         PUBLIC        master_status_byte
  C:23D3H         PUBLIC        current_FPGA_sw_version
  X:0243H         PUBLIC        counter_str
  D:002EH         PUBLIC        OCXO_dac_value
  B:00A0H.5       PUBLIC        NTP_LOCK_STATUS
  X:024EH         PUBLIC        debug_str
  D:0030H         PUBLIC        next_state
  D:0031H         PUBLIC        tp_select
  X:0259H         PUBLIC        quality_str
  C:2A9DH         PUBLIC        int_fall
  C:0006H         PUBLIC        _set_bit
  D:0034H         PUBLIC        message_counter
  X:0264H         PUBLIC        phase_str
  D:0035H         PUBLIC        NTP_request_edge
  D:0036H         PUBLIC        blinkpat
  X:026FH         PUBLIC        KU_str
  D:0037H         PUBLIC        FPGA_software_version
  D:0038H         PUBLIC        blinkseq
  C:0070H         PUBLIC        int_rise
  X:027AH         PUBLIC        status_str
  D:0039H         PUBLIC        OCXO_avg_dac_value
  B:0090H.0       PUBLIC        timepulse_status
  D:003BH         PUBLIC        signal_quality
  C:2671H         SYMBOL        Com0079
  C:2671H         SYMBOL        L?0122
BL51 BANKED LINKER/LOCATER V5.15            12/15/2010  16:29:59  PAGE 9


  C:2673H         SYMBOL        L?0123
  C:267AH         SYMBOL        L?0124
  C:2681H         SYMBOL        L?0125
  C:268BH         SYMBOL        L?0127
  C:268BH         SYMBOL        L?0128
  C:2694H         SYMBOL        L?0130
  C:26A0H         SYMBOL        L?0131
  C:26A0H         SYMBOL        L?0132
  C:26A7H         SYMBOL        L?0133
  C:26A7H         SYMBOL        L?0134
  C:26AEH         SYMBOL        L?0135
  C:26B8H         SYMBOL        L?0136
  -------         PROC          COM0079
  -------         ENDPROC       COM0079
  -------         PROC          INT_RISE
  C:0070H         LINE#         170
  C:0070H         LINE#         172
  C:0072H         LINE#         173
  -------         ENDPROC       INT_RISE
  -------         PROC          INT_FALL
  C:2A9DH         LINE#         176
  C:2A9DH         LINE#         178
  C:2A9FH         LINE#         179
  -------         ENDPROC       INT_FALL
  -------         PROC          SORT_QUALITIES
  -------         DO            
  D:0006H         SYMBOL        idx1
  D:0007H         SYMBOL        idx2
  D:004BH         SYMBOL        max_quality
  -------         ENDDO         
  C:2749H         LINE#         182
  C:2749H         LINE#         183
  C:2749H         LINE#         185
  C:274CH         LINE#         188
  C:275BH         LINE#         191
  C:275DH         LINE#         192
  C:275DH         LINE#         193
  C:275FH         LINE#         195
  C:276FH         LINE#         197
  C:2774H         LINE#         198
  C:2780H         LINE#         201
  C:2787H         LINE#         202
  C:278BH         LINE#         203
  -------         ENDPROC       SORT_QUALITIES
  C:050DH         SYMBOL        L?0118
  C:0517H         SYMBOL        L?0119
  C:052CH         SYMBOL        L?0120
  C:0536H         SYMBOL        L?0126
  C:0540H         SYMBOL        L?0129
  -------         PROC          MAIN
  C:0076H         LINE#         241
  C:0076H         LINE#         242
  C:0076H         LINE#         243
  C:0079H         LINE#         246
  C:007CH         LINE#         247
  C:007FH         LINE#         250
  C:0088H         LINE#         251
  C:0091H         LINE#         254
  C:0091H         LINE#         255
  C:0091H         LINE#         261
  C:009CH         LINE#         263
  C:00A7H         LINE#         264
  C:00ACH         LINE#         266
  C:00AFH         LINE#         269
  C:00B2H         LINE#         272
BL51 BANKED LINKER/LOCATER V5.15            12/15/2010  16:29:59  PAGE 10


  C:00B5H         LINE#         275
  C:00B9H         LINE#         278
  C:00BCH         LINE#         279
  C:00BFH         LINE#         281
  C:00C5H         LINE#         284
  C:00C8H         LINE#         285
  C:00CFH         LINE#         288
  C:00D2H         LINE#         289
  C:00D2H         LINE#         290
  C:00D5H         LINE#         291
  C:00D7H         LINE#         292
  C:00D7H         LINE#         295
  C:00DAH         LINE#         296
  C:00DAH         LINE#         297
  C:00DDH         LINE#         298
  C:00DFH         LINE#         299
  C:00DFH         LINE#         302
  C:00F1H         LINE#         303
  C:00F1H         LINE#         304
  C:00F6H         LINE#         305
  C:00F8H         LINE#         306
  C:00FBH         LINE#         308
  C:010BH         LINE#         309
  C:010FH         LINE#         311
  C:0111H         LINE#         312
  C:0111H         LINE#         319
  C:0117H         LINE#         320
  C:0117H         LINE#         325
  C:013AH         LINE#         328
  C:0141H         LINE#         330
  C:0146H         LINE#         331
  C:0146H         LINE#         332
  C:014DH         LINE#         333
  C:0154H         LINE#         336
  C:016FH         LINE#         337
  C:0187H         LINE#         338
  C:0187H         LINE#         340
  C:018AH         LINE#         341
  C:018DH         LINE#         343
  C:0195H         LINE#         344
  C:0197H         LINE#         353
  C:01A7H         LINE#         380
  C:01BEH         LINE#         381
  C:01D1H         LINE#         382
  C:01F5H         LINE#         383
  C:021FH         LINE#         385
  C:0221H         LINE#         386
  C:0223H         LINE#         387
  C:0223H         LINE#         390
  C:0226H         LINE#         391
  C:0226H         LINE#         393
  C:0229H         LINE#         394
  C:022CH         LINE#         395
  C:022FH         LINE#         397
  C:0231H         LINE#         398
  C:0233H         LINE#         399
  C:0233H         LINE#         406
  C:023CH         LINE#         407
  C:023CH         LINE#         408
  C:026BH         LINE#         409
  C:026BH         LINE#         410
  C:026BH         LINE#         411
  C:026BH         LINE#         414
  C:0277H         LINE#         416
  C:027CH         LINE#         417
BL51 BANKED LINKER/LOCATER V5.15            12/15/2010  16:29:59  PAGE 11


  C:0280H         LINE#         420
  C:0282H         LINE#         423
  C:0286H         LINE#         424
  C:02AEH         LINE#         426
  C:02B1H         LINE#         429
  C:02BCH         LINE#         432
  C:02CAH         LINE#         435
  C:02D1H         LINE#         436
  C:02D8H         LINE#         440
  C:02E1H         LINE#         441
  C:02EAH         LINE#         444
  C:02F4H         LINE#         445
  C:02FAH         LINE#         448
  C:0300H         LINE#         451
  C:0308H         LINE#         452
  C:030DH         LINE#         454
  C:0310H         LINE#         456
  C:0310H         LINE#         457
  C:0313H         LINE#         459
  C:031FH         LINE#         461
  C:0321H         LINE#         463
  C:0324H         LINE#         465
  C:0324H         LINE#         466
  C:0324H         LINE#         467
  C:032DH         LINE#         468
  C:0330H         LINE#         470
  C:0330H         LINE#         471
  C:0333H         LINE#         473
  C:033FH         LINE#         475
  C:0341H         LINE#         478
  C:0341H         LINE#         479
  C:0341H         LINE#         480
  C:0346H         LINE#         482
  C:0349H         LINE#         484
  C:0349H         LINE#         485
  C:034CH         LINE#         487
  C:0358H         LINE#         489
  C:0358H         LINE#         490
  C:0360H         LINE#         491
  C:0368H         LINE#         492
  C:0368H         LINE#         494
  C:036AH         LINE#         496
  C:036AH         LINE#         497
  C:036DH         LINE#         499
  C:0373H         LINE#         501
  C:0375H         LINE#         502
  C:037DH         LINE#         503
  C:0385H         LINE#         505
  C:0387H         LINE#         507
  C:0387H         LINE#         508
  C:038AH         LINE#         510
  C:0396H         LINE#         513
  C:0396H         LINE#         514
  C:0396H         LINE#         516
  C:039BH         LINE#         517
  C:039DH         LINE#         519
  C:039DH         LINE#         520
  C:03A0H         LINE#         522
  C:03A9H         LINE#         524
  C:03ABH         LINE#         526
  C:03ABH         LINE#         527
  C:03ABH         LINE#         529
  C:03BAH         LINE#         531
  C:03BAH         LINE#         533
  C:03C2H         LINE#         535
BL51 BANKED LINKER/LOCATER V5.15            12/15/2010  16:29:59  PAGE 12


  C:03C4H         LINE#         537
  C:03C4H         LINE#         538
  C:03C7H         LINE#         540
  C:03C7H         LINE#         541
  C:03C7H         LINE#         543
  C:03CCH         LINE#         544
  C:03CFH         LINE#         545
  C:03CFH         LINE#         547
  C:03FEH         LINE#         548
  C:03FEH         LINE#         549
  C:03FEH         LINE#         550
  C:0401H         LINE#         551
  C:0404H         LINE#         553
  C:0404H         LINE#         554
  C:0412H         LINE#         555
  C:0412H         LINE#         556
  C:0418H         LINE#         557
  C:041BH         LINE#         563
  C:041BH         LINE#         564
  C:041EH         LINE#         565
  C:041EH         LINE#         566
  C:042CH         LINE#         567
  C:042CH         LINE#         568
  C:042FH         LINE#         574
  C:042FH         LINE#         576
  C:0432H         LINE#         577
  C:0438H         LINE#         580
  C:0442H         LINE#         581
  C:0442H         LINE#         583
  C:0450H         LINE#         584
  C:0450H         LINE#         585
  C:0453H         LINE#         587
  C:0458H         LINE#         589
  C:045BH         LINE#         591
  C:045BH         LINE#         593
  C:045EH         LINE#         594
  C:0463H         LINE#         597
  C:0475H         LINE#         598
  C:0478H         LINE#         600
  C:0487H         LINE#         601
  C:048AH         LINE#         603
  C:048DH         LINE#         605
  C:048DH         LINE#         607
  C:0490H         LINE#         608
  C:0493H         LINE#         610
  C:049BH         LINE#         611
  C:049EH         LINE#         613
  C:04A1H         LINE#         615
  C:04A1H         LINE#         617
  C:04ABH         LINE#         618
  C:04ADH         LINE#         621
  C:04B0H         LINE#         622
  C:04B6H         LINE#         624
  C:04BEH         LINE#         625
  C:04BEH         LINE#         627
  C:04C0H         LINE#         629
  C:04C0H         LINE#         630
  C:04C6H         LINE#         631
  C:04C9H         LINE#         633
  C:04CCH         LINE#         635
  C:04CCH         LINE#         636
  C:04CFH         LINE#         637
  C:04D2H         LINE#         639
  C:04D2H         LINE#         640
  C:04DAH         LINE#         641
BL51 BANKED LINKER/LOCATER V5.15            12/15/2010  16:29:59  PAGE 13


  C:04E0H         LINE#         642
  C:04E8H         LINE#         643
  C:04F3H         LINE#         644
  C:0501H         LINE#         645
  C:0504H         LINE#         646
  C:0507H         LINE#         648
  C:0507H         LINE#         649
  C:050AH         LINE#         650
  C:050DH         LINE#         651
  C:050DH         LINE#         652
  C:050DH         LINE#         653
  -------         ENDPROC       MAIN
  -------         PROC          _SET_BIT
  D:0001H         SYMBOL        byte
  D:0005H         SYMBOL        bit_number
  C:0006H         LINE#         657
  C:0006H         LINE#         658
  C:0006H         LINE#         659
  -------         ENDPROC       _SET_BIT
  -------         PROC          _CLEAR_BIT
  D:0001H         SYMBOL        byte
  D:0005H         SYMBOL        bit_number
  C:2A5AH         LINE#         663
  C:2A5AH         LINE#         664
  C:2A5AH         LINE#         665
  -------         ENDPROC       _CLEAR_BIT
  -------         ENDMOD        GPS_MAIN

  -------         MODULE        I2C_BUS
  C:0000H         SYMBOL        _ICE_DUMMY_
  D:0090H         PUBLIC        P1
  C:29F3H         PUBLIC        sdelay
  C:2884H         PUBLIC        _FPGA_write_array
  C:29B9H         PUBLIC        i2c_start
  C:2987H         PUBLIC        _FPGA_read_byte
  B:0090H.1       PUBLIC        sda_int_io
  C:296EH         PUBLIC        _i2c_sendbyte
  C:2A05H         PUBLIC        _FPGA_write_byte
  C:0016H         PUBLIC        i2c_stop
  B:0090H.2       PUBLIC        scl_int_io
  C:28F4H         PUBLIC        i2c_readbyte
  D:0088H         PUBLIC        TCON
  C:2A68H         PUBLIC        i2c_giveack
  D:008CH         PUBLIC        TH0
  D:008AH         PUBLIC        TL0
  C:0052H         PUBLIC        i2c_getack
  C:2A3AH         PUBLIC        _delay
  C:2A29H         SYMBOL        Com001E
  C:2A29H         SYMBOL        L?0031
  C:2A2CH         SYMBOL        L?0032
  C:2A34H         SYMBOL        L?0033
  C:2A34H         SYMBOL        L?0034
  -------         PROC          COM001E
  -------         ENDPROC       COM001E
  -------         PROC          _DELAY
  D:0007H         SYMBOL        hi
  D:0005H         SYMBOL        lo
  C:2A3AH         LINE#         9
  C:2A3AH         LINE#         10
  C:2A3AH         LINE#         11
  C:2A3DH         LINE#         12
  C:2A3FH         LINE#         13
  C:2A41H         LINE#         14
  C:2A44H         LINE#         15
  C:2A49H         LINE#         17
BL51 BANKED LINKER/LOCATER V5.15            12/15/2010  16:29:59  PAGE 14


  -------         ENDPROC       _DELAY
  -------         PROC          SDELAY
  C:29F3H         LINE#         20
  C:29F3H         LINE#         21
  C:29F3H         LINE#         22
  C:29F6H         LINE#         23
  C:29F9H         LINE#         24
  C:29FCH         LINE#         25
  C:29FFH         LINE#         26
  C:2A04H         LINE#         28
  -------         ENDPROC       SDELAY
  -------         PROC          I2C_START
  C:29B9H         LINE#         30
  C:29B9H         LINE#         31
  C:29B9H         LINE#         32
  C:29BBH         LINE#         33
  C:29BEH         LINE#         34
  C:29C0H         LINE#         35
  C:29C3H         LINE#         36
  C:29C5H         LINE#         37
  C:29C8H         LINE#         38
  C:29CAH         LINE#         39
  -------         ENDPROC       I2C_START
  -------         PROC          I2C_STOP
  C:0016H         LINE#         42
  C:0016H         LINE#         43
  C:0016H         LINE#         44
  C:0018H         LINE#         45
  C:001AH         LINE#         46
  C:001DH         LINE#         47
  C:001FH         LINE#         48
  -------         ENDPROC       I2C_STOP
  -------         PROC          _I2C_SENDBYTE
  D:0007H         SYMBOL        byte
  -------         DO            
  D:0006H         SYMBOL        count
  -------         ENDDO         
  C:296EH         LINE#         51
  C:296EH         LINE#         52
  C:296EH         LINE#         53
  C:2970H         LINE#         55
  C:2970H         LINE#         56
  C:2970H         LINE#         57
  C:2974H         LINE#         58
  C:2974H         LINE#         59
  C:2974H         LINE#         60
  C:2974H         LINE#         61
  C:2977H         LINE#         62
  C:297BH         LINE#         63
  C:297EH         LINE#         64
  C:2982H         LINE#         67
  C:2984H         LINE#         69
  -------         ENDPROC       _I2C_SENDBYTE
  -------         PROC          I2C_READBYTE
  -------         DO            
  D:0007H         SYMBOL        inbyte
  D:0006H         SYMBOL        count
  -------         ENDDO         
  C:28F4H         LINE#         72
  C:28F4H         LINE#         73
  C:28F4H         LINE#         74
  C:28F6H         LINE#         75
  C:28F7H         LINE#         77
  C:28F7H         LINE#         78
  C:28F7H         LINE#         79
BL51 BANKED LINKER/LOCATER V5.15            12/15/2010  16:29:59  PAGE 15


  C:28FBH         LINE#         80
  C:28FDH         LINE#         81
  C:2900H         LINE#         82
  C:2906H         LINE#         83
  C:2908H         LINE#         84
  C:290BH         LINE#         85
  C:290FH         LINE#         87
  C:2911H         LINE#         88
  C:2914H         LINE#         90
  C:2914H         LINE#         91
  -------         ENDPROC       I2C_READBYTE
  C:0047H         SYMBOL        L?0029
  -------         PROC          L?0028
  -------         ENDPROC       L?0028
  C:0047H         SYMBOL        L?0029
  -------         PROC          I2C_GETACK
  -------         DO            
  D:0007H         SYMBOL        count
  D:0006H         SYMBOL        sda_temp
  -------         ENDDO         
  C:0052H         LINE#         93
  C:0052H         LINE#         94
  C:0052H         LINE#         96
  C:0054H         LINE#         97
  C:0056H         LINE#         98
  C:0058H         LINE#         99
  C:005BH         LINE#         100
  C:005BH         LINE#         101
  C:0060H         LINE#         103
  C:0061H         LINE#         104
  C:0064H         LINE#         105
  C:0067H         LINE#         106
  C:0067H         LINE#         108
  C:0067H         LINE#         109
  C:0067H         LINE#         110
  C:006AH         LINE#         111
  C:006DH         LINE#         113
  C:006FH         LINE#         114
  -------         ENDPROC       I2C_GETACK
  -------         PROC          I2C_GIVEACK
  C:2A68H         LINE#         116
  C:2A68H         LINE#         117
  C:2A68H         LINE#         118
  C:2A6AH         LINE#         119
  C:2A6CH         LINE#         120
  C:2A6CH         LINE#         121
  C:2A6CH         LINE#         122
  C:2A6CH         LINE#         123
  C:2A6FH         LINE#         124
  -------         ENDPROC       I2C_GIVEACK
  -------         PROC          _FPGA_READ_BYTE
  D:0005H         SYMBOL        subaddress
  -------         DO            
  D:0004H         SYMBOL        in_byte
  -------         ENDDO         
  C:2987H         LINE#         127
  C:2987H         LINE#         128
  C:2987H         LINE#         129
  C:2987H         LINE#         131
  C:2987H         LINE#         132
  C:2987H         LINE#         133
  C:2987H         LINE#         134
  C:2987H         LINE#         135
  C:298AH         LINE#         136
  C:298DH         LINE#         137
BL51 BANKED LINKER/LOCATER V5.15            12/15/2010  16:29:59  PAGE 16


  C:298FH         LINE#         138
  C:2992H         LINE#         139
  C:2997H         LINE#         140
  C:299AH         LINE#         141
  C:299DH         LINE#         143
  C:299FH         LINE#         144
  -------         ENDPROC       _FPGA_READ_BYTE
  -------         PROC          _FPGA_WRITE_BYTE
  D:0004H         SYMBOL        subaddress
  D:0005H         SYMBOL        byte
  C:2A05H         LINE#         146
  C:2A07H         LINE#         147
  C:2A07H         LINE#         148
  C:2A0AH         LINE#         149
  C:2A0CH         LINE#         150
  C:2A0FH         LINE#         151
  C:2A11H         LINE#         152
  C:2A11H         LINE#         153
  C:2A11H         LINE#         154
  C:2A14H         LINE#         155
  -------         ENDPROC       _FPGA_WRITE_BYTE
  -------         PROC          _FPGA_WRITE_ARRAY
  D:0005H         SYMBOL        subaddress
  D:004CH         SYMBOL        array
  D:004FH         SYMBOL        num_of_bytes
  -------         DO            
  D:0004H         SYMBOL        byte_count
  -------         ENDDO         
  C:2884H         LINE#         158
  C:288AH         LINE#         159
  C:288AH         LINE#         160
  C:288AH         LINE#         162
  C:288AH         LINE#         163
  C:288AH         LINE#         164
  C:288AH         LINE#         165
  C:288AH         LINE#         166
  C:288DH         LINE#         168
  C:2893H         LINE#         169
  C:2893H         LINE#         170
  C:28A2H         LINE#         171
  C:28A5H         LINE#         172
  C:28A8H         LINE#         174
  -------         ENDPROC       _FPGA_WRITE_ARRAY
  -------         ENDMOD        I2C_BUS

  -------         MODULE        I2C_SLAVE
  C:0000H         SYMBOL        _ICE_DUMMY_
  D:00A0H         PUBLIC        P2
  C:1E1CH         PUBLIC        i2c_putch
  B:00C0H.2       PUBLIC        ARBLOST
  C:216AH         PUBLIC        SMBus_ISR
  B:00C0H.0       PUBLIC        SI
  D:0017H         PUBLIC        out_buffer_select
  D:00C1H         PUBLIC        SMB0CF
  D:00C0H         PUBLIC        SMB0CN
  C:2A72H         PUBLIC        timer3_ISR
  B:0022H.1       PUBLIC        i2c_msgupdate
  X:0285H         PUBLIC        in_buffer
  D:0091H         PUBLIC        TMR3CN
  B:00C0H.1       PUBLIC        ACK
  D:0018H         PUBLIC        in_index
  D:0019H         PUBLIC        out_index
  D:001AH         PUBLIC        SMB_DATA
  B:00C0H.5       PUBLIC        STA
  D:00C2H         PUBLIC        SMB0DAT
BL51 BANKED LINKER/LOCATER V5.15            12/15/2010  16:29:59  PAGE 17


  B:00C0H.4       PUBLIC        STO
  -------         PROC          TIMER3_ISR
  C:2A72H         LINE#         43
  C:2A72H         LINE#         45
  C:2A75H         LINE#         46
  C:2A78H         LINE#         47
  C:2A7BH         LINE#         48
  -------         ENDPROC       TIMER3_ISR
  -------         PROC          SMBUS_ISR
  C:216AH         LINE#         50
  C:2187H         LINE#         52
  C:218AH         LINE#         53
  C:218AH         LINE#         56
  C:21A0H         LINE#         57
  C:21A0H         LINE#         59
  C:21A0H         LINE#         60
  C:21A2H         LINE#         61
  C:21AAH         LINE#         62
  C:21AAH         LINE#         63
  C:21AFH         LINE#         64
  C:21B6H         LINE#         66
  C:21B9H         LINE#         68
  C:21BBH         LINE#         69
  C:21BDH         LINE#         71
  C:21BFH         LINE#         72
  C:21C1H         LINE#         75
  C:21C1H         LINE#         76
  C:21C4H         LINE#         78
  C:21D5H         LINE#         81
  C:21E1H         LINE#         82
  C:21E1H         LINE#         83
  C:21E4H         LINE#         84
  C:21E7H         LINE#         85
  C:21E7H         LINE#         89
  C:21E9H         LINE#         90
  C:21EBH         LINE#         94
  C:21EBH         LINE#         95
  C:21EDH         LINE#         96
  C:21EFH         LINE#         98
  C:21F1H         LINE#         101
  C:21F1H         LINE#         103
  C:21F1H         LINE#         109
  C:21F1H         LINE#         110
  C:21F3H         LINE#         113
  C:21F5H         LINE#         115
  C:21F5H         LINE#         116
  C:21F8H         LINE#         117
  C:21FBH         LINE#         118
  C:21FBH         LINE#         119
  C:21FBH         LINE#         120
  C:21FBH         LINE#         121
  C:21FDH         LINE#         122
  C:21FDH         LINE#         123
  C:21FDH         LINE#         127
  C:21FDH         LINE#         128
  C:21FFH         LINE#         129
  C:2201H         LINE#         130
  C:2203H         LINE#         131
  C:2203H         LINE#         132
  C:2205H         LINE#         133
  -------         ENDPROC       SMBUS_ISR
  -------         PROC          I2C_PUTCH
  -------         DO            
  D:0007H         SYMBOL        out
  -------         ENDDO         
BL51 BANKED LINKER/LOCATER V5.15            12/15/2010  16:29:59  PAGE 18


  C:1E1CH         LINE#         135
  C:1E1CH         LINE#         136
  C:1E1CH         LINE#         140
  C:1E63H         LINE#         141
  C:1E63H         LINE#         142
  C:1E63H         LINE#         143
  C:1E6FH         LINE#         144
  C:1E72H         LINE#         145
  C:1E72H         LINE#         146
  C:1E7EH         LINE#         147
  C:1E80H         LINE#         148
  C:1E80H         LINE#         149
  C:1E8CH         LINE#         150
  C:1E8EH         LINE#         152
  C:1E8EH         LINE#         153
  C:1E90H         LINE#         154
  C:1E92H         LINE#         155
  C:1E92H         LINE#         156
  C:1E97H         LINE#         157
  C:1E99H         LINE#         158
  C:1E99H         LINE#         159
  C:1E9EH         LINE#         160
  C:1EA0H         LINE#         161
  C:1EA0H         LINE#         162
  C:1EA2H         LINE#         163
  C:1EA5H         LINE#         164
  C:1EA6H         LINE#         165
  C:1EA9H         LINE#         166
  C:1EADH         LINE#         167
  C:1EAFH         LINE#         169
  C:1EAFH         LINE#         170
  C:1EBBH         LINE#         171
  C:1EBDH         LINE#         172
  C:1EBDH         LINE#         173
  C:1EC9H         LINE#         174
  C:1ECBH         LINE#         175
  C:1ECBH         LINE#         176
  C:1ED7H         LINE#         177
  C:1ED9H         LINE#         178
  C:1ED9H         LINE#         179
  C:1EE5H         LINE#         180
  C:1EE7H         LINE#         182
  C:1EE7H         LINE#         183
  C:1EEDH         LINE#         184
  C:1EEFH         LINE#         185
  C:1EEFH         LINE#         186
  C:1EFFH         LINE#         187
  C:1EFFH         LINE#         190
  C:1EFFH         LINE#         192
  C:1EFFH         LINE#         193
  -------         ENDPROC       I2C_PUTCH
  -------         ENDMOD        I2C_SLAVE

  -------         MODULE        LTC_HANDLER
  C:0000H         SYMBOL        _ICE_DUMMY_
  X:01A9H         PUBLIC        BCD_coded_time_a
  X:01ADH         PUBLIC        BCD_coded_time_b
  D:0090H         PUBLIC        P1
  D:00A0H         PUBLIC        P2
  X:01B1H         PUBLIC        LTC_a_frames
  X:01B2H         PUBLIC        secs_since_sync_a
  X:01B6H         PUBLIC        LTC_b_frames
  C:2A17H         PUBLIC        _bin_to_BCD
  X:01B7H         PUBLIC        secs_since_sync_b
  X:01BBH         PUBLIC        send_buffer
BL51 BANKED LINKER/LOCATER V5.15            12/15/2010  16:29:59  PAGE 19


  X:01D0H         PUBLIC        LTC_a_offset
  X:01D4H         PUBLIC        LTC_b_offset
  D:0008H         PUBLIC        i2c_byte
  C:1D00H         PUBLIC        offset_time
  C:0987H         PUBLIC        LTC_manager
  D:0009H         PUBLIC        NTSC_offset
  C:2535H         PUBLIC        confirm_daylight_switch
  X:01D8H         PUBLIC        int_GPS_week
  X:01DAH         PUBLIC        LTC_a_watchoffset
  X:01DDH         PUBLIC        LTC_b_watchoffset
  D:000BH         PUBLIC        byte_index
  C:1BC3H         PUBLIC        check_daylight_switch
  X:01E0H         PUBLIC        LTC_confirm
  X:01E1H         PUBLIC        LTC_a_time
  X:01E8H         PUBLIC        LTC_b_time
  C:25A6H         PUBLIC        transmit_LTC_data
  C:2858H         PUBLIC        update_LTC_strings
  X:01EFH         PUBLIC        quant_error_100MHz
  C:2962H         PUBLIC        month_days
  D:000CH         PUBLIC        temp_long
  X:01F0H         PUBLIC        daylight_off_a_time
  X:01F7H         PUBLIC        daylight_off_b_time
  X:01FEH         PUBLIC        LTC_request
  X:01FFH         PUBLIC        int_GPS_tow
  C:24C3H         PUBLIC        sec_inc
  X:0203H         PUBLIC        dropframe_setup
  X:0204H         PUBLIC        int_time
  B:0021H.4       PUBLIC        LTC_a_daylight_flag
  B:0021H.5       PUBLIC        LTC_b_daylight_flag
  X:020BH         PUBLIC        LTC_a_str
  X:0216H         PUBLIC        LTC_b_str
  X:0221H         PUBLIC        LTC_a_sync_hour
  B:0090H.0       PUBLIC        timepulse_status
  X:0222H         PUBLIC        daylight_switch_setup
  X:0223H         PUBLIC        LTC_b_sync_hour
  X:0224H         PUBLIC        LTC_a_sync_min
  X:0225H         PUBLIC        LTC_b_sync_min
  X:0226H         PUBLIC        daylight_on_a_time
  X:022DH         PUBLIC        daylight_on_b_time
  X:0234H         PUBLIC        LTC_sync_request
  B:0021H.6       PUBLIC        first_time_run
  X:0235H         PUBLIC        LTC_setup
  C:20A6H         PUBLIC        init_LTC
  C:0549H         SYMBOL        Com008B
  C:0549H         SYMBOL        L?0140
  C:0742H         SYMBOL        L?0141
  C:076AH         SYMBOL        L?0142
  C:076DH         SYMBOL        L?0143
  C:0778H         SYMBOL        L?0144
  C:0786H         SYMBOL        L?0145
  C:07B0H         SYMBOL        L?0146
  C:07BBH         SYMBOL        L?0147
  C:07BFH         SYMBOL        L?0148
  C:07CEH         SYMBOL        L?0149
  C:07D7H         SYMBOL        L?0150
  C:07E2H         SYMBOL        L?0152
  C:07E5H         SYMBOL        L?0153
  C:07F6H         SYMBOL        L?0154
  C:07F6H         SYMBOL        L?0155
  C:0808H         SYMBOL        L?0156
  C:0822H         SYMBOL        L?0157
  C:0823H         SYMBOL        L?0158
  C:082FH         SYMBOL        L?0159
  C:083AH         SYMBOL        L?0161
  C:0855H         SYMBOL        L?0162
BL51 BANKED LINKER/LOCATER V5.15            12/15/2010  16:29:59  PAGE 20


  C:0870H         SYMBOL        L?0163
  C:0870H         SYMBOL        L?0164
  C:0877H         SYMBOL        L?0165
  C:088FH         SYMBOL        L?0166
  C:088FH         SYMBOL        L?0167
  C:0894H         SYMBOL        L?0168
  C:089BH         SYMBOL        L?0169
  C:08A5H         SYMBOL        L?0170
  C:08ADH         SYMBOL        L?0171
  C:08B6H         SYMBOL        L?0172
  C:08BDH         SYMBOL        L?0173
  C:08D1H         SYMBOL        L?0174
  C:08E0H         SYMBOL        L?0175
  C:08F3H         SYMBOL        L?0176
  C:0907H         SYMBOL        L?0177
  C:090EH         SYMBOL        L?0178
  C:0921H         SYMBOL        L?0179
  C:092EH         SYMBOL        L?0180
  C:092EH         SYMBOL        L?0181
  C:0935H         SYMBOL        L?0182
  C:0940H         SYMBOL        L?0183
  C:094BH         SYMBOL        L?0184
  C:0955H         SYMBOL        L?0185
  C:095FH         SYMBOL        L?0186
  C:0969H         SYMBOL        L?0187
  C:0973H         SYMBOL        L?0188
  C:097DH         SYMBOL        L?0189
  -------         PROC          COM008B
  -------         ENDPROC       COM008B
  -------         PROC          _BIN_TO_BCD
  D:0007H         SYMBOL        binary
  -------         DO            
  D:0007H         SYMBOL        tens
  D:0006H         SYMBOL        ones
  D:0007H         SYMBOL        BCD
  -------         ENDDO         
  C:2A17H         LINE#         164
  C:2A17H         LINE#         165
  C:2A17H         LINE#         168
  C:2A1EH         LINE#         169
  C:2A23H         LINE#         170
  C:2A28H         LINE#         172
  C:2A28H         LINE#         173
  -------         ENDPROC       _BIN_TO_BCD
  -------         PROC          SEC_INC
  C:24C3H         LINE#         179
  C:24C3H         LINE#         180
  C:24C3H         LINE#         181
  C:24C9H         LINE#         184
  C:24CEH         LINE#         185
  C:24CEH         LINE#         186
  C:24CFH         LINE#         187
  C:24D5H         LINE#         190
  C:24DAH         LINE#         191
  C:24DAH         LINE#         192
  C:24DBH         LINE#         193
  C:24E1H         LINE#         196
  C:24E6H         LINE#         197
  C:24E6H         LINE#         198
  C:24E7H         LINE#         199
  C:24EDH         LINE#         202
  C:24F7H         LINE#         203
  C:24F7H         LINE#         204
  C:24FDH         LINE#         205
  C:24FDH         LINE#         206
BL51 BANKED LINKER/LOCATER V5.15            12/15/2010  16:29:59  PAGE 21


  C:24FEH         LINE#         207
  C:24FEH         LINE#         208
  C:24FEH         LINE#         209
  C:2500H         LINE#         211
  C:2513H         LINE#         212
  C:2513H         LINE#         213
  C:2516H         LINE#         214
  C:251CH         LINE#         215
  C:251CH         LINE#         218
  C:2523H         LINE#         219
  C:2523H         LINE#         220
  C:2526H         LINE#         221
  C:2534H         LINE#         222
  C:2534H         LINE#         223
  C:2534H         LINE#         224
  C:2534H         LINE#         225
  C:2534H         LINE#         226
  -------         ENDPROC       SEC_INC
  -------         PROC          OFFSET_TIME
  D:005CH         SYMBOL        in_time
  D:0063H         SYMBOL        out_time
  D:0066H         SYMBOL        hours
  D:0067H         SYMBOL        mins
  D:0068H         SYMBOL        secs
  -------         DO            
  D:0069H         SYMBOL        temp_time
  -------         ENDDO         
  C:1D00H         LINE#         233
  C:1D00H         LINE#         234
  C:1D00H         LINE#         238
  C:1D13H         LINE#         241
  C:1D19H         LINE#         244
  C:1D20H         LINE#         245
  C:1D20H         LINE#         246
  C:1D22H         LINE#         247
  C:1D28H         LINE#         248
  C:1D2AH         LINE#         250
  C:1D33H         LINE#         251
  C:1D33H         LINE#         252
  C:1D35H         LINE#         253
  C:1D40H         LINE#         254
  C:1D40H         LINE#         258
  C:1D46H         LINE#         261
  C:1D4DH         LINE#         262
  C:1D4DH         LINE#         263
  C:1D4FH         LINE#         264
  C:1D55H         LINE#         265
  C:1D57H         LINE#         267
  C:1D60H         LINE#         268
  C:1D60H         LINE#         269
  C:1D62H         LINE#         270
  C:1D6DH         LINE#         271
  C:1D6DH         LINE#         275
  C:1D73H         LINE#         278
  C:1D7AH         LINE#         279
  C:1D7AH         LINE#         280
  C:1D7CH         LINE#         281
  C:1D82H         LINE#         282
  C:1D84H         LINE#         284
  C:1D8DH         LINE#         285
  C:1D8DH         LINE#         286
  C:1D8FH         LINE#         287
  C:1D9AH         LINE#         288
  C:1D9AH         LINE#         292
  C:1DA3H         LINE#         293
BL51 BANKED LINKER/LOCATER V5.15            12/15/2010  16:29:59  PAGE 22


  C:1DA3H         LINE#         294
  C:1DA5H         LINE#         296
  C:1DAFH         LINE#         297
  C:1DB4H         LINE#         299
  C:1DB9H         LINE#         301
  C:1DC2H         LINE#         302
  C:1DC2H         LINE#         303
  C:1DCAH         LINE#         304
  C:1DCDH         LINE#         305
  C:1DCDH         LINE#         306
  C:1DCFH         LINE#         309
  C:1DD9H         LINE#         310
  C:1DD9H         LINE#         311
  C:1DE2H         LINE#         312
  C:1DE2H         LINE#         313
  C:1DE2H         LINE#         314
  C:1DE2H         LINE#         315
  C:1DE2H         LINE#         316
  C:1DE4H         LINE#         318
  C:1DF0H         LINE#         319
  C:1DF0H         LINE#         320
  C:1DF2H         LINE#         321
  C:1DF5H         LINE#         322
  C:1DF5H         LINE#         324
  C:1DFEH         LINE#         325
  C:1DFEH         LINE#         326
  C:1E06H         LINE#         327
  C:1E09H         LINE#         328
  C:1E09H         LINE#         330
  -------         ENDPROC       OFFSET_TIME
  C:0DB1H         SYMBOL        L?0160
  -------         PROC          LTC_MANAGER
  -------         DO            
  D:004BH         SYMBOL        NTSC_offset_long
  D:004FH         SYMBOL        skipped_frames
  D:0051H         SYMBOL        temp_offset
  D:0054H         SYMBOL        temp_sec_offset
  D:0058H         SYMBOL        temp_secs_since_sync
  -------         ENDDO         
  C:0987H         LINE#         341
  C:0987H         LINE#         342
  C:0987H         LINE#         345
  C:098CH         LINE#         348
  C:0994H         LINE#         358
  C:0997H         LINE#         359
  C:0997H         LINE#         360
  C:09A0H         LINE#         361
  C:09B4H         LINE#         362
  C:09B4H         LINE#         365
  C:09B7H         LINE#         366
  C:09CFH         LINE#         369
  C:09DFH         LINE#         370
  C:09EFH         LINE#         373
  C:0A08H         LINE#         374
  C:0A16H         LINE#         378
  C:0A28H         LINE#         379
  C:0A3CH         LINE#         381
  C:0A58H         LINE#         388
  C:0A58H         LINE#         389
  C:0A5EH         LINE#         390
  C:0A6BH         LINE#         392
  C:0A7DH         LINE#         393
  C:0A89H         LINE#         395
  C:0A94H         LINE#         403
  C:0A94H         LINE#         404
BL51 BANKED LINKER/LOCATER V5.15            12/15/2010  16:29:59  PAGE 23


  C:0A9AH         LINE#         405
  C:0AAFH         LINE#         407
  C:0AB3H         LINE#         416
  C:0ABAH         LINE#         419
  C:0ABDH         LINE#         420
  C:0ABFH         LINE#         427
  C:0AC9H         LINE#         428
  C:0AC9H         LINE#         429
  C:0ACDH         LINE#         432
  C:0AD7H         LINE#         433
  C:0AE0H         LINE#         440
  C:0AE6H         LINE#         441
  C:0AE6H         LINE#         442
  C:0AE6H         LINE#         445
  C:0AECH         LINE#         448
  C:0AECH         LINE#         449
  C:0AECH         LINE#         452
  C:0AECH         LINE#         453
  C:0AECH         LINE#         456
  C:0AECH         LINE#         457
  C:0AECH         LINE#         458
  C:0AECH         LINE#         461
  C:0AECH         LINE#         463
  C:0AECH         LINE#         464
  C:0AECH         LINE#         466
  C:0AECH         LINE#         467
  C:0AECH         LINE#         469
  C:0AECH         LINE#         470
  C:0AEFH         LINE#         472
  C:0AF6H         LINE#         473
  C:0AFBH         LINE#         475
  C:0B01H         LINE#         476
  C:0B01H         LINE#         477
  C:0B03H         LINE#         480
  C:0B03H         LINE#         481
  C:0B06H         LINE#         482
  C:0B0AH         LINE#         483
  C:0B0AH         LINE#         490
  C:0B10H         LINE#         493
  C:0B19H         LINE#         494
  C:0B19H         LINE#         495
  C:0B19H         LINE#         496
  C:0B1CH         LINE#         497
  C:0B1CH         LINE#         500
  C:0B26H         LINE#         501
  C:0B26H         LINE#         502
  C:0B26H         LINE#         505
  C:0B3AH         LINE#         506
  C:0B3AH         LINE#         507
  C:0B3DH         LINE#         508
  C:0B3FH         LINE#         510
  C:0B4BH         LINE#         511
  C:0B4BH         LINE#         512
  C:0B4BH         LINE#         513
  C:0B4EH         LINE#         514
  C:0B4EH         LINE#         515
  C:0B4EH         LINE#         517
  C:0B54H         LINE#         520
  C:0B5AH         LINE#         521
  C:0B65H         LINE#         523
  C:0B65H         LINE#         524
  C:0B6AH         LINE#         525
  C:0B7AH         LINE#         526
  C:0B7AH         LINE#         528
  C:0B7DH         LINE#         529
BL51 BANKED LINKER/LOCATER V5.15            12/15/2010  16:29:59  PAGE 24


  C:0B7DH         LINE#         530
  C:0B7DH         LINE#         531
  C:0B7DH         LINE#         538
  C:0B86H         LINE#         539
  C:0B86H         LINE#         541
  C:0B90H         LINE#         542
  C:0B90H         LINE#         543
  C:0B96H         LINE#         544
  C:0B96H         LINE#         545
  C:0BA2H         LINE#         546
  C:0BA2H         LINE#         548
  C:0BA3H         LINE#         549
  C:0BA8H         LINE#         550
  C:0BA8H         LINE#         551
  C:0BA8H         LINE#         552
  C:0BAAH         LINE#         555
  C:0BB4H         LINE#         556
  C:0BB4H         LINE#         557
  C:0BBAH         LINE#         558
  C:0BBAH         LINE#         559
  C:0BC6H         LINE#         560
  C:0BC6H         LINE#         562
  C:0BD0H         LINE#         563
  C:0BDBH         LINE#         564
  C:0BDBH         LINE#         565
  C:0BDBH         LINE#         566
  C:0BDBH         LINE#         567
  C:0BDBH         LINE#         573
  C:0BE8H         LINE#         574
  C:0BF5H         LINE#         575
  C:0C02H         LINE#         576
  C:0C0FH         LINE#         588
  C:0C16H         LINE#         591
  C:0C19H         LINE#         592
  C:0C1BH         LINE#         599
  C:0C25H         LINE#         600
  C:0C25H         LINE#         601
  C:0C29H         LINE#         604
  C:0C33H         LINE#         605
  C:0C3CH         LINE#         612
  C:0C42H         LINE#         613
  C:0C42H         LINE#         614
  C:0C42H         LINE#         616
  C:0C48H         LINE#         619
  C:0C48H         LINE#         620
  C:0C48H         LINE#         623
  C:0C48H         LINE#         624
  C:0C48H         LINE#         627
  C:0C48H         LINE#         628
  C:0C48H         LINE#         629
  C:0C48H         LINE#         632
  C:0C48H         LINE#         634
  C:0C48H         LINE#         635
  C:0C48H         LINE#         637
  C:0C48H         LINE#         638
  C:0C48H         LINE#         640
  C:0C48H         LINE#         641
  C:0C4BH         LINE#         643
  C:0C52H         LINE#         644
  C:0C57H         LINE#         646
  C:0C5DH         LINE#         647
  C:0C5DH         LINE#         648
  C:0C5FH         LINE#         651
  C:0C5FH         LINE#         652
  C:0C62H         LINE#         653
BL51 BANKED LINKER/LOCATER V5.15            12/15/2010  16:29:59  PAGE 25


  C:0C66H         LINE#         654
  C:0C66H         LINE#         661
  C:0C6CH         LINE#         664
  C:0C75H         LINE#         665
  C:0C75H         LINE#         666
  C:0C75H         LINE#         667
  C:0C78H         LINE#         668
  C:0C78H         LINE#         671
  C:0C82H         LINE#         672
  C:0C82H         LINE#         673
  C:0C82H         LINE#         676
  C:0C96H         LINE#         677
  C:0C96H         LINE#         678
  C:0C99H         LINE#         679
  C:0C9BH         LINE#         681
  C:0CA7H         LINE#         682
  C:0CA7H         LINE#         683
  C:0CA7H         LINE#         684
  C:0CAAH         LINE#         685
  C:0CAAH         LINE#         686
  C:0CAAH         LINE#         688
  C:0CB0H         LINE#         692
  C:0CB6H         LINE#         693
  C:0CC4H         LINE#         695
  C:0CC4H         LINE#         696
  C:0CC9H         LINE#         697
  C:0CE8H         LINE#         698
  C:0CE8H         LINE#         700
  C:0CEBH         LINE#         701
  C:0CEBH         LINE#         702
  C:0CEBH         LINE#         703
  C:0CEBH         LINE#         710
  C:0CF4H         LINE#         711
  C:0CF4H         LINE#         713
  C:0CFEH         LINE#         714
  C:0CFEH         LINE#         715
  C:0D04H         LINE#         716
  C:0D04H         LINE#         717
  C:0D10H         LINE#         718
  C:0D10H         LINE#         720
  C:0D12H         LINE#         721
  C:0D17H         LINE#         722
  C:0D17H         LINE#         723
  C:0D17H         LINE#         724
  C:0D19H         LINE#         727
  C:0D23H         LINE#         728
  C:0D23H         LINE#         729
  C:0D29H         LINE#         730
  C:0D29H         LINE#         731
  C:0D35H         LINE#         732
  C:0D35H         LINE#         734
  C:0D3FH         LINE#         735
  C:0D4AH         LINE#         736
  C:0D4AH         LINE#         737
  C:0D4AH         LINE#         738
  C:0D4AH         LINE#         739
  C:0D4AH         LINE#         745
  C:0D57H         LINE#         746
  C:0D64H         LINE#         747
  C:0D71H         LINE#         748
  C:0D7EH         LINE#         757
  C:0D88H         LINE#         758
  C:0D88H         LINE#         759
  C:0D9BH         LINE#         760
  C:0DAEH         LINE#         761
BL51 BANKED LINKER/LOCATER V5.15            12/15/2010  16:29:59  PAGE 26


  C:0DB0H         LINE#         762
  C:0DB0H         LINE#         763
  -------         ENDPROC       LTC_MANAGER
  C:1CF6H         SYMBOL        L?0151
  -------         PROC          CHECK_DAYLIGHT_SWITCH
  C:1BC3H         LINE#         766
  C:1BC3H         LINE#         767
  C:1BC3H         LINE#         771
  C:1BD3H         LINE#         772
  C:1BD3H         LINE#         774
  C:1BF7H         LINE#         775
  C:1BF7H         LINE#         776
  C:1C04H         LINE#         777
  C:1C04H         LINE#         779
  C:1C04H         LINE#         780
  C:1C04H         LINE#         782
  C:1C04H         LINE#         783
  C:1C09H         LINE#         784
  C:1C09H         LINE#         785
  C:1C0BH         LINE#         787
  C:1C0BH         LINE#         788
  C:1C0DH         LINE#         789
  C:1C12H         LINE#         790
  C:1C14H         LINE#         791
  C:1C14H         LINE#         792
  C:1C14H         LINE#         795
  C:1C38H         LINE#         796
  C:1C38H         LINE#         797
  C:1C45H         LINE#         798
  C:1C45H         LINE#         800
  C:1C45H         LINE#         801
  C:1C45H         LINE#         803
  C:1C45H         LINE#         804
  C:1C4AH         LINE#         805
  C:1C4FH         LINE#         806
  C:1C51H         LINE#         808
  C:1C51H         LINE#         809
  C:1C53H         LINE#         810
  C:1C5BH         LINE#         811
  C:1C5BH         LINE#         812
  C:1C5BH         LINE#         813
  C:1C5BH         LINE#         814
  C:1C5BH         LINE#         819
  C:1C6BH         LINE#         820
  C:1C6BH         LINE#         822
  C:1C8FH         LINE#         823
  C:1C8FH         LINE#         824
  C:1C9DH         LINE#         825
  C:1C9DH         LINE#         827
  C:1C9DH         LINE#         828
  C:1C9DH         LINE#         830
  C:1C9DH         LINE#         831
  C:1CA2H         LINE#         832
  C:1CA2H         LINE#         833
  C:1CA4H         LINE#         835
  C:1CA4H         LINE#         836
  C:1CA6H         LINE#         837
  C:1CABH         LINE#         838
  C:1CADH         LINE#         839
  C:1CADH         LINE#         840
  C:1CADH         LINE#         843
  C:1CD1H         LINE#         844
  C:1CD1H         LINE#         845
  C:1CDFH         LINE#         846
  C:1CDFH         LINE#         848
BL51 BANKED LINKER/LOCATER V5.15            12/15/2010  16:29:59  PAGE 27


  C:1CDFH         LINE#         849
  C:1CDFH         LINE#         851
  C:1CDFH         LINE#         852
  C:1CE4H         LINE#         853
  C:1CE9H         LINE#         854
  C:1CEBH         LINE#         856
  C:1CEBH         LINE#         857
  C:1CEDH         LINE#         858
  C:1CF5H         LINE#         859
  C:1CF5H         LINE#         860
  C:1CF5H         LINE#         861
  C:1CF5H         LINE#         862
  C:1CF5H         LINE#         863
  -------         ENDPROC       CHECK_DAYLIGHT_SWITCH
  -------         PROC          CONFIRM_DAYLIGHT_SWITCH
  C:2535H         LINE#         866
  C:2535H         LINE#         867
  C:2535H         LINE#         869
  C:253DH         LINE#         870
  C:253DH         LINE#         872
  C:2545H         LINE#         873
  C:2549H         LINE#         875
  C:254DH         LINE#         876
  C:254FH         LINE#         878
  C:2555H         LINE#         879
  C:2555H         LINE#         880
  C:2557H         LINE#         882
  C:255FH         LINE#         883
  C:255FH         LINE#         884
  C:2566H         LINE#         885
  C:256DH         LINE#         886
  C:256DH         LINE#         889
  C:2575H         LINE#         890
  C:2575H         LINE#         892
  C:257DH         LINE#         893
  C:2581H         LINE#         895
  C:2585H         LINE#         896
  C:2587H         LINE#         898
  C:258DH         LINE#         899
  C:258DH         LINE#         900
  C:258FH         LINE#         902
  C:2597H         LINE#         903
  C:2597H         LINE#         904
  C:259EH         LINE#         905
  C:25A5H         LINE#         906
  C:25A5H         LINE#         907
  -------         ENDPROC       CONFIRM_DAYLIGHT_SWITCH
  -------         PROC          UPDATE_LTC_STRINGS
  C:2858H         LINE#         910
  C:2858H         LINE#         911
  C:2858H         LINE#         912
  C:286EH         LINE#         913
  -------         ENDPROC       UPDATE_LTC_STRINGS
  -------         PROC          TRANSMIT_LTC_DATA
  C:25A6H         LINE#         921
  C:25A6H         LINE#         922
  C:25A6H         LINE#         924
  C:25AEH         LINE#         925
  C:25B2H         LINE#         926
  C:25B6H         LINE#         927
  C:25BEH         LINE#         928
  C:25C6H         LINE#         929
  C:25CEH         LINE#         930
  C:25D6H         LINE#         932
  C:25DEH         LINE#         933
BL51 BANKED LINKER/LOCATER V5.15            12/15/2010  16:29:59  PAGE 28


  C:25E6H         LINE#         934
  C:25EEH         LINE#         935
  C:25F6H         LINE#         937
  C:25FEH         LINE#         938
  C:2602H         LINE#         941
  -------         ENDPROC       TRANSMIT_LTC_DATA
  -------         PROC          INIT_LTC
  C:20A6H         LINE#         946
  C:20A6H         LINE#         947
  C:20A6H         LINE#         948
  C:20ABH         LINE#         949
  C:20B5H         LINE#         950
  C:20BFH         LINE#         951
  C:20C4H         LINE#         952
  C:20C8H         LINE#         953
  C:20CCH         LINE#         954
  C:20D0H         LINE#         957
  C:20D9H         LINE#         958
  C:20DDH         LINE#         959
  C:20E7H         LINE#         961
  C:20EEH         LINE#         962
  C:20F5H         LINE#         964
  C:20FCH         LINE#         965
  C:2103H         LINE#         967
  C:2105H         LINE#         968
  C:2107H         LINE#         970
  C:210CH         LINE#         971
  C:2110H         LINE#         973
  C:211AH         LINE#         974
  C:2121H         LINE#         976
  C:212EH         LINE#         977
  C:2132H         LINE#         979
  C:213EH         LINE#         980
  C:2147H         LINE#         982
  C:214EH         LINE#         983
  C:2155H         LINE#         985
  C:215FH         LINE#         986
  C:2169H         LINE#         987
  -------         ENDPROC       INIT_LTC
  -------         ENDMOD        LTC_HANDLER

  -------         MODULE        PT5300_HANDLER
  C:0000H         SYMBOL        _ICE_DUMMY_
  D:00A0H         PUBLIC        P2
  C:14F7H         PUBLIC        pt5300_in_handle
  C:23D5H         PUBLIC        pt5300_out_handle
  C:27C3H         SYMBOL        Com0064
  C:27C3H         SYMBOL        L?0101
  C:27C3H         SYMBOL        L?0102
  C:27E4H         SYMBOL        L?0103
  C:27E7H         SYMBOL        L?0104
  C:27EEH         SYMBOL        L?0106
  -------         PROC          COM0064
  -------         ENDPROC       COM0064
  C:182BH         SYMBOL        L?0105
  -------         PROC          PT5300_IN_HANDLE
  -------         DO            
  D:004BH         SYMBOL        counter
  -------         ENDDO         
  C:14F7H         LINE#         12
  C:14F7H         LINE#         13
  C:14F7H         LINE#         15
  C:14FAH         LINE#         17
  C:1586H         LINE#         18
  C:1586H         LINE#         21
BL51 BANKED LINKER/LOCATER V5.15            12/15/2010  16:29:59  PAGE 29


  C:1586H         LINE#         23
  C:1593H         LINE#         24
  C:159AH         LINE#         26
  C:159FH         LINE#         29
  C:15A6H         LINE#         30
  C:15AEH         LINE#         32
  C:15AEH         LINE#         36
  C:15AEH         LINE#         37
  C:15B6H         LINE#         38
  C:15B7H         LINE#         39
  C:15B7H         LINE#         40
  C:15BFH         LINE#         41
  C:15C0H         LINE#         42
  C:15C0H         LINE#         43
  C:15C8H         LINE#         44
  C:15C9H         LINE#         45
  C:15C9H         LINE#         46
  C:15D1H         LINE#         47
  C:15D2H         LINE#         50
  C:15D2H         LINE#         51
  C:15D9H         LINE#         53
  C:15F0H         LINE#         54
  C:15F0H         LINE#         55
  C:15F0H         LINE#         56
  C:15F0H         LINE#         57
  C:15F3H         LINE#         58
  C:15F3H         LINE#         59
  C:15FAH         LINE#         60
  C:15FBH         LINE#         61
  C:15FBH         LINE#         62
  C:1602H         LINE#         63
  C:1603H         LINE#         64
  C:1603H         LINE#         65
  C:160AH         LINE#         66
  C:160BH         LINE#         67
  C:160BH         LINE#         68
  C:1612H         LINE#         69
  C:1613H         LINE#         70
  C:1613H         LINE#         71
  C:1613H         LINE#         74
  C:1613H         LINE#         75
  C:1616H         LINE#         76
  C:1619H         LINE#         77
  C:161CH         LINE#         79
  C:161CH         LINE#         80
  C:1624H         LINE#         81
  C:1625H         LINE#         83
  C:1625H         LINE#         84
  C:162DH         LINE#         85
  C:162EH         LINE#         88
  C:162EH         LINE#         89
  C:1636H         LINE#         90
  C:1637H         LINE#         93
  C:1637H         LINE#         94
  C:163FH         LINE#         95
  C:1640H         LINE#         98
  C:1640H         LINE#         99
  C:1643H         LINE#         100
  C:1646H         LINE#         101
  C:1649H         LINE#         104
  C:1649H         LINE#         105
  C:1652H         LINE#         106
  C:1653H         LINE#         107
  C:1653H         LINE#         108
  C:165BH         LINE#         109
BL51 BANKED LINKER/LOCATER V5.15            12/15/2010  16:29:59  PAGE 30


  C:165CH         LINE#         110
  C:165CH         LINE#         111
  C:1664H         LINE#         112
  C:1665H         LINE#         115
  C:1665H         LINE#         116
  C:166EH         LINE#         117
  C:166FH         LINE#         118
  C:166FH         LINE#         119
  C:1677H         LINE#         120
  C:1678H         LINE#         121
  C:1678H         LINE#         122
  C:1680H         LINE#         123
  C:1681H         LINE#         128
  C:1681H         LINE#         129
  C:1689H         LINE#         130
  C:168AH         LINE#         131
  C:168AH         LINE#         132
  C:1692H         LINE#         133
  C:1693H         LINE#         134
  C:1693H         LINE#         135
  C:169BH         LINE#         136
  C:169CH         LINE#         137
  C:169CH         LINE#         138
  C:16A4H         LINE#         139
  C:16A5H         LINE#         142
  C:16A5H         LINE#         143
  C:16ACH         LINE#         145
  C:16C3H         LINE#         146
  C:16C3H         LINE#         147
  C:16C3H         LINE#         148
  C:16C8H         LINE#         149
  C:16C9H         LINE#         150
  C:16C9H         LINE#         151
  C:16D0H         LINE#         152
  C:16D1H         LINE#         153
  C:16D1H         LINE#         154
  C:16D8H         LINE#         155
  C:16D9H         LINE#         156
  C:16D9H         LINE#         157
  C:16E0H         LINE#         158
  C:16E1H         LINE#         159
  C:16E1H         LINE#         160
  C:16E8H         LINE#         161
  C:16E9H         LINE#         162
  C:16E9H         LINE#         163
  C:16E9H         LINE#         166
  C:16E9H         LINE#         167
  C:16EFH         LINE#         168
  C:16FAH         LINE#         169
  C:16FBH         LINE#         171
  C:16FBH         LINE#         172
  C:1703H         LINE#         173
  C:1704H         LINE#         175
  C:1704H         LINE#         176
  C:170CH         LINE#         177
  C:170DH         LINE#         180
  C:170DH         LINE#         181
  C:1715H         LINE#         182
  C:1716H         LINE#         185
  C:1716H         LINE#         186
  C:171EH         LINE#         187
  C:171FH         LINE#         189
  C:171FH         LINE#         190
  C:1725H         LINE#         191
  C:1730H         LINE#         192
BL51 BANKED LINKER/LOCATER V5.15            12/15/2010  16:29:59  PAGE 31


  C:1731H         LINE#         195
  C:1731H         LINE#         196
  C:173AH         LINE#         197
  C:173BH         LINE#         198
  C:173BH         LINE#         199
  C:1743H         LINE#         200
  C:1744H         LINE#         201
  C:1744H         LINE#         202
  C:174CH         LINE#         203
  C:174DH         LINE#         206
  C:174DH         LINE#         207
  C:1756H         LINE#         208
  C:1757H         LINE#         209
  C:1757H         LINE#         210
  C:175FH         LINE#         211
  C:1760H         LINE#         212
  C:1760H         LINE#         213
  C:1768H         LINE#         214
  C:1769H         LINE#         217
  C:1769H         LINE#         218
  C:176EH         LINE#         219
  C:1772H         LINE#         221
  C:1774H         LINE#         222
[...]
  C:2808H         LINE#         43
  C:280AH         LINE#         44
  C:280AH         LINE#         45
  C:280AH         LINE#         47
  C:280CH         LINE#         48
  C:281BH         LINE#         49
  C:281DH         LINE#         50
  C:2822H         LINE#         51
  C:2825H         LINE#         52
  C:2827H         LINE#         53
  C:2829H         LINE#         54
  -------         ENDPROC       _GETCH
  -------         ENDMOD        SERIAL

  -------         MODULE        UBLOX_PROT
  C:0000H         SYMBOL        _ICE_DUMMY_
  C:29A0H         PUBLIC        _get_UTC_time
  D:0010H         PUBLIC        length
  C:28D2H         PUBLIC        _set_message_rate
  B:0021H.7       PUBLIC        acknowledge
  D:0012H         PUBLIC        ck_a
  D:0013H         PUBLIC        ck_b
  D:0014H         PUBLIC        str_ptr
  D:0015H         PUBLIC        state
  C:1BC1H         PUBLIC        ub_header
  X:0000H         PUBLIC        GPS_timemode
  X:0001H         PUBLIC        GPS_tow
  B:0022H.0       PUBLIC        msg_update_flag
  C:1835H         PUBLIC        interpret_message
  D:0016H         PUBLIC        buf_index
  X:0005H         PUBLIC        quant_error
  C:1FDCH         PUBLIC        setup_ublox
  C:1A29H         PUBLIC        timemode
  X:0009H         PUBLIC        UTC_time_buffer
  C:1F00H         PUBLIC        packet_process
BL51 BANKED LINKER/LOCATER V5.15            12/15/2010  16:29:59  PAGE 34


  X:0010H         PUBLIC        msg_buf
  C:2220H         PUBLIC        _send_packet
  C:1AF5H         PUBLIC        cfg_prt
  X:00D8H         PUBLIC        GPS_time_valid
  X:00D9H         PUBLIC        UTC_time_valid
  C:2A4AH         PUBLIC        _poll_packet
  X:00DAH         PUBLIC        leap_seconds
  X:00DBH         PUBLIC        GPS_week
  C:2935H         PUBLIC        _get_packet
  C:2610H         SYMBOL        Com003B
  C:2610H         SYMBOL        L?0060
  C:261AH         SYMBOL        L?0061
  C:262FH         SYMBOL        L?0062
  C:2635H         SYMBOL        L?0063
  C:2638H         SYMBOL        L?0064
  C:2641H         SYMBOL        L?0065
  C:2643H         SYMBOL        L?0066
  C:2650H         SYMBOL        L?0068
  C:2653H         SYMBOL        L?0069
  C:265AH         SYMBOL        L?0070
  C:2666H         SYMBOL        L?0071
  -------         PROC          COM003B
  -------         ENDPROC       COM003B
  -------         PROC          PACKET_PROCESS
  C:1F00H         LINE#         81
  C:1F00H         LINE#         82
  C:1F00H         LINE#         83
  C:1F14H         LINE#         84
  C:1F14H         LINE#         86
  C:1F18H         LINE#         87
  C:1F18H         LINE#         88
  C:1F25H         LINE#         89
  C:1F29H         LINE#         91
  C:1F2CH         LINE#         93
  C:1F2EH         LINE#         96
  C:1F37H         LINE#         97
  C:1F37H         LINE#         98
  C:1F39H         LINE#         99
  C:1F3BH         LINE#         100
  C:1F3EH         LINE#         101
  C:1F40H         LINE#         102
  C:1F42H         LINE#         103
  C:1F46H         LINE#         104
  C:1F46H         LINE#         105
  C:1F47H         LINE#         108
  C:1F4DH         LINE#         109
  C:1F4DH         LINE#         110
  C:1F4DH         LINE#         113
  C:1F50H         LINE#         114
  C:1F53H         LINE#         117
  C:1F58H         LINE#         118
  C:1F58H         LINE#         119
  C:1F6BH         LINE#         120
  C:1F6EH         LINE#         121
  C:1F71H         LINE#         122
  C:1F71H         LINE#         124
  C:1F73H         LINE#         125
  C:1F74H         LINE#         128
  C:1F7AH         LINE#         129
  C:1F7AH         LINE#         130
  C:1F7AH         LINE#         133
  C:1F7DH         LINE#         134
  C:1F80H         LINE#         137
  C:1F85H         LINE#         138
  C:1F88H         LINE#         141
BL51 BANKED LINKER/LOCATER V5.15            12/15/2010  16:29:59  PAGE 35


  C:1F91H         LINE#         142
  C:1F94H         LINE#         144
  C:1F96H         LINE#         145
  C:1F97H         LINE#         148
  C:1F9DH         LINE#         149
  C:1F9DH         LINE#         150
  C:1F9FH         LINE#         153
  C:1FB2H         LINE#         154
  C:1FB2H         LINE#         155
  C:1FB5H         LINE#         156
  C:1FB7H         LINE#         157
  C:1FB9H         LINE#         160
  C:1FD7H         LINE#         161
  C:1FD9H         LINE#         162
  C:1FD9H         LINE#         164
  C:1FDBH         LINE#         165
  C:1FDBH         LINE#         166
  C:1FDBH         LINE#         167
  -------         ENDPROC       PACKET_PROCESS
  -------         PROC          INTERPRET_MESSAGE
  -------         DO            
  X:00DDH         SYMBOL        in_packet
  D:0007H         SYMBOL        count
  D:004EH         SYMBOL        index
  -------         ENDDO         
  C:1835H         LINE#         169
  C:1835H         LINE#         170
  C:1835H         LINE#         174
  C:183EH         LINE#         177
  C:185EH         LINE#         178
  C:185EH         LINE#         180
  C:185EH         LINE#         182
  C:1877H         LINE#         183
  C:1877H         LINE#         185
  C:1877H         LINE#         187
  C:187FH         LINE#         190
  C:1887H         LINE#         191
  C:188FH         LINE#         192
  C:1897H         LINE#         193
  C:189FH         LINE#         194
  C:18BFH         LINE#         197
  C:18E8H         LINE#         200
  C:18F5H         LINE#         201
  C:1907H         LINE#         204
  C:190FH         LINE#         205
  C:1910H         LINE#         208
  C:1910H         LINE#         210
  C:1927H         LINE#         211
  C:192FH         LINE#         212
  C:1937H         LINE#         213
  C:193FH         LINE#         214
  C:1947H         LINE#         215
  C:194FH         LINE#         216
  C:1957H         LINE#         217
  C:1958H         LINE#         219
  C:1958H         LINE#         220
  C:195BH         LINE#         221
  C:195DH         LINE#         222
  C:195DH         LINE#         223
  C:1970H         LINE#         224
  C:1976H         LINE#         225
  C:197BH         LINE#         227
  C:197BH         LINE#         231
  C:197BH         LINE#         232
  C:197BH         LINE#         233
BL51 BANKED LINKER/LOCATER V5.15            12/15/2010  16:29:59  PAGE 36


  C:197BH         LINE#         234
  C:197BH         LINE#         237
  C:197BH         LINE#         238
  C:1984H         LINE#         239
  C:1984H         LINE#         241
  C:1984H         LINE#         242
  C:1986H         LINE#         243
  C:1987H         LINE#         245
  C:1987H         LINE#         248
  C:1987H         LINE#         249
  C:1989H         LINE#         250
  C:1989H         LINE#         251
  C:198AH         LINE#         254
  C:198AH         LINE#         255
  C:199CH         LINE#         256
  C:199CH         LINE#         258
  C:199CH         LINE#         259
  C:19A5H         LINE#         260
  C:19B6H         LINE#         261
  C:19E1H         LINE#         262
  C:1A1CH         LINE#         263
  C:1A1CH         LINE#         266
  C:1A1CH         LINE#         267
  C:1A24H         LINE#         268
  C:1A25H         LINE#         269
  C:1A25H         LINE#         270
  C:1A25H         LINE#         272
  C:1A25H         LINE#         273
  C:1A28H         LINE#         274
  C:1A28H         LINE#         275
  C:1A28H         LINE#         276
  -------         ENDPROC       INTERPRET_MESSAGE
  -------         PROC          _POLL_PACKET
  D:0007H         SYMBOL        class_num
  D:0005H         SYMBOL        id_num
  -------         DO            
  X:00DDH         SYMBOL        poll_packet
  -------         ENDDO         
  C:2A4AH         LINE#         278
  C:2A4AH         LINE#         279
  C:2A4AH         LINE#         282
  C:2A4DH         LINE#         283
  C:2A4DH         LINE#         284
  C:2A4DH         LINE#         285
  C:2A51H         LINE#         287
  -------         ENDPROC       _POLL_PACKET
  C:22C2H         SYMBOL        L?0067
  -------         PROC          _SEND_PACKET
  D:004EH         SYMBOL        out_packet
  C:2220H         LINE#         290
  C:2226H         LINE#         291
  C:2226H         LINE#         292
  C:222BH         LINE#         294
  C:2236H         LINE#         297
  C:223BH         LINE#         298
  C:2240H         LINE#         301
  C:2249H         LINE#         302
  C:2253H         LINE#         304
  C:225DH         LINE#         305
  C:2263H         LINE#         308
  C:226DH         LINE#         309
  C:2273H         LINE#         311
  C:2279H         LINE#         312
  C:2282H         LINE#         315
  C:2292H         LINE#         316
BL51 BANKED LINKER/LOCATER V5.15            12/15/2010  16:29:59  PAGE 37


  C:2292H         LINE#         317
  C:22A2H         LINE#         318
  C:22B4H         LINE#         319
  C:22B8H         LINE#         322
  C:22BDH         LINE#         323
  C:22C2H         LINE#         324
  -------         ENDPROC       _SEND_PACKET
  -------         PROC          _GET_PACKET
  D:004FH         SYMBOL        in_packet
  C:2935H         LINE#         326
  C:293BH         LINE#         327
  C:293BH         LINE#         329
  -------         ENDPROC       _GET_PACKET
  -------         PROC          SETUP_UBLOX
  -------         DO            
  D:004BH         SYMBOL        timer
  D:004DH         SYMBOL        retry
  -------         ENDDO         
  C:1FDCH         LINE#         332
  C:1FDCH         LINE#         333
  C:1FDCH         LINE#         335
  C:1FDFH         LINE#         338
  C:1FE9H         LINE#         339
  C:1FEEH         LINE#         340
  C:1FF6H         LINE#         341
  C:1FFDH         LINE#         342
  C:2001H         LINE#         343
  C:2005H         LINE#         344
  C:2009H         LINE#         345
  C:200DH         LINE#         346
  C:200FH         LINE#         347
  C:2011H         LINE#         348
  C:2015H         LINE#         349
  C:2017H         LINE#         350
  C:2019H         LINE#         351
  C:2026H         LINE#         353
  C:2030H         LINE#         354
  C:2030H         LINE#         355
  C:2035H         LINE#         358
  C:203EH         LINE#         361
  C:204DH         LINE#         362
  C:204DH         LINE#         363
  C:2055H         LINE#         364
  C:2058H         LINE#         365
  C:205AH         LINE#         367
  C:205CH         LINE#         369
  C:205FH         LINE#         370
  C:2061H         LINE#         371
  C:2063H         LINE#         373
  C:2068H         LINE#         374
  C:206BH         LINE#         377
  C:206DH         LINE#         380
  C:2076H         LINE#         383
  C:207FH         LINE#         386
  C:2088H         LINE#         389
  C:2091H         LINE#         392
  C:209AH         LINE#         395
  C:20A3H         LINE#         399
  C:20A5H         LINE#         400
  -------         ENDPROC       SETUP_UBLOX
  -------         PROC          _SET_MESSAGE_RATE
  D:0007H         SYMBOL        class_num
  D:0005H         SYMBOL        id_num
  D:0003H         SYMBOL        rate
  -------         DO            
BL51 BANKED LINKER/LOCATER V5.15            12/15/2010  16:29:59  PAGE 38


  X:00DDH         SYMBOL        temp_packet
  -------         ENDDO         
  C:28D2H         LINE#         403
  C:28D2H         LINE#         404
  C:28D2H         LINE#         407
  C:28D8H         LINE#         408
  C:28DCH         LINE#         409
  C:28DEH         LINE#         410
  C:28DEH         LINE#         412
  C:28E1H         LINE#         413
  C:28E1H         LINE#         414
  C:28E1H         LINE#         415
  C:28E6H         LINE#         416
  C:28E9H         LINE#         417
  C:28EBH         LINE#         419
  -------         ENDPROC       _SET_MESSAGE_RATE
  -------         PROC          _GET_UTC_TIME
  D:005CH         SYMBOL        out_time
  C:29A0H         LINE#         423
  C:29A6H         LINE#         424
  C:29A6H         LINE#         425
  -------         ENDPROC       _GET_UTC_TIME
  -------         ENDMOD        UBLOX_PROT

  -------         MODULE        CONFIG
  C:0000H         SYMBOL        _ICE_DUMMY_
  D:00E6H         PUBLIC        EIE1
  D:00E4H         PUBLIC        IT01CF
  D:00A5H         PUBLIC        P1MDOUT
  D:00A8H         PUBLIC        IE
  D:00A6H         PUBLIC        P2MDOUT
  D:0093H         PUBLIC        TMR3RLH
  D:0092H         PUBLIC        TMR3RLL
  C:29E0H         PUBLIC        Port_IO_Init
  D:00D9H         PUBLIC        PCA0MD
  C:2915H         PUBLIC        Oscillator_Init
  D:00E1H         PUBLIC        XBR0
  D:00C1H         PUBLIC        SMB0CF
  D:00E2H         PUBLIC        XBR1
  D:00F1H         PUBLIC        P0MDIN
  C:2A95H         PUBLIC        UART_Init
  D:0089H         PUBLIC        TMOD
  D:0088H         PUBLIC        TCON
  D:00D4H         PUBLIC        P0SKIP
  D:0091H         PUBLIC        TMR3CN
  C:2A7CH         PUBLIC        Interrupts_Init
  D:00A9H         PUBLIC        CLKSEL
  D:00B2H         PUBLIC        OSCICN
  C:2A99H         PUBLIC        SMBus_Init
  C:0026H         PUBLIC        Init_Device
  D:00B9H         PUBLIC        CLKMUL
  C:2A8EH         PUBLIC        PCA_Init
  D:008DH         PUBLIC        TH1
  D:0098H         PUBLIC        SCON0
  C:29CDH         PUBLIC        Timer_Init
  -------         PROC          PCA_INIT
  C:2A8EH         LINE#         9
  C:2A8EH         LINE#         10
  C:2A8EH         LINE#         11
  C:2A91H         LINE#         12
  C:2A94H         LINE#         13
  -------         ENDPROC       PCA_INIT
  -------         PROC          TIMER_INIT
  C:29CDH         LINE#         15
  C:29CDH         LINE#         16
BL51 BANKED LINKER/LOCATER V5.15            12/15/2010  16:29:59  PAGE 39


  C:29CDH         LINE#         17
  C:29D0H         LINE#         18
  C:29D3H         LINE#         19
  C:29D6H         LINE#         20
  C:29D9H         LINE#         21
  C:29DCH         LINE#         22
  C:29DFH         LINE#         23
  -------         ENDPROC       TIMER_INIT
  -------         PROC          UART_INIT
  C:2A95H         LINE#         25
  C:2A95H         LINE#         26
  C:2A95H         LINE#         27
  C:2A98H         LINE#         28
  -------         ENDPROC       UART_INIT
  -------         PROC          SMBUS_INIT
  C:2A99H         LINE#         30
  C:2A99H         LINE#         31
  C:2A99H         LINE#         32
  C:2A9CH         LINE#         33
  -------         ENDPROC       SMBUS_INIT
  -------         PROC          PORT_IO_INIT
  C:29E0H         LINE#         35
  C:29E0H         LINE#         36
  C:29E0H         LINE#         59
  C:29E3H         LINE#         60
  C:29E6H         LINE#         61
  C:29E9H         LINE#         62
  C:29ECH         LINE#         63
  C:29EFH         LINE#         64
  C:29F2H         LINE#         65
  -------         ENDPROC       PORT_IO_INIT
  -------         PROC          OSCILLATOR_INIT
  -------         DO            
  D:0006H         SYMBOL        i
  -------         ENDDO         
  C:2915H         LINE#         67
  C:2915H         LINE#         68
  C:2915H         LINE#         69
  C:2918H         LINE#         70
  C:291BH         LINE#         71
  C:2926H         LINE#         72
  C:2929H         LINE#         73
  C:292EH         LINE#         74
  C:2931H         LINE#         75
  C:2934H         LINE#         76
  -------         ENDPROC       OSCILLATOR_INIT
  -------         PROC          INTERRUPTS_INIT
  C:2A7CH         LINE#         78
  C:2A7CH         LINE#         79
  C:2A7CH         LINE#         80
  C:2A7FH         LINE#         81
  C:2A82H         LINE#         82
  C:2A85H         LINE#         83
  -------         ENDPROC       INTERRUPTS_INIT
  -------         PROC          INIT_DEVICE
  C:0026H         LINE#         87
  C:0026H         LINE#         88
  C:0026H         LINE#         89
  C:0029H         LINE#         90
  C:002CH         LINE#         91
  C:002FH         LINE#         92
  C:0032H         LINE#         93
  C:0035H         LINE#         94
  C:0038H         LINE#         95
  -------         ENDPROC       INIT_DEVICE
BL51 BANKED LINKER/LOCATER V5.15            12/15/2010  16:29:59  PAGE 40


  -------         ENDMOD        CONFIG

  -------         MODULE        ?C?COPY
  C:0E91H         PUBLIC        ?C?COPY
  -------         ENDMOD        ?C?COPY

  -------         MODULE        ?C?SCDIV
  C:0EB7H         PUBLIC        ?C?SCDIV
  -------         ENDMOD        ?C?SCDIV

  -------         MODULE        ?C?CLDPTR
  C:0ED9H         PUBLIC        ?C?CLDPTR
  -------         ENDMOD        ?C?CLDPTR

  -------         MODULE        ?C?CLDOPTR
  C:0EF2H         PUBLIC        ?C?CLDOPTR
  -------         ENDMOD        ?C?CLDOPTR

  -------         MODULE        ?C?CSTPTR
  C:0F1FH         PUBLIC        ?C?CSTPTR
  -------         ENDMOD        ?C?CSTPTR

  -------         MODULE        ?C?IMUL
  C:0F31H         PUBLIC        ?C?IMUL
  -------         ENDMOD        ?C?IMUL

  -------         MODULE        ?C?UIDIV
  C:0F43H         PUBLIC        ?C?UIDIV
  -------         ENDMOD        ?C?UIDIV

  -------         MODULE        ?C?SIDIV
  C:0F98H         PUBLIC        ?C?SIDIV
  -------         ENDMOD        ?C?SIDIV

  -------         MODULE        ?C?LMUL
  C:0FCEH         PUBLIC        ?C?LMUL
  -------         ENDMOD        ?C?LMUL

  -------         MODULE        ?C?ULDIV
  C:1059H         PUBLIC        ?C?ULDIV
  -------         ENDMOD        ?C?ULDIV

  -------         MODULE        ?C?SLDIV
  C:26C2H         PUBLIC        ?C?SLDIV
  -------         ENDMOD        ?C?SLDIV

  -------         MODULE        ?C?ULCMP
  C:10EBH         PUBLIC        ?C?ULCMP
  -------         ENDMOD        ?C?ULCMP

  -------         MODULE        ?C?LSTXDATA
  C:10FCH         PUBLIC        ?C?LSTXDATA
  -------         ENDMOD        ?C?LSTXDATA

  -------         MODULE        ?C?LSTKXDATA
  C:1108H         PUBLIC        ?C?LSTKXDATA
  -------         ENDMOD        ?C?LSTKXDATA

  -------         MODULE        ?C?CCASE
  C:1139H         PUBLIC        ?C?CCASE
  -------         ENDMOD        ?C?CCASE

  -------         MODULE        PRINTF
  D:004BH         PUBLIC        ?_PRINTF517?BYTE
  D:004BH         PUBLIC        ?_PRINTF?BYTE
BL51 BANKED LINKER/LOCATER V5.15            12/15/2010  16:29:59  PAGE 41


  D:004BH         PUBLIC        ?_SPRINTF517?BYTE
  D:004BH         PUBLIC        ?_SPRINTF?BYTE
  C:11FDH         PUBLIC        _PRINTF
  C:11FDH         PUBLIC        _PRINTF517
  C:11F7H         PUBLIC        _SPRINTF
  C:11F7H         PUBLIC        _SPRINTF517
  -------         ENDMOD        PRINTF

  -------         MODULE        ?C?MEMSET
  C:115FH         PUBLIC        ?C?MEMSET
  -------         ENDMOD        ?C?MEMSET

  -------         MODULE        ?C?PLDIIDATA
  C:118BH         PUBLIC        ?C?PLDIIDATA
  -------         ENDMOD        ?C?PLDIIDATA

  -------         MODULE        PUTCHAR
  C:28ABH         PUBLIC        _PUTCHAR
  -------         ENDMOD        PUTCHAR

*** WARNING L16: UNCALLED SEGMENT, IGNORED FOR OVERLAY PROCESS
    SEGMENT: ?PR?I2C_GIVEACK?I2C_BUS

Program Size: data=109.2 xdata=669 code=10911
LINK/LOCATE RUN COMPLETE.  1 WARNING(S),  0 ERROR(S)
