BL51 BANKED LINKER/LOCATER V5.03                                                        05/27/2008  11:11:33  PAGE 1


BL51 BANKED LINKER/LOCATER V5.03, INVOKED BY:
C:\CYGNAL\IDEFILES\C51\BIN\BL51.EXE PT8642.OBJ, MICRO.OBJ, PORTS.OBJ, LENVAL.OBJ, CMD.OBJ, EEPROM.OBJ, INI.OBJ, SER_SPI.
>> OBJ, SERIAL.OBJ TO A.ABS RS (256) OL


MEMORY MODEL: LARGE


INPUT MODULES INCLUDED:
  PT8642.OBJ (PT8642)
  MICRO.OBJ (MICRO)
  PORTS.OBJ (PORTS)
  LENVAL.OBJ (LENVAL)
  CMD.OBJ (CMD)
  EEPROM.OBJ (EEPROM)
  INI.OBJ (INI)
  SER_SPI.OBJ (SER_SPI)
  SERIAL.OBJ (SERIAL)
  C:\CYGNAL\IDEFILES\C51\LIB\C51L.LIB (?C_STARTUP)
  C:\CYGNAL\IDEFILES\C51\LIB\C51L.LIB (?C?CLDPTR)
  C:\CYGNAL\IDEFILES\C51\LIB\C51L.LIB (?C?CLDOPTR)
  C:\CYGNAL\IDEFILES\C51\LIB\C51L.LIB (?C?CILDPTR)
  C:\CYGNAL\IDEFILES\C51\LIB\C51L.LIB (?C?CSTPTR)
  C:\CYGNAL\IDEFILES\C51\LIB\C51L.LIB (?C?CSTOPTR)
  C:\CYGNAL\IDEFILES\C51\LIB\C51L.LIB (?C?IMUL)
  C:\CYGNAL\IDEFILES\C51\LIB\C51L.LIB (?C?IILDX)
  C:\CYGNAL\IDEFILES\C51\LIB\C51L.LIB (?C?ILDIX)
  C:\CYGNAL\IDEFILES\C51\LIB\C51L.LIB (?C?ILDPTR)
  C:\CYGNAL\IDEFILES\C51\LIB\C51L.LIB (?C?ILDOPTR)
  C:\CYGNAL\IDEFILES\C51\LIB\C51L.LIB (?C?ISTPTR)
  C:\CYGNAL\IDEFILES\C51\LIB\C51L.LIB (?C?ISTOPTR)
  C:\CYGNAL\IDEFILES\C51\LIB\C51L.LIB (?C?LMUL)
  C:\CYGNAL\IDEFILES\C51\LIB\C51L.LIB (?C?ULDIV)
  C:\CYGNAL\IDEFILES\C51\LIB\C51L.LIB (?C?SLDIV)
  C:\CYGNAL\IDEFILES\C51\LIB\C51L.LIB (?C?SLCMP)
  C:\CYGNAL\IDEFILES\C51\LIB\C51L.LIB (?C?SLSHR)
  C:\CYGNAL\IDEFILES\C51\LIB\C51L.LIB (?C?LSHL)
  C:\CYGNAL\IDEFILES\C51\LIB\C51L.LIB (?C?LLDOPTR)
  C:\CYGNAL\IDEFILES\C51\LIB\C51L.LIB (?C?LSTOPTR)
  C:\CYGNAL\IDEFILES\C51\LIB\C51L.LIB (?C?LSTXDATA)
  C:\CYGNAL\IDEFILES\C51\LIB\C51L.LIB (?C?LSTKXDATA)
  C:\CYGNAL\IDEFILES\C51\LIB\C51L.LIB (?C?LSTKOPTR)
  C:\CYGNAL\IDEFILES\C51\LIB\C51L.LIB (?C?ICALL)
  C:\CYGNAL\IDEFILES\C51\LIB\C51L.LIB (PRINTF)
  C:\CYGNAL\IDEFILES\C51\LIB\C51L.LIB (?C?STRCPY)
  C:\CYGNAL\IDEFILES\C51\LIB\C51L.LIB (STRLEN)
  C:\CYGNAL\IDEFILES\C51\LIB\C51L.LIB (?C_INIT)
  C:\CYGNAL\IDEFILES\C51\LIB\C51L.LIB (?C?LLDIDATA)
  C:\CYGNAL\IDEFILES\C51\LIB\C51L.LIB (?C?LLDXDATA)
  C:\CYGNAL\IDEFILES\C51\LIB\C51L.LIB (?C?LLDPDATA)
  C:\CYGNAL\IDEFILES\C51\LIB\C51L.LIB (?C?LLDCODE)
  C:\CYGNAL\IDEFILES\C51\LIB\C51L.LIB (?C?LSTIDATA)
  C:\CYGNAL\IDEFILES\C51\LIB\C51L.LIB (?C?LSTPDATA)
  C:\CYGNAL\IDEFILES\C51\LIB\C51L.LIB (?C?LSTKIDATA)
  C:\CYGNAL\IDEFILES\C51\LIB\C51L.LIB (?C?LSTKPDATA)
  C:\CYGNAL\IDEFILES\C51\LIB\C51L.LIB (?C?PLDIXDATA)
  C:\CYGNAL\IDEFILES\C51\LIB\C51L.LIB (?C?PSTXDATA)
  C:\CYGNAL\IDEFILES\C51\LIB\C51L.LIB (?C?CCASE)
BL51 BANKED LINKER/LOCATER V5.03                                                      05/27/2008  11:11:33  PAGE 2


  C:\CYGNAL\IDEFILES\C51\LIB\C51L.LIB (PUTCHAR)


LINK MAP OF MODULE:  A.ABS (PT8642)


            TYPE    BASE      LENGTH    RELOCATION   SEGMENT NAME
            -----------------------------------------------------

            * * * * * * *   D A T A   M E M O R Y   * * * * * * *
            REG     0000H     0008H     ABSOLUTE     "REG BANK 0"
            DATA    0008H     0005H     UNIT         _DATA_GROUP_
                    000DH     0013H                  *** GAP ***
            DATA    0020H     0001H     BIT_ADDR     ?BA?SERIAL
            BIT     0021H.0   0001H.1   UNIT         _BIT_GROUP_
            BIT     0022H.1   0000H.5   UNIT         ?BI?SER_SPI
            BIT     0022H.6   0000H.1   UNIT         ?BI?PT8642
                    0022H.7   0000H.1                *** GAP ***
            IDATA   0023H     003CH     UNIT         ?ID?SERIAL
            IDATA   005FH     0001H     UNIT         ?STACK

            * * * * * * *  X D A T A   M E M O R Y  * * * * * * *
            XDATA   0000H     013CH     UNIT         _XDATA_GROUP_
            XDATA   013CH     0058H     UNIT         ?XD?SER_SPI
            XDATA   0194H     0048H     UNIT         ?XD?MICRO
            XDATA   01DCH     0038H     UNIT         ?XD?CMD
            XDATA   0214H     0004H     UNIT         ?XD?PORTS
            XDATA   0218H     0004H     UNIT         ?XD?SERIAL
            XDATA   021CH     0002H     UNIT         ?XD?EEPROM

            * * * * * * *   C O D E   M E M O R Y   * * * * * * *
            CODE    0000H     0003H     ABSOLUTE     
            CODE    0003H     0020H     UNIT         ?PR?WRITEUSERTEXTCOMMAND?CMD
            CODE    0023H     0003H     ABSOLUTE     
            CODE    0026H     0003H     UNIT         ?PR?I2CINIT?EEPROM
                    0029H     0002H                  *** GAP ***
            CODE    002BH     0003H     ABSOLUTE     
            CODE    002EH     054BH     UNIT         ?C?LIB_CODE
            CODE    0579H     0365H     UNIT         ?PR?PRINTF?PRINTF
            CODE    08DEH     02D2H     UNIT         ?CO?CMD
            CODE    0BB0H     0292H     UNIT         ?PR?_XSVFGOTOTAPSTATE?MICRO
            CODE    0E42H     0245H     UNIT         ?PR?_GENTEXTCOMMAND?CMD
            CODE    1087H     0217H     UNIT         ?PR?CHARHANDLER?SER_SPI
            CODE    129EH     01B2H     UNIT         ?PR?_XSVFSHIFT?MICRO
            CODE    1450H     0178H     UNIT         ?PR?_XSVFRUN?MICRO
            CODE    15C8H     016FH     UNIT         ?PR?_XSVFSHIFTONLY?MICRO
            CODE    1737H     0155H     UNIT         ?PR?MICRO
            CODE    188CH     012FH     UNIT         ?PR?RS232BREAK?SER_SPI
            CODE    19BBH     00E9H     UNIT         ?PR?COMMANDEXECUTE?CMD
            CODE    1AA4H     00A1H     UNIT         ?PR?JTAGMODE?CMD
            CODE    1B45H     009AH     UNIT         ?PR?_XSVFDOXWAIT?MICRO
            CODE    1BDFH     0098H     UNIT         ?PR?_XSVFDOXSDR?MICRO
            CODE    1C77H     0097H     UNIT         ?PR?_WRITEVAL?SER_SPI
            CODE    1D0EH     0096H     UNIT         ?PR?_VALUE?LENVAL
            CODE    1DA4H     0094H     UNIT         ?PR?_XSVFDOXSIR2?MICRO
            CODE    1E38H     0092H     UNIT         ?PR?_XSVFDOXSDRTDOBCE?MICRO
            CODE    1ECAH     0090H     UNIT         ?PR?_XSVFDOXSDRTDO?MICRO
BL51 BANKED LINKER/LOCATER V5.03                                                      05/27/2008  11:11:33  PAGE 3


            CODE    1F5AH     008FH     UNIT         ?PR?_XSVFBASICXSDRTDO?MICRO
            CODE    1FE9H     008CH     UNIT         ?C_C51STARTUP
            CODE    2075H     0080H     UNIT         ?CO?SER_SPI
            CODE    20F5H     007FH     UNIT         ?PR?CONFIG?INI
            CODE    2174H     007EH     UNIT         ?PR?_XSVFDOXSIR?MICRO
            CODE    21F2H     007EH     UNIT         ?PR?_SEQREADE2PROM?EEPROM
            CODE    2270H     007DH     UNIT         ?PR?_XSVFDOXSDRBCE?MICRO
            CODE    22EDH     007CH     UNIT         ?PR?SER_SPI
            CODE    2369H     0079H     UNIT         ?PR?_EQUALLENVAL?LENVAL
            CODE    23E2H     0076H     UNIT         ?PR?CMD
            CODE    2458H     006FH     UNIT         ?PR?_XSVFDOXSDRSIZE?MICRO
            CODE    24C7H     006EH     UNIT         ?PR?_PAGEWRITEE2PROM?EEPROM
            CODE    2535H     006CH     UNIT         ?PR?_I2CMASTERWRITE?EEPROM
            CODE    25A1H     0066H     UNIT         ?PR?_WAITTIME?PORTS
            CODE    2607H     0065H     UNIT         ?PR?I2CSTOP?EEPROM
            CODE    266CH     0064H     UNIT         ?PR?_XSVFDOXENDXR?MICRO
            CODE    26D0H     0061H     UNIT         ?PR?_GETCH?SERIAL
            CODE    2731H     005EH     UNIT         ?PR?_I2CMASTERREAD?EEPROM
            CODE    278FH     005AH     UNIT         ?C_INITSEG
            CODE    27E9H     005AH     UNIT         ?PR?_SETPORT?PORTS
            CODE    2843H     0059H     UNIT         ?PR?_XSVFINFOINIT?MICRO
            CODE    289CH     0058H     UNIT         ?PR?_SEND?SER_SPI
            CODE    28F4H     004FH     UNIT         ?PR?MANUALMODE?CMD
            CODE    2943H     004AH     UNIT         ?PR?_READVAL?LENVAL
            CODE    298DH     0046H     UNIT         ?PR?PORTS
            CODE    29D3H     0044H     UNIT         ?C?LDIV
            CODE    2A17H     0043H     UNIT         ?PR?_WRITESTRING?SER_SPI
            CODE    2A5AH     0040H     UNIT         ?PR?_XSVFINITIALIZE?MICRO
            CODE    2A9AH     0039H     UNIT         ?PR?LENVAL
            CODE    2AD3H     0038H     UNIT         ?PR?_GENDELAYCOMMAND?CMD
            CODE    2B0BH     0033H     UNIT         ?PR?_GENTEXTPOSCOMMAND?CMD
            CODE    2B3EH     0031H     UNIT         ?PR?_RECEIVE_BYTE?SER_SPI
            CODE    2B6FH     0030H     UNIT         ?PR?_ACK_POL_R?EEPROM
            CODE    2B9FH     002DH     UNIT         ?PR?XSVFEXECUTE?MICRO
            CODE    2BCCH     002CH     UNIT         ?PR?_XSVFDOXRUNTEST?MICRO
            CODE    2BF8H     002CH     UNIT         ?PR?READUSERTEXTCOMMAND?CMD
            CODE    2C24H     002BH     UNIT         ?PR?_SPI_TRANSFER?SER_SPI
            CODE    2C4FH     002AH     UNIT         ?PR?RS232INIT?SER_SPI
            CODE    2C79H     0029H     UNIT         ?PR?_XSVFDOXTDOMASK?MICRO
            CODE    2CA2H     0029H     UNIT         ?PR?_XSVFDOXSTATE?MICRO
            CODE    2CCBH     0029H     UNIT         ?PR?I2CSTART?EEPROM
            CODE    2CF4H     0027H     UNIT         ?PR?_GENAUDIOCLICKTIMECOMMAND?CMD
            CODE    2D1BH     0027H     UNIT         ?PR?EEPROM
            CODE    2D42H     0027H     UNIT         ?PR?PUTCHAR?PUTCHAR
            CODE    2D69H     0025H     UNIT         ?PR?_XSVFDOXCOMMENT?MICRO
            CODE    2D8EH     0025H     UNIT         ?PR?_GENAUDIOSIGNALCOMMAND?CMD
            CODE    2DB3H     0022H     UNIT         ?PR?UNITADDRESSCOMMAND?CMD
            CODE    2DD5H     001FH     UNIT         ?PR?_TIMER2_INIT?SERIAL
            CODE    2DF4H     001DH     UNIT         ?PR?TIMER2_ISR?SERIAL
            CODE    2E11H     001AH     UNIT         ?PR?_GENATTRIBCOMMAND?CMD
            CODE    2E2BH     001AH     UNIT         ?PR?_GENINTERFACECOMMAND?CMD
            CODE    2E45H     001AH     UNIT         ?PR?_GENAUDIOLEVELCOMMAND?CMD
            CODE    2E5FH     001AH     UNIT         ?PR?_GENTEXTSCALECOMMAND?CMD
            CODE    2E79H     001AH     UNIT         ?PR?_GENTEXTCOLORCOMMAND?CMD
            CODE    2E93H     001AH     UNIT         ?PR?_GENTEXTMOVCOMMAND?CMD
            CODE    2EADH     001AH     UNIT         ?PR?_GENTEXTONOFFCOMMAND?CMD
            CODE    2EC7H     0019H     UNIT         ?PR?MAIN?PT8642
BL51 BANKED LINKER/LOCATER V5.03                                                      05/27/2008  11:11:33  PAGE 4


            CODE    2EE0H     0018H     UNIT         ?PR?_GENSYSTEMCOMMAND?CMD
            CODE    2EF8H     0018H     UNIT         ?PR?_GENPATTERNCOMMAND?CMD
            CODE    2F10H     0018H     UNIT         ?PR?_IS_TEXT?CMD
            CODE    2F28H     0018H     UNIT         ?PR?SERINT0?SERIAL
            CODE    2F40H     0017H     UNIT         ?PR?_XSVFGETASNUMBYTES?MICRO
            CODE    2F57H     0016H     UNIT         ?PR?READTDOBIT?PORTS
            CODE    2F6DH     0015H     UNIT         ?PR?FLUSH?SERIAL
            CODE    2F82H     0015H     UNIT         ?PR?_STRLEN?STRLEN
            CODE    2F97H     0014H     UNIT         ?PR?_XSVFTMSTRANSITION?MICRO
            CODE    2FABH     0013H     UNIT         ?PR?CHECK_SCL?EEPROM
            CODE    2FBEH     0011H     UNIT         ?PR?TESTINPUTBUFFER?SER_SPI
            CODE    2FCFH     0010H     UNIT         ?PR?READHWVERSIONCOMMAND?CMD
            CODE    2FDFH     0010H     UNIT         ?PR?READHWINFORMATIONCOMMAND?CMD
            CODE    2FEFH     000FH     UNIT         ?PR?_WRITECHAR?SER_SPI
            CODE    2FFEH     000EH     UNIT         ?PR?_XSVFDOXREPEAT?MICRO
            CODE    300CH     000EH     UNIT         ?PR?READSWVERSIONCOMMAND?CMD
            CODE    301AH     000DH     UNIT         ?PR?DELAY?SERIAL
            CODE    3027H     000CH     UNIT         ?PR?PULSECLOCK?PORTS
            CODE    3033H     000BH     UNIT         ?PR?_XSVFDOILLEGALCMD?MICRO
            CODE    303EH     0009H     UNIT         ?PR?_XSVFDOXCOMPLETE?MICRO
            CODE    3047H     0009H     UNIT         ?PR?_READBYTE?PORTS
            CODE    3050H     0008H     UNIT         ?PR?SERINIT?SERIAL
            CODE    3058H     0008H     UNIT         ?PR?_PUTCH?SERIAL



OVERLAY MAP OF MODULE:   A.ABS (PT8642)


SEGMENT                                      BIT_GROUP          DATA_GROUP          XDATA_GROUP
  +--> CALLED SEGMENT                     START    LENGTH     START    LENGTH     START    LENGTH
-------------------------------------------------------------------------------------------------
?PR?RS232BREAK?SER_SPI                    -----    -----      -----    -----      -----    -----
  +--> ?PR?SERINT0?SERIAL
  +--> ?CO?SER_SPI
  +--> ?PR?SER_SPI

?PR?SER_SPI                               -----    -----      -----    -----      -----    -----
  +--> ?PR?_SPI_TRANSFER?SER_SPI

*** NEW ROOT ***************************************************

?C_C51STARTUP                             -----    -----      -----    -----      -----    -----
  +--> ?PR?MAIN?PT8642
  +--> ?C_INITSEG

?PR?MAIN?PT8642                           -----    -----      -----    -----      -----    -----
  +--> ?PR?CONFIG?INI
  +--> ?PR?RS232INIT?SER_SPI
  +--> ?PR?I2CINIT?EEPROM
  +--> ?PR?TESTINPUTBUFFER?SER_SPI
  +--> ?PR?CHARHANDLER?SER_SPI

?PR?CHARHANDLER?SER_SPI                   -----    -----      -----    -----      -----    -----
  +--> ?PR?SER_SPI
  +--> ?CO?SER_SPI
  +--> ?PR?COMMANDEXECUTE?CMD
BL51 BANKED LINKER/LOCATER V5.03                                                      05/27/2008  11:11:33  PAGE 5



?PR?COMMANDEXECUTE?CMD                    -----    -----      -----    -----      -----    -----
  +--> ?CO?CMD
  +--> ?PR?UNITADDRESSCOMMAND?CMD
  +--> ?PR?WRITEUSERTEXTCOMMAND?CMD
  +--> ?PR?READUSERTEXTCOMMAND?CMD
  +--> ?PR?READSWVERSIONCOMMAND?CMD
  +--> ?PR?READHWVERSIONCOMMAND?CMD
  +--> ?PR?READHWINFORMATIONCOMMAND?CMD
  +--> ?PR?_GENSYSTEMCOMMAND?CMD
  +--> ?PR?_GENPATTERNCOMMAND?CMD
  +--> ?PR?_GENATTRIBCOMMAND?CMD
  +--> ?PR?_GENDELAYCOMMAND?CMD
  +--> ?PR?_GENAUDIOCLICKTIMECOMMAND?CMD
  +--> ?PR?_GENAUDIOSIGNALCOMMAND?CMD
  +--> ?PR?_GENAUDIOLEVELCOMMAND?CMD
  +--> ?PR?_GENTEXTPOSCOMMAND?CMD
  +--> ?PR?_GENTEXTSCALECOMMAND?CMD
  +--> ?PR?_GENTEXTCOLORCOMMAND?CMD
  +--> ?PR?_GENTEXTMOVCOMMAND?CMD
  +--> ?PR?_GENTEXTONOFFCOMMAND?CMD
  +--> ?PR?_GENTEXTCOMMAND?CMD
  +--> ?PR?JTAGMODE?CMD
  +--> ?PR?MANUALMODE?CMD
  +--> ?PR?_GENINTERFACECOMMAND?CMD

?PR?UNITADDRESSCOMMAND?CMD                -----    -----      -----    -----      -----    -----
  +--> ?PR?CMD
  +--> ?PR?_WRITECHAR?SER_SPI
  +--> ?PR?_WRITEVAL?SER_SPI

?PR?_WRITEVAL?SER_SPI                     -----    -----      -----    -----      0000H    000BH
  +--> ?PR?SER_SPI
  +--> ?PR?_WRITECHAR?SER_SPI

?PR?WRITEUSERTEXTCOMMAND?CMD              -----    -----      -----    -----      -----    -----
  +--> ?PR?CMD
  +--> ?PR?_PAGEWRITEE2PROM?EEPROM

?PR?_PAGEWRITEE2PROM?EEPROM               -----    -----      -----    -----      0000H    0007H
  +--> ?PR?EEPROM
  +--> ?PR?I2CSTART?EEPROM
  +--> ?PR?_I2CMASTERWRITE?EEPROM
  +--> ?PR?I2CSTOP?EEPROM
  +--> ?PR?_ACK_POL_R?EEPROM

?PR?_I2CMASTERWRITE?EEPROM                -----    -----      -----    -----      -----    -----
  +--> ?PR?CHECK_SCL?EEPROM

?PR?CHECK_SCL?EEPROM                      -----    -----      -----    -----      -----    -----
  +--> ?PR?EEPROM

?PR?I2CSTOP?EEPROM                        -----    -----      -----    -----      -----    -----
  +--> ?PR?EEPROM
  +--> ?PR?CHECK_SCL?EEPROM

?PR?_ACK_POL_R?EEPROM                     -----    -----      -----    -----      0007H    0002H
BL51 BANKED LINKER/LOCATER V5.03                                                      05/27/2008  11:11:33  PAGE 6


  +--> ?PR?I2CSTART?EEPROM
  +--> ?PR?_I2CMASTERWRITE?EEPROM
  +--> ?PR?_I2CMASTERREAD?EEPROM
  +--> ?PR?I2CSTOP?EEPROM

?PR?_I2CMASTERREAD?EEPROM                 -----    -----      -----    -----      -----    -----
  +--> ?PR?CHECK_SCL?EEPROM

?PR?READUSERTEXTCOMMAND?CMD               -----    -----      -----    -----      -----    -----
  +--> ?PR?CMD
  +--> ?PR?_SEQREADE2PROM?EEPROM
  +--> ?PR?_WRITESTRING?SER_SPI

?PR?_SEQREADE2PROM?EEPROM                 -----    -----      -----    -----      0000H    0007H
  +--> ?PR?EEPROM
  +--> ?PR?I2CSTART?EEPROM
  +--> ?PR?_I2CMASTERWRITE?EEPROM
  +--> ?PR?I2CSTOP?EEPROM
  +--> ?PR?_I2CMASTERREAD?EEPROM

?PR?_WRITESTRING?SER_SPI                  -----    -----      -----    -----      000AH    0003H
  +--> ?PR?_WRITECHAR?SER_SPI
  +--> ?PR?SER_SPI

?PR?READSWVERSIONCOMMAND?CMD              -----    -----      -----    -----      -----    -----
  +--> ?PR?CMD
  +--> ?PR?_WRITEVAL?SER_SPI

?PR?READHWVERSIONCOMMAND?CMD              -----    -----      -----    -----      -----    -----
  +--> ?PR?CMD
  +--> ?PR?_WRITEVAL?SER_SPI

?PR?READHWINFORMATIONCOMMAND?CMD          -----    -----      -----    -----      -----    -----
  +--> ?PR?CMD
  +--> ?PR?_WRITEVAL?SER_SPI

?PR?_GENSYSTEMCOMMAND?CMD                 -----    -----      -----    -----      0000H    0001H
  +--> ?PR?CMD
  +--> ?PR?_SEND?SER_SPI

?PR?_SEND?SER_SPI                         -----    -----      -----    -----      000FH    000BH
  +--> ?PR?SER_SPI
  +--> ?PR?_SPI_TRANSFER?SER_SPI

?PR?_GENPATTERNCOMMAND?CMD                -----    -----      -----    -----      0000H    0001H
  +--> ?PR?CMD
  +--> ?PR?_SEND?SER_SPI

?PR?_GENATTRIBCOMMAND?CMD                 -----    -----      -----    -----      0000H    0001H
  +--> ?PR?CMD
  +--> ?PR?_SEND?SER_SPI

?PR?_GENDELAYCOMMAND?CMD                  -----    -----      -----    -----      0000H    0004H
  +--> ?PR?CMD
  +--> ?PR?_SEND?SER_SPI

?PR?_GENAUDIOCLICKTIMECOMMAND?CMD         -----    -----      -----    -----      0000H    0002H
BL51 BANKED LINKER/LOCATER V5.03                                                      05/27/2008  11:11:33  PAGE 7


  +--> ?PR?CMD
  +--> ?PR?_SEND?SER_SPI

?PR?_GENAUDIOSIGNALCOMMAND?CMD            -----    -----      -----    -----      0000H    0001H
  +--> ?PR?CMD
  +--> ?PR?_SEND?SER_SPI

?PR?_GENAUDIOLEVELCOMMAND?CMD             -----    -----      -----    -----      0000H    0001H
  +--> ?PR?CMD
  +--> ?PR?_SEND?SER_SPI

?PR?_GENTEXTPOSCOMMAND?CMD                -----    -----      -----    -----      0000H    0004H
  +--> ?PR?CMD
  +--> ?PR?_SEND?SER_SPI

?PR?_GENTEXTSCALECOMMAND?CMD              -----    -----      -----    -----      0000H    0001H
  +--> ?PR?CMD
  +--> ?PR?_SEND?SER_SPI

?PR?_GENTEXTCOLORCOMMAND?CMD              -----    -----      -----    -----      0000H    0001H
  +--> ?PR?CMD
  +--> ?PR?_SEND?SER_SPI

?PR?_GENTEXTMOVCOMMAND?CMD                -----    -----      -----    -----      0000H    0001H
  +--> ?PR?CMD
  +--> ?PR?_SEND?SER_SPI

?PR?_GENTEXTONOFFCOMMAND?CMD              -----    -----      -----    -----      0000H    0001H
  +--> ?PR?CMD
  +--> ?PR?_SEND?SER_SPI

?PR?_GENTEXTCOMMAND?CMD                   -----    -----      -----    -----      0000H    000FH
  +--> ?PR?CMD
  +--> ?PR?_STRLEN?STRLEN
  +--> ?PR?_IS_TEXT?CMD
  +--> ?PR?_SEND?SER_SPI
  +--> ?PR?_SPI_TRANSFER?SER_SPI
  +--> ?CO?CMD

?PR?JTAGMODE?CMD                          -----    -----      -----    -----      0000H    003DH
  +--> ?PR?DELAY?SERIAL
  +--> ?PR?SERINIT?SERIAL
  +--> ?PR?FLUSH?SERIAL
  +--> ?PR?_GETCH?SERIAL
  +--> ?PR?XSVFEXECUTE?MICRO
  +--> ?PR?_PUTCH?SERIAL

?PR?DELAY?SERIAL                          -----    -----      -----    -----      -----    -----
  +--> ?PR?_TIMER2_INIT?SERIAL

?PR?_GETCH?SERIAL                         -----    -----      -----    -----      010BH    0003H
  +--> ?PR?_PUTCH?SERIAL
  +--> ?PR?_TIMER2_INIT?SERIAL

?PR?XSVFEXECUTE?MICRO                     -----    -----      -----    -----      003DH    00A6H
  +--> ?PR?_XSVFINITIALIZE?MICRO
  +--> ?PR?_XSVFRUN?MICRO
BL51 BANKED LINKER/LOCATER V5.03                                                      05/27/2008  11:11:33  PAGE 8



?PR?_XSVFINITIALIZE?MICRO                 -----    -----      -----    -----      00E3H    0003H
  +--> ?PR?MICRO
  +--> ?PR?_XSVFINFOINIT?MICRO
  +--> ?PR?_XSVFGOTOTAPSTATE?MICRO

?PR?MICRO                                 -----    -----      -----    -----      -----    -----
  +--> ?PR?_XSVFGETASNUMBYTES?MICRO

?PR?_XSVFINFOINIT?MICRO                   -----    -----      -----    -----      -----    -----
  +--> ?PR?MICRO

?PR?_XSVFGOTOTAPSTATE?MICRO               -----    -----      -----    -----      0126H    0008H
  +--> ?PR?MICRO
  +--> ?PR?_XSVFTMSTRANSITION?MICRO
  +--> ?PR?_SETPORT?PORTS

?PR?_XSVFTMSTRANSITION?MICRO              -----    -----      -----    -----      -----    -----
  +--> ?PR?_SETPORT?PORTS

?PR?_XSVFRUN?MICRO                        -----    -----      -----    -----      00E3H    0003H
  +--> ?PR?MICRO
  +--> ?PR?_READBYTE?PORTS
  +--> ?PR?_XSVFDOXCOMPLETE?MICRO
  +--> ?PR?_XSVFDOXTDOMASK?MICRO
  +--> ?PR?_XSVFDOXSIR?MICRO
  +--> ?PR?_XSVFDOXSDR?MICRO
  +--> ?PR?_XSVFDOXRUNTEST?MICRO
  +--> ?PR?_XSVFDOXREPEAT?MICRO
  +--> ?PR?_XSVFDOXSDRSIZE?MICRO
  +--> ?PR?_XSVFDOXSDRTDO?MICRO
  +--> ?PR?_XSVFDOXSDRBCE?MICRO
  +--> ?PR?_XSVFDOXSDRTDOBCE?MICRO
  +--> ?PR?_XSVFDOXSTATE?MICRO
  +--> ?PR?_XSVFDOXENDXR?MICRO
  +--> ?PR?_XSVFDOXSIR2?MICRO
  +--> ?PR?_XSVFDOXCOMMENT?MICRO
  +--> ?PR?_XSVFDOXWAIT?MICRO
  +--> ?PR?_XSVFDOILLEGALCMD?MICRO

?PR?_READBYTE?PORTS                       -----    -----      -----    -----      010AH    0001H
  +--> ?PR?_GETCH?SERIAL

?PR?_XSVFDOXTDOMASK?MICRO                 -----    -----      -----    -----      00E6H    0003H
  +--> ?PR?MICRO
  +--> ?PR?_READVAL?LENVAL

?PR?_READVAL?LENVAL                       -----    -----      -----    -----      0105H    0005H
  +--> ?PR?LENVAL
  +--> ?PR?_READBYTE?PORTS

?PR?_XSVFDOXSIR?MICRO                     -----    -----      -----    -----      00E6H    0006H
  +--> ?PR?MICRO
  +--> ?PR?_READBYTE?PORTS
  +--> ?PR?_XSVFGETASNUMBYTES?MICRO
  +--> ?PR?_READVAL?LENVAL
  +--> ?PR?_XSVFSHIFT?MICRO
BL51 BANKED LINKER/LOCATER V5.03                                                      05/27/2008  11:11:33  PAGE 9



?PR?_XSVFSHIFT?MICRO                      -----    -----      -----    -----      0105H    0021H
  +--> ?PR?MICRO
  +--> ?PR?_XSVFGOTOTAPSTATE?MICRO
  +--> ?PR?_WAITTIME?PORTS
  +--> ?PR?_XSVFSHIFTONLY?MICRO
  +--> ?PR?_EQUALLENVAL?LENVAL

?PR?_WAITTIME?PORTS                       -----    -----      -----    -----      0126H    0008H
  +--> ?PR?PORTS

?PR?PORTS                                 -----    -----      -----    -----      -----    -----
  +--> ?PR?PULSECLOCK?PORTS

?PR?PULSECLOCK?PORTS                      -----    -----      -----    -----      -----    -----
  +--> ?PR?_SETPORT?PORTS

?PR?_XSVFSHIFTONLY?MICRO                  -----    -----      -----    -----      0126H    0016H
  +--> ?PR?MICRO
  +--> ?PR?_SETPORT?PORTS
  +--> ?PR?READTDOBIT?PORTS

?PR?_EQUALLENVAL?LENVAL                   -----    -----      -----    -----      0126H    000DH
  +--> ?PR?LENVAL

?PR?_XSVFDOXSDR?MICRO                     -----    -----      -----    -----      00E6H    0003H
  +--> ?PR?MICRO
  +--> ?PR?_READVAL?LENVAL
  +--> ?PR?_XSVFSHIFT?MICRO

?PR?_XSVFDOXRUNTEST?MICRO                 -----    -----      -----    -----      00E6H    0003H
  +--> ?PR?MICRO
  +--> ?PR?_READVAL?LENVAL
  +--> ?PR?_VALUE?LENVAL

?PR?_VALUE?LENVAL                         -----    -----      -----    -----      00EFH    0009H
  +--> ?PR?LENVAL

?PR?_XSVFDOXREPEAT?MICRO                  -----    -----      -----    -----      -----    -----
  +--> ?PR?_READBYTE?PORTS

?PR?_XSVFDOXSDRSIZE?MICRO                 -----    -----      -----    -----      00E6H    0005H
  +--> ?PR?MICRO
  +--> ?PR?_READVAL?LENVAL
  +--> ?PR?_VALUE?LENVAL
  +--> ?PR?_XSVFGETASNUMBYTES?MICRO

?PR?_XSVFDOXSDRTDO?MICRO                  -----    -----      -----    -----      00E6H    0003H
  +--> ?PR?MICRO
  +--> ?PR?_XSVFBASICXSDRTDO?MICRO

?PR?_XSVFBASICXSDRTDO?MICRO               -----    -----      -----    -----      00EAH    001BH
  +--> ?PR?MICRO
  +--> ?PR?_XSVFSHIFT?MICRO
  +--> ?PR?_READVAL?LENVAL

?PR?_XSVFDOXSDRBCE?MICRO                  -----    -----      -----    -----      00E6H    0004H
BL51 BANKED LINKER/LOCATER V5.03                                                      05/27/2008  11:11:33  PAGE 10


  +--> ?PR?MICRO
  +--> ?PR?_XSVFBASICXSDRTDO?MICRO

?PR?_XSVFDOXSDRTDOBCE?MICRO               -----    -----      -----    -----      00E6H    0004H
  +--> ?PR?MICRO
  +--> ?PR?_XSVFBASICXSDRTDO?MICRO

?PR?_XSVFDOXSTATE?MICRO                   -----    -----      -----    -----      00E6H    0004H
  +--> ?PR?MICRO
  +--> ?PR?_READBYTE?PORTS
  +--> ?PR?_XSVFGOTOTAPSTATE?MICRO

?PR?_XSVFDOXENDXR?MICRO                   -----    -----      -----    -----      00E6H    0006H
  +--> ?PR?MICRO
  +--> ?PR?_READBYTE?PORTS

?PR?_XSVFDOXSIR2?MICRO                    -----    -----      -----    -----      00E6H    0009H
  +--> ?PR?MICRO
  +--> ?PR?_READVAL?LENVAL
  +--> ?PR?_VALUE?LENVAL
  +--> ?PR?_XSVFGETASNUMBYTES?MICRO
  +--> ?PR?_XSVFSHIFT?MICRO

?PR?_XSVFDOXCOMMENT?MICRO                 -----    -----      -----    -----      00E6H    0004H
  +--> ?PR?MICRO
  +--> ?PR?_READBYTE?PORTS

?PR?_XSVFDOXWAIT?MICRO                    -----    -----      -----    -----      00E6H    0009H
  +--> ?PR?MICRO
  +--> ?PR?_READVAL?LENVAL
  +--> ?PR?_VALUE?LENVAL
  +--> ?PR?_XSVFGOTOTAPSTATE?MICRO
  +--> ?PR?_WAITTIME?PORTS

?PR?_XSVFDOILLEGALCMD?MICRO               -----    -----      -----    -----      -----    -----
  +--> ?PR?MICRO

?PR?MANUALMODE?CMD                        -----    -----      -----    -----      0000H    000AH
  +--> ?PR?CMD
  +--> ?PR?_RECEIVE_BYTE?SER_SPI
  +--> ?CO?CMD
  +--> ?PR?PRINTF?PRINTF
  +--> ?PR?_WRITESTRING?SER_SPI

?PR?_RECEIVE_BYTE?SER_SPI                 -----    -----      -----    -----      000AH    0005H
  +--> ?PR?SER_SPI
  +--> ?PR?_SPI_TRANSFER?SER_SPI

?PR?PRINTF?PRINTF                         0021H.0  0001H.1    0008H    0005H      000AH    0028H
  +--> ?PR?PUTCHAR?PUTCHAR

?PR?_GENINTERFACECOMMAND?CMD              -----    -----      -----    -----      0000H    0001H
  +--> ?PR?CMD
  +--> ?PR?_SEND?SER_SPI

?C_INITSEG                                -----    -----      -----    -----      -----    -----
  +--> ?PR?_XSVFDOXCOMPLETE?MICRO
BL51 BANKED LINKER/LOCATER V5.03                                                      05/27/2008  11:11:33  PAGE 11


  +--> ?PR?_XSVFDOXTDOMASK?MICRO
  +--> ?PR?_XSVFDOXSIR?MICRO
  +--> ?PR?_XSVFDOXSDR?MICRO
  +--> ?PR?_XSVFDOXRUNTEST?MICRO
  +--> ?PR?_XSVFDOILLEGALCMD?MICRO
  +--> ?PR?_XSVFDOXREPEAT?MICRO
  +--> ?PR?_XSVFDOXSDRSIZE?MICRO
  +--> ?PR?_XSVFDOXSDRTDO?MICRO
  +--> ?PR?_XSVFDOXSDRBCE?MICRO
  +--> ?PR?_XSVFDOXSDRTDOBCE?MICRO
  +--> ?PR?_XSVFDOXSTATE?MICRO
  +--> ?PR?_XSVFDOXENDXR?MICRO
  +--> ?PR?_XSVFDOXSIR2?MICRO
  +--> ?PR?_XSVFDOXCOMMENT?MICRO
  +--> ?PR?_XSVFDOXWAIT?MICRO



SYMBOL TABLE OF MODULE:  A.ABS (PT8642)

  VALUE           TYPE          NAME
  ----------------------------------

  -------         MODULE        PT8642
  C:0000H         SYMBOL        _ICE_DUMMY_
  D:0080H         PUBLIC        P0
  D:0090H         PUBLIC        P1
  B:0080H.7       PUBLIC        LEVOK
  D:00E8H         PUBLIC        ADC0CN
  D:00A8H         PUBLIC        IE
  D:00D8H         PUBLIC        PCA0CN
  D:00B8H         PUBLIC        IP
  B:0022H.6       PUBLIC        jtag_flag
  D:00C0H         PUBLIC        SMB0CN
  C:2EC7H         PUBLIC        main
  D:00F8H         PUBLIC        SPI0CN
  D:0088H         PUBLIC        TCON
  D:00C8H         PUBLIC        TMR2CN
  B:0090H.2       PUBLIC        LED
  D:0098H         PUBLIC        SCON0
  D:00D0H         PUBLIC        PSW
  -------         PROC          MAIN
  C:2EC7H         LINE#         47
  C:2EC7H         LINE#         48
  C:2EC7H         LINE#         49
  C:2ECAH         LINE#         50
  C:2ECCH         LINE#         52
  C:2ECFH         LINE#         54
  C:2ED2H         LINE#         56
  C:2ED4H         LINE#         57
  C:2ED6H         LINE#         59
  C:2ED6H         LINE#         60
  C:2ED6H         LINE#         61
  C:2EDBH         LINE#         62
  C:2EDEH         LINE#         63
  -------         ENDPROC       MAIN
  -------         ENDMOD        PT8642
BL51 BANKED LINKER/LOCATER V5.03                                                      05/27/2008  11:11:33  PAGE 12



  -------         MODULE        MICRO
  C:0000H         SYMBOL        _ICE_DUMMY_
  C:1ECAH         PUBLIC        _xsvfDoXSDRTDO
  C:2F97H         PUBLIC        _xsvfTmsTransition
  C:303EH         PUBLIC        _xsvfDoXCOMPLETE
  C:1BDFH         PUBLIC        _xsvfDoXSDR
  C:2B9FH         PUBLIC        xsvfExecute
  C:2174H         PUBLIC        _xsvfDoXSIR
  C:129EH         PUBLIC        _xsvfShift
  C:3033H         PUBLIC        _xsvfDoIllegalCmd
  C:266CH         PUBLIC        _xsvfDoXENDXR
  C:2CA2H         PUBLIC        _xsvfDoXSTATE
  C:1F5AH         PUBLIC        _xsvfBasicXSDRTDO
  C:2F40H         PUBLIC        _xsvfGetAsNumBytes
  C:2A5AH         PUBLIC        _xsvfInitialize
  X:0194H         PUBLIC        xsvf_pfDoCmd
  C:2D69H         PUBLIC        _xsvfDoXCOMMENT
  C:2C79H         PUBLIC        _xsvfDoXTDOMASK
  C:2843H         PUBLIC        _xsvfInfoInit
  C:15C8H         PUBLIC        _xsvfShiftOnly
  C:1E38H         PUBLIC        _xsvfDoXSDRTDOBCE
  C:1DA4H         PUBLIC        _xsvfDoXSIR2
  C:2458H         PUBLIC        _xsvfDoXSDRSIZE
  C:1450H         PUBLIC        _xsvfRun
  C:2270H         PUBLIC        _xsvfDoXSDRBCE
  C:1B45H         PUBLIC        _xsvfDoXWAIT
  C:2BCCH         PUBLIC        _xsvfDoXRUNTEST
  C:0BB0H         PUBLIC        _xsvfGotoTapState
  C:2FFEH         PUBLIC        _xsvfDoXREPEAT
  C:1737H         SYMBOL        Com00D7
  C:1737H         SYMBOL        L?0216
  C:1737H         SYMBOL        L?0217
  C:173AH         SYMBOL        L?0218
  C:173CH         SYMBOL        L?0219
  C:1743H         SYMBOL        L?0220
  C:174AH         SYMBOL        L?0221
  C:174FH         SYMBOL        L?0222
  C:1753H         SYMBOL        L?0223
  C:1754H         SYMBOL        L?0224
  C:175CH         SYMBOL        L?0225
  C:175CH         SYMBOL        L?0226
  C:175FH         SYMBOL        L?0227
  C:176BH         SYMBOL        L?0228
  C:176FH         SYMBOL        L?0229
  C:1776H         SYMBOL        L?0230
  C:177DH         SYMBOL        L?0231
  C:177DH         SYMBOL        L?0232
  C:1784H         SYMBOL        L?0233
  C:178BH         SYMBOL        L?0234
  C:178BH         SYMBOL        L?0235
  C:178EH         SYMBOL        L?0236
  C:1794H         SYMBOL        L?0237
  C:1794H         SYMBOL        L?0238
  C:17A4H         SYMBOL        L?0239
  C:17A5H         SYMBOL        L?0240
  C:17ACH         SYMBOL        L?0243
BL51 BANKED LINKER/LOCATER V5.03                                                      05/27/2008  11:11:33  PAGE 13


  C:17AFH         SYMBOL        L?0244
  C:17BCH         SYMBOL        L?0245
  C:17C2H         SYMBOL        L?0247
  C:17C5H         SYMBOL        L?0248
  C:17CDH         SYMBOL        L?0249
  C:17CDH         SYMBOL        L?0250
  C:17DFH         SYMBOL        L?0253
  C:17E2H         SYMBOL        L?0254
  C:17ECH         SYMBOL        L?0256
  C:17ECH         SYMBOL        L?0257
  C:17F8H         SYMBOL        L?0258
  C:17F8H         SYMBOL        L?0259
  C:1804H         SYMBOL        L?0262
  C:1804H         SYMBOL        L?0263
  C:180AH         SYMBOL        L?0265
  C:1819H         SYMBOL        L?0266
  C:1827H         SYMBOL        L?0267
  C:182AH         SYMBOL        L?0268
  C:1831H         SYMBOL        L?0269
  C:1831H         SYMBOL        L?0270
  C:1837H         SYMBOL        L?0271
  C:183AH         SYMBOL        L?0272
  C:1841H         SYMBOL        L?0273
  C:184EH         SYMBOL        L?0274
  C:184EH         SYMBOL        L?0275
  C:1854H         SYMBOL        L?0277
  C:1860H         SYMBOL        L?0280
  C:186BH         SYMBOL        L?0281
  C:1872H         SYMBOL        L?0282
  C:1872H         SYMBOL        L?0283
  C:1878H         SYMBOL        L?0284
  C:1878H         SYMBOL        L?0285
  C:187FH         SYMBOL        L?0286
  C:187FH         SYMBOL        L?0287
  C:1886H         SYMBOL        L?0288
  C:1886H         SYMBOL        L?0289
  -------         PROC          COM00D7
  -------         ENDPROC       COM00D7
  -------         PROC          _XSVFINFOINIT
  D:0001H         SYMBOL        pXsvfInfo
  C:2843H         LINE#         411
  C:2843H         LINE#         412
  C:2843H         LINE#         416
  C:2847H         LINE#         417
  C:284DH         LINE#         418
  C:2857H         LINE#         419
  C:285DH         LINE#         420
  C:2864H         LINE#         421
  C:286BH         LINE#         422
  C:2873H         LINE#         423
  C:287BH         LINE#         424
  C:2885H         LINE#         425
  C:288EH         LINE#         426
  C:2898H         LINE#         428
  C:289BH         LINE#         429
  -------         ENDPROC       _XSVFINFOINIT
  -------         PROC          _XSVFGETASNUMBYTES
BL51 BANKED LINKER/LOCATER V5.03                                                      05/27/2008  11:11:33  PAGE 14


  D:0004H         SYMBOL        lNumBits
  C:2F40H         LINE#         438
  C:2F40H         LINE#         439
  C:2F40H         LINE#         440
  C:2F56H         LINE#         441
  -------         ENDPROC       _XSVFGETASNUMBYTES
  -------         PROC          _XSVFTMSTRANSITION
  D:0006H         SYMBOL        sTms
  C:2F97H         LINE#         450
  C:2F97H         LINE#         451
  C:2F97H         LINE#         452
  C:2F9EH         LINE#         453
  C:2FA4H         LINE#         454
  -------         ENDPROC       _XSVFTMSTRANSITION
  C:0DF6H         SYMBOL        L?0241
  C:0DFEH         SYMBOL        L?0242
  C:0E06H         SYMBOL        L?0246
  C:0E0EH         SYMBOL        L?0251
  C:0E15H         SYMBOL        L?0252
  C:0E1DH         SYMBOL        L?0255
  C:0E24H         SYMBOL        L?0260
  C:0E2CH         SYMBOL        L?0261
  C:0E33H         SYMBOL        L?0276
  C:0E3AH         SYMBOL        L?0278
  -------         PROC          _XSVFGOTOTAPSTATE
  X:0126H         SYMBOL        pucTapState
  X:0129H         SYMBOL        ucTargetState
  -------         DO            
  X:012AH         SYMBOL        i
  X:012CH         SYMBOL        iErrorCode
  -------         ENDDO         
  C:0BB0H         LINE#         470
  C:0BB9H         LINE#         472
  C:0BB9H         LINE#         476
  C:0BC0H         LINE#         477
  C:0BC3H         LINE#         478
  C:0BC3H         LINE#         480
  C:0BC9H         LINE#         481
  C:0BD0H         LINE#         482
  C:0BD0H         LINE#         483
  C:0BD6H         LINE#         484
  C:0BDDH         LINE#         485
  C:0BFCH         LINE#         486
  C:0C03H         LINE#         490
  C:0C06H         LINE#         491
  C:0C26H         LINE#         494
  C:0C26H         LINE#         496
  C:0C29H         LINE#         497
  C:0C2CH         LINE#         499
  C:0C2CH         LINE#         500
  C:0C30H         LINE#         501
  C:0C30H         LINE#         504
  C:0C34H         LINE#         505
  C:0C34H         LINE#         506
  C:0C34H         LINE#         507
  C:0C34H         LINE#         510
  C:0C37H         LINE#         511
BL51 BANKED LINKER/LOCATER V5.03                                                      05/27/2008  11:11:33  PAGE 15


  C:0C3EH         LINE#         512
  C:0C3EH         LINE#         513
  C:0C3EH         LINE#         514
  C:0C3EH         LINE#         517
  C:0C3EH         LINE#         518
  C:0C41H         LINE#         521
  C:0C52H         LINE#         522
  C:0C52H         LINE#         523
  C:0C92H         LINE#         524
  C:0C92H         LINE#         525
  C:0C92H         LINE#         526
  C:0C92H         LINE#         527
  C:0C92H         LINE#         528
  C:0C95H         LINE#         529
  C:0C95H         LINE#         530
  C:0C95H         LINE#         531
  C:0C95H         LINE#         532
  C:0C98H         LINE#         533
  C:0C98H         LINE#         534
  C:0CA1H         LINE#         535
  C:0CA1H         LINE#         536
  C:0CA4H         LINE#         537
  C:0CA9H         LINE#         538
  C:0CACH         LINE#         540
  C:0CACH         LINE#         541
  C:0CAFH         LINE#         542
  C:0CB4H         LINE#         543
  C:0CB4H         LINE#         544
  C:0CB7H         LINE#         545
  C:0CB7H         LINE#         546
  C:0CBEH         LINE#         547
  C:0CBEH         LINE#         548
  C:0CC1H         LINE#         549
  C:0CC6H         LINE#         550
  C:0CC9H         LINE#         552
  C:0CC9H         LINE#         553
  C:0CCCH         LINE#         554
  C:0CD1H         LINE#         555
  C:0CD1H         LINE#         556
  C:0CD4H         LINE#         557
  C:0CD4H         LINE#         558
  C:0CD7H         LINE#         559
  C:0CDCH         LINE#         560
  C:0CDFH         LINE#         561
  C:0CDFH         LINE#         562
  C:0CE6H         LINE#         563
  C:0CE6H         LINE#         564
  C:0CE9H         LINE#         565
  C:0CEEH         LINE#         566
  C:0CF1H         LINE#         568
  C:0CF1H         LINE#         569
  C:0CF4H         LINE#         570
  C:0CF9H         LINE#         571
  C:0CF9H         LINE#         572
  C:0CFCH         LINE#         573
  C:0CFCH         LINE#         574
  C:0CFFH         LINE#         575
BL51 BANKED LINKER/LOCATER V5.03                                                      05/27/2008  11:11:33  PAGE 16


  C:0D04H         LINE#         576
  C:0D07H         LINE#         577
  C:0D07H         LINE#         578
  C:0D0EH         LINE#         579
  C:0D0EH         LINE#         580
  C:0D11H         LINE#         581
  C:0D16H         LINE#         582
  C:0D19H         LINE#         584
  C:0D19H         LINE#         585
  C:0D1CH         LINE#         586
  C:0D21H         LINE#         587
  C:0D21H         LINE#         588
  C:0D24H         LINE#         589
  C:0D24H         LINE#         590
  C:0D2BH         LINE#         591
  C:0D2BH         LINE#         592
  C:0D2EH         LINE#         593
  C:0D33H         LINE#         594
  C:0D36H         LINE#         596
  C:0D36H         LINE#         597
  C:0D39H         LINE#         598
  C:0D3EH         LINE#         599
  C:0D3EH         LINE#         600
  C:0D41H         LINE#         601
  C:0D41H         LINE#         602
  C:0D44H         LINE#         603
  C:0D49H         LINE#         604
  C:0D4CH         LINE#         605
  C:0D4CH         LINE#         606
  C:0D53H         LINE#         607
  C:0D53H         LINE#         608
  C:0D56H         LINE#         609
  C:0D5BH         LINE#         610
  C:0D5EH         LINE#         612
  C:0D5EH         LINE#         613
  C:0D61H         LINE#         614
  C:0D66H         LINE#         615
  C:0D66H         LINE#         616
  C:0D69H         LINE#         617
  C:0D69H         LINE#         618
  C:0D6CH         LINE#         619
  C:0D71H         LINE#         620
  C:0D74H         LINE#         621
  C:0D74H         LINE#         622
  C:0D7BH         LINE#         623
  C:0D7BH         LINE#         624
  C:0D7EH         LINE#         625
  C:0D83H         LINE#         626
  C:0D86H         LINE#         628
  C:0D86H         LINE#         629
  C:0D89H         LINE#         630
  C:0D8EH         LINE#         631
  C:0D8EH         LINE#         632
  C:0D91H         LINE#         633
  C:0D91H         LINE#         634
  C:0D94H         LINE#         635
  C:0D99H         LINE#         636
BL51 BANKED LINKER/LOCATER V5.03                                                      05/27/2008  11:11:33  PAGE 17


  C:0D9BH         LINE#         637
  C:0D9BH         LINE#         638
  C:0DA2H         LINE#         639
  C:0DA2H         LINE#         640
  C:0DA8H         LINE#         641
  C:0DADH         LINE#         642
  C:0DAFH         LINE#         644
  C:0DAFH         LINE#         645
  C:0DB2H         LINE#         646
  C:0DB7H         LINE#         647
  C:0DB7H         LINE#         648
  C:0DB9H         LINE#         649
  C:0DB9H         LINE#         650
  C:0DC0H         LINE#         651
  C:0DC0H         LINE#         652
  C:0DC6H         LINE#         653
  C:0DCBH         LINE#         654
  C:0DCDH         LINE#         656
  C:0DCDH         LINE#         657
  C:0DD4H         LINE#         658
  C:0DD9H         LINE#         659
  C:0DD9H         LINE#         660
  C:0DDBH         LINE#         661
  C:0DDBH         LINE#         662
  C:0DDEH         LINE#         663
  C:0DEAH         LINE#         664
  C:0DEDH         LINE#         665
  C:0DEDH         LINE#         668
  C:0DEDH         LINE#         669
  C:0DEDH         LINE#         671
  C:0DF5H         LINE#         672
  -------         ENDPROC       _XSVFGOTOTAPSTATE
  -------         PROC          _XSVFSHIFTONLY
  X:0126H         SYMBOL        lNumBits
  X:012AH         SYMBOL        plvTdi
  X:012DH         SYMBOL        plvTdoCaptured
  X:0130H         SYMBOL        iExitShift
  -------         DO            
  X:0132H         SYMBOL        pucTdi
  X:0135H         SYMBOL        pucTdo
  X:0138H         SYMBOL        ucTdiByte
  X:0139H         SYMBOL        ucTdoByte
  D:0007H         SYMBOL        ucTdoBit
  X:013AH         SYMBOL        i
  -------         ENDDO         
  C:15C8H         LINE#         688
  C:15D4H         LINE#         692
  C:15D4H         LINE#         703
  C:15DAH         LINE#         704
  C:15E5H         LINE#         705
  C:15E5H         LINE#         706
  C:15FCH         LINE#         707
  C:1623H         LINE#         708
  C:1623H         LINE#         711
  C:1646H         LINE#         712
  C:1655H         LINE#         713
  C:1655H         LINE#         715
BL51 BANKED LINKER/LOCATER V5.03                                                      05/27/2008  11:11:33  PAGE 18


  C:1664H         LINE#         716
  C:1665H         LINE#         717
  C:168BH         LINE#         718
  C:168BH         LINE#         719
  C:16A1H         LINE#         720
  C:16B7H         LINE#         721
  C:16B7H         LINE#         723
  C:16BEH         LINE#         724
  C:16BEH         LINE#         727
  C:16CAH         LINE#         728
  C:16D1H         LINE#         731
  C:16D7H         LINE#         733
  C:16E2H         LINE#         734
  C:16E2H         LINE#         736
  C:16E5H         LINE#         737
  C:16FEH         LINE#         738
  C:16FEH         LINE#         741
  C:1705H         LINE#         742
  C:1716H         LINE#         745
  C:1724H         LINE#         746
  C:1724H         LINE#         747
  C:1733H         LINE#         748
  C:1733H         LINE#         749
  C:1736H         LINE#         750
  -------         ENDPROC       _XSVFSHIFTONLY
  -------         PROC          _XSVFSHIFT
  X:0105H         SYMBOL        pucTapState
  X:0108H         SYMBOL        ucStartState
  X:0109H         SYMBOL        lNumBits
  X:010DH         SYMBOL        plvTdi
  X:0110H         SYMBOL        plvTdoCaptured
  X:0113H         SYMBOL        plvTdoExpected
  X:0116H         SYMBOL        plvTdoMask
  X:0119H         SYMBOL        ucEndState
  X:011AH         SYMBOL        lRunTestTime
  X:011EH         SYMBOL        ucMaxRepeat
  -------         DO            
  X:011FH         SYMBOL        iErrorCode
  X:0121H         SYMBOL        iMismatch
  X:0123H         SYMBOL        ucRepeat
  X:0124H         SYMBOL        iExitShift
  -------         ENDDO         
  C:129EH         LINE#         776
  C:12A7H         LINE#         786
  C:12A7H         LINE#         792
  C:12ACH         LINE#         793
  C:12AFH         LINE#         794
  C:12B1H         LINE#         795
  C:12C8H         LINE#         805
  C:12D4H         LINE#         806
  C:12D4H         LINE#         808
  C:12E0H         LINE#         809
  C:12E0H         LINE#         811
  C:12EBH         LINE#         813
  C:12F1H         LINE#         814
  C:12F1H         LINE#         815
  C:12F4H         LINE#         817
BL51 BANKED LINKER/LOCATER V5.03                                                      05/27/2008  11:11:33  PAGE 19


  C:12F4H         LINE#         819
  C:12F4H         LINE#         821
  C:1300H         LINE#         824
  C:1328H         LINE#         826
  C:1333H         LINE#         827
  C:1333H         LINE#         829
  C:1365H         LINE#         832
  C:1365H         LINE#         834
  C:1372H         LINE#         835
  C:1372H         LINE#         837
  C:137DH         LINE#         841
  C:139BH         LINE#         842
  C:139BH         LINE#         854
  C:13A6H         LINE#         856
  C:13B1H         LINE#         858
  C:13D2H         LINE#         859
  C:13D4H         LINE#         861
  C:13D4H         LINE#         863
  C:13E2H         LINE#         864
  C:13E2H         LINE#         866
  C:13EBH         LINE#         867
  C:13EBH         LINE#         869
  C:13F6H         LINE#         871
  C:13FCH         LINE#         872
  C:13FCH         LINE#         873
  C:13FCH         LINE#         874
  C:141AH         LINE#         875
  C:141AH         LINE#         877
  C:1424H         LINE#         878
  C:1424H         LINE#         888
  C:1433H         LINE#         889
  C:1433H         LINE#         890
  C:143CH         LINE#         891
  C:143EH         LINE#         893
  C:143EH         LINE#         894
  C:1447H         LINE#         895
  C:1447H         LINE#         896
  C:1447H         LINE#         898
  C:144FH         LINE#         899
  -------         ENDPROC       _XSVFSHIFT
  C:1FDDH         SYMBOL        L?0279
  -------         PROC          _XSVFBASICXSDRTDO
  X:00EAH         SYMBOL        pucTapState
  X:00EDH         SYMBOL        lShiftLengthBits
  X:00F1H         SYMBOL        sShiftLengthBytes
  X:00F3H         SYMBOL        plvTdi
  X:00F6H         SYMBOL        plvTdoCaptured
  X:00F9H         SYMBOL        plvTdoExpected
  X:00FCH         SYMBOL        plvTdoMask
  X:00FFH         SYMBOL        ucEndState
  X:0100H         SYMBOL        lRunTestTime
  X:0104H         SYMBOL        ucMaxRepeat
  C:1F5AH         LINE#         915
  C:1F64H         LINE#         925
  C:1F64H         LINE#         926
  C:1F6DH         LINE#         927
  C:1F78H         LINE#         928
BL51 BANKED LINKER/LOCATER V5.03                                                      05/27/2008  11:11:33  PAGE 20


  C:1F78H         LINE#         929
  C:1F7BH         LINE#         930
  C:1F7BH         LINE#         931
  C:1FDCH         LINE#         934
  -------         ENDPROC       _XSVFBASICXSDRTDO
  -------         PROC          _XSVFDOILLEGALCMD
  D:0001H         SYMBOL        pXsvfInfo
  C:3033H         LINE#         961
  C:3033H         LINE#         962
  C:3033H         LINE#         968
  C:303AH         LINE#         969
  C:303DH         LINE#         970
  -------         ENDPROC       _XSVFDOILLEGALCMD
  -------         PROC          _XSVFDOXCOMPLETE
  D:0001H         SYMBOL        pXsvfInfo
  C:303EH         LINE#         979
  C:303EH         LINE#         980
  C:303EH         LINE#         981
  C:3043H         LINE#         983
  C:3046H         LINE#         984
  -------         ENDPROC       _XSVFDOXCOMPLETE
  -------         PROC          _XSVFDOXTDOMASK
  X:00E6H         SYMBOL        pXsvfInfo
  C:2C79H         LINE#         993
  C:2C7FH         LINE#         994
  C:2C7FH         LINE#         995
  C:2C9EH         LINE#         999
  C:2CA1H         LINE#         1000
  -------         ENDPROC       _XSVFDOXTDOMASK
  -------         PROC          _XSVFDOXSIR
  X:00E6H         SYMBOL        pXsvfInfo
  -------         DO            
  X:00E9H         SYMBOL        ucShiftIrBits
  D:0006H         SYMBOL        sShiftIrBytes
  X:00EAH         SYMBOL        iErrorCode
  -------         ENDDO         
  C:2174H         LINE#         1011
  C:217AH         LINE#         1012
  C:217AH         LINE#         1018
  C:2183H         LINE#         1019
  C:2186H         LINE#         1023
  C:218BH         LINE#         1024
  C:218BH         LINE#         1025
  C:2191H         LINE#         1026
  C:2194H         LINE#         1028
  C:2194H         LINE#         1030
  C:21A3H         LINE#         1033
  C:21E0H         LINE#         1038
  C:21E0H         LINE#         1040
  C:21E8H         LINE#         1041
  C:21E8H         LINE#         1042
  C:21F1H         LINE#         1043
  C:21F1H         LINE#         1044
  C:21F1H         LINE#         1045
  -------         ENDPROC       _XSVFDOXSIR
  -------         PROC          _XSVFDOXSIR2
  X:00E6H         SYMBOL        pXsvfInfo
BL51 BANKED LINKER/LOCATER V5.03                                                      05/27/2008  11:11:33  PAGE 21


  -------         DO            
  X:00E9H         SYMBOL        lShiftIrBits
  D:0006H         SYMBOL        sShiftIrBytes
  X:00EDH         SYMBOL        iErrorCode
  -------         ENDDO         
  C:1DA4H         LINE#         1056
  C:1DAAH         LINE#         1057
  C:1DAAH         LINE#         1063
  C:1DB4H         LINE#         1064
  C:1DC3H         LINE#         1065
  C:1DC9H         LINE#         1068
  C:1DCEH         LINE#         1069
  C:1DCEH         LINE#         1070
  C:1DD4H         LINE#         1071
  C:1DD7H         LINE#         1073
  C:1DD7H         LINE#         1075
  C:1DE9H         LINE#         1078
  C:1E26H         LINE#         1083
  C:1E26H         LINE#         1085
  C:1E2EH         LINE#         1086
  C:1E2EH         LINE#         1087
  C:1E37H         LINE#         1088
  C:1E37H         LINE#         1089
  C:1E37H         LINE#         1090
  -------         ENDPROC       _XSVFDOXSIR2
  -------         PROC          _XSVFDOXSDR
  X:00E6H         SYMBOL        pXsvfInfo
  -------         DO            
  D:0006H         SYMBOL        iErrorCode
  -------         ENDDO         
  C:1BDFH         LINE#         1102
  C:1BE5H         LINE#         1103
  C:1BE5H         LINE#         1105
  C:1C02H         LINE#         1107
  C:1C69H         LINE#         1113
  C:1C6DH         LINE#         1114
  C:1C6DH         LINE#         1115
  C:1C76H         LINE#         1116
  C:1C76H         LINE#         1117
  C:1C76H         LINE#         1118
  -------         ENDPROC       _XSVFDOXSDR
  -------         PROC          _XSVFDOXRUNTEST
  X:00E6H         SYMBOL        pXsvfInfo
  C:2BCCH         LINE#         1127
  C:2BD2H         LINE#         1128
  C:2BD2H         LINE#         1129
  C:2BDFH         LINE#         1130
  C:2BF4H         LINE#         1132
  C:2BF7H         LINE#         1133
  -------         ENDPROC       _XSVFDOXRUNTEST
  -------         PROC          _XSVFDOXREPEAT
  D:0001H         SYMBOL        pXsvfInfo
  C:2FFEH         LINE#         1142
  C:2FFEH         LINE#         1143
  C:2FFEH         LINE#         1144
  C:3008H         LINE#         1147
  C:300BH         LINE#         1148
BL51 BANKED LINKER/LOCATER V5.03                                                      05/27/2008  11:11:33  PAGE 22


  -------         ENDPROC       _XSVFDOXREPEAT
  -------         PROC          _XSVFDOXSDRSIZE
  X:00E6H         SYMBOL        pXsvfInfo
  -------         DO            
  X:00E9H         SYMBOL        iErrorCode
  -------         ENDDO         
  C:2458H         LINE#         1157
  C:245EH         LINE#         1158
  C:245EH         LINE#         1160
  C:2463H         LINE#         1161
  C:2470H         LINE#         1162
  C:2485H         LINE#         1163
  C:249AH         LINE#         1165
  C:24A8H         LINE#         1166
  C:24A8H         LINE#         1167
  C:24AEH         LINE#         1168
  C:24BEH         LINE#         1169
  C:24BEH         LINE#         1170
  C:24C6H         LINE#         1171
  -------         ENDPROC       _XSVFDOXSDRSIZE
  -------         PROC          _XSVFDOXSDRTDO
  X:00E6H         SYMBOL        pXsvfInfo
  -------         DO            
  D:0006H         SYMBOL        iErrorCode
  -------         ENDDO         
  C:1ECAH         LINE#         1182
  C:1ED0H         LINE#         1183
  C:1ED0H         LINE#         1185
  C:1F4CH         LINE#         1195
  C:1F50H         LINE#         1196
  C:1F50H         LINE#         1197
  C:1F59H         LINE#         1198
  C:1F59H         LINE#         1199
  C:1F59H         LINE#         1200
  -------         ENDPROC       _XSVFDOXSDRTDO
  -------         PROC          _XSVFDOXSDRBCE
  X:00E6H         SYMBOL        pXsvfInfo
  -------         DO            
  X:00E9H         SYMBOL        ucEndDR
  D:0006H         SYMBOL        iErrorCode
  -------         ENDDO         
  C:2270H         LINE#         1214
  C:2276H         LINE#         1215
  C:2276H         LINE#         1218
  C:228FH         LINE#         1219
  C:22DFH         LINE#         1226
  C:22E3H         LINE#         1227
  C:22E3H         LINE#         1228
  C:22ECH         LINE#         1229
  C:22ECH         LINE#         1230
  C:22ECH         LINE#         1231
  -------         ENDPROC       _XSVFDOXSDRBCE
  -------         PROC          _XSVFDOXSDRTDOBCE
  X:00E6H         SYMBOL        pXsvfInfo
  -------         DO            
  X:00E9H         SYMBOL        ucEndDR
  D:0006H         SYMBOL        iErrorCode
BL51 BANKED LINKER/LOCATER V5.03                                                      05/27/2008  11:11:33  PAGE 23


  -------         ENDDO         
  C:1E38H         LINE#         1244
  C:1E3EH         LINE#         1245
  C:1E3EH         LINE#         1248
  C:1E57H         LINE#         1250
  C:1EBCH         LINE#         1258
  C:1EC0H         LINE#         1259
  C:1EC0H         LINE#         1260
  C:1EC9H         LINE#         1261
  C:1EC9H         LINE#         1262
  C:1EC9H         LINE#         1263
  -------         ENDPROC       _XSVFDOXSDRTDOBCE
  -------         PROC          _XSVFDOXSTATE
  X:00E6H         SYMBOL        pXsvfInfo
  -------         DO            
  X:00E9H         SYMBOL        ucNextState
  D:0006H         SYMBOL        iErrorCode
  -------         ENDDO         
  C:2CA2H         LINE#         1273
  C:2CA8H         LINE#         1274
  C:2CA8H         LINE#         1277
  C:2CB1H         LINE#         1278
  C:2CBDH         LINE#         1279
  C:2CC1H         LINE#         1280
  C:2CC1H         LINE#         1281
  C:2CCAH         LINE#         1282
  C:2CCAH         LINE#         1283
  C:2CCAH         LINE#         1284
  -------         ENDPROC       _XSVFDOXSTATE
  -------         PROC          _XSVFDOXENDXR
  X:00E6H         SYMBOL        pXsvfInfo
  -------         DO            
  X:00E9H         SYMBOL        iErrorCode
  X:00EBH         SYMBOL        ucEndState
  -------         ENDDO         
  C:266CH         LINE#         1295
  C:2672H         LINE#         1296
  C:2672H         LINE#         1300
  C:2677H         LINE#         1301
  C:2680H         LINE#         1302
  C:268AH         LINE#         1303
  C:268AH         LINE#         1304
  C:2690H         LINE#         1305
  C:2692H         LINE#         1307
  C:2692H         LINE#         1309
  C:269EH         LINE#         1310
  C:269EH         LINE#         1311
  C:26A7H         LINE#         1312
  C:26A7H         LINE#         1313
  C:26A7H         LINE#         1314
  C:26A9H         LINE#         1316
  C:26A9H         LINE#         1317
  C:26ABH         LINE#         1318
  C:26ABH         LINE#         1321
  C:26ADH         LINE#         1323
  C:26ADH         LINE#         1324
  C:26B6H         LINE#         1325
BL51 BANKED LINKER/LOCATER V5.03                                                      05/27/2008  11:11:33  PAGE 24


  C:26B6H         LINE#         1326
  C:26B7H         LINE#         1327
  C:26B9H         LINE#         1329
  C:26B9H         LINE#         1330
  C:26BEH         LINE#         1331
  C:26BEH         LINE#         1334
  C:26BEH         LINE#         1335
  C:26BEH         LINE#         1337
  C:26C6H         LINE#         1338
  C:26C6H         LINE#         1339
  C:26CFH         LINE#         1340
  C:26CFH         LINE#         1341
  C:26CFH         LINE#         1342
  -------         ENDPROC       _XSVFDOXENDXR
  -------         PROC          _XSVFDOXCOMMENT
  X:00E6H         SYMBOL        pXsvfInfo
  -------         DO            
  X:00E9H         SYMBOL        ucText
  -------         ENDDO         
  C:2D69H         LINE#         1352
  C:2D6FH         LINE#         1353
  C:2D6FH         LINE#         1359
  C:2D6FH         LINE#         1360
  C:2D78H         LINE#         1361
  C:2D7EH         LINE#         1363
  C:2D8AH         LINE#         1365
  C:2D8DH         LINE#         1366
  -------         ENDPROC       _XSVFDOXCOMMENT
  C:1BD4H         SYMBOL        L?0264
  -------         PROC          _XSVFDOXWAIT
  X:00E6H         SYMBOL        pXsvfInfo
  -------         DO            
  X:00E9H         SYMBOL        ucWaitState
  X:00EAH         SYMBOL        ucEndState
  X:00EBH         SYMBOL        lWaitTime
  -------         ENDDO         
  C:1B45H         LINE#         1377
  C:1B4BH         LINE#         1378
  C:1B4BH         LINE#         1385
  C:1B51H         LINE#         1386
  C:1B61H         LINE#         1389
  C:1B65H         LINE#         1390
  C:1B75H         LINE#         1393
  C:1B80H         LINE#         1394
  C:1B8FH         LINE#         1399
  C:1BA4H         LINE#         1400
  C:1BA4H         LINE#         1401
  C:1BABH         LINE#         1402
  C:1BABH         LINE#         1405
  C:1BB4H         LINE#         1408
  C:1BC9H         LINE#         1409
  C:1BC9H         LINE#         1410
  C:1BD0H         LINE#         1411
  C:1BD0H         LINE#         1413
  C:1BD3H         LINE#         1414
  -------         ENDPROC       _XSVFDOXWAIT
  -------         PROC          _XSVFINITIALIZE
BL51 BANKED LINKER/LOCATER V5.03                                                      05/27/2008  11:11:33  PAGE 25


  X:00E3H         SYMBOL        pXsvfInfo
  C:2A5AH         LINE#         1431
  C:2A60H         LINE#         1432
  C:2A60H         LINE#         1434
  C:2A72H         LINE#         1436
  C:2A7CH         LINE#         1437
  C:2A7CH         LINE#         1439
  C:2A90H         LINE#         1441
  C:2A90H         LINE#         1442
  C:2A99H         LINE#         1443
  -------         ENDPROC       _XSVFINITIALIZE
  -------         PROC          _XSVFRUN
  X:00E3H         SYMBOL        pXsvfInfo
  C:1450H         LINE#         1455
  C:1456H         LINE#         1456
  C:1456H         LINE#         1459
  C:1471H         LINE#         1460
  C:1471H         LINE#         1463
  C:1480H         LINE#         1465
  C:14A2H         LINE#         1473
  C:14FCH         LINE#         1474
  C:14FCH         LINE#         1475
  C:14FCH         LINE#         1476
  C:1505H         LINE#         1477
  C:1508H         LINE#         1478
  C:1508H         LINE#         1479
  C:1511H         LINE#         1480
  C:1514H         LINE#         1481
  C:1514H         LINE#         1482
  C:151DH         LINE#         1483
  C:1520H         LINE#         1484
  C:1520H         LINE#         1485
  C:1529H         LINE#         1486
  C:152CH         LINE#         1487
  C:152CH         LINE#         1488
  C:1535H         LINE#         1489
  C:1538H         LINE#         1490
  C:1538H         LINE#         1491
  C:1541H         LINE#         1492
  C:1544H         LINE#         1493
  C:1544H         LINE#         1494
  C:154DH         LINE#         1495
  C:1550H         LINE#         1496
  C:1550H         LINE#         1497
  C:1559H         LINE#         1498
  C:155CH         LINE#         1499
  C:155CH         LINE#         1500
  C:155CH         LINE#         1501
  C:155EH         LINE#         1502
  C:155EH         LINE#         1503
  C:155EH         LINE#         1504
  C:1560H         LINE#         1505
  C:1560H         LINE#         1506
  C:1560H         LINE#         1507
  C:1562H         LINE#         1508
  C:1562H         LINE#         1509
  C:1562H         LINE#         1510
BL51 BANKED LINKER/LOCATER V5.03                                                      05/27/2008  11:11:33  PAGE 26


  C:1564H         LINE#         1511
  C:1564H         LINE#         1512
  C:156DH         LINE#         1513
  C:156FH         LINE#         1514
  C:156FH         LINE#         1515
  C:156FH         LINE#         1516
  C:1571H         LINE#         1517
  C:1571H         LINE#         1518
  C:1571H         LINE#         1519
  C:1573H         LINE#         1520
  C:1573H         LINE#         1521
  C:157CH         LINE#         1522
  C:157EH         LINE#         1523
  C:157EH         LINE#         1524
  C:1587H         LINE#         1525
  C:1589H         LINE#         1526
  C:1589H         LINE#         1527
  C:1589H         LINE#         1528
  C:1589H         LINE#         1529
  C:1592H         LINE#         1531
  C:1594H         LINE#         1532
  C:1594H         LINE#         1533
  C:159DH         LINE#         1534
  C:159FH         LINE#         1535
  C:159FH         LINE#         1536
  C:15A8H         LINE#         1537
  C:15AAH         LINE#         1538
  C:15AAH         LINE#         1539
  C:15B3H         LINE#         1540
  C:15B5H         LINE#         1541
  C:15B5H         LINE#         1543
  C:15BEH         LINE#         1544
  C:15BEH         LINE#         1545
  C:15BEH         LINE#         1562
  C:15BEH         LINE#         1563
  C:15C7H         LINE#         1564
  -------         ENDPROC       _XSVFRUN
  -------         PROC          XSVFEXECUTE
  -------         DO            
  X:003DH         SYMBOL        xsvfInfo
  -------         ENDDO         
  C:2B9FH         LINE#         1635
  C:2B9FH         LINE#         1636
  C:2B9FH         LINE#         1640
  C:2BA8H         LINE#         1642
  C:2BB8H         LINE#         1643
  C:2BB8H         LINE#         1644
  C:2BC1H         LINE#         1645
  C:2BC3H         LINE#         1650
  C:2BCBH         LINE#         1652
  -------         ENDPROC       XSVFEXECUTE
  -------         ENDMOD        MICRO

  -------         MODULE        PORTS
  C:0000H         SYMBOL        _ICE_DUMMY_
  D:0080H         PUBLIC        P0
  D:0090H         PUBLIC        P1
BL51 BANKED LINKER/LOCATER V5.03                                                      05/27/2008  11:11:33  PAGE 27


  D:00A0H         PUBLIC        P2
  D:00E8H         PUBLIC        ADC0CN
  D:00A8H         PUBLIC        IE
  C:3047H         PUBLIC        _readByte
  D:00D8H         PUBLIC        PCA0CN
  D:00B8H         PUBLIC        IP
  C:3027H         PUBLIC        pulseClock
  D:00C0H         PUBLIC        SMB0CN
  X:0214H         SYMBOL        once
  C:2F57H         PUBLIC        readTDOBit
  C:25A1H         PUBLIC        _waitTime
  D:00F8H         PUBLIC        SPI0CN
  D:0088H         PUBLIC        TCON
  D:00C8H         PUBLIC        TMR2CN
  C:27E9H         PUBLIC        _setPort
  D:0098H         PUBLIC        SCON0
  X:0216H         SYMBOL        in_word
  X:0217H         SYMBOL        out_word
  D:00D0H         PUBLIC        PSW
  C:298DH         SYMBOL        Com0016
  C:298DH         SYMBOL        L?0023
  C:299CH         SYMBOL        L?0024
  C:29ABH         SYMBOL        L?0025
  -------         PROC          COM0016
  -------         ENDPROC       COM0016
  -------         PROC          _SETPORT
  D:0004H         SYMBOL        p
  D:0005H         SYMBOL        val
  C:27E9H         LINE#         56
  C:27EBH         LINE#         57
  C:27EBH         LINE#         58
  C:27F5H         LINE#         59
  C:27F5H         LINE#         60
  C:27FCH         LINE#         61
  C:2804H         LINE#         62
  C:2804H         LINE#         63
  C:2808H         LINE#         64
  C:2819H         LINE#         66
  C:281DH         LINE#         67
  C:282CH         LINE#         69
  C:282FH         LINE#         70
  C:282FH         LINE#         71
  C:283FH         LINE#         72
  C:2842H         LINE#         73
  C:2842H         LINE#         74
  -------         ENDPROC       _SETPORT
  -------         PROC          PULSECLOCK
  C:3027H         LINE#         78
  C:3027H         LINE#         79
  C:3027H         LINE#         80
  C:302DH         LINE#         81
  -------         ENDPROC       PULSECLOCK
  -------         PROC          _READBYTE
  D:0001H         SYMBOL        mydata
  -------         DO            
  X:010AH         SYMBOL        stat
  -------         ENDDO         
BL51 BANKED LINKER/LOCATER V5.03                                                      05/27/2008  11:11:33  PAGE 28


  C:3047H         LINE#         86
  C:3047H         LINE#         87
  C:3047H         LINE#         90
  C:304FH         LINE#         91
  -------         ENDPROC       _READBYTE
  -------         PROC          READTDOBIT
  C:2F57H         LINE#         94
  C:2F57H         LINE#         95
  C:2F57H         LINE#         96
  C:2F5DH         LINE#         97
  C:2F67H         LINE#         98
  C:2F6AH         LINE#         100
  C:2F6CH         LINE#         101
  -------         ENDPROC       READTDOBIT
  -------         PROC          _WAITTIME
  X:0126H         SYMBOL        microsec
  -------         DO            
  X:012AH         SYMBOL        i
  -------         ENDDO         
  C:25A1H         LINE#         108
  C:25A7H         LINE#         109
  C:25A7H         LINE#         114
  C:25B7H         LINE#         115
  C:25B7H         LINE#         116
  C:25C1H         LINE#         117
  C:25D0H         LINE#         118
  C:25D0H         LINE#         119
  C:25D0H         LINE#         120
  C:25D5H         LINE#         122
  C:25D5H         LINE#         124
  C:25E4H         LINE#         125
  C:25E4H         LINE#         135
  C:25E4H         LINE#         138
  C:25F2H         LINE#         139
  C:25F2H         LINE#         148
  C:25F2H         LINE#         151
  C:2601H         LINE#         152
  C:2601H         LINE#         153
  C:2601H         LINE#         154
  C:2606H         LINE#         156
  -------         ENDPROC       _WAITTIME
  -------         ENDMOD        PORTS

  -------         MODULE        LENVAL
  C:0000H         SYMBOL        _ICE_DUMMY_
  C:1D0EH         PUBLIC        _value
  C:2369H         PUBLIC        _EqualLenVal
  C:2943H         PUBLIC        _readVal
  C:2A9AH         SYMBOL        Com0011
  C:2A9AH         SYMBOL        L?0018
  C:2A9FH         SYMBOL        L?0019
  C:2AB0H         SYMBOL        L?0020
  C:2AB3H         SYMBOL        L?0021
  C:2ABBH         SYMBOL        L?0022
  C:2ACAH         SYMBOL        L?0023
  C:2ACAH         SYMBOL        L?0024
  -------         PROC          COM0011
BL51 BANKED LINKER/LOCATER V5.03                                                      05/27/2008  11:11:33  PAGE 29


  -------         ENDPROC       COM0011
  -------         PROC          _VALUE
  X:00EFH         SYMBOL        plvValue
  -------         DO            
  X:00F2H         SYMBOL        lValue
  X:00F6H         SYMBOL        sIndex
  -------         ENDDO         
  C:1D0EH         LINE#         16
  C:1D14H         LINE#         17
  C:1D14H         LINE#         21
  C:1D1CH         LINE#         22
  C:1D3FH         LINE#         23
  C:1D3FH         LINE#         24
  C:1D4DH         LINE#         25
  C:1D8FH         LINE#         26
  C:1DA0H         LINE#         28
  C:1DA3H         LINE#         29
  -------         ENDPROC       _VALUE
  -------         PROC          _READVAL
  D:0001H         SYMBOL        plv
  X:0105H         SYMBOL        sNumBytes
  -------         DO            
  X:0107H         SYMBOL        pucVal
  -------         ENDDO         
  C:2943H         LINE#         37
  C:294BH         LINE#         38
  C:294BH         LINE#         41
  C:2951H         LINE#         42
  C:2968H         LINE#         43
  C:2968H         LINE#         45
  C:2972H         LINE#         46
  C:298CH         LINE#         47
  -------         ENDPROC       _READVAL
  -------         PROC          _EQUALLENVAL
  X:0126H         SYMBOL        plvTdoExpected
  X:0129H         SYMBOL        plvTdoCaptured
  X:012CH         SYMBOL        plvTdoMask
  -------         DO            
  X:012FH         SYMBOL        sEqual
  D:0004H         SYMBOL        sIndex
  X:0131H         SYMBOL        ucByteVal1
  X:0132H         SYMBOL        ucByteVal2
  D:0007H         SYMBOL        ucByteMask
  -------         ENDDO         
  C:2369H         LINE#         57
  C:236FH         LINE#         58
  C:236FH         LINE#         65
  C:2377H         LINE#         66
  C:237DH         LINE#         68
  C:2391H         LINE#         69
  C:2391H         LINE#         70
  C:239BH         LINE#         71
  C:23A5H         LINE#         72
  C:23B1H         LINE#         73
  C:23B1H         LINE#         74
  C:23B9H         LINE#         75
  C:23BFH         LINE#         76
BL51 BANKED LINKER/LOCATER V5.03                                                      05/27/2008  11:11:33  PAGE 30


  C:23C3H         LINE#         77
  C:23C3H         LINE#         78
  C:23CFH         LINE#         79
  C:23CFH         LINE#         80
  C:23D6H         LINE#         81
  C:23D6H         LINE#         82
  C:23D9H         LINE#         83
  C:23E1H         LINE#         84
  -------         ENDPROC       _EQUALLENVAL
  -------         ENDMOD        LENVAL

  -------         MODULE        CMD
  C:0000H         SYMBOL        _ICE_DUMMY_
  D:0080H         PUBLIC        P0
  D:0090H         PUBLIC        P1
  X:01DDH         SYMBOL        TextBuffer
  C:0910H         PUBLIC        Font57
  B:00A8H.7       PUBLIC        EA
  D:00E8H         PUBLIC        ADC0CN
  C:2BF8H         PUBLIC        ReadUserTextCommand
  D:00A8H         PUBLIC        IE
  D:00A6H         PUBLIC        P2MDOUT
  X:0210H         SYMBOL        text_line_no
  B:0090H.7       PUBLIC        CS
  D:00D8H         PUBLIC        PCA0CN
  C:2D8EH         PUBLIC        _GenAudioSignalCommand
  D:00B8H         PUBLIC        IP
  C:2E93H         PUBLIC        _GenTextMovCommand
  C:2B0BH         PUBLIC        _GenTextPosCommand
  C:19BBH         PUBLIC        CommandExecute
  C:0003H         PUBLIC        WriteUserTextCommand
  D:00E1H         PUBLIC        XBR0
  D:00E2H         PUBLIC        XBR1
  C:2EF8H         PUBLIC        _GenPatternCommand
  D:00C0H         PUBLIC        SMB0CN
  C:2E11H         PUBLIC        _GenAttribCommand
  D:00F3H         PUBLIC        P2MDIN
  C:08E4H         PUBLIC        CommandTable
  C:1AA4H         PUBLIC        JTAGMode
  D:00F8H         PUBLIC        SPI0CN
  C:2E45H         PUBLIC        _GenAudioLevelCommand
  C:2CF4H         PUBLIC        _GenAudioClickTimeCommand
  D:0087H         PUBLIC        PCON
  C:2AD3H         PUBLIC        _GenDelayCommand
  C:2DB3H         PUBLIC        UnitAddressCommand
  D:0089H         PUBLIC        TMOD
  D:0088H         PUBLIC        TCON
  D:00C8H         PUBLIC        TMR2CN
  D:00D6H         PUBLIC        P2SKIP
  C:2EADH         PUBLIC        _GenTextOnOffCommand
  B:00A8H.4       PUBLIC        ES0
  C:2EE0H         PUBLIC        _GenSystemCommand
  B:0098H.0       PUBLIC        RI0
  D:008CH         PUBLIC        TH0
  B:0098H.1       PUBLIC        TI0
  D:008DH         PUBLIC        TH1
  C:2FCFH         PUBLIC        ReadHWVersionCommand
BL51 BANKED LINKER/LOCATER V5.03                                                      05/27/2008  11:11:33  PAGE 31


  D:008AH         PUBLIC        TL0
  D:008BH         PUBLIC        TL1
  C:2E5FH         PUBLIC        _GenTextScaleCommand
  B:0090H.2       PUBLIC        LED
  C:2E2BH         PUBLIC        _GenInterfaceCommand
  B:0088H.6       PUBLIC        TR1
  C:300CH         PUBLIC        ReadSWVersionCommand
  X:0211H         PUBLIC        uploader
  C:2F10H         PUBLIC        _is_text
  D:0098H         PUBLIC        SCON0
  C:0E42H         PUBLIC        _GenTextCommand
  C:28F4H         PUBLIC        ManualMode
  C:2E79H         PUBLIC        _GenTextColorCommand
  D:008EH         PUBLIC        CKCON
  C:2FDFH         PUBLIC        ReadHWInformationCommand
  D:00D0H         PUBLIC        PSW
  C:23E2H         SYMBOL        Com009F
  C:23E2H         SYMBOL        L?0160
  C:23E9H         SYMBOL        L?0161
  C:23F2H         SYMBOL        L?0162
  C:23F2H         SYMBOL        L?0163
  C:23F6H         SYMBOL        L?0164
  C:23FDH         SYMBOL        L?0165
  C:23FDH         SYMBOL        L?0166
  C:23FEH         SYMBOL        L?0167
  C:2406H         SYMBOL        L?0168
  C:240EH         SYMBOL        L?0169
  C:2415H         SYMBOL        L?0170
  C:241EH         SYMBOL        L?0171
  C:2420H         SYMBOL        L?0172
  C:2428H         SYMBOL        L?0173
  C:2428H         SYMBOL        L?0174
  C:2430H         SYMBOL        L?0175
  C:2431H         SYMBOL        L?0176
  C:2438H         SYMBOL        L?0177
  C:2443H         SYMBOL        L?0179
  C:2443H         SYMBOL        L?0180
  C:244AH         SYMBOL        L?0181
  C:244AH         SYMBOL        L?0182
  C:2451H         SYMBOL        L?0183
  C:2451H         SYMBOL        L?0184
  -------         PROC          COM009F
  -------         ENDPROC       COM009F
  -------         PROC          COMMANDEXECUTE
  -------         DO            
  D:0007H         SYMBOL        i
  -------         ENDDO         
  C:19BBH         LINE#         141
  C:19BBH         LINE#         142
  C:19BBH         LINE#         145
  C:19BDH         LINE#         146
  C:19D3H         LINE#         147
  C:19D8H         LINE#         149
  C:1A2AH         LINE#         150
  C:1A2AH         LINE#         151
  C:1A2AH         LINE#         152
  C:1A2DH         LINE#         153
BL51 BANKED LINKER/LOCATER V5.03                                                      05/27/2008  11:11:33  PAGE 32


  C:1A2DH         LINE#         154
  C:1A2DH         LINE#         155
  C:1A30H         LINE#         156
  C:1A30H         LINE#         157
  C:1A30H         LINE#         158
  C:1A33H         LINE#         159
  C:1A33H         LINE#         160
  C:1A33H         LINE#         161
  C:1A36H         LINE#         162
  C:1A36H         LINE#         163
  C:1A36H         LINE#         164
  C:1A39H         LINE#         165
  C:1A39H         LINE#         166
  C:1A39H         LINE#         167
  C:1A3CH         LINE#         168
  C:1A3CH         LINE#         169
  C:1A3CH         LINE#         170
  C:1A42H         LINE#         171
  C:1A42H         LINE#         172
  C:1A42H         LINE#         173
  C:1A49H         LINE#         174
  C:1A49H         LINE#         175
  C:1A49H         LINE#         176
  C:1A50H         LINE#         177
  C:1A50H         LINE#         178
  C:1A50H         LINE#         179
  C:1A57H         LINE#         180
  C:1A57H         LINE#         181
  C:1A57H         LINE#         182
  C:1A5EH         LINE#         183
  C:1A5EH         LINE#         184
  C:1A5EH         LINE#         185
  C:1A65H         LINE#         186
  C:1A65H         LINE#         187
  C:1A65H         LINE#         188
  C:1A6CH         LINE#         189
  C:1A6CH         LINE#         190
  C:1A6CH         LINE#         191
  C:1A73H         LINE#         192
  C:1A73H         LINE#         193
  C:1A73H         LINE#         194
  C:1A7AH         LINE#         195
  C:1A7AH         LINE#         196
  C:1A7AH         LINE#         197
  C:1A81H         LINE#         198
  C:1A81H         LINE#         199
  C:1A81H         LINE#         200
  C:1A88H         LINE#         201
  C:1A88H         LINE#         202
  C:1A88H         LINE#         203
  C:1A8FH         LINE#         204
  C:1A8FH         LINE#         205
  C:1A8FH         LINE#         206
  C:1A96H         LINE#         207
  C:1A96H         LINE#         208
  C:1A96H         LINE#         209
  C:1A99H         LINE#         210
BL51 BANKED LINKER/LOCATER V5.03                                                      05/27/2008  11:11:33  PAGE 33


  C:1A99H         LINE#         211
  C:1A99H         LINE#         212
  C:1A9CH         LINE#         213
  C:1A9CH         LINE#         214
  C:1A9CH         LINE#         215
  C:1AA3H         LINE#         216
  C:1AA3H         LINE#         218
  C:1AA3H         LINE#         219
  C:1AA3H         LINE#         220
  C:1AA3H         LINE#         221
  -------         ENDPROC       COMMANDEXECUTE
  -------         PROC          MANUALMODE
  -------         DO            
  D:0004H         SYMBOL        addr
  X:0000H         SYMBOL        tmpb
  X:01DCH         SYMBOL        dat
  -------         ENDDO         
  C:28F4H         LINE#         287
  C:28F4H         LINE#         288
  C:28F4H         LINE#         293
  C:28FDH         LINE#         294
  C:28FDH         LINE#         295
  C:28FDH         LINE#         296
  C:2907H         LINE#         297
  C:290EH         LINE#         298
  C:2918H         LINE#         300
  C:2918H         LINE#         302
  C:2937H         LINE#         303
  C:2940H         LINE#         304
  C:2942H         LINE#         305
  C:2942H         LINE#         307
  C:2942H         LINE#         308
  C:2942H         LINE#         309
  C:2942H         LINE#         310
  -------         ENDPROC       MANUALMODE
  C:1B3AH         SYMBOL        L?0178
  -------         PROC          JTAGMODE
  -------         DO            
  X:0000H         SYMBOL        i
  D:0007H         SYMBOL        cnt
[...]
  C:1CD4H         LINE#         374
  C:1CD4H         LINE#         375
  C:1CD8H         LINE#         376
  C:1CDCH         LINE#         377
  C:1CE2H         LINE#         378
  C:1CE2H         LINE#         379
  C:1CF1H         LINE#         380
  C:1CFDH         LINE#         381
  C:1D02H         LINE#         382
  -------         ENDPROC       _WRITEVAL
  -------         PROC          _WRITESTRING
  X:000AH         SYMBOL        Str
  -------         DO            
  D:0006H         SYMBOL        checksum
  -------         ENDDO         
  C:2A17H         LINE#         398
  C:2A22H         LINE#         399
  C:2A22H         LINE#         400
  C:2A24H         LINE#         402
  C:2A29H         LINE#         404
  C:2A3AH         LINE#         405
  C:2A3AH         LINE#         406
  C:2A3DH         LINE#         407
  C:2A45H         LINE#         408
  C:2A47H         LINE#         409
  C:2A4CH         LINE#         410
BL51 BANKED LINKER/LOCATER V5.03                                                      05/27/2008  11:11:33  PAGE 53


  C:2A51H         LINE#         411
  -------         ENDPROC       _WRITESTRING
  -------         PROC          CHARHANDLER
  C:1087H         LINE#         426
  C:1087H         LINE#         427
  C:1087H         LINE#         428
  C:109CH         LINE#         430
  C:10A6H         LINE#         432
  C:10D4H         LINE#         433
  C:10D4H         LINE#         434
  C:10D4H         LINE#         435
  C:10DCH         LINE#         436
  C:10DCH         LINE#         437
  C:10E2H         LINE#         438
  C:10E7H         LINE#         439
  C:10ECH         LINE#         440
  C:110BH         LINE#         442
  C:110BH         LINE#         443
  C:1113H         LINE#         444
  C:1116H         LINE#         446
  C:1116H         LINE#         447
  C:1127H         LINE#         448
  C:1127H         LINE#         449
  C:1127H         LINE#         450
  C:1130H         LINE#         452
  C:1130H         LINE#         453
  C:1130H         LINE#         454
  C:1133H         LINE#         456
  C:1133H         LINE#         457
  C:1133H         LINE#         458
  C:1136H         LINE#         460
  C:1136H         LINE#         461
  C:1153H         LINE#         462
  C:1156H         LINE#         464
  C:1156H         LINE#         465
  C:1156H         LINE#         466
  C:1156H         LINE#         467
  C:1159H         LINE#         468
  C:1159H         LINE#         469
  C:1166H         LINE#         470
  C:1166H         LINE#         471
  C:1166H         LINE#         472
  C:11C6H         LINE#         474
  C:11C6H         LINE#         475
  C:11CDH         LINE#         477
  C:11CDH         LINE#         478
  C:11CDH         LINE#         479
  C:11CFH         LINE#         481
  C:11CFH         LINE#         482
  C:11CFH         LINE#         483
  C:11CFH         LINE#         484
  C:11D2H         LINE#         485
  C:11D2H         LINE#         486
  C:11D9H         LINE#         487
  C:11D9H         LINE#         488
  C:11F0H         LINE#         489
  C:11F3H         LINE#         491
BL51 BANKED LINKER/LOCATER V5.03                                                      05/27/2008  11:11:33  PAGE 54


  C:11F3H         LINE#         492
  C:11FCH         LINE#         493
  C:11FDH         LINE#         494
  C:11FDH         LINE#         495
  C:120AH         LINE#         496
  C:120AH         LINE#         497
  C:120AH         LINE#         498
  C:1210H         LINE#         499
  C:1210H         LINE#         500
  C:1212H         LINE#         501
  C:1212H         LINE#         502
  C:1212H         LINE#         503
  C:1215H         LINE#         504
  C:1215H         LINE#         505
  C:121DH         LINE#         506
  C:1223H         LINE#         507
  C:1224H         LINE#         508
  C:1224H         LINE#         509
  C:1226H         LINE#         511
  C:1226H         LINE#         512
  C:1226H         LINE#         513
  C:1226H         LINE#         514
  C:1232H         LINE#         515
  C:1232H         LINE#         516
  C:1232H         LINE#         517
  C:1238H         LINE#         518
  C:123EH         LINE#         519
  C:123FH         LINE#         520
  C:123FH         LINE#         521
  C:1269H         LINE#         522
  C:126FH         LINE#         523
  C:1270H         LINE#         524
  C:1270H         LINE#         525
  C:1277H         LINE#         527
  C:1277H         LINE#         528
  C:1277H         LINE#         529
  C:1277H         LINE#         530
  C:127EH         LINE#         531
  C:127EH         LINE#         532
  C:1285H         LINE#         533
  C:1288H         LINE#         534
  C:1288H         LINE#         535
  C:128AH         LINE#         537
  C:128AH         LINE#         538
  C:1291H         LINE#         539
  C:1298H         LINE#         541
  C:1298H         LINE#         542
  C:129DH         LINE#         544
  C:129DH         LINE#         545
  -------         ENDPROC       CHARHANDLER
  -------         PROC          L?0121
  -------         ENDPROC       L?0121
  -------         PROC          _SPI_TRANSFER
  D:0007H         SYMBOL        spi_byte
  D:0005H         SYMBOL        cnt
  -------         DO            
  D:0006H         SYMBOL        i
BL51 BANKED LINKER/LOCATER V5.03                                                      05/27/2008  11:11:33  PAGE 55


  -------         ENDDO         
  C:2C2CH         LINE#         565
  C:2C2CH         LINE#         566
  C:2C2CH         LINE#         569
  C:2C33H         LINE#         570
  C:2C33H         LINE#         571
  C:2C35H         LINE#         573
  C:2C39H         LINE#         574
  C:2C3DH         LINE#         576
  C:2C3FH         LINE#         577
  C:2C43H         LINE#         578
  C:2C45H         LINE#         579
  C:2C4BH         LINE#         580
  C:2C4EH         LINE#         581
  C:2C4EH         LINE#         582
  -------         ENDPROC       _SPI_TRANSFER
  -------         PROC          _SEND
  X:000FH         SYMBOL        gen
  D:0004H         SYMBOL        addr
  X:0012H         SYMBOL        dat
  X:0015H         SYMBOL        cnt
  -------         DO            
  X:0017H         SYMBOL        i
  X:0018H         SYMBOL        j
  -------         ENDDO         
  C:289CH         LINE#         605
  C:28ACH         LINE#         606
  C:28ACH         LINE#         610
  C:28AEH         LINE#         611
  C:28B8H         LINE#         612
  C:28BEH         LINE#         613
  C:28C1H         LINE#         614
  C:28C4H         LINE#         616
  C:28E0H         LINE#         617
  C:28E0H         LINE#         618
  C:28E9H         LINE#         619
  C:28F1H         LINE#         620
  C:28F3H         LINE#         621
  -------         ENDPROC       _SEND
  -------         PROC          _RECEIVE_BYTE
  X:000AH         SYMBOL        gen
  D:0004H         SYMBOL        addr
  D:0001H         SYMBOL        dat
  -------         DO            
  X:000BH         SYMBOL        i
  X:000CH         SYMBOL        j
  X:000EH         SYMBOL        tmp
  -------         ENDDO         
  C:2B3EH         LINE#         647
  C:2B43H         LINE#         648
  C:2B43H         LINE#         653
  C:2B4AH         LINE#         655
  C:2B4CH         LINE#         656
  C:2B56H         LINE#         657
  C:2B5CH         LINE#         658
  C:2B5FH         LINE#         659
  C:2B62H         LINE#         661
BL51 BANKED LINKER/LOCATER V5.03                                                      05/27/2008  11:11:33  PAGE 56


  C:2B6CH         LINE#         662
  C:2B6EH         LINE#         663
  -------         ENDPROC       _RECEIVE_BYTE
  -------         ENDMOD        SER_SPI

  -------         MODULE        SERIAL
  C:0000H         SYMBOL        _ICE_DUMMY_
  D:0080H         PUBLIC        P0
  D:0090H         PUBLIC        P1
  C:3050H         PUBLIC        serinit
  C:2DF4H         PUBLIC        Timer2_ISR
  C:3058H         PUBLIC        _putch
  D:00E8H         PUBLIC        ADC0CN
  C:2DD5H         PUBLIC        _Timer2_Init
  D:00A8H         PUBLIC        IE
  C:301AH         PUBLIC        delay
  B:0020H.1       PUBLIC        T2timeout
  B:00C8H.7       PUBLIC        TF2H
  D:00D8H         PUBLIC        PCA0CN
  D:00B8H         PUBLIC        IP
  C:2F6DH         PUBLIC        flush
  D:00C0H         PUBLIC        SMB0CN
  D:00CCH         PUBLIC        TMR2
  D:00F8H         PUBLIC        SPI0CN
  D:0088H         PUBLIC        TCON
  D:00C8H         PUBLIC        TMR2CN
  X:0218H         PUBLIC        csum
  D:00CAH         PUBLIC        TMR2RL
  B:00A8H.4       PUBLIC        ES0
  C:2F28H         PUBLIC        serint0
  B:00A8H.5       PUBLIC        ET2
  B:0098H.0       PUBLIC        RI0
  B:0098H.1       PUBLIC        TI0
  B:0090H.2       PUBLIC        LED
  I:0023H         PUBLIC        rx_serbuf
  B:00C8H.2       PUBLIC        TR2
  D:0020H         PUBLIC        serflags
  X:0219H         PUBLIC        t2del
  D:0099H         PUBLIC        SBUF0
  D:0098H         PUBLIC        SCON0
  C:26D0H         PUBLIC        _getch
  D:00D0H         PUBLIC        PSW
  X:021AH         PUBLIC        rx_inptr
  X:021BH         PUBLIC        rx_outptr
  -------         PROC          SERINIT
  C:3050H         LINE#         50
  C:3050H         LINE#         51
  C:3050H         LINE#         53
  C:3055H         LINE#         54
  C:3057H         LINE#         55
  -------         ENDPROC       SERINIT
  -------         PROC          FLUSH
  -------         DO            
  D:0007H         SYMBOL        i
  -------         ENDDO         
  C:2F6DH         LINE#         69
  C:2F6DH         LINE#         70
BL51 BANKED LINKER/LOCATER V5.03                                                      05/27/2008  11:11:33  PAGE 57


  C:2F6DH         LINE#         72
  C:2F6FH         LINE#         73
  C:2F74H         LINE#         74
  C:2F76H         LINE#         76
  C:2F76H         LINE#         77
  C:2F76H         LINE#         78
  C:2F7FH         LINE#         79
  C:2F7FH         LINE#         80
  C:2F81H         LINE#         81
  -------         ENDPROC       FLUSH
  -------         PROC          _PUTCH
  D:0007H         SYMBOL        c
  C:3058H         LINE#         96
  C:3058H         LINE#         97
  C:3058H         LINE#         98
  C:305AH         LINE#         99
  C:305DH         LINE#         101
  C:305FH         LINE#         102
  -------         ENDPROC       _PUTCH
  -------         PROC          SERINT0
  C:2F28H         LINE#         122
  C:2F28H         LINE#         123
  C:2F28H         LINE#         125
  C:2F2BH         LINE#         126
  C:2F2BH         LINE#         127
  C:2F34H         LINE#         128
  C:2F36H         LINE#         129
  C:2F39H         LINE#         130
  C:2F3DH         LINE#         131
  C:2F3FH         LINE#         132
  C:2F3FH         LINE#         133
  -------         ENDPROC       SERINT0
  -------         PROC          _GETCH
  X:010BH         SYMBOL        c
  C:26D0H         LINE#         157
  C:26DBH         LINE#         158
  C:26DBH         LINE#         160
  C:26DDH         LINE#         161
  C:26E3H         LINE#         162
  C:26E3H         LINE#         164
  C:26E5H         LINE#         166
  C:26EAH         LINE#         167
  C:26EAH         LINE#         168
  C:26ECH         LINE#         170
  C:26F3H         LINE#         172
  C:26FFH         LINE#         173
  C:26FFH         LINE#         174
  C:2702H         LINE#         175
  C:2702H         LINE#         176
  C:2704H         LINE#         177
  C:2707H         LINE#         178
  C:2707H         LINE#         179
  C:2707H         LINE#         181
  C:2709H         LINE#         182
  C:270BH         LINE#         183
  C:2720H         LINE#         184
  C:2726H         LINE#         185
BL51 BANKED LINKER/LOCATER V5.03                                                      05/27/2008  11:11:33  PAGE 58


  C:272AH         LINE#         186
  C:272CH         LINE#         187
  C:272EH         LINE#         188
  C:2730H         LINE#         189
  -------         ENDPROC       _GETCH
  -------         PROC          _TIMER2_INIT
  D:0006H         SYMBOL        counts
  C:2DD5H         LINE#         204
  C:2DD5H         LINE#         205
  C:2DD5H         LINE#         206
  C:2DD8H         LINE#         208
  C:2DE1H         LINE#         209
  C:2DE7H         LINE#         210
  C:2DE9H         LINE#         211
  C:2DEBH         LINE#         212
  C:2DF1H         LINE#         213
  C:2DF3H         LINE#         214
  -------         ENDPROC       _TIMER2_INIT
  -------         PROC          DELAY
  C:301AH         LINE#         216
  C:301AH         LINE#         217
  C:301AH         LINE#         218
  C:3021H         LINE#         220
  C:3021H         LINE#         221
  C:3021H         LINE#         222
  C:3024H         LINE#         223
  C:3024H         LINE#         224
  C:3026H         LINE#         226
  C:3026H         LINE#         227
  C:3026H         LINE#         228
  -------         ENDPROC       DELAY
  -------         PROC          TIMER2_ISR
  C:2DF4H         LINE#         232
  C:2DFAH         LINE#         234
  C:2DFCH         LINE#         236
  C:2E02H         LINE#         237
  C:2E05H         LINE#         238
  C:2E05H         LINE#         239
  C:2E07H         LINE#         240
  C:2E0AH         LINE#         241
  C:2E0AH         LINE#         242
  -------         ENDPROC       TIMER2_ISR
  -------         ENDMOD        SERIAL

  -------         MODULE        ?C?CLDPTR
  C:002EH         PUBLIC        ?C?CLDPTR
  -------         ENDMOD        ?C?CLDPTR

  -------         MODULE        ?C?CLDOPTR
  C:0047H         PUBLIC        ?C?CLDOPTR
  -------         ENDMOD        ?C?CLDOPTR

  -------         MODULE        ?C?CILDPTR
  C:0074H         PUBLIC        ?C?CILDPTR
  -------         ENDMOD        ?C?CILDPTR

  -------         MODULE        ?C?CSTPTR
BL51 BANKED LINKER/LOCATER V5.03                                                      05/27/2008  11:11:33  PAGE 59


  C:0096H         PUBLIC        ?C?CSTPTR
  -------         ENDMOD        ?C?CSTPTR

  -------         MODULE        ?C?CSTOPTR
  C:00A8H         PUBLIC        ?C?CSTOPTR
  -------         ENDMOD        ?C?CSTOPTR

  -------         MODULE        ?C?IMUL
  C:00CAH         PUBLIC        ?C?IMUL
  -------         ENDMOD        ?C?IMUL

  -------         MODULE        ?C?IILDX
  C:00DCH         PUBLIC        ?C?IILDX
  -------         ENDMOD        ?C?IILDX

  -------         MODULE        ?C?ILDIX
  C:00F2H         PUBLIC        ?C?ILDIX
  -------         ENDMOD        ?C?ILDIX

  -------         MODULE        ?C?ILDPTR
  C:0108H         PUBLIC        ?C?ILDPTR
  -------         ENDMOD        ?C?ILDPTR

  -------         MODULE        ?C?ILDOPTR
  C:0133H         PUBLIC        ?C?ILDOPTR
  -------         ENDMOD        ?C?ILDOPTR

  -------         MODULE        ?C?ISTPTR
  C:016BH         PUBLIC        ?C?ISTPTR
  -------         ENDMOD        ?C?ISTPTR

  -------         MODULE        ?C?ISTOPTR
  C:018AH         PUBLIC        ?C?ISTOPTR
  -------         ENDMOD        ?C?ISTOPTR

  -------         MODULE        ?C?LMUL
  C:01B7H         PUBLIC        ?C?LMUL
  -------         ENDMOD        ?C?LMUL

  -------         MODULE        ?C?ULDIV
  C:0242H         PUBLIC        ?C?ULDIV
  -------         ENDMOD        ?C?ULDIV

  -------         MODULE        ?C?SLDIV
  C:29D3H         PUBLIC        ?C?SLDIV
  -------         ENDMOD        ?C?SLDIV

  -------         MODULE        ?C?SLCMP
  C:02D4H         PUBLIC        ?C?SLCMP
  -------         ENDMOD        ?C?SLCMP

  -------         MODULE        ?C?SLSHR
  C:02EAH         PUBLIC        ?C?SLSHR
  -------         ENDMOD        ?C?SLSHR

  -------         MODULE        ?C?LSHL
  C:02FEH         PUBLIC        ?C?LSHL
BL51 BANKED LINKER/LOCATER V5.03                                                      05/27/2008  11:11:33  PAGE 60


  -------         ENDMOD        ?C?LSHL

  -------         MODULE        ?C?LLDOPTR
  C:0311H         PUBLIC        ?C?LLDOPTR
  -------         ENDMOD        ?C?LLDOPTR

  -------         MODULE        ?C?LSTOPTR
  C:0341H         PUBLIC        ?C?LSTOPTR
  -------         ENDMOD        ?C?LSTOPTR

  -------         MODULE        ?C?LSTXDATA
  C:0365H         PUBLIC        ?C?LSTXDATA
  -------         ENDMOD        ?C?LSTXDATA

  -------         MODULE        ?C?LSTKXDATA
  C:0371H         PUBLIC        ?C?LSTKXDATA
  -------         ENDMOD        ?C?LSTKXDATA

  -------         MODULE        ?C?LSTKOPTR
  C:03A2H         PUBLIC        ?C?LSTKOPTR
  -------         ENDMOD        ?C?LSTKOPTR

  -------         MODULE        ?C?ICALL
  C:03C6H         PUBLIC        ?C?ICALL
  C:03CAH         PUBLIC        ?C?ICALL2
  -------         ENDMOD        ?C?ICALL

  -------         MODULE        PRINTF
  X:000AH         PUBLIC        ?_PRINTF517?BYTE
  X:000AH         PUBLIC        ?_PRINTF?BYTE
  X:000AH         PUBLIC        ?_SPRINTF517?BYTE
  X:000AH         PUBLIC        ?_SPRINTF?BYTE
  C:05E4H         PUBLIC        _PRINTF
  C:05E4H         PUBLIC        _PRINTF517
  C:05DEH         PUBLIC        _SPRINTF
  C:05DEH         PUBLIC        _SPRINTF517
  -------         ENDMOD        PRINTF

  -------         MODULE        ?C?STRCPY
  C:0498H         PUBLIC        ?C?STRCPY
  -------         ENDMOD        ?C?STRCPY

  -------         MODULE        STRLEN
  C:2F82H         PUBLIC        _STRLEN
  -------         ENDMOD        STRLEN

  -------         MODULE        ?C?LLDIDATA
  C:04B5H         PUBLIC        ?C?LLDIDATA
  -------         ENDMOD        ?C?LLDIDATA

  -------         MODULE        ?C?LLDXDATA
  C:04C1H         PUBLIC        ?C?LLDXDATA
  -------         ENDMOD        ?C?LLDXDATA

  -------         MODULE        ?C?LLDPDATA
  C:04CDH         PUBLIC        ?C?LLDPDATA
  -------         ENDMOD        ?C?LLDPDATA
BL51 BANKED LINKER/LOCATER V5.03                                                      05/27/2008  11:11:33  PAGE 61



  -------         MODULE        ?C?LLDCODE
  C:04D9H         PUBLIC        ?C?LLDCODE
  -------         ENDMOD        ?C?LLDCODE

  -------         MODULE        ?C?LSTIDATA
  C:04E9H         PUBLIC        ?C?LSTIDATA
  -------         ENDMOD        ?C?LSTIDATA

  -------         MODULE        ?C?LSTPDATA
  C:04F5H         PUBLIC        ?C?LSTPDATA
  -------         ENDMOD        ?C?LSTPDATA

  -------         MODULE        ?C?LSTKIDATA
  C:0501H         PUBLIC        ?C?LSTKIDATA
  -------         ENDMOD        ?C?LSTKIDATA

  -------         MODULE        ?C?LSTKPDATA
  C:051AH         PUBLIC        ?C?LSTKPDATA
  -------         ENDMOD        ?C?LSTKPDATA

  -------         MODULE        ?C?PLDIXDATA
  C:0533H         PUBLIC        ?C?PLDIXDATA
  -------         ENDMOD        ?C?PLDIXDATA

  -------         MODULE        ?C?PSTXDATA
  C:054AH         PUBLIC        ?C?PSTXDATA
  -------         ENDMOD        ?C?PSTXDATA

  -------         MODULE        ?C?CCASE
  C:0553H         PUBLIC        ?C?CCASE
  -------         ENDMOD        ?C?CCASE

  -------         MODULE        PUTCHAR
  C:2D42H         PUBLIC        _PUTCHAR
  -------         ENDMOD        PUTCHAR

Program Size: data=76.7 xdata=542 code=12382
LINK/LOCATE RUN COMPLETE.  0 WARNING(S),  0 ERROR(S)
