Linker command line:

-z -mSYNC.MAP -Elnk.err -pvectors=00h,text \
  -prbit=0120h/024h,rdata/text,rbss/.,data/rdata,const,strings,bss/.,stack=0200h/ \
  -pnvram=bss -pheap=nvram,FARDATA=010000h,FARBSS -ACODE=0h-0ffffhx16 \
  -ga/10000h -pfarnvram=FARBSS -pbigtabs=10000h/10000h -pcode=03000h \
  -oC:.\L.OBJ C:\XA\LIB\RTxa--L.OBJ SYSTEM.OBJ SYNC.OBJ LOCK.OBJ FIEL.OBJ \
  LINE.OBJ SERI1.OBJ TABKORG.OBJ TABKORM.OBJ TABPOSG.OBJ TABPOSM.OBJ \
  TABDIVI.OBJ TABPYTM.OBJ TABPYTG.OBJ TABLETYP.OBJ TABPHASE.OBJ \
  C:\XA\LIB\xa--LC.LIB 

Object code version is 3.3

Machine type is XA

		Name          Link     Load   Length Selector Space Scale
C:\XA\LIB\RTxa--L.OBJ
		text           110      110       C0       0     0
		vectors          0        0        4       0     0
SYSTEM.OBJ      ltext         2024     2024       24       0     0
SYNC.OBJ        bss             F8       F8        4       0     1
		code          3000     3000       6C       0     0
		rbit           120       24        E       0     1    8
		rbss            28       28       86       0     1
		text           1D0      1D0       20       0     0
		rdata           26      322        2       0     0
		vectors          0        0      110       0     0
		ltext         13F8     13F8      5B2       0     0
LOCK.OBJ        rbit           12E       26        2       0     1    8
		ltext          BD2      BD2      826       0     0
FIEL.OBJ        ltext         1F56     1F56       CE       0     0
LINE.OBJ        code          306C     306C      276       0     0
		rbss            AE       AE        4       0     1
		ltext          324      324      8AE       0     0
SERI1.OBJ       rbss            B2       B2       46       0     1
		ltext         19AA     19AA      5AC       0     0
TABKORG.OBJ     code          32E2     32E2      800       0     0
TABKORM.OBJ     code          3AE2     3AE2      800       0     0
TABPOSG.OBJ     code          42E2     42E2      6C0       0     0
TABPOSM.OBJ     code          49A2     49A2      6C0       0     0
TABDIVI.OBJ     bigtabs      10000    10000    10000       1     0
TABPYTM.OBJ     bigtabs      20000    20000    10000       1     0
TABPYTG.OBJ     bigtabs      30000    30000    10000       1     0
TABLETYP.OBJ    code          5062     5062       D8       0     0
TABPHASE.OBJ    bigtabs      40000    40000    10000       1     0

C:\XA\LIB\xa--LC.LIB
ctype_.obj      code          513A     513A      102       0     0
toupper.obj     ltext         2048     2048       12       0     0
ldiv.obj        text           1F0      1F0       FC       0     0
lmul.obj        text           2EC      2EC       1A       0     0
lcmp.obj        text           306      306       12       0     0
powerup.obj     text           318      318        4       0     0
indir1.obj      text           31C      31C        6       0     0

TOTAL		Name          Link     Load   Length
	CLASS	CODE     
		code          3000     3000     223C
		text           110      110      212
		vectors          0        0      110
		ltext         2024     2024       24
		ltext         13F8     13F8      5B2
		ltext          BD2      BD2      826
		ltext         1F56     1F56       CE
		ltext          324      324      8AE
		ltext         19AA     19AA      5AC
		bigtabs      10000    10000    40000
		ltext         2048     2048       12

	CLASS	DATA     
		bss             F8       F8        4
		rbss            28       28       D0
		rdata           26      322        2

	CLASS	BITSEG   
		rbit           120       24       10

	CLASS	FARDATA  

	CLASS	FARNVRAM 

	CLASS	FARBSS   



SEGMENTS	Name		Load	Length	 Top	Selector    Space Class

		vectors         000000	000322	000322	       0       0  CODE  
		rbit            000024	000002	000026	       0       1  BITSEG
		rbss            000028	0000D0	0000F8	       0       1  DATA  
		bss             0000F8	000004	0000FC	       0       1  DATA  
		rdata           000322	000002	000324	       0       0  DATA  
		ltext           000324	001D36	00205A	       0       0  CODE  
		code            003000	00223C	00523C	       0       0  CODE  
		bigtabs         010000	040000	050000	       1       0  CODE  


UNUSED ADDRESS RANGES

	CODE             0205A-02FFF
	                 0523C-0FFFF
	                 50000-FFFFF

                                  Symbol Table

_CharHandler     ltext    016E6  _CommandExecute  ltext    01652
_NotFound        ltext    013F8  _Number          rbss     00050
_RxBuf1          rbss     000B2  __Bbigtabs       bigtabs  10000
__Bconst         const    00324  __Bdata          data     00324
__Brbit          rbit     00024  __Brdata         rdata    00322
__Bstack         stack    000FC  __Bstrings       strings  00324
__Hbigtabs       bigtabs  50000  __Hbss           bss      000FC
__Hcode          code     0523C  __Hconst         const    000F8
__Hdata          data     000F8  __Hfarnvram      farnvram 10000
__Hheap          heap     000FC  __Hltext         ltext    0523C
__Hnvram         nvram    000FC  __Hrbit          rbit     00130
__Hrbss          rbss     000F8  __Hrdata         rdata    00028
__Hstack         stack    00200  __Hstrings       strings  000F8
__Htext          text     00322  __Hvectors       vectors  00110
__Lbigtabs       bigtabs  10000  __Lbss           bss      000F8
__Lcode          code     03000  __Lconst         const    000F8
__Ldata          data     000F8  __Lfarnvram      farnvram 10000
__Lheap          heap     000FC  __Lltext         ltext    0523C
__Lnvram         nvram    000FC  __Lrbit          rbit     00120
__Lrbss          rbss     00028  __Lrdata         rdata    00026
__Lstack         stack    00200  __Lstrings       strings  000F8
__Ltext          text     00110  __Lvectors       vectors  00000
__S0             (abs)    0205A  __ctype_         code     0513A
_a10m_sel        (abs)    0011B  _alian           rbit     00120
_atel            rbss     00080  _black           rbss     00081
_blackav         rbss     00082  _btel            rbss     00083
_buam            rbss     00084  _buamav          rbss     00085
_buav            (abs)    0010B  _bulock_sel      (abs)    0011E
_bulocken        rbit     00121  _buph            rbss     00028
_burstfase       ltext    00D0A  _burstlock       ltext    01110
_cc              rbss     00086  _cksum           rbss     000F4
_cntenab         rbit     00122  _combuf          rbss     000A6
_cvartel         rbss     00087  _d1_sel          (abs)    0011C
_diff            rbss     00088  _divi            bigtabs  10000
_docomm          (abs)    00105  _doflags         (abs)    00020
_doline7         (abs)    00101  _dolock          (abs)    00103
_domode          (abs)    00104  _dosch           (abs)    00102
_dpoint          rbss     00089  _dual            rdata    00026
_dualport        (abs)    04000  _dummy           ltext    01650
_ehporth         (abs)    00201  _ehportl         (abs)    02001
_epapu           rbit     00123  _eph             rbss     0002A
_errpre          rbss     0008A  _exit            text     001B0
_fase            bigtabs  40000  _fasekor         rbss     00054
_fasekorg        code     032E2  _fasekorm        code     03AE2
_fasepos         rbss     00058  _faseposg        code     042E2
_faseposm        code     049A2  _freq_sel        (abs)    0011A
_freqfase        ltext    00FEE  _freqh           (abs)    06080
_freql           (abs)    06000  _freqload        (abs)    08000
_ftel            rbss     0008B  _g_sel           (abs)    00118
_genlocken       (abs)    00110  _genlockmode     ltext    0141C
_genmode         rbss     0008C  _genphase_d5     rbss     0002C
_genphase_d6     rbss     0002E  _genphase_g      rbss     00030
_genphase_m      rbss     00032  _gensetd5        ltext    01608
_gensetd6        ltext    015F0  _gensetg         ltext    015C0
_gensetm         ltext    015D8  _get_char1       ltext    01AAE
_godgren         rbss     0008D  _gps_sel         (abs)    0011F
_header1         rbss     0008E  _hfasec          ltext    01352
_hfasef          ltext    00A96  _hinput          rbss     0005C
_hlock           ltext    011D4  _hphautog        ltext    01534
_hphautom        ltext    0156A  _hphsetg         ltext    01510
_hphsetm         ltext    01522  _hphupg          ltext    015A0
_hphupm          ltext    015B0  _hphzero_g       rbss     00060
_hphzero_m       rbss     00064  _hpos            rbss     00034
_href            rbss     00068  _htel            rbss     00036
_i               rbss     00038  _int10_sel       (abs)    00119
_intern          ltext    0133A  _intern_sel      (abs)    0011D
_j               rbss     0003A  _kommandotabel   code     0300C
_kommun          ltext    01852  _komready        rbit     00124
_level           rbit     00125  _levelcnt        rbss     0008F
_linadd          rbss     00090  _line7           ltext    0063C
_line_int        ltext    00324  _lintyp          rbss     00091
_lock            ltext    00BD2  _lockbit         (abs)    00109
_lockdet         rbit     00126  _main            ltext    01868
_minus           rbit     00127  _mode            ltext    00794
_modebits        (abs)    00023  _modetab         code     03000
_myaddress       rbss     00092  _nsf             (abs)    00106
_oldpalm         rbss     00093  _oldph           rbss     0003C
_oldread         rbss     00094  _outf            rbss     0003E
_outport         (abs)    04FFF  _outs            (abs)    00021
_oven            rbss     00095  _pal             (abs)    0010C
_palav           rbss     00096  _palm            rbss     00097
_palpuls         ltext    00750  _papua           rbss     00098
_papulock        rbss     00099  _pause1          ltext    01ACE
_phdet           rbss     00040  _phdiff          rbss     0006C
_phgod           rbss     0009A  _pplocken        (abs)    00111
_put_char1       ltext    019DE  _pytg            bigtabs  30000
_pytm            bigtabs  20000  _quit            rbit     00128
_rcksum          rbss     000F5  _req             rbit     00129
_reset           ltext    01620  _return_char     ltext    01ADA
_return_int      ltext    01CE4  _return_long     ltext    01B7A
_return_long_int ltext    01D74  _return_string   ltext    01B30
_rstate          rbss     000F7  _savacc          rbss     0009B
_save            rbit     0012A  _say_modebits    ltext    013FA
_sch             ltext    00870  _schgod          rbss     0009C
_schph           rbss     0009D  _scratc          rbss     00070
_secam           (abs)    0010E  _secamav         rbss     0009E
_serial1_init    ltext    019AA  _serial1_int     ltext    019C2
_serial_end      ltext    019FC  _sersave         rbss     0009F
_slowlock        (abs)    0010D  _speeddel        rbss     000A0
_speedval        rbss     000A1  _spgint          (abs)    0010A
_sphgod          rbss     000A2  _std             rbit     0012B
_subcpot         rbss     00042  _subcref         rbss     00044
_sync            rbss     000A3  _syncav          (abs)    00108
_syssetup        ltext    02024  _systatus        ltext    01408
_tableam         rbss     00074  _tableph         rbss     00078
_tableptr        rbss     000AE  _tablepyt        rbss     0007C
_tablestart_g    code     05062  _tablestart_m    code     050D2
_tau             (abs)    0010F  _toupper         ltext    02048
_trig            rbss     000A4  _typeport        (abs)    02000
_v_int           ltext    01F56  _verr            rbss     000A5
_verreport       ltext    01640  _vlenmin_g       rbss     00046
_vlenmin_m       rbss     00048  _vtimer_int      ltext    02002
_window          rbit     0012C  _x               rbss     0004A
_y               rbss     0004C  _z               rbss     0004E
aldiv            text     0028E  almod            text     002BC
almul            text     002EC  indir_lr1        text     0031C
lcmp             text     00306  lldiv            text     00240
llmod            text     00252  llmul            text     002EC
powerup          text     00318  start            text     00160
