V2 105
FL F:/PT8612/VHDL/xilinx/hdsdgen_x21/state_counter.vhd 2005/10/04.14:39:33 H.41
EN work/STATE_COUNTER 1136368970   FL F:/PT8612/VHDL/xilinx/hdsdgen_x21/state_counter.vhd \
      PB ieee/STD_LOGIC_1164 1106404628 PB ieee/STD_LOGIC_ARITH 1106404630 \
      PB ieee/STD_LOGIC_UNSIGNED 1106404634
AR work/STATE_COUNTER/BEHAVIORAL 1136368971 \
      FL F:/PT8612/VHDL/xilinx/hdsdgen_x21/state_counter.vhd \
      EN work/STATE_COUNTER 1136368970
FL X:/xw/8612/Xilinx_test/hdsdgen_x10/smpte_259.vhd 2005/07/20.12:37:37 H.41
EN work/SMPTE_259 1125055974       FL X:/xw/8612/Xilinx_test/hdsdgen_x10/smpte_259.vhd \
      PB ieee/STD_LOGIC_1164 1106404628
AR work/SMPTE_259/A 1125055975     FL X:/xw/8612/Xilinx_test/hdsdgen_x10/smpte_259.vhd \
      EN work/SMPTE_259 1125055974 CP SCRAMTX
FL F:/PT8612/VHDL/xilinx/hdsdgen_x21/video_sm.vhd 2005/10/04.14:31:36 H.41
EN work/VIDEO_SM 1136368986        FL F:/PT8612/VHDL/xilinx/hdsdgen_x21/video_sm.vhd \
      PB ieee/STD_LOGIC_1164 1106404628 PB ieee/STD_LOGIC_ARITH 1106404630 \
      PB ieee/STD_LOGIC_UNSIGNED 1106404634
AR work/VIDEO_SM/BEHAVIORAL 1136368987 FL F:/PT8612/VHDL/xilinx/hdsdgen_x21/video_sm.vhd \
      EN work/VIDEO_SM 1136368986 CP STATE_COUNTER CP COLOR_LUT
FL F:/PT8612/VHDL/xilinx/hdsdgen_x21/color_lut.vhd 2005/10/04.14:39:41 H.41
EN work/COLOR_LUT 1136368972       FL F:/PT8612/VHDL/xilinx/hdsdgen_x21/color_lut.vhd \
      PB ieee/STD_LOGIC_1164 1106404628 PB ieee/STD_LOGIC_ARITH 1106404630 \
      PB ieee/STD_LOGIC_UNSIGNED 1106404634
AR work/COLOR_LUT/BEHAVIORAL 1136368973 FL F:/PT8612/VHDL/xilinx/hdsdgen_x21/color_lut.vhd \
      EN work/COLOR_LUT 1136368972
FL X:/xw/8612/Xilinx_test/hdsdgen_x10/channelregs.vhd 2005/08/24.16:32:52 H.41
EN work/CHANNELREGS 1125055972     FL X:/xw/8612/Xilinx_test/hdsdgen_x10/channelregs.vhd \
      PB ieee/STD_LOGIC_1164 1106404628 PB ieee/STD_LOGIC_UNSIGNED 1106404634 \
      PB ieee/STD_LOGIC_ARITH 1106404630
AR work/CHANNELREGS/A 1125055973   FL X:/xw/8612/Xilinx_test/hdsdgen_x10/channelregs.vhd \
      EN work/CHANNELREGS 1125055972 CP WITH
FL F:/PT8612/VHDL/xilinx/hdsdgen_x21/hd_frame.vhd 2005/10/04.14:27:59 H.41
EN work/HD_FRAME 1136368982        FL F:/PT8612/VHDL/xilinx/hdsdgen_x21/hd_frame.vhd \
      PB ieee/STD_LOGIC_1164 1106404628 PB ieee/STD_LOGIC_ARITH 1106404630 \
      PB ieee/STD_LOGIC_UNSIGNED 1106404634
AR work/HD_FRAME/BEHAVIORAL 1136368983 FL F:/PT8612/VHDL/xilinx/hdsdgen_x21/hd_frame.vhd \
      EN work/HD_FRAME 1136368982 CP HD_FRAMEGENERATOR
FL F:/PT8612/VHDL/xilinx/hdsdgen_x21/hd_framegenerator.vhd 2005/10/07.14:03:29 H.41
EN work/HD_FRAMEGENERATOR 1136368976 \
      FL F:/PT8612/VHDL/xilinx/hdsdgen_x21/hd_framegenerator.vhd \
      PB work/PACK_REVERSE_BIT_ORDER 1136368967 PB ieee/STD_LOGIC_1164 1106404628 \
      PB ieee/STD_LOGIC_UNSIGNED 1106404634 PB ieee/STD_LOGIC_ARITH 1106404630 \
      PB work/PACK_CRC 1136368969
AR work/HD_FRAMEGENERATOR/BEHAVIORAL 1136368977 \
      FL F:/PT8612/VHDL/xilinx/hdsdgen_x21/hd_framegenerator.vhd \
      EN work/HD_FRAMEGENERATOR 1136368976 CP XYZ
FL C:/MyProject/8612/hdsdgen_x12/scramtx20_top.vhd 2005/08/30.14:52:33 H.41
EN work/ALTERA_DDR_INPUT22 1127306554 FL C:/MyProject/8612/hdsdgen_x12/scramtx20_top.vhd \
      PB ieee/STD_LOGIC_1164 1106404628
AR work/ALTERA_DDR_INPUT22/SYN 1127306555 FL C:/MyProject/8612/hdsdgen_x12/scramtx20_top.vhd \
      EN work/ALTERA_DDR_INPUT22 1127306554 CP ALTDDIO_IN
EN work/ALTERA_DDR_OUTPUT11 1127306556 FL C:/MyProject/8612/hdsdgen_x12/scramtx20_top.vhd \
      PB ieee/STD_LOGIC_1164 1106404628
AR work/ALTERA_DDR_OUTPUT11/SYN 1127306557 \
      FL C:/MyProject/8612/hdsdgen_x12/scramtx20_top.vhd \
      EN work/ALTERA_DDR_OUTPUT11 1127306556 CP ALTDDIO_OUT
FL F:/PT8612/VHDL/xilinx/hdsdgen_x21/os_controller.vhd 2005/10/10.16:18:33 H.41
EN work/OS_CONTROLLER 1136368988   FL F:/PT8612/VHDL/xilinx/hdsdgen_x21/os_controller.vhd \
      PB ieee/STD_LOGIC_1164 1106404628 PB ieee/STD_LOGIC_ARITH 1106404630 \
      PB ieee/STD_LOGIC_UNSIGNED 1106404634
AR work/OS_CONTROLLER/BEHAVIORAL 1136368989 \
      FL F:/PT8612/VHDL/xilinx/hdsdgen_x21/os_controller.vhd \
      EN work/OS_CONTROLLER 1136368988
FL C:/MyProject/8612/hdsdgen_x12/smpte_292.vhd 2005/07/20.12:37:37 H.41
EN work/SMPTE_292 1127306566       FL C:/MyProject/8612/hdsdgen_x12/smpte_292.vhd \
      PB ieee/STD_LOGIC_1164 1106404628
AR work/SMPTE_292/STRUCTURE 1127306567 FL C:/MyProject/8612/hdsdgen_x12/smpte_292.vhd \
      EN work/SMPTE_292 1127306566 CP SCRAM20_TOP
FL F:/PT8612/VHDL/xilinx/hdsdgen_x21/pack_reverse_bit_order.vhd 2005/07/20.11:37:37 H.41
PH work/PACK_REVERSE_BIT_ORDER 1136368966 \
      FL F:/PT8612/VHDL/xilinx/hdsdgen_x21/pack_reverse_bit_order.vhd \
      PB ieee/STD_LOGIC_1164 1106404628
PB work/PACK_REVERSE_BIT_ORDER 1136368967 \
      FL F:/PT8612/VHDL/xilinx/hdsdgen_x21/pack_reverse_bit_order.vhd \
      PH work/PACK_REVERSE_BIT_ORDER 1136368966
FL X:/xw/8612/Xilinx_test/hdsdgen_x11/dcm1.vhd 2005/08/22.15:59:17 H.41
EN work/DCM1 1125406484            FL X:/xw/8612/Xilinx_test/hdsdgen_x11/dcm1.vhd \
      PB ieee/STD_LOGIC_1164 1106404628 PH ieee/NUMERIC_STD 1106404639
AR work/DCM1/BEHAVIORAL 1125406485 FL X:/xw/8612/Xilinx_test/hdsdgen_x11/dcm1.vhd \
      EN work/DCM1 1125406484 CP BUFG      CP IBUFG          CP DCM_ADV
FL F:/PT8612/VHDL/xilinx/hdsdgen_x21/RktIO_backup.vhd 2005/10/10.14:08:18 H.41
EN work/MY_GT11 1136368978         FL F:/PT8612/VHDL/xilinx/hdsdgen_x21/RktIO_backup.vhd \
      PB ieee/STD_LOGIC_1164 1106404628 PH ieee/NUMERIC_STD 1106404639 \
      PH unisim/VCOMPONENTS 1116003484
AR work/MY_GT11/BEHAVIORAL 1136368979 FL F:/PT8612/VHDL/xilinx/hdsdgen_x21/RktIO_backup.vhd \
      EN work/MY_GT11 1136368978 CP GT11
FL C:/MyProject/8612/hdsdgen_x12/altddio_in.vhd 2005/07/20.12:37:37 H.41
EN work/ALTDDIO_IN 1127306540      FL C:/MyProject/8612/hdsdgen_x12/altddio_in.vhd \
      PB ieee/STD_LOGIC_1164 1106404628 PB ieee/STD_LOGIC_ARITH 1106404630 \
      PB ieee/STD_LOGIC_UNSIGNED 1106404634
AR work/ALTDDIO_IN/BEHAVIORAL 1127306541 FL C:/MyProject/8612/hdsdgen_x12/altddio_in.vhd \
      EN work/ALTDDIO_IN 1127306540
FL X:/xw/8612/Xilinx_test/hdsdgen_x11/period_dual_count.vhd 2005/07/19.15:01:56 H.41
EN work/PERIOD_DUAL_COUNT 1125392731 \
      FL X:/xw/8612/Xilinx_test/hdsdgen_x11/period_dual_count.vhd \
      PB ieee/STD_LOGIC_1164 1106404628 PB ieee/STD_LOGIC_ARITH 1106404630 \
      PB ieee/STD_LOGIC_UNSIGNED 1106404634 PH unisim/VCOMPONENTS 1116003484
AR work/PERIOD_DUAL_COUNT/BEHAVIORAL 1125392732 \
      FL X:/xw/8612/Xilinx_test/hdsdgen_x11/period_dual_count.vhd \
      EN work/PERIOD_DUAL_COUNT 1125392731
FL F:/PT8612/VHDL/xilinx/hdsdgen_x21/crc.vhd 2005/07/20.11:37:37 H.41
PH work/PACK_CRC 1136368968        FL F:/PT8612/VHDL/xilinx/hdsdgen_x21/crc.vhd \
      PB ieee/STD_LOGIC_1164 1106404628
PB work/PACK_CRC 1136368969        FL F:/PT8612/VHDL/xilinx/hdsdgen_x21/crc.vhd \
      PH work/PACK_CRC 1136368968 PB ieee/STD_LOGIC_1164 1106404628
FL X:/xw/8612/Xilinx_test/hdsdgen_x11/sync_genlock_regen.vhd 2005/07/22.11:49:05 H.41
EN work/SYNC_GENLOCK_REGEN 1125392753 \
      FL X:/xw/8612/Xilinx_test/hdsdgen_x11/sync_genlock_regen.vhd \
      PB ieee/STD_LOGIC_1164 1106404628 PB ieee/STD_LOGIC_ARITH 1106404630 \
      PB ieee/STD_LOGIC_UNSIGNED 1106404634
AR work/SYNC_GENLOCK_REGEN/BEHAVIORAL 1125392754 \
      FL X:/xw/8612/Xilinx_test/hdsdgen_x11/sync_genlock_regen.vhd \
      EN work/SYNC_GENLOCK_REGEN 1125392753 CP PERIOD_DUAL_COUNT
FL X:/xw/8612/Xilinx_test/hdsdgen_x10/sd_framegenerator.vhd 2005/07/20.12:37:37 H.41
EN work/SD_FRAMEGENERATOR 1125055964 \
      FL X:/xw/8612/Xilinx_test/hdsdgen_x10/sd_framegenerator.vhd \
      PB ieee/STD_LOGIC_1164 1106404628 PB ieee/STD_LOGIC_ARITH 1106404630 \
      PB ieee/STD_LOGIC_UNSIGNED 1106404634
AR work/SD_FRAMEGENERATOR/BEHAVIORAL 1125055965 \
      FL X:/xw/8612/Xilinx_test/hdsdgen_x10/sd_framegenerator.vhd \
      EN work/SD_FRAMEGENERATOR 1125055964
FL F:/PT8612/VHDL/xilinx/hdsdgen_x21/hdvb0.vhd 2005/10/20.08:07:03 H.41
EN work/HDVB0 1136368990           FL F:/PT8612/VHDL/xilinx/hdsdgen_x21/hdvb0.vhd \
      PB work/PACK_REVERSE_BIT_ORDER 1136368967 PB ieee/STD_LOGIC_1164 1106404628 \
      PB ieee/STD_LOGIC_UNSIGNED 1106404634 PB ieee/STD_LOGIC_ARITH 1106404630
AR work/HDVB0/A 1136368991         FL F:/PT8612/VHDL/xilinx/hdsdgen_x21/hdvb0.vhd \
      EN work/HDVB0 1136368990 CP BUFG     CP MY_GT11        CP SERIAL_INTERFACE \
      CP HD_FRAME       CP SCRAM20_TOP    CP VIDEO_SM       CP OS_CONTROLLER
FL X:/xw/8612/Xilinx_test/hdsdgen_x10/SCRAMTX.VHD 2005/07/20.12:37:37 H.41
EN work/SCRAMTX 1125055968         FL X:/xw/8612/Xilinx_test/hdsdgen_x10/SCRAMTX.VHD \
      PB ieee/STD_LOGIC_1164 1106404628
AR work/SCRAMTX/ARCHSCRAM 1125055969 FL X:/xw/8612/Xilinx_test/hdsdgen_x10/SCRAMTX.VHD \
      EN work/SCRAMTX 1125055968
FL F:/PT8612/VHDL/xilinx/hdsdgen_x21/serial_interface.vhd 2005/08/05.12:52:20 H.41
EN work/SERIAL_INTERFACE 1136368980 \
      FL F:/PT8612/VHDL/xilinx/hdsdgen_x21/serial_interface.vhd \
      PB ieee/STD_LOGIC_1164 1106404628 PB ieee/STD_LOGIC_ARITH 1106404630 \
      PB ieee/STD_LOGIC_UNSIGNED 1106404634
AR work/SERIAL_INTERFACE/BEHAVIORAL 1136368981 \
      FL F:/PT8612/VHDL/xilinx/hdsdgen_x21/serial_interface.vhd \
      EN work/SERIAL_INTERFACE 1136368980
FL F:/PT8612/VHDL/xilinx/hdsdgen_x21/scramtx20.vhd 2005/10/21.08:35:39 H.41
EN work/SCRAM20 1136368974         FL F:/PT8612/VHDL/xilinx/hdsdgen_x21/scramtx20.vhd \
      PB ieee/STD_LOGIC_1164 1106404628
AR work/SCRAM20/ARCHSCRAM 1136368975 FL F:/PT8612/VHDL/xilinx/hdsdgen_x21/scramtx20.vhd \
      EN work/SCRAM20 1136368974
FL X:/xw/8612/Xilinx_test/hdsdgen_x10/sd_frame.vhd 2005/07/20.12:37:37 H.41
EN work/SD_FRAME 1125055976        FL X:/xw/8612/Xilinx_test/hdsdgen_x10/sd_frame.vhd \
      PB ieee/STD_LOGIC_1164 1106404628 PB ieee/STD_LOGIC_ARITH 1106404630 \
      PB ieee/STD_LOGIC_UNSIGNED 1106404634
AR work/SD_FRAME/BEHAVIORAL 1125055977 FL X:/xw/8612/Xilinx_test/hdsdgen_x10/sd_frame.vhd \
      EN work/SD_FRAME 1125055976 CP SD_FRAMEGENERATOR CP EDH
FL F:/PT8612/VHDL/xilinx/hdsdgen_x21/scramtx20_top.vhd 2005/10/07.14:35:06 H.41
EN work/SCRAM20_TOP 1136368984     FL F:/PT8612/VHDL/xilinx/hdsdgen_x21/scramtx20_top.vhd \
      PB ieee/STD_LOGIC_1164 1106404628
AR work/SCRAM20_TOP/BEHAVIOR 1136368985 \
      FL F:/PT8612/VHDL/xilinx/hdsdgen_x21/scramtx20_top.vhd EN work/SCRAM20_TOP 1136368984 \
      CP SCRAM20
FL X:/xw/8612/Xilinx_test/hdsdgen_x5/spi.vhd 2005/07/20.12:37:37 H.41
EN work/SPI 1122025876             FL X:/xw/8612/Xilinx_test/hdsdgen_x5/spi.vhd \
      PB ieee/STD_LOGIC_1164 1106404628 PB ieee/STD_LOGIC_UNSIGNED 1106404634 \
      PB ieee/STD_LOGIC_ARITH 1106404630
AR work/SPI/A 1122025877           FL X:/xw/8612/Xilinx_test/hdsdgen_x5/spi.vhd EN work/SPI 1122025876
FL C:/MyProject/8612/hdsdgen_x12/altddio_out.vhd 2005/07/20.12:37:37 H.41
EN work/ALTDDIO_OUT 1127306542     FL C:/MyProject/8612/hdsdgen_x12/altddio_out.vhd \
      PB ieee/STD_LOGIC_1164 1106404628 PB ieee/STD_LOGIC_ARITH 1106404630 \
      PB ieee/STD_LOGIC_UNSIGNED 1106404634
AR work/ALTDDIO_OUT/BEHAVIORAL 1127306543 FL C:/MyProject/8612/hdsdgen_x12/altddio_out.vhd \
      EN work/ALTDDIO_OUT 1127306542
FL X:/xw/8612/Xilinx_test/hdsdgen_x10/edh.vhd 2005/07/20.12:37:37 H.41
EN work/EDH 1125055966             FL X:/xw/8612/Xilinx_test/hdsdgen_x10/edh.vhd \
      PB ieee/STD_LOGIC_1164 1106404628 PB ieee/STD_LOGIC_UNSIGNED 1106404634 \
      PB ieee/STD_LOGIC_ARITH 1106404630 PB work/PACK_REVERSE_BIT_ORDER 1125055947 \
      PB work/PACK_CRC 1125055949
AR work/EDH/A 1125055967           FL X:/xw/8612/Xilinx_test/hdsdgen_x10/edh.vhd EN work/EDH 1125055966
