BL51 BANKED LINKER/LOCATER V5.15                                                        10/11/2010  10:34:16  PAGE 1


BL51 BANKED LINKER/LOCATER V5.15, INVOKED BY:
C:\SILABS\MCU\IDEFILES\C51\BIN\BL51.EXE PT8642.OBJ, MICRO.OBJ, PORTS.OBJ, LENVAL.OBJ, CMD.OBJ, EEPROM.OBJ, INI.OBJ, SER_
>> SPI.OBJ, SERIAL.OBJ TO A.ABS RS (256) OL


MEMORY MODEL: LARGE


INPUT MODULES INCLUDED:
  PT8642.OBJ (PT8642)
  MICRO.OBJ (MICRO)
  PORTS.OBJ (PORTS)
  LENVAL.OBJ (LENVAL)
  CMD.OBJ (CMD)
  EEPROM.OBJ (EEPROM)
  INI.OBJ (INI)
  SER_SPI.OBJ (SER_SPI)
  SERIAL.OBJ (SERIAL)
  C:\SILABS\MCU\IDEFILES\C51\LIB\C51L.LIB (?C_STARTUP)
  C:\SILABS\MCU\IDEFILES\C51\LIB\C51L.LIB (?C?CLDPTR)
  C:\SILABS\MCU\IDEFILES\C51\LIB\C51L.LIB (?C?CLDOPTR)
  C:\SILABS\MCU\IDEFILES\C51\LIB\C51L.LIB (?C?CILDPTR)
  C:\SILABS\MCU\IDEFILES\C51\LIB\C51L.LIB (?C?CSTPTR)
  C:\SILABS\MCU\IDEFILES\C51\LIB\C51L.LIB (?C?CSTOPTR)
  C:\SILABS\MCU\IDEFILES\C51\LIB\C51L.LIB (?C?IMUL)
  C:\SILABS\MCU\IDEFILES\C51\LIB\C51L.LIB (?C?IILDX)
  C:\SILABS\MCU\IDEFILES\C51\LIB\C51L.LIB (?C?ILDIX)
  C:\SILABS\MCU\IDEFILES\C51\LIB\C51L.LIB (?C?ILDPTR)
  C:\SILABS\MCU\IDEFILES\C51\LIB\C51L.LIB (?C?ILDOPTR)
  C:\SILABS\MCU\IDEFILES\C51\LIB\C51L.LIB (?C?ISTPTR)
  C:\SILABS\MCU\IDEFILES\C51\LIB\C51L.LIB (?C?ISTOPTR)
  C:\SILABS\MCU\IDEFILES\C51\LIB\C51L.LIB (?C?LMUL)
  C:\SILABS\MCU\IDEFILES\C51\LIB\C51L.LIB (?C?ULDIV)
  C:\SILABS\MCU\IDEFILES\C51\LIB\C51L.LIB (?C?SLDIV)
  C:\SILABS\MCU\IDEFILES\C51\LIB\C51L.LIB (?C?SLCMP)
  C:\SILABS\MCU\IDEFILES\C51\LIB\C51L.LIB (?C?SLSHR)
  C:\SILABS\MCU\IDEFILES\C51\LIB\C51L.LIB (?C?LSHL)
  C:\SILABS\MCU\IDEFILES\C51\LIB\C51L.LIB (?C?LLDOPTR)
  C:\SILABS\MCU\IDEFILES\C51\LIB\C51L.LIB (?C?LSTOPTR)
  C:\SILABS\MCU\IDEFILES\C51\LIB\C51L.LIB (?C?LSTXDATA)
  C:\SILABS\MCU\IDEFILES\C51\LIB\C51L.LIB (?C?LSTKXDATA)
  C:\SILABS\MCU\IDEFILES\C51\LIB\C51L.LIB (?C?LSTKOPTR)
  C:\SILABS\MCU\IDEFILES\C51\LIB\C51L.LIB (?C?ICALL)
  C:\SILABS\MCU\IDEFILES\C51\LIB\C51L.LIB (PRINTF)
  C:\SILABS\MCU\IDEFILES\C51\LIB\C51L.LIB (?C?STRCPY)
  C:\SILABS\MCU\IDEFILES\C51\LIB\C51L.LIB (STRLEN)
  C:\SILABS\MCU\IDEFILES\C51\LIB\C51L.LIB (?C_INIT)
  C:\SILABS\MCU\IDEFILES\C51\LIB\C51L.LIB (?C?LLDIDATA)
  C:\SILABS\MCU\IDEFILES\C51\LIB\C51L.LIB (?C?LLDXDATA)
  C:\SILABS\MCU\IDEFILES\C51\LIB\C51L.LIB (?C?LLDPDATA)
  C:\SILABS\MCU\IDEFILES\C51\LIB\C51L.LIB (?C?LLDCODE)
  C:\SILABS\MCU\IDEFILES\C51\LIB\C51L.LIB (?C?LSTIDATA)
  C:\SILABS\MCU\IDEFILES\C51\LIB\C51L.LIB (?C?LSTPDATA)
  C:\SILABS\MCU\IDEFILES\C51\LIB\C51L.LIB (?C?LSTKIDATA)
  C:\SILABS\MCU\IDEFILES\C51\LIB\C51L.LIB (?C?LSTKPDATA)
  C:\SILABS\MCU\IDEFILES\C51\LIB\C51L.LIB (?C?PLDIXDATA)
  C:\SILABS\MCU\IDEFILES\C51\LIB\C51L.LIB (?C?PSTXDATA)
  C:\SILABS\MCU\IDEFILES\C51\LIB\C51L.LIB (?C?CCASE)
BL51 BANKED LINKER/LOCATER V5.15                                                      10/11/2010  10:34:16  PAGE 2


  C:\SILABS\MCU\IDEFILES\C51\LIB\C51L.LIB (PUTCHAR)


LINK MAP OF MODULE:  A.ABS (PT8642)


            TYPE    BASE      LENGTH    RELOCATION   SEGMENT NAME
            -----------------------------------------------------

            * * * * * * *   D A T A   M E M O R Y   * * * * * * *
            REG     0000H     0008H     ABSOLUTE     "REG BANK 0"
            DATA    0008H     0005H     UNIT         _DATA_GROUP_
                    000DH     0013H                  *** GAP ***
            DATA    0020H     0001H     BIT_ADDR     ?BA?SERIAL
            BIT     0021H.0   0001H.1   UNIT         _BIT_GROUP_
            BIT     0022H.1   0000H.5   UNIT         ?BI?SER_SPI
            BIT     0022H.6   0000H.1   UNIT         ?BI?PT8642
                    0022H.7   0000H.1                *** GAP ***
            IDATA   0023H     003CH     UNIT         ?ID?SERIAL
            IDATA   005FH     0001H     UNIT         ?STACK

            * * * * * * *  X D A T A   M E M O R Y  * * * * * * *
            XDATA   0000H     013CH     UNIT         _XDATA_GROUP_
            XDATA   013CH     0058H     UNIT         ?XD?SER_SPI
            XDATA   0194H     0048H     UNIT         ?XD?MICRO
            XDATA   01DCH     0038H     UNIT         ?XD?CMD
            XDATA   0214H     0004H     UNIT         ?XD?PORTS
            XDATA   0218H     0004H     UNIT         ?XD?SERIAL
            XDATA   021CH     0002H     UNIT         ?XD?EEPROM

            * * * * * * *   C O D E   M E M O R Y   * * * * * * *
            CODE    0000H     0003H     ABSOLUTE     
            CODE    0003H     0020H     UNIT         ?PR?WRITEUSERTEXTCOMMAND?CMD
            CODE    0023H     0003H     ABSOLUTE     
            CODE    0026H     0003H     UNIT         ?PR?I2CINIT?EEPROM
                    0029H     0002H                  *** GAP ***
            CODE    002BH     0003H     ABSOLUTE     
            CODE    002EH     054BH     UNIT         ?C?LIB_CODE
            CODE    0579H     0365H     UNIT         ?PR?PRINTF?PRINTF
            CODE    08DEH     02D2H     UNIT         ?CO?CMD
            CODE    0BB0H     0292H     UNIT         ?PR?_XSVFGOTOTAPSTATE?MICRO
            CODE    0E42H     0245H     UNIT         ?PR?_GENTEXTCOMMAND?CMD
            CODE    1087H     0217H     UNIT         ?PR?CHARHANDLER?SER_SPI
            CODE    129EH     01B2H     UNIT         ?PR?_XSVFSHIFT?MICRO
            CODE    1450H     0178H     UNIT         ?PR?_XSVFRUN?MICRO
            CODE    15C8H     016FH     UNIT         ?PR?_XSVFSHIFTONLY?MICRO
            CODE    1737H     0155H     UNIT         ?PR?MICRO
            CODE    188CH     012FH     UNIT         ?PR?RS232BREAK?SER_SPI
            CODE    19BBH     00E9H     UNIT         ?PR?COMMANDEXECUTE?CMD
            CODE    1AA4H     00A2H     UNIT         ?PR?JTAGMODE?CMD
            CODE    1B46H     009AH     UNIT         ?PR?_XSVFDOXWAIT?MICRO
            CODE    1BE0H     0098H     UNIT         ?PR?_XSVFDOXSDR?MICRO
            CODE    1C78H     0097H     UNIT         ?PR?_WRITEVAL?SER_SPI
            CODE    1D0FH     0096H     UNIT         ?PR?_VALUE?LENVAL
            CODE    1DA5H     0094H     UNIT         ?PR?_XSVFDOXSIR2?MICRO
            CODE    1E39H     0092H     UNIT         ?PR?_XSVFDOXSDRTDOBCE?MICRO
            CODE    1ECBH     0090H     UNIT         ?PR?_XSVFDOXSDRTDO?MICRO
BL51 BANKED LINKER/LOCATER V5.15                                                      10/11/2010  10:34:16  PAGE 3


            CODE    1F5BH     008FH     UNIT         ?PR?_XSVFBASICXSDRTDO?MICRO
            CODE    1FEAH     008CH     UNIT         ?C_C51STARTUP
            CODE    2076H     0080H     UNIT         ?CO?SER_SPI
            CODE    20F6H     007FH     UNIT         ?PR?CONFIG?INI
            CODE    2175H     007EH     UNIT         ?PR?_XSVFDOXSIR?MICRO
            CODE    21F3H     007EH     UNIT         ?PR?_SEQREADE2PROM?EEPROM
            CODE    2271H     007DH     UNIT         ?PR?_XSVFDOXSDRBCE?MICRO
            CODE    22EEH     007CH     UNIT         ?PR?SER_SPI
            CODE    236AH     0079H     UNIT         ?PR?_EQUALLENVAL?LENVAL
            CODE    23E3H     0076H     UNIT         ?PR?CMD
            CODE    2459H     006FH     UNIT         ?PR?_XSVFDOXSDRSIZE?MICRO
            CODE    24C8H     006EH     UNIT         ?PR?_PAGEWRITEE2PROM?EEPROM
            CODE    2536H     006CH     UNIT         ?PR?_I2CMASTERWRITE?EEPROM
            CODE    25A2H     0066H     UNIT         ?PR?_WAITTIME?PORTS
            CODE    2608H     0065H     UNIT         ?PR?I2CSTOP?EEPROM
            CODE    266DH     0064H     UNIT         ?PR?_XSVFDOXENDXR?MICRO
            CODE    26D1H     0061H     UNIT         ?PR?_GETCH?SERIAL
            CODE    2732H     005EH     UNIT         ?PR?_I2CMASTERREAD?EEPROM
            CODE    2790H     005AH     UNIT         ?C_INITSEG
            CODE    27EAH     005AH     UNIT         ?PR?_SETPORT?PORTS
            CODE    2844H     0059H     UNIT         ?PR?_XSVFINFOINIT?MICRO
            CODE    289DH     0058H     UNIT         ?PR?_SEND?SER_SPI
            CODE    28F5H     004FH     UNIT         ?PR?MANUALMODE?CMD
            CODE    2944H     004AH     UNIT         ?PR?_READVAL?LENVAL
            CODE    298EH     0046H     UNIT         ?PR?PORTS
            CODE    29D4H     0044H     UNIT         ?C?LDIV
            CODE    2A18H     0043H     UNIT         ?PR?_WRITESTRING?SER_SPI
            CODE    2A5BH     0040H     UNIT         ?PR?_XSVFINITIALIZE?MICRO
            CODE    2A9BH     0039H     UNIT         ?PR?LENVAL
            CODE    2AD4H     0038H     UNIT         ?PR?_GENDELAYCOMMAND?CMD
            CODE    2B0CH     0033H     UNIT         ?PR?_GENTEXTPOSCOMMAND?CMD
            CODE    2B3FH     0031H     UNIT         ?PR?_RECEIVE_BYTE?SER_SPI
            CODE    2B70H     0030H     UNIT         ?PR?_ACK_POL_R?EEPROM
            CODE    2BA0H     002DH     UNIT         ?PR?XSVFEXECUTE?MICRO
            CODE    2BCDH     002CH     UNIT         ?PR?_XSVFDOXRUNTEST?MICRO
            CODE    2BF9H     002CH     UNIT         ?PR?READUSERTEXTCOMMAND?CMD
            CODE    2C25H     002BH     UNIT         ?PR?_SPI_TRANSFER?SER_SPI
            CODE    2C50H     002AH     UNIT         ?PR?RS232INIT?SER_SPI
            CODE    2C7AH     0029H     UNIT         ?PR?_XSVFDOXTDOMASK?MICRO
            CODE    2CA3H     0029H     UNIT         ?PR?_XSVFDOXSTATE?MICRO
            CODE    2CCCH     0029H     UNIT         ?PR?I2CSTART?EEPROM
            CODE    2CF5H     0027H     UNIT         ?PR?_GENAUDIOCLICKTIMECOMMAND?CMD
            CODE    2D1CH     0027H     UNIT         ?PR?EEPROM
            CODE    2D43H     0027H     UNIT         ?PR?PUTCHAR?PUTCHAR
            CODE    2D6AH     0025H     UNIT         ?PR?_XSVFDOXCOMMENT?MICRO
            CODE    2D8FH     0025H     UNIT         ?PR?_GENAUDIOSIGNALCOMMAND?CMD
            CODE    2DB4H     0022H     UNIT         ?PR?UNITADDRESSCOMMAND?CMD
            CODE    2DD6H     001FH     UNIT         ?PR?_TIMER2_INIT?SERIAL
            CODE    2DF5H     001DH     UNIT         ?PR?TIMER2_ISR?SERIAL
            CODE    2E12H     001AH     UNIT         ?PR?_GENATTRIBCOMMAND?CMD
            CODE    2E2CH     001AH     UNIT         ?PR?_GENINTERFACECOMMAND?CMD
            CODE    2E46H     001AH     UNIT         ?PR?_GENAUDIOLEVELCOMMAND?CMD
            CODE    2E60H     001AH     UNIT         ?PR?_GENTEXTSCALECOMMAND?CMD
            CODE    2E7AH     001AH     UNIT         ?PR?_GENTEXTCOLORCOMMAND?CMD
            CODE    2E94H     001AH     UNIT         ?PR?_GENTEXTMOVCOMMAND?CMD
            CODE    2EAEH     001AH     UNIT         ?PR?_GENTEXTONOFFCOMMAND?CMD
            CODE    2EC8H     0019H     UNIT         ?PR?MAIN?PT8642
BL51 BANKED LINKER/LOCATER V5.15                                                      10/11/2010  10:34:16  PAGE 4


            CODE    2EE1H     0018H     UNIT         ?PR?_GENSYSTEMCOMMAND?CMD
            CODE    2EF9H     0018H     UNIT         ?PR?_GENPATTERNCOMMAND?CMD
            CODE    2F11H     0018H     UNIT         ?PR?_IS_TEXT?CMD
            CODE    2F29H     0018H     UNIT         ?PR?SERINT0?SERIAL
            CODE    2F41H     0017H     UNIT         ?PR?_XSVFGETASNUMBYTES?MICRO
            CODE    2F58H     0016H     UNIT         ?PR?READTDOBIT?PORTS
            CODE    2F6EH     0015H     UNIT         ?PR?FLUSH?SERIAL
            CODE    2F83H     0015H     UNIT         ?PR?_STRLEN?STRLEN
            CODE    2F98H     0014H     UNIT         ?PR?_XSVFTMSTRANSITION?MICRO
            CODE    2FACH     0013H     UNIT         ?PR?CHECK_SCL?EEPROM
            CODE    2FBFH     0011H     UNIT         ?PR?TESTINPUTBUFFER?SER_SPI
            CODE    2FD0H     0010H     UNIT         ?PR?READHWVERSIONCOMMAND?CMD
            CODE    2FE0H     0010H     UNIT         ?PR?READHWINFORMATIONCOMMAND?CMD
            CODE    2FF0H     000FH     UNIT         ?PR?_WRITECHAR?SER_SPI
            CODE    2FFFH     000EH     UNIT         ?PR?_XSVFDOXREPEAT?MICRO
            CODE    300DH     000EH     UNIT         ?PR?READSWVERSIONCOMMAND?CMD
            CODE    301BH     000DH     UNIT         ?PR?DELAY?SERIAL
            CODE    3028H     000CH     UNIT         ?PR?PULSECLOCK?PORTS
            CODE    3034H     000BH     UNIT         ?PR?_XSVFDOILLEGALCMD?MICRO
            CODE    303FH     0009H     UNIT         ?PR?_XSVFDOXCOMPLETE?MICRO
            CODE    3048H     0009H     UNIT         ?PR?_READBYTE?PORTS
            CODE    3051H     0008H     UNIT         ?PR?SERINIT?SERIAL
            CODE    3059H     0008H     UNIT         ?PR?_PUTCH?SERIAL



OVERLAY MAP OF MODULE:   A.ABS (PT8642)


SEGMENT                                      BIT_GROUP          DATA_GROUP          XDATA_GROUP
  +--> CALLED SEGMENT                     START    LENGTH     START    LENGTH     START    LENGTH
-------------------------------------------------------------------------------------------------
?PR?RS232BREAK?SER_SPI                    -----    -----      -----    -----      -----    -----
  +--> ?PR?SERINT0?SERIAL
  +--> ?CO?SER_SPI
  +--> ?PR?SER_SPI

?PR?SER_SPI                               -----    -----      -----    -----      -----    -----
  +--> ?PR?_SPI_TRANSFER?SER_SPI

*** NEW ROOT ***************************************************

?C_C51STARTUP                             -----    -----      -----    -----      -----    -----
  +--> ?PR?MAIN?PT8642
  +--> ?C_INITSEG

?PR?MAIN?PT8642                           -----    -----      -----    -----      -----    -----
  +--> ?PR?CONFIG?INI
  +--> ?PR?RS232INIT?SER_SPI
  +--> ?PR?I2CINIT?EEPROM
  +--> ?PR?TESTINPUTBUFFER?SER_SPI
  +--> ?PR?CHARHANDLER?SER_SPI

?PR?CHARHANDLER?SER_SPI                   -----    -----      -----    -----      -----    -----
  +--> ?PR?SER_SPI
  +--> ?CO?SER_SPI
  +--> ?PR?COMMANDEXECUTE?CMD
BL51 BANKED LINKER/LOCATER V5.15                                                      10/11/2010  10:34:16  PAGE 5



?PR?COMMANDEXECUTE?CMD                    -----    -----      -----    -----      -----    -----
  +--> ?CO?CMD
  +--> ?PR?UNITADDRESSCOMMAND?CMD
  +--> ?PR?WRITEUSERTEXTCOMMAND?CMD
  +--> ?PR?READUSERTEXTCOMMAND?CMD
  +--> ?PR?READSWVERSIONCOMMAND?CMD
  +--> ?PR?READHWVERSIONCOMMAND?CMD
  +--> ?PR?READHWINFORMATIONCOMMAND?CMD
  +--> ?PR?_GENSYSTEMCOMMAND?CMD
  +--> ?PR?_GENPATTERNCOMMAND?CMD
  +--> ?PR?_GENATTRIBCOMMAND?CMD
  +--> ?PR?_GENDELAYCOMMAND?CMD
  +--> ?PR?_GENAUDIOCLICKTIMECOMMAND?CMD
  +--> ?PR?_GENAUDIOSIGNALCOMMAND?CMD
  +--> ?PR?_GENAUDIOLEVELCOMMAND?CMD
  +--> ?PR?_GENTEXTPOSCOMMAND?CMD
  +--> ?PR?_GENTEXTSCALECOMMAND?CMD
  +--> ?PR?_GENTEXTCOLORCOMMAND?CMD
  +--> ?PR?_GENTEXTMOVCOMMAND?CMD
  +--> ?PR?_GENTEXTONOFFCOMMAND?CMD
  +--> ?PR?_GENTEXTCOMMAND?CMD
  +--> ?PR?JTAGMODE?CMD
  +--> ?PR?MANUALMODE?CMD
  +--> ?PR?_GENINTERFACECOMMAND?CMD

?PR?UNITADDRESSCOMMAND?CMD                -----    -----      -----    -----      -----    -----
  +--> ?PR?CMD
  +--> ?PR?_WRITECHAR?SER_SPI
  +--> ?PR?_WRITEVAL?SER_SPI

?PR?_WRITEVAL?SER_SPI                     -----    -----      -----    -----      0000H    000BH
  +--> ?PR?SER_SPI
  +--> ?PR?_WRITECHAR?SER_SPI

?PR?WRITEUSERTEXTCOMMAND?CMD              -----    -----      -----    -----      -----    -----
  +--> ?PR?CMD
  +--> ?PR?_PAGEWRITEE2PROM?EEPROM

?PR?_PAGEWRITEE2PROM?EEPROM               -----    -----      -----    -----      0000H    0007H
  +--> ?PR?EEPROM
  +--> ?PR?I2CSTART?EEPROM
  +--> ?PR?_I2CMASTERWRITE?EEPROM
  +--> ?PR?I2CSTOP?EEPROM
  +--> ?PR?_ACK_POL_R?EEPROM

?PR?_I2CMASTERWRITE?EEPROM                -----    -----      -----    -----      -----    -----
  +--> ?PR?CHECK_SCL?EEPROM

?PR?CHECK_SCL?EEPROM                      -----    -----      -----    -----      -----    -----
  +--> ?PR?EEPROM

?PR?I2CSTOP?EEPROM                        -----    -----      -----    -----      -----    -----
  +--> ?PR?EEPROM
  +--> ?PR?CHECK_SCL?EEPROM

?PR?_ACK_POL_R?EEPROM                     -----    -----      -----    -----      0007H    0002H
BL51 BANKED LINKER/LOCATER V5.15                                                      10/11/2010  10:34:16  PAGE 6


  +--> ?PR?I2CSTART?EEPROM
  +--> ?PR?_I2CMASTERWRITE?EEPROM
  +--> ?PR?_I2CMASTERREAD?EEPROM
  +--> ?PR?I2CSTOP?EEPROM

?PR?_I2CMASTERREAD?EEPROM                 -----    -----      -----    -----      -----    -----
  +--> ?PR?CHECK_SCL?EEPROM

?PR?READUSERTEXTCOMMAND?CMD               -----    -----      -----    -----      -----    -----
  +--> ?PR?CMD
  +--> ?PR?_SEQREADE2PROM?EEPROM
  +--> ?PR?_WRITESTRING?SER_SPI

?PR?_SEQREADE2PROM?EEPROM                 -----    -----      -----    -----      0000H    0007H
  +--> ?PR?EEPROM
  +--> ?PR?I2CSTART?EEPROM
  +--> ?PR?_I2CMASTERWRITE?EEPROM
  +--> ?PR?I2CSTOP?EEPROM
  +--> ?PR?_I2CMASTERREAD?EEPROM

?PR?_WRITESTRING?SER_SPI                  -----    -----      -----    -----      000AH    0003H
  +--> ?PR?_WRITECHAR?SER_SPI
  +--> ?PR?SER_SPI

?PR?READSWVERSIONCOMMAND?CMD              -----    -----      -----    -----      -----    -----
  +--> ?PR?CMD
  +--> ?PR?_WRITEVAL?SER_SPI

?PR?READHWVERSIONCOMMAND?CMD              -----    -----      -----    -----      -----    -----
  +--> ?PR?CMD
  +--> ?PR?_WRITEVAL?SER_SPI

?PR?READHWINFORMATIONCOMMAND?CMD          -----    -----      -----    -----      -----    -----
  +--> ?PR?CMD
  +--> ?PR?_WRITEVAL?SER_SPI

?PR?_GENSYSTEMCOMMAND?CMD                 -----    -----      -----    -----      0000H    0001H
  +--> ?PR?CMD
  +--> ?PR?_SEND?SER_SPI

?PR?_SEND?SER_SPI                         -----    -----      -----    -----      000FH    000BH
  +--> ?PR?SER_SPI
  +--> ?PR?_SPI_TRANSFER?SER_SPI

?PR?_GENPATTERNCOMMAND?CMD                -----    -----      -----    -----      0000H    0001H
  +--> ?PR?CMD
  +--> ?PR?_SEND?SER_SPI

?PR?_GENATTRIBCOMMAND?CMD                 -----    -----      -----    -----      0000H    0001H
  +--> ?PR?CMD
  +--> ?PR?_SEND?SER_SPI

?PR?_GENDELAYCOMMAND?CMD                  -----    -----      -----    -----      0000H    0004H
  +--> ?PR?CMD
  +--> ?PR?_SEND?SER_SPI

?PR?_GENAUDIOCLICKTIMECOMMAND?CMD         -----    -----      -----    -----      0000H    0002H
BL51 BANKED LINKER/LOCATER V5.15                                                      10/11/2010  10:34:16  PAGE 7


  +--> ?PR?CMD
  +--> ?PR?_SEND?SER_SPI

?PR?_GENAUDIOSIGNALCOMMAND?CMD            -----    -----      -----    -----      0000H    0001H
  +--> ?PR?CMD
  +--> ?PR?_SEND?SER_SPI

?PR?_GENAUDIOLEVELCOMMAND?CMD             -----    -----      -----    -----      0000H    0001H
  +--> ?PR?CMD
  +--> ?PR?_SEND?SER_SPI

?PR?_GENTEXTPOSCOMMAND?CMD                -----    -----      -----    -----      0000H    0004H
  +--> ?PR?CMD
  +--> ?PR?_SEND?SER_SPI

?PR?_GENTEXTSCALECOMMAND?CMD              -----    -----      -----    -----      0000H    0001H
  +--> ?PR?CMD
  +--> ?PR?_SEND?SER_SPI

?PR?_GENTEXTCOLORCOMMAND?CMD              -----    -----      -----    -----      0000H    0001H
  +--> ?PR?CMD
  +--> ?PR?_SEND?SER_SPI

?PR?_GENTEXTMOVCOMMAND?CMD                -----    -----      -----    -----      0000H    0001H
  +--> ?PR?CMD
  +--> ?PR?_SEND?SER_SPI

?PR?_GENTEXTONOFFCOMMAND?CMD              -----    -----      -----    -----      0000H    0001H
  +--> ?PR?CMD
  +--> ?PR?_SEND?SER_SPI

?PR?_GENTEXTCOMMAND?CMD                   -----    -----      -----    -----      0000H    000FH
  +--> ?PR?CMD
  +--> ?PR?_STRLEN?STRLEN
  +--> ?PR?_IS_TEXT?CMD
  +--> ?PR?_SEND?SER_SPI
  +--> ?PR?_SPI_TRANSFER?SER_SPI
  +--> ?CO?CMD

?PR?JTAGMODE?CMD                          -----    -----      -----    -----      0000H    003DH
  +--> ?PR?DELAY?SERIAL
  +--> ?PR?SERINIT?SERIAL
  +--> ?PR?FLUSH?SERIAL
  +--> ?PR?_GETCH?SERIAL
  +--> ?PR?XSVFEXECUTE?MICRO
  +--> ?PR?_PUTCH?SERIAL

?PR?DELAY?SERIAL                          -----    -----      -----    -----      -----    -----
  +--> ?PR?_TIMER2_INIT?SERIAL

?PR?_GETCH?SERIAL                         -----    -----      -----    -----      010BH    0003H
  +--> ?PR?_PUTCH?SERIAL
  +--> ?PR?_TIMER2_INIT?SERIAL

?PR?XSVFEXECUTE?MICRO                     -----    -----      -----    -----      003DH    00A6H
  +--> ?PR?_XSVFINITIALIZE?MICRO
  +--> ?PR?_XSVFRUN?MICRO
BL51 BANKED LINKER/LOCATER V5.15                                                      10/11/2010  10:34:16  PAGE 8



?PR?_XSVFINITIALIZE?MICRO                 -----    -----      -----    -----      00E3H    0003H
  +--> ?PR?MICRO
  +--> ?PR?_XSVFINFOINIT?MICRO
  +--> ?PR?_XSVFGOTOTAPSTATE?MICRO

?PR?MICRO                                 -----    -----      -----    -----      -----    -----
  +--> ?PR?_XSVFGETASNUMBYTES?MICRO

?PR?_XSVFINFOINIT?MICRO                   -----    -----      -----    -----      -----    -----
  +--> ?PR?MICRO

?PR?_XSVFGOTOTAPSTATE?MICRO               -----    -----      -----    -----      0126H    0008H
  +--> ?PR?MICRO
  +--> ?PR?_XSVFTMSTRANSITION?MICRO
  +--> ?PR?_SETPORT?PORTS

?PR?_XSVFTMSTRANSITION?MICRO              -----    -----      -----    -----      -----    -----
  +--> ?PR?_SETPORT?PORTS

?PR?_XSVFRUN?MICRO                        -----    -----      -----    -----      00E3H    0003H
  +--> ?PR?MICRO
  +--> ?PR?_READBYTE?PORTS
  +--> ?PR?_XSVFDOXCOMPLETE?MICRO
  +--> ?PR?_XSVFDOXTDOMASK?MICRO
  +--> ?PR?_XSVFDOXSIR?MICRO
  +--> ?PR?_XSVFDOXSDR?MICRO
  +--> ?PR?_XSVFDOXRUNTEST?MICRO
  +--> ?PR?_XSVFDOXREPEAT?MICRO
  +--> ?PR?_XSVFDOXSDRSIZE?MICRO
  +--> ?PR?_XSVFDOXSDRTDO?MICRO
  +--> ?PR?_XSVFDOXSDRBCE?MICRO
  +--> ?PR?_XSVFDOXSDRTDOBCE?MICRO
  +--> ?PR?_XSVFDOXSTATE?MICRO
  +--> ?PR?_XSVFDOXENDXR?MICRO
  +--> ?PR?_XSVFDOXSIR2?MICRO
  +--> ?PR?_XSVFDOXCOMMENT?MICRO
  +--> ?PR?_XSVFDOXWAIT?MICRO
  +--> ?PR?_XSVFDOILLEGALCMD?MICRO

?PR?_READBYTE?PORTS                       -----    -----      -----    -----      010AH    0001H
  +--> ?PR?_GETCH?SERIAL

?PR?_XSVFDOXTDOMASK?MICRO                 -----    -----      -----    -----      00E6H    0003H
  +--> ?PR?MICRO
  +--> ?PR?_READVAL?LENVAL

?PR?_READVAL?LENVAL                       -----    -----      -----    -----      0105H    0005H
  +--> ?PR?LENVAL
  +--> ?PR?_READBYTE?PORTS

?PR?_XSVFDOXSIR?MICRO                     -----    -----      -----    -----      00E6H    0006H
  +--> ?PR?MICRO
  +--> ?PR?_READBYTE?PORTS
  +--> ?PR?_XSVFGETASNUMBYTES?MICRO
  +--> ?PR?_READVAL?LENVAL
  +--> ?PR?_XSVFSHIFT?MICRO
BL51 BANKED LINKER/LOCATER V5.15                                                      10/11/2010  10:34:16  PAGE 9



?PR?_XSVFSHIFT?MICRO                      -----    -----      -----    -----      0105H    0021H
  +--> ?PR?MICRO
  +--> ?PR?_XSVFGOTOTAPSTATE?MICRO
  +--> ?PR?_WAITTIME?PORTS
  +--> ?PR?_XSVFSHIFTONLY?MICRO
  +--> ?PR?_EQUALLENVAL?LENVAL

?PR?_WAITTIME?PORTS                       -----    -----      -----    -----      0126H    0008H
  +--> ?PR?PORTS

?PR?PORTS                                 -----    -----      -----    -----      -----    -----
  +--> ?PR?PULSECLOCK?PORTS

?PR?PULSECLOCK?PORTS                      -----    -----      -----    -----      -----    -----
  +--> ?PR?_SETPORT?PORTS

?PR?_XSVFSHIFTONLY?MICRO                  -----    -----      -----    -----      0126H    0016H
  +--> ?PR?MICRO
  +--> ?PR?_SETPORT?PORTS
  +--> ?PR?READTDOBIT?PORTS

?PR?_EQUALLENVAL?LENVAL                   -----    -----      -----    -----      0126H    000DH
  +--> ?PR?LENVAL

?PR?_XSVFDOXSDR?MICRO                     -----    -----      -----    -----      00E6H    0003H
  +--> ?PR?MICRO
  +--> ?PR?_READVAL?LENVAL
  +--> ?PR?_XSVFSHIFT?MICRO

?PR?_XSVFDOXRUNTEST?MICRO                 -----    -----      -----    -----      00E6H    0003H
  +--> ?PR?MICRO
  +--> ?PR?_READVAL?LENVAL
  +--> ?PR?_VALUE?LENVAL

?PR?_VALUE?LENVAL                         -----    -----      -----    -----      00EFH    0009H
  +--> ?PR?LENVAL

?PR?_XSVFDOXREPEAT?MICRO                  -----    -----      -----    -----      -----    -----
  +--> ?PR?_READBYTE?PORTS

?PR?_XSVFDOXSDRSIZE?MICRO                 -----    -----      -----    -----      00E6H    0005H
  +--> ?PR?MICRO
  +--> ?PR?_READVAL?LENVAL
  +--> ?PR?_VALUE?LENVAL
  +--> ?PR?_XSVFGETASNUMBYTES?MICRO

?PR?_XSVFDOXSDRTDO?MICRO                  -----    -----      -----    -----      00E6H    0003H
  +--> ?PR?MICRO
  +--> ?PR?_XSVFBASICXSDRTDO?MICRO

?PR?_XSVFBASICXSDRTDO?MICRO               -----    -----      -----    -----      00EAH    001BH
  +--> ?PR?MICRO
  +--> ?PR?_XSVFSHIFT?MICRO
  +--> ?PR?_READVAL?LENVAL

?PR?_XSVFDOXSDRBCE?MICRO                  -----    -----      -----    -----      00E6H    0004H
BL51 BANKED LINKER/LOCATER V5.15                                                      10/11/2010  10:34:16  PAGE 10


  +--> ?PR?MICRO
  +--> ?PR?_XSVFBASICXSDRTDO?MICRO

?PR?_XSVFDOXSDRTDOBCE?MICRO               -----    -----      -----    -----      00E6H    0004H
  +--> ?PR?MICRO
  +--> ?PR?_XSVFBASICXSDRTDO?MICRO

?PR?_XSVFDOXSTATE?MICRO                   -----    -----      -----    -----      00E6H    0004H
  +--> ?PR?MICRO
  +--> ?PR?_READBYTE?PORTS
  +--> ?PR?_XSVFGOTOTAPSTATE?MICRO

?PR?_XSVFDOXENDXR?MICRO                   -----    -----      -----    -----      00E6H    0006H
  +--> ?PR?MICRO
  +--> ?PR?_READBYTE?PORTS

?PR?_XSVFDOXSIR2?MICRO                    -----    -----      -----    -----      00E6H    0009H
  +--> ?PR?MICRO
  +--> ?PR?_READVAL?LENVAL
  +--> ?PR?_VALUE?LENVAL
  +--> ?PR?_XSVFGETASNUMBYTES?MICRO
  +--> ?PR?_XSVFSHIFT?MICRO

?PR?_XSVFDOXCOMMENT?MICRO                 -----    -----      -----    -----      00E6H    0004H
  +--> ?PR?MICRO
  +--> ?PR?_READBYTE?PORTS

?PR?_XSVFDOXWAIT?MICRO                    -----    -----      -----    -----      00E6H    0009H
  +--> ?PR?MICRO
  +--> ?PR?_READVAL?LENVAL
  +--> ?PR?_VALUE?LENVAL
  +--> ?PR?_XSVFGOTOTAPSTATE?MICRO
  +--> ?PR?_WAITTIME?PORTS

?PR?_XSVFDOILLEGALCMD?MICRO               -----    -----      -----    -----      -----    -----
  +--> ?PR?MICRO

?PR?MANUALMODE?CMD                        -----    -----      -----    -----      0000H    000AH
  +--> ?PR?CMD
  +--> ?PR?_RECEIVE_BYTE?SER_SPI
  +--> ?CO?CMD
  +--> ?PR?PRINTF?PRINTF
  +--> ?PR?_WRITESTRING?SER_SPI

?PR?_RECEIVE_BYTE?SER_SPI                 -----    -----      -----    -----      000AH    0005H
  +--> ?PR?SER_SPI
  +--> ?PR?_SPI_TRANSFER?SER_SPI

?PR?PRINTF?PRINTF                         0021H.0  0001H.1    0008H    0005H      000AH    0028H
  +--> ?PR?PUTCHAR?PUTCHAR

?PR?_GENINTERFACECOMMAND?CMD              -----    -----      -----    -----      0000H    0001H
  +--> ?PR?CMD
  +--> ?PR?_SEND?SER_SPI

?C_INITSEG                                -----    -----      -----    -----      -----    -----
  +--> ?PR?_XSVFDOXCOMPLETE?MICRO
BL51 BANKED LINKER/LOCATER V5.15                                                      10/11/2010  10:34:16  PAGE 11


  +--> ?PR?_XSVFDOXTDOMASK?MICRO
  +--> ?PR?_XSVFDOXSIR?MICRO
  +--> ?PR?_XSVFDOXSDR?MICRO
  +--> ?PR?_XSVFDOXRUNTEST?MICRO
  +--> ?PR?_XSVFDOILLEGALCMD?MICRO
  +--> ?PR?_XSVFDOXREPEAT?MICRO
  +--> ?PR?_XSVFDOXSDRSIZE?MICRO
  +--> ?PR?_XSVFDOXSDRTDO?MICRO
  +--> ?PR?_XSVFDOXSDRBCE?MICRO
  +--> ?PR?_XSVFDOXSDRTDOBCE?MICRO
  +--> ?PR?_XSVFDOXSTATE?MICRO
  +--> ?PR?_XSVFDOXENDXR?MICRO
  +--> ?PR?_XSVFDOXSIR2?MICRO
  +--> ?PR?_XSVFDOXCOMMENT?MICRO
  +--> ?PR?_XSVFDOXWAIT?MICRO



SYMBOL TABLE OF MODULE:  A.ABS (PT8642)

  VALUE           TYPE          NAME
  ----------------------------------

  -------         MODULE        PT8642
  C:0000H         SYMBOL        _ICE_DUMMY_
  D:0080H         PUBLIC        P0
  D:0090H         PUBLIC        P1
  B:0080H.7       PUBLIC        LEVOK
  B:0022H.6       PUBLIC        jtag_flag
  C:2EC8H         PUBLIC        main
  B:0090H.2       PUBLIC        LED
  -------         PROC          MAIN
  C:2EC8H         LINE#         47
  C:2EC8H         LINE#         48
  C:2EC8H         LINE#         49
  C:2ECBH         LINE#         50
  C:2ECDH         LINE#         52
  C:2ED0H         LINE#         54
  C:2ED3H         LINE#         56
  C:2ED5H         LINE#         57
  C:2ED7H         LINE#         59
  C:2ED7H         LINE#         60
  C:2ED7H         LINE#         61
  C:2EDCH         LINE#         62
  C:2EDFH         LINE#         63
  -------         ENDPROC       MAIN
  -------         ENDMOD        PT8642

  -------         MODULE        MICRO
  C:0000H         SYMBOL        _ICE_DUMMY_
  C:1ECBH         PUBLIC        _xsvfDoXSDRTDO
  C:2F98H         PUBLIC        _xsvfTmsTransition
  C:303FH         PUBLIC        _xsvfDoXCOMPLETE
  C:1BE0H         PUBLIC        _xsvfDoXSDR
  C:2BA0H         PUBLIC        xsvfExecute
  C:2175H         PUBLIC        _xsvfDoXSIR
  C:129EH         PUBLIC        _xsvfShift
BL51 BANKED LINKER/LOCATER V5.15                                                      10/11/2010  10:34:16  PAGE 12


  C:3034H         PUBLIC        _xsvfDoIllegalCmd
  C:266DH         PUBLIC        _xsvfDoXENDXR
  C:2CA3H         PUBLIC        _xsvfDoXSTATE
  C:1F5BH         PUBLIC        _xsvfBasicXSDRTDO
  C:2F41H         PUBLIC        _xsvfGetAsNumBytes
  C:2A5BH         PUBLIC        _xsvfInitialize
  X:0194H         PUBLIC        xsvf_pfDoCmd
  C:2D6AH         PUBLIC        _xsvfDoXCOMMENT
  C:2C7AH         PUBLIC        _xsvfDoXTDOMASK
  C:2844H         PUBLIC        _xsvfInfoInit
  C:15C8H         PUBLIC        _xsvfShiftOnly
  C:1E39H         PUBLIC        _xsvfDoXSDRTDOBCE
  C:1DA5H         PUBLIC        _xsvfDoXSIR2
  C:2459H         PUBLIC        _xsvfDoXSDRSIZE
  C:1450H         PUBLIC        _xsvfRun
  C:2271H         PUBLIC        _xsvfDoXSDRBCE
  C:1B46H         PUBLIC        _xsvfDoXWAIT
  C:2BCDH         PUBLIC        _xsvfDoXRUNTEST
  C:0BB0H         PUBLIC        _xsvfGotoTapState
  C:2FFFH         PUBLIC        _xsvfDoXREPEAT
  C:1737H         SYMBOL        Com00D7
  C:1737H         SYMBOL        L?0216
  C:1737H         SYMBOL        L?0217
  C:173AH         SYMBOL        L?0218
  C:173CH         SYMBOL        L?0219
  C:1743H         SYMBOL        L?0220
  C:174AH         SYMBOL        L?0221
  C:174FH         SYMBOL        L?0222
  C:1753H         SYMBOL        L?0223
  C:1754H         SYMBOL        L?0224
  C:175CH         SYMBOL        L?0225
  C:175CH         SYMBOL        L?0226
  C:175FH         SYMBOL        L?0227
  C:176BH         SYMBOL        L?0228
  C:176FH         SYMBOL        L?0229
  C:1776H         SYMBOL        L?0230
  C:177DH         SYMBOL        L?0231
  C:177DH         SYMBOL        L?0232
  C:1784H         SYMBOL        L?0233
  C:178BH         SYMBOL        L?0234
  C:178BH         SYMBOL        L?0235
  C:178EH         SYMBOL        L?0236
  C:1794H         SYMBOL        L?0237
  C:1794H         SYMBOL        L?0238
  C:17A4H         SYMBOL        L?0239
  C:17A5H         SYMBOL        L?0240
  C:17ACH         SYMBOL        L?0243
  C:17AFH         SYMBOL        L?0244
  C:17BCH         SYMBOL        L?0245
  C:17C2H         SYMBOL        L?0247
  C:17C5H         SYMBOL        L?0248
  C:17CDH         SYMBOL        L?0249
  C:17CDH         SYMBOL        L?0250
  C:17DFH         SYMBOL        L?0253
  C:17E2H         SYMBOL        L?0254
  C:17ECH         SYMBOL        L?0256
  C:17ECH         SYMBOL        L?0257
BL51 BANKED LINKER/LOCATER V5.15                                                      10/11/2010  10:34:16  PAGE 13


  C:17F8H         SYMBOL        L?0258
  C:17F8H         SYMBOL        L?0259
  C:1804H         SYMBOL        L?0262
  C:1804H         SYMBOL        L?0263
  C:180AH         SYMBOL        L?0265
  C:1819H         SYMBOL        L?0266
  C:1827H         SYMBOL        L?0267
  C:182AH         SYMBOL        L?0268
  C:1831H         SYMBOL        L?0269
  C:1831H         SYMBOL        L?0270
  C:1837H         SYMBOL        L?0271
  C:183AH         SYMBOL        L?0272
  C:1841H         SYMBOL        L?0273
  C:184EH         SYMBOL        L?0274
  C:184EH         SYMBOL        L?0275
  C:1854H         SYMBOL        L?0277
  C:1860H         SYMBOL        L?0280
  C:186BH         SYMBOL        L?0281
  C:1872H         SYMBOL        L?0282
  C:1872H         SYMBOL        L?0283
  C:1878H         SYMBOL        L?0284
  C:1878H         SYMBOL        L?0285
  C:187FH         SYMBOL        L?0286
  C:187FH         SYMBOL        L?0287
  C:1886H         SYMBOL        L?0288
  C:1886H         SYMBOL        L?0289
  -------         PROC          COM00D7
  -------         ENDPROC       COM00D7
  -------         PROC          _XSVFINFOINIT
  D:0001H         SYMBOL        pXsvfInfo
  C:2844H         LINE#         411
  C:2844H         LINE#         412
  C:2844H         LINE#         416
  C:2848H         LINE#         417
  C:284EH         LINE#         418
  C:2858H         LINE#         419
  C:285EH         LINE#         420
  C:2865H         LINE#         421
  C:286CH         LINE#         422
  C:2874H         LINE#         423
  C:287CH         LINE#         424
  C:2886H         LINE#         425
  C:288FH         LINE#         426
  C:2899H         LINE#         428
  C:289CH         LINE#         429
  -------         ENDPROC       _XSVFINFOINIT
  -------         PROC          _XSVFGETASNUMBYTES
  D:0004H         SYMBOL        lNumBits
  C:2F41H         LINE#         438
  C:2F41H         LINE#         439
  C:2F41H         LINE#         440
  C:2F57H         LINE#         441
  -------         ENDPROC       _XSVFGETASNUMBYTES
  -------         PROC          _XSVFTMSTRANSITION
  D:0006H         SYMBOL        sTms
  C:2F98H         LINE#         450
  C:2F98H         LINE#         451
BL51 BANKED LINKER/LOCATER V5.15                                                      10/11/2010  10:34:16  PAGE 14


  C:2F98H         LINE#         452
  C:2F9FH         LINE#         453
  C:2FA5H         LINE#         454
  -------         ENDPROC       _XSVFTMSTRANSITION
  C:0DF6H         SYMBOL        L?0241
  C:0DFEH         SYMBOL        L?0242
  C:0E06H         SYMBOL        L?0246
  C:0E0EH         SYMBOL        L?0251
  C:0E15H         SYMBOL        L?0252
  C:0E1DH         SYMBOL        L?0255
  C:0E24H         SYMBOL        L?0260
  C:0E2CH         SYMBOL        L?0261
  C:0E33H         SYMBOL        L?0276
  C:0E3AH         SYMBOL        L?0278
  -------         PROC          _XSVFGOTOTAPSTATE
  X:0126H         SYMBOL        pucTapState
  X:0129H         SYMBOL        ucTargetState
  -------         DO            
  X:012AH         SYMBOL        i
  X:012CH         SYMBOL        iErrorCode
  -------         ENDDO         
  C:0BB0H         LINE#         470
  C:0BB9H         LINE#         472
  C:0BB9H         LINE#         476
  C:0BC0H         LINE#         477
  C:0BC3H         LINE#         478
  C:0BC3H         LINE#         480
  C:0BC9H         LINE#         481
  C:0BD0H         LINE#         482
  C:0BD0H         LINE#         483
  C:0BD6H         LINE#         484
  C:0BDDH         LINE#         485
  C:0BFCH         LINE#         486
  C:0C03H         LINE#         490
  C:0C06H         LINE#         491
  C:0C26H         LINE#         494
  C:0C26H         LINE#         496
  C:0C29H         LINE#         497
  C:0C2CH         LINE#         499
  C:0C2CH         LINE#         500
  C:0C30H         LINE#         501
  C:0C30H         LINE#         504
  C:0C34H         LINE#         505
  C:0C34H         LINE#         506
  C:0C34H         LINE#         507
  C:0C34H         LINE#         510
  C:0C37H         LINE#         511
  C:0C3EH         LINE#         512
  C:0C3EH         LINE#         513
  C:0C3EH         LINE#         514
  C:0C3EH         LINE#         517
  C:0C3EH         LINE#         518
  C:0C41H         LINE#         521
  C:0C52H         LINE#         522
  C:0C52H         LINE#         523
  C:0C92H         LINE#         524
  C:0C92H         LINE#         525
BL51 BANKED LINKER/LOCATER V5.15                                                      10/11/2010  10:34:16  PAGE 15


  C:0C92H         LINE#         526
  C:0C92H         LINE#         527
  C:0C92H         LINE#         528
  C:0C95H         LINE#         529
  C:0C95H         LINE#         530
  C:0C95H         LINE#         531
  C:0C95H         LINE#         532
  C:0C98H         LINE#         533
  C:0C98H         LINE#         534
  C:0CA1H         LINE#         535
  C:0CA1H         LINE#         536
  C:0CA4H         LINE#         537
  C:0CA9H         LINE#         538
  C:0CACH         LINE#         540
  C:0CACH         LINE#         541
  C:0CAFH         LINE#         542
  C:0CB4H         LINE#         543
  C:0CB4H         LINE#         544
  C:0CB7H         LINE#         545
  C:0CB7H         LINE#         546
  C:0CBEH         LINE#         547
  C:0CBEH         LINE#         548
  C:0CC1H         LINE#         549
  C:0CC6H         LINE#         550
  C:0CC9H         LINE#         552
  C:0CC9H         LINE#         553
  C:0CCCH         LINE#         554
  C:0CD1H         LINE#         555
  C:0CD1H         LINE#         556
  C:0CD4H         LINE#         557
  C:0CD4H         LINE#         558
  C:0CD7H         LINE#         559
  C:0CDCH         LINE#         560
  C:0CDFH         LINE#         561
  C:0CDFH         LINE#         562
  C:0CE6H         LINE#         563
  C:0CE6H         LINE#         564
  C:0CE9H         LINE#         565
  C:0CEEH         LINE#         566
  C:0CF1H         LINE#         568
  C:0CF1H         LINE#         569
  C:0CF4H         LINE#         570
  C:0CF9H         LINE#         571
  C:0CF9H         LINE#         572
  C:0CFCH         LINE#         573
  C:0CFCH         LINE#         574
  C:0CFFH         LINE#         575
  C:0D04H         LINE#         576
  C:0D07H         LINE#         577
  C:0D07H         LINE#         578
  C:0D0EH         LINE#         579
  C:0D0EH         LINE#         580
  C:0D11H         LINE#         581
  C:0D16H         LINE#         582
  C:0D19H         LINE#         584
  C:0D19H         LINE#         585
  C:0D1CH         LINE#         586
BL51 BANKED LINKER/LOCATER V5.15                                                      10/11/2010  10:34:16  PAGE 16


  C:0D21H         LINE#         587
  C:0D21H         LINE#         588
  C:0D24H         LINE#         589
  C:0D24H         LINE#         590
  C:0D2BH         LINE#         591
  C:0D2BH         LINE#         592
  C:0D2EH         LINE#         593
  C:0D33H         LINE#         594
  C:0D36H         LINE#         596
  C:0D36H         LINE#         597
  C:0D39H         LINE#         598
  C:0D3EH         LINE#         599
  C:0D3EH         LINE#         600
  C:0D41H         LINE#         601
  C:0D41H         LINE#         602
  C:0D44H         LINE#         603
  C:0D49H         LINE#         604
  C:0D4CH         LINE#         605
  C:0D4CH         LINE#         606
  C:0D53H         LINE#         607
  C:0D53H         LINE#         608
  C:0D56H         LINE#         609
  C:0D5BH         LINE#         610
  C:0D5EH         LINE#         612
  C:0D5EH         LINE#         613
  C:0D61H         LINE#         614
  C:0D66H         LINE#         615
  C:0D66H         LINE#         616
  C:0D69H         LINE#         617
  C:0D69H         LINE#         618
  C:0D6CH         LINE#         619
  C:0D71H         LINE#         620
  C:0D74H         LINE#         621
  C:0D74H         LINE#         622
  C:0D7BH         LINE#         623
  C:0D7BH         LINE#         624
  C:0D7EH         LINE#         625
  C:0D83H         LINE#         626
  C:0D86H         LINE#         628
  C:0D86H         LINE#         629
  C:0D89H         LINE#         630
  C:0D8EH         LINE#         631
  C:0D8EH         LINE#         632
  C:0D91H         LINE#         633
  C:0D91H         LINE#         634
  C:0D94H         LINE#         635
  C:0D99H         LINE#         636
  C:0D9BH         LINE#         637
  C:0D9BH         LINE#         638
  C:0DA2H         LINE#         639
  C:0DA2H         LINE#         640
  C:0DA8H         LINE#         641
  C:0DADH         LINE#         642
  C:0DAFH         LINE#         644
  C:0DAFH         LINE#         645
  C:0DB2H         LINE#         646
  C:0DB7H         LINE#         647
BL51 BANKED LINKER/LOCATER V5.15                                                      10/11/2010  10:34:16  PAGE 17


  C:0DB7H         LINE#         648
  C:0DB9H         LINE#         649
  C:0DB9H         LINE#         650
  C:0DC0H         LINE#         651
  C:0DC0H         LINE#         652
  C:0DC6H         LINE#         653
  C:0DCBH         LINE#         654
  C:0DCDH         LINE#         656
  C:0DCDH         LINE#         657
  C:0DD4H         LINE#         658
  C:0DD9H         LINE#         659
  C:0DD9H         LINE#         660
  C:0DDBH         LINE#         661
  C:0DDBH         LINE#         662
  C:0DDEH         LINE#         663
  C:0DEAH         LINE#         664
  C:0DEDH         LINE#         665
  C:0DEDH         LINE#         668
  C:0DEDH         LINE#         669
  C:0DEDH         LINE#         671
  C:0DF5H         LINE#         672
  -------         ENDPROC       _XSVFGOTOTAPSTATE
  -------         PROC          _XSVFSHIFTONLY
  X:0126H         SYMBOL        lNumBits
  X:012AH         SYMBOL        plvTdi
  X:012DH         SYMBOL        plvTdoCaptured
  X:0130H         SYMBOL        iExitShift
  -------         DO            
  X:0132H         SYMBOL        pucTdi
  X:0135H         SYMBOL        pucTdo
  X:0138H         SYMBOL        ucTdiByte
  X:0139H         SYMBOL        ucTdoByte
  D:0007H         SYMBOL        ucTdoBit
  X:013AH         SYMBOL        i
  -------         ENDDO         
  C:15C8H         LINE#         688
  C:15D4H         LINE#         692
  C:15D4H         LINE#         703
  C:15DAH         LINE#         704
  C:15E5H         LINE#         705
  C:15E5H         LINE#         706
  C:15FCH         LINE#         707
  C:1623H         LINE#         708
  C:1623H         LINE#         711
  C:1646H         LINE#         712
  C:1655H         LINE#         713
  C:1655H         LINE#         715
  C:1664H         LINE#         716
  C:1665H         LINE#         717
  C:168BH         LINE#         718
  C:168BH         LINE#         719
  C:16A1H         LINE#         720
  C:16B7H         LINE#         721
  C:16B7H         LINE#         723
  C:16BEH         LINE#         724
  C:16BEH         LINE#         727
  C:16CAH         LINE#         728
BL51 BANKED LINKER/LOCATER V5.15                                                      10/11/2010  10:34:16  PAGE 18


  C:16D1H         LINE#         731
  C:16D7H         LINE#         733
  C:16E2H         LINE#         734
  C:16E2H         LINE#         736
  C:16E5H         LINE#         737
  C:16FEH         LINE#         738
  C:16FEH         LINE#         741
  C:1705H         LINE#         742
  C:1716H         LINE#         745
  C:1724H         LINE#         746
  C:1724H         LINE#         747
  C:1733H         LINE#         748
  C:1733H         LINE#         749
  C:1736H         LINE#         750
  -------         ENDPROC       _XSVFSHIFTONLY
  -------         PROC          _XSVFSHIFT
  X:0105H         SYMBOL        pucTapState
  X:0108H         SYMBOL        ucStartState
  X:0109H         SYMBOL        lNumBits
  X:010DH         SYMBOL        plvTdi
  X:0110H         SYMBOL        plvTdoCaptured
  X:0113H         SYMBOL        plvTdoExpected
  X:0116H         SYMBOL        plvTdoMask
  X:0119H         SYMBOL        ucEndState
  X:011AH         SYMBOL        lRunTestTime
  X:011EH         SYMBOL        ucMaxRepeat
  -------         DO            
  X:011FH         SYMBOL        iErrorCode
  X:0121H         SYMBOL        iMismatch
  X:0123H         SYMBOL        ucRepeat
  X:0124H         SYMBOL        iExitShift
  -------         ENDDO         
  C:129EH         LINE#         776
  C:12A7H         LINE#         786
  C:12A7H         LINE#         792
  C:12ACH         LINE#         793
  C:12AFH         LINE#         794
  C:12B1H         LINE#         795
  C:12C8H         LINE#         805
  C:12D4H         LINE#         806
  C:12D4H         LINE#         808
  C:12E0H         LINE#         809
  C:12E0H         LINE#         811
  C:12EBH         LINE#         813
  C:12F1H         LINE#         814
  C:12F1H         LINE#         815
  C:12F4H         LINE#         817
  C:12F4H         LINE#         819
  C:12F4H         LINE#         821
  C:1300H         LINE#         824
  C:1328H         LINE#         826
  C:1333H         LINE#         827
  C:1333H         LINE#         829
  C:1365H         LINE#         832
  C:1365H         LINE#         834
  C:1372H         LINE#         835
  C:1372H         LINE#         837
BL51 BANKED LINKER/LOCATER V5.15                                                      10/11/2010  10:34:16  PAGE 19


  C:137DH         LINE#         841
  C:139BH         LINE#         842
  C:139BH         LINE#         854
  C:13A6H         LINE#         856
  C:13B1H         LINE#         858
  C:13D2H         LINE#         859
  C:13D4H         LINE#         861
  C:13D4H         LINE#         863
  C:13E2H         LINE#         864
  C:13E2H         LINE#         866
  C:13EBH         LINE#         867
  C:13EBH         LINE#         869
  C:13F6H         LINE#         871
  C:13FCH         LINE#         872
  C:13FCH         LINE#         873
  C:13FCH         LINE#         874
  C:141AH         LINE#         875
  C:141AH         LINE#         877
  C:1424H         LINE#         878
  C:1424H         LINE#         888
  C:1433H         LINE#         889
  C:1433H         LINE#         890
  C:143CH         LINE#         891
  C:143EH         LINE#         893
  C:143EH         LINE#         894
  C:1447H         LINE#         895
  C:1447H         LINE#         896
  C:1447H         LINE#         898
  C:144FH         LINE#         899
  -------         ENDPROC       _XSVFSHIFT
  C:1FDEH         SYMBOL        L?0279
  -------         PROC          _XSVFBASICXSDRTDO
  X:00EAH         SYMBOL        pucTapState
  X:00EDH         SYMBOL        lShiftLengthBits
  X:00F1H         SYMBOL        sShiftLengthBytes
  X:00F3H         SYMBOL        plvTdi
  X:00F6H         SYMBOL        plvTdoCaptured
  X:00F9H         SYMBOL        plvTdoExpected
  X:00FCH         SYMBOL        plvTdoMask
  X:00FFH         SYMBOL        ucEndState
  X:0100H         SYMBOL        lRunTestTime
  X:0104H         SYMBOL        ucMaxRepeat
  C:1F5BH         LINE#         915
  C:1F65H         LINE#         925
  C:1F65H         LINE#         926
  C:1F6EH         LINE#         927
  C:1F79H         LINE#         928
  C:1F79H         LINE#         929
  C:1F7CH         LINE#         930
  C:1F7CH         LINE#         931
  C:1FDDH         LINE#         934
  -------         ENDPROC       _XSVFBASICXSDRTDO
  -------         PROC          _XSVFDOILLEGALCMD
  D:0001H         SYMBOL        pXsvfInfo
  C:3034H         LINE#         961
  C:3034H         LINE#         962
  C:3034H         LINE#         968
BL51 BANKED LINKER/LOCATER V5.15                                                      10/11/2010  10:34:16  PAGE 20


  C:303BH         LINE#         969
  C:303EH         LINE#         970
  -------         ENDPROC       _XSVFDOILLEGALCMD
  -------         PROC          _XSVFDOXCOMPLETE
  D:0001H         SYMBOL        pXsvfInfo
  C:303FH         LINE#         979
  C:303FH         LINE#         980
  C:303FH         LINE#         981
  C:3044H         LINE#         983
  C:3047H         LINE#         984
  -------         ENDPROC       _XSVFDOXCOMPLETE
  -------         PROC          _XSVFDOXTDOMASK
  X:00E6H         SYMBOL        pXsvfInfo
  C:2C7AH         LINE#         993
  C:2C80H         LINE#         994
  C:2C80H         LINE#         995
  C:2C9FH         LINE#         999
  C:2CA2H         LINE#         1000
  -------         ENDPROC       _XSVFDOXTDOMASK
  -------         PROC          _XSVFDOXSIR
  X:00E6H         SYMBOL        pXsvfInfo
  -------         DO            
  X:00E9H         SYMBOL        ucShiftIrBits
  D:0006H         SYMBOL        sShiftIrBytes
  X:00EAH         SYMBOL        iErrorCode
  -------         ENDDO         
  C:2175H         LINE#         1011
  C:217BH         LINE#         1012
  C:217BH         LINE#         1018
  C:2184H         LINE#         1019
  C:2187H         LINE#         1023
  C:218CH         LINE#         1024
  C:218CH         LINE#         1025
  C:2192H         LINE#         1026
  C:2195H         LINE#         1028
  C:2195H         LINE#         1030
  C:21A4H         LINE#         1033
  C:21E1H         LINE#         1038
  C:21E1H         LINE#         1040
  C:21E9H         LINE#         1041
  C:21E9H         LINE#         1042
  C:21F2H         LINE#         1043
  C:21F2H         LINE#         1044
  C:21F2H         LINE#         1045
  -------         ENDPROC       _XSVFDOXSIR
  -------         PROC          _XSVFDOXSIR2
  X:00E6H         SYMBOL        pXsvfInfo
  -------         DO            
  X:00E9H         SYMBOL        lShiftIrBits
  D:0006H         SYMBOL        sShiftIrBytes
  X:00EDH         SYMBOL        iErrorCode
  -------         ENDDO         
  C:1DA5H         LINE#         1056
  C:1DABH         LINE#         1057
  C:1DABH         LINE#         1063
  C:1DB5H         LINE#         1064
  C:1DC4H         LINE#         1065
BL51 BANKED LINKER/LOCATER V5.15                                                      10/11/2010  10:34:16  PAGE 21


  C:1DCAH         LINE#         1068
  C:1DCFH         LINE#         1069
  C:1DCFH         LINE#         1070
  C:1DD5H         LINE#         1071
  C:1DD8H         LINE#         1073
  C:1DD8H         LINE#         1075
  C:1DEAH         LINE#         1078
  C:1E27H         LINE#         1083
  C:1E27H         LINE#         1085
  C:1E2FH         LINE#         1086
  C:1E2FH         LINE#         1087
  C:1E38H         LINE#         1088
  C:1E38H         LINE#         1089
  C:1E38H         LINE#         1090
  -------         ENDPROC       _XSVFDOXSIR2
  -------         PROC          _XSVFDOXSDR
  X:00E6H         SYMBOL        pXsvfInfo
  -------         DO            
  D:0006H         SYMBOL        iErrorCode
  -------         ENDDO         
  C:1BE0H         LINE#         1102
  C:1BE6H         LINE#         1103
  C:1BE6H         LINE#         1105
  C:1C03H         LINE#         1107
  C:1C6AH         LINE#         1113
  C:1C6EH         LINE#         1114
  C:1C6EH         LINE#         1115
  C:1C77H         LINE#         1116
  C:1C77H         LINE#         1117
  C:1C77H         LINE#         1118
  -------         ENDPROC       _XSVFDOXSDR
  -------         PROC          _XSVFDOXRUNTEST
  X:00E6H         SYMBOL        pXsvfInfo
  C:2BCDH         LINE#         1127
  C:2BD3H         LINE#         1128
  C:2BD3H         LINE#         1129
  C:2BE0H         LINE#         1130
  C:2BF5H         LINE#         1132
  C:2BF8H         LINE#         1133
  -------         ENDPROC       _XSVFDOXRUNTEST
  -------         PROC          _XSVFDOXREPEAT
  D:0001H         SYMBOL        pXsvfInfo
  C:2FFFH         LINE#         1142
  C:2FFFH         LINE#         1143
  C:2FFFH         LINE#         1144
  C:3009H         LINE#         1147
  C:300CH         LINE#         1148
  -------         ENDPROC       _XSVFDOXREPEAT
  -------         PROC          _XSVFDOXSDRSIZE
  X:00E6H         SYMBOL        pXsvfInfo
  -------         DO            
  X:00E9H         SYMBOL        iErrorCode
  -------         ENDDO         
  C:2459H         LINE#         1157
  C:245FH         LINE#         1158
  C:245FH         LINE#         1160
  C:2464H         LINE#         1161
BL51 BANKED LINKER/LOCATER V5.15                                                      10/11/2010  10:34:16  PAGE 22


  C:2471H         LINE#         1162
  C:2486H         LINE#         1163
  C:249BH         LINE#         1165
  C:24A9H         LINE#         1166
  C:24A9H         LINE#         1167
  C:24AFH         LINE#         1168
  C:24BFH         LINE#         1169
  C:24BFH         LINE#         1170
  C:24C7H         LINE#         1171
  -------         ENDPROC       _XSVFDOXSDRSIZE
  -------         PROC          _XSVFDOXSDRTDO
  X:00E6H         SYMBOL        pXsvfInfo
  -------         DO            
  D:0006H         SYMBOL        iErrorCode
  -------         ENDDO         
  C:1ECBH         LINE#         1182
  C:1ED1H         LINE#         1183
  C:1ED1H         LINE#         1185
  C:1F4DH         LINE#         1195
  C:1F51H         LINE#         1196
  C:1F51H         LINE#         1197
  C:1F5AH         LINE#         1198
  C:1F5AH         LINE#         1199
  C:1F5AH         LINE#         1200
  -------         ENDPROC       _XSVFDOXSDRTDO
  -------         PROC          _XSVFDOXSDRBCE
  X:00E6H         SYMBOL        pXsvfInfo
  -------         DO            
  X:00E9H         SYMBOL        ucEndDR
  D:0006H         SYMBOL        iErrorCode
  -------         ENDDO         
  C:2271H         LINE#         1214
  C:2277H         LINE#         1215
  C:2277H         LINE#         1218
  C:2290H         LINE#         1219
  C:22E0H         LINE#         1226
  C:22E4H         LINE#         1227
  C:22E4H         LINE#         1228
  C:22EDH         LINE#         1229
  C:22EDH         LINE#         1230
  C:22EDH         LINE#         1231
  -------         ENDPROC       _XSVFDOXSDRBCE
  -------         PROC          _XSVFDOXSDRTDOBCE
  X:00E6H         SYMBOL        pXsvfInfo
  -------         DO            
  X:00E9H         SYMBOL        ucEndDR
  D:0006H         SYMBOL        iErrorCode
  -------         ENDDO         
  C:1E39H         LINE#         1244
  C:1E3FH         LINE#         1245
  C:1E3FH         LINE#         1248
  C:1E58H         LINE#         1250
  C:1EBDH         LINE#         1258
  C:1EC1H         LINE#         1259
  C:1EC1H         LINE#         1260
  C:1ECAH         LINE#         1261
  C:1ECAH         LINE#         1262
BL51 BANKED LINKER/LOCATER V5.15                                                      10/11/2010  10:34:16  PAGE 23


  C:1ECAH         LINE#         1263
  -------         ENDPROC       _XSVFDOXSDRTDOBCE
  -------         PROC          _XSVFDOXSTATE
  X:00E6H         SYMBOL        pXsvfInfo
  -------         DO            
  X:00E9H         SYMBOL        ucNextState
  D:0006H         SYMBOL        iErrorCode
  -------         ENDDO         
  C:2CA3H         LINE#         1273
  C:2CA9H         LINE#         1274
  C:2CA9H         LINE#         1277
  C:2CB2H         LINE#         1278
  C:2CBEH         LINE#         1279
  C:2CC2H         LINE#         1280
  C:2CC2H         LINE#         1281
  C:2CCBH         LINE#         1282
  C:2CCBH         LINE#         1283
  C:2CCBH         LINE#         1284
  -------         ENDPROC       _XSVFDOXSTATE
  -------         PROC          _XSVFDOXENDXR
  X:00E6H         SYMBOL        pXsvfInfo
  -------         DO            
  X:00E9H         SYMBOL        iErrorCode
  X:00EBH         SYMBOL        ucEndState
  -------         ENDDO         
  C:266DH         LINE#         1295
  C:2673H         LINE#         1296
  C:2673H         LINE#         1300
  C:2678H         LINE#         1301
  C:2681H         LINE#         1302
  C:268BH         LINE#         1303
  C:268BH         LINE#         1304
  C:2691H         LINE#         1305
  C:2693H         LINE#         1307
  C:2693H         LINE#         1309
  C:269FH         LINE#         1310
  C:269FH         LINE#         1311
  C:26A8H         LINE#         1312
  C:26A8H         LINE#         1313
  C:26A8H         LINE#         1314
  C:26AAH         LINE#         1316
  C:26AAH         LINE#         1317
  C:26ACH         LINE#         1318
  C:26ACH         LINE#         1321
  C:26AEH         LINE#         1323
  C:26AEH         LINE#         1324
  C:26B7H         LINE#         1325
  C:26B7H         LINE#         1326
  C:26B8H         LINE#         1327
  C:26BAH         LINE#         1329
  C:26BAH         LINE#         1330
  C:26BFH         LINE#         1331
  C:26BFH         LINE#         1334
  C:26BFH         LINE#         1335
  C:26BFH         LINE#         1337
  C:26C7H         LINE#         1338
  C:26C7H         LINE#         1339
BL51 BANKED LINKER/LOCATER V5.15                                                      10/11/2010  10:34:16  PAGE 24


  C:26D0H         LINE#         1340
  C:26D0H         LINE#         1341
  C:26D0H         LINE#         1342
  -------         ENDPROC       _XSVFDOXENDXR
  -------         PROC          _XSVFDOXCOMMENT
  X:00E6H         SYMBOL        pXsvfInfo
  -------         DO            
  X:00E9H         SYMBOL        ucText
  -------         ENDDO         
  C:2D6AH         LINE#         1352
  C:2D70H         LINE#         1353
  C:2D70H         LINE#         1359
  C:2D70H         LINE#         1360
  C:2D79H         LINE#         1361
  C:2D7FH         LINE#         1363
  C:2D8BH         LINE#         1365
  C:2D8EH         LINE#         1366
  -------         ENDPROC       _XSVFDOXCOMMENT
  C:1BD5H         SYMBOL        L?0264
  -------         PROC          _XSVFDOXWAIT
  X:00E6H         SYMBOL        pXsvfInfo
  -------         DO            
  X:00E9H         SYMBOL        ucWaitState
  X:00EAH         SYMBOL        ucEndState
  X:00EBH         SYMBOL        lWaitTime
  -------         ENDDO         
  C:1B46H         LINE#         1377
  C:1B4CH         LINE#         1378
  C:1B4CH         LINE#         1385
  C:1B52H         LINE#         1386
  C:1B62H         LINE#         1389
  C:1B66H         LINE#         1390
  C:1B76H         LINE#         1393
  C:1B81H         LINE#         1394
  C:1B90H         LINE#         1399
  C:1BA5H         LINE#         1400
  C:1BA5H         LINE#         1401
  C:1BACH         LINE#         1402
  C:1BACH         LINE#         1405
  C:1BB5H         LINE#         1408
  C:1BCAH         LINE#         1409
  C:1BCAH         LINE#         1410
  C:1BD1H         LINE#         1411
  C:1BD1H         LINE#         1413
  C:1BD4H         LINE#         1414
  -------         ENDPROC       _XSVFDOXWAIT
  -------         PROC          _XSVFINITIALIZE
  X:00E3H         SYMBOL        pXsvfInfo
  C:2A5BH         LINE#         1431
  C:2A61H         LINE#         1432
  C:2A61H         LINE#         1434
  C:2A73H         LINE#         1436
  C:2A7DH         LINE#         1437
  C:2A7DH         LINE#         1439
  C:2A91H         LINE#         1441
  C:2A91H         LINE#         1442
  C:2A9AH         LINE#         1443
BL51 BANKED LINKER/LOCATER V5.15                                                      10/11/2010  10:34:16  PAGE 25


  -------         ENDPROC       _XSVFINITIALIZE
  -------         PROC          _XSVFRUN
  X:00E3H         SYMBOL        pXsvfInfo
  C:1450H         LINE#         1455
  C:1456H         LINE#         1456
  C:1456H         LINE#         1459
  C:1471H         LINE#         1460
  C:1471H         LINE#         1463
  C:1480H         LINE#         1465
  C:14A2H         LINE#         1473
  C:14FCH         LINE#         1474
  C:14FCH         LINE#         1475
  C:14FCH         LINE#         1476
  C:1505H         LINE#         1477
  C:1508H         LINE#         1478
  C:1508H         LINE#         1479
  C:1511H         LINE#         1480
  C:1514H         LINE#         1481
  C:1514H         LINE#         1482
  C:151DH         LINE#         1483
  C:1520H         LINE#         1484
  C:1520H         LINE#         1485
  C:1529H         LINE#         1486
  C:152CH         LINE#         1487
  C:152CH         LINE#         1488
  C:1535H         LINE#         1489
  C:1538H         LINE#         1490
  C:1538H         LINE#         1491
  C:1541H         LINE#         1492
  C:1544H         LINE#         1493
  C:1544H         LINE#         1494
  C:154DH         LINE#         1495
  C:1550H         LINE#         1496
  C:1550H         LINE#         1497
  C:1559H         LINE#         1498
  C:155CH         LINE#         1499
  C:155CH         LINE#         1500
  C:155CH         LINE#         1501
  C:155EH         LINE#         1502
  C:155EH         LINE#         1503
  C:155EH         LINE#         1504
  C:1560H         LINE#         1505
  C:1560H         LINE#         1506
  C:1560H         LINE#         1507
  C:1562H         LINE#         1508
  C:1562H         LINE#         1509
  C:1562H         LINE#         1510
  C:1564H         LINE#         1511
  C:1564H         LINE#         1512
  C:156DH         LINE#         1513
  C:156FH         LINE#         1514
  C:156FH         LINE#         1515
  C:156FH         LINE#         1516
  C:1571H         LINE#         1517
  C:1571H         LINE#         1518
  C:1571H         LINE#         1519
  C:1573H         LINE#         1520
BL51 BANKED LINKER/LOCATER V5.15                                                      10/11/2010  10:34:16  PAGE 26


  C:1573H         LINE#         1521
  C:157CH         LINE#         1522
  C:157EH         LINE#         1523
  C:157EH         LINE#         1524
  C:1587H         LINE#         1525
  C:1589H         LINE#         1526
  C:1589H         LINE#         1527
  C:1589H         LINE#         1528
  C:1589H         LINE#         1529
  C:1592H         LINE#         1531
  C:1594H         LINE#         1532
  C:1594H         LINE#         1533
  C:159DH         LINE#         1534
  C:159FH         LINE#         1535
  C:159FH         LINE#         1536
  C:15A8H         LINE#         1537
  C:15AAH         LINE#         1538
  C:15AAH         LINE#         1539
  C:15B3H         LINE#         1540
  C:15B5H         LINE#         1541
  C:15B5H         LINE#         1543
  C:15BEH         LINE#         1544
  C:15BEH         LINE#         1545
  C:15BEH         LINE#         1562
  C:15BEH         LINE#         1563
  C:15C7H         LINE#         1564
  -------         ENDPROC       _XSVFRUN
  -------         PROC          XSVFEXECUTE
  -------         DO            
  X:003DH         SYMBOL        xsvfInfo
  -------         ENDDO         
  C:2BA0H         LINE#         1635
  C:2BA0H         LINE#         1636
  C:2BA0H         LINE#         1640
  C:2BA9H         LINE#         1642
  C:2BB9H         LINE#         1643
  C:2BB9H         LINE#         1644
  C:2BC2H         LINE#         1645
  C:2BC4H         LINE#         1650
  C:2BCCH         LINE#         1652
  -------         ENDPROC       XSVFEXECUTE
  -------         ENDMOD        MICRO

  -------         MODULE        PORTS
  C:0000H         SYMBOL        _ICE_DUMMY_
  D:0080H         PUBLIC        P0
  D:0090H         PUBLIC        P1
  D:00A0H         PUBLIC        P2
  C:3048H         PUBLIC        _readByte
  C:3028H         PUBLIC        pulseClock
  X:0214H         SYMBOL        once
  C:2F58H         PUBLIC        readTDOBit
  C:25A2H         PUBLIC        _waitTime
  C:27EAH         PUBLIC        _setPort
  X:0216H         SYMBOL        in_word
  X:0217H         SYMBOL        out_word
  C:298EH         SYMBOL        Com0016
BL51 BANKED LINKER/LOCATER V5.15                                                      10/11/2010  10:34:16  PAGE 27


  C:298EH         SYMBOL        L?0023
  C:299DH         SYMBOL        L?0024
  C:29ACH         SYMBOL        L?0025
  -------         PROC          COM0016
  -------         ENDPROC       COM0016
  -------         PROC          _SETPORT
  D:0004H         SYMBOL        p
  D:0005H         SYMBOL        val
  C:27EAH         LINE#         56
  C:27ECH         LINE#         57
  C:27ECH         LINE#         58
  C:27F6H         LINE#         59
  C:27F6H         LINE#         60
  C:27FDH         LINE#         61
  C:2805H         LINE#         62
  C:2805H         LINE#         63
  C:2809H         LINE#         64
  C:281AH         LINE#         66
  C:281EH         LINE#         67
  C:282DH         LINE#         69
  C:2830H         LINE#         70
  C:2830H         LINE#         71
  C:2840H         LINE#         72
  C:2843H         LINE#         73
  C:2843H         LINE#         74
  -------         ENDPROC       _SETPORT
  -------         PROC          PULSECLOCK
  C:3028H         LINE#         78
  C:3028H         LINE#         79
  C:3028H         LINE#         80
  C:302EH         LINE#         81
  -------         ENDPROC       PULSECLOCK
  -------         PROC          _READBYTE
  D:0001H         SYMBOL        mydata
  -------         DO            
  X:010AH         SYMBOL        stat
  -------         ENDDO         
  C:3048H         LINE#         86
  C:3048H         LINE#         87
  C:3048H         LINE#         90
  C:3050H         LINE#         91
  -------         ENDPROC       _READBYTE
  -------         PROC          READTDOBIT
  C:2F58H         LINE#         94
  C:2F58H         LINE#         95
  C:2F58H         LINE#         96
  C:2F5EH         LINE#         97
  C:2F68H         LINE#         98
  C:2F6BH         LINE#         100
  C:2F6DH         LINE#         101
  -------         ENDPROC       READTDOBIT
  -------         PROC          _WAITTIME
  X:0126H         SYMBOL        microsec
  -------         DO            
  X:012AH         SYMBOL        i
  -------         ENDDO         
  C:25A2H         LINE#         108
BL51 BANKED LINKER/LOCATER V5.15                                                      10/11/2010  10:34:16  PAGE 28


  C:25A8H         LINE#         109
  C:25A8H         LINE#         114
  C:25B8H         LINE#         115
  C:25B8H         LINE#         116
  C:25C2H         LINE#         117
  C:25D1H         LINE#         118
  C:25D1H         LINE#         119
  C:25D1H         LINE#         120
  C:25D6H         LINE#         122
  C:25D6H         LINE#         124
  C:25E5H         LINE#         125
  C:25E5H         LINE#         135
  C:25E5H         LINE#         138
  C:25F3H         LINE#         139
  C:25F3H         LINE#         148
  C:25F3H         LINE#         151
  C:2602H         LINE#         152
  C:2602H         LINE#         153
  C:2602H         LINE#         154
  C:2607H         LINE#         156
  -------         ENDPROC       _WAITTIME
  -------         ENDMOD        PORTS

  -------         MODULE        LENVAL
  C:0000H         SYMBOL        _ICE_DUMMY_
  C:1D0FH         PUBLIC        _value
  C:236AH         PUBLIC        _EqualLenVal
  C:2944H         PUBLIC        _readVal
  C:2A9BH         SYMBOL        Com0011
  C:2A9BH         SYMBOL        L?0018
  C:2AA0H         SYMBOL        L?0019
  C:2AB1H         SYMBOL        L?0020
  C:2AB4H         SYMBOL        L?0021
  C:2ABCH         SYMBOL        L?0022
  C:2ACBH         SYMBOL        L?0023
  C:2ACBH         SYMBOL        L?0024
  -------         PROC          COM0011
  -------         ENDPROC       COM0011
  -------         PROC          _VALUE
  X:00EFH         SYMBOL        plvValue
  -------         DO            
  X:00F2H         SYMBOL        lValue
  X:00F6H         SYMBOL        sIndex
  -------         ENDDO         
  C:1D0FH         LINE#         16
  C:1D15H         LINE#         17
  C:1D15H         LINE#         21
  C:1D1DH         LINE#         22
  C:1D40H         LINE#         23
  C:1D40H         LINE#         24
  C:1D4EH         LINE#         25
  C:1D90H         LINE#         26
  C:1DA1H         LINE#         28
  C:1DA4H         LINE#         29
  -------         ENDPROC       _VALUE
  -------         PROC          _READVAL
  D:0001H         SYMBOL        plv
BL51 BANKED LINKER/LOCATER V5.15                                                      10/11/2010  10:34:16  PAGE 29


  X:0105H         SYMBOL        sNumBytes
  -------         DO            
  X:0107H         SYMBOL        pucVal
  -------         ENDDO         
  C:2944H         LINE#         37
  C:294CH         LINE#         38
  C:294CH         LINE#         41
  C:2952H         LINE#         42
  C:2969H         LINE#         43
  C:2969H         LINE#         45
  C:2973H         LINE#         46
  C:298DH         LINE#         47
  -------         ENDPROC       _READVAL
  -------         PROC          _EQUALLENVAL
  X:0126H         SYMBOL        plvTdoExpected
  X:0129H         SYMBOL        plvTdoCaptured
  X:012CH         SYMBOL        plvTdoMask
  -------         DO            
  X:012FH         SYMBOL        sEqual
  D:0004H         SYMBOL        sIndex
  X:0131H         SYMBOL        ucByteVal1
  X:0132H         SYMBOL        ucByteVal2
  D:0007H         SYMBOL        ucByteMask
  -------         ENDDO         
  C:236AH         LINE#         57
  C:2370H         LINE#         58
  C:2370H         LINE#         65
  C:2378H         LINE#         66
  C:237EH         LINE#         68
  C:2392H         LINE#         69
  C:2392H         LINE#         70
  C:239CH         LINE#         71
  C:23A6H         LINE#         72
  C:23B2H         LINE#         73
  C:23B2H         LINE#         74
  C:23BAH         LINE#         75
  C:23C0H         LINE#         76
  C:23C4H         LINE#         77
  C:23C4H         LINE#         78
  C:23D0H         LINE#         79
  C:23D0H         LINE#         80
  C:23D7H         LINE#         81
  C:23D7H         LINE#         82
  C:23DAH         LINE#         83
  C:23E2H         LINE#         84
  -------         ENDPROC       _EQUALLENVAL
  -------         ENDMOD        LENVAL

  -------         MODULE        CMD
  C:0000H         SYMBOL        _ICE_DUMMY_
  D:0080H         PUBLIC        P0
  D:0090H         PUBLIC        P1
  X:01DDH         SYMBOL        TextBuffer
  C:0910H         PUBLIC        Font57
  B:00A8H.7       PUBLIC        EA
  C:2BF9H         PUBLIC        ReadUserTextCommand
  D:00A6H         PUBLIC        P2MDOUT
BL51 BANKED LINKER/LOCATER V5.15                                                      10/11/2010  10:34:16  PAGE 30


  X:0210H         SYMBOL        text_line_no
  B:0090H.7       PUBLIC        CS
  C:2D8FH         PUBLIC        _GenAudioSignalCommand
  C:2E94H         PUBLIC        _GenTextMovCommand
  C:2B0CH         PUBLIC        _GenTextPosCommand
  C:19BBH         PUBLIC        CommandExecute
  C:0003H         PUBLIC        WriteUserTextCommand
  D:00E1H         PUBLIC        XBR0
  D:00E2H         PUBLIC        XBR1
  C:2EF9H         PUBLIC        _GenPatternCommand
  C:2E12H         PUBLIC        _GenAttribCommand
  D:00F3H         PUBLIC        P2MDIN
  C:08E4H         PUBLIC        CommandTable
  C:1AA4H         PUBLIC        JTAGMode
  C:2E46H         PUBLIC        _GenAudioLevelCommand
  C:2CF5H         PUBLIC        _GenAudioClickTimeCommand
  D:0087H         PUBLIC        PCON
  C:2AD4H         PUBLIC        _GenDelayCommand
  C:2DB4H         PUBLIC        UnitAddressCommand
  D:0089H         PUBLIC        TMOD
  D:0088H         PUBLIC        TCON
  D:00D6H         PUBLIC        P2SKIP
  C:2EAEH         PUBLIC        _GenTextOnOffCommand
  B:00A8H.4       PUBLIC        ES0
  C:2EE1H         PUBLIC        _GenSystemCommand
  B:0098H.0       PUBLIC        RI0
  D:008CH         PUBLIC        TH0
  B:0098H.1       PUBLIC        TI0
  D:008DH         PUBLIC        TH1
  C:2FD0H         PUBLIC        ReadHWVersionCommand
  D:008AH         PUBLIC        TL0
  D:008BH         PUBLIC        TL1
  C:2E60H         PUBLIC        _GenTextScaleCommand
  B:0090H.2       PUBLIC        LED
  C:2E2CH         PUBLIC        _GenInterfaceCommand
  B:0088H.6       PUBLIC        TR1
  C:300DH         PUBLIC        ReadSWVersionCommand
  X:0211H         PUBLIC        uploader
  C:2F11H         PUBLIC        _is_text
  D:0098H         PUBLIC        SCON0
  C:0E42H         PUBLIC        _GenTextCommand
  C:28F5H         PUBLIC        ManualMode
  C:2E7AH         PUBLIC        _GenTextColorCommand
  D:008EH         PUBLIC        CKCON
  C:2FE0H         PUBLIC        ReadHWInformationCommand
  C:23E3H         SYMBOL        Com009F
  C:23E3H         SYMBOL        L?0160
  C:23EAH         SYMBOL        L?0161
  C:23F3H         SYMBOL        L?0162
  C:23F3H         SYMBOL        L?0163
  C:23F7H         SYMBOL        L?0164
  C:23FEH         SYMBOL        L?0165
  C:23FEH         SYMBOL        L?0166
  C:23FFH         SYMBOL        L?0167
  C:2407H         SYMBOL        L?0168
  C:240FH         SYMBOL        L?0169
  C:2416H         SYMBOL        L?0170
BL51 BANKED LINKER/LOCATER V5.15                                                      10/11/2010  10:34:16  PAGE 31


  C:241FH         SYMBOL        L?0171
  C:2421H         SYMBOL        L?0172
  C:2429H         SYMBOL        L?0173
  C:2429H         SYMBOL        L?0174
  C:2431H         SYMBOL        L?0175
  C:2432H         SYMBOL        L?0176
  C:2439H         SYMBOL        L?0177
  C:2444H         SYMBOL        L?0179
  C:2444H         SYMBOL        L?0180
  C:244BH         SYMBOL        L?0181
  C:244BH         SYMBOL        L?0182
  C:2452H         SYMBOL        L?0183
  C:2452H         SYMBOL        L?0184
  -------         PROC          COM009F
  -------         ENDPROC       COM009F
  -------         PROC          COMMANDEXECUTE
  -------         DO            
  D:0007H         SYMBOL        i
  -------         ENDDO         
  C:19BBH         LINE#         141
  C:19BBH         LINE#         142
  C:19BBH         LINE#         145
  C:19BDH         LINE#         146
  C:19D3H         LINE#         147
  C:19D8H         LINE#         149
  C:1A2AH         LINE#         150
  C:1A2AH         LINE#         151
  C:1A2AH         LINE#         152
  C:1A2DH         LINE#         153
  C:1A2DH         LINE#         154
  C:1A2DH         LINE#         155
  C:1A30H         LINE#         156
  C:1A30H         LINE#         157
  C:1A30H         LINE#         158
  C:1A33H         LINE#         159
  C:1A33H         LINE#         160
  C:1A33H         LINE#         161
  C:1A36H         LINE#         162
  C:1A36H         LINE#         163
  C:1A36H         LINE#         164
  C:1A39H         LINE#         165
  C:1A39H         LINE#         166
  C:1A39H         LINE#         167
  C:1A3CH         LINE#         168
  C:1A3CH         LINE#         169
  C:1A3CH         LINE#         170
  C:1A42H         LINE#         171
  C:1A42H         LINE#         172
  C:1A42H         LINE#         173
  C:1A49H         LINE#         174
  C:1A49H         LINE#         175
  C:1A49H         LINE#         176
  C:1A50H         LINE#         177
  C:1A50H         LINE#         178
  C:1A50H         LINE#         179
  C:1A57H         LINE#         180
  C:1A57H         LINE#         181
BL51 BANKED LINKER/LOCATER V5.15                                                      10/11/2010  10:34:16  PAGE 32


  C:1A57H         LINE#         182
  C:1A5EH         LINE#         183
  C:1A5EH         LINE#         184
  C:1A5EH         LINE#         185
  C:1A65H         LINE#         186
  C:1A65H         LINE#         187
  C:1A65H         LINE#         188
  C:1A6CH         LINE#         189
  C:1A6CH         LINE#         190
  C:1A6CH         LINE#         191
  C:1A73H         LINE#         192
  C:1A73H         LINE#         193
  C:1A73H         LINE#         194
  C:1A7AH         LINE#         195
  C:1A7AH         LINE#         196
  C:1A7AH         LINE#         197
  C:1A81H         LINE#         198
  C:1A81H         LINE#         199
  C:1A81H         LINE#         200
  C:1A88H         LINE#         201
  C:1A88H         LINE#         202
  C:1A88H         LINE#         203
  C:1A8FH         LINE#         204
  C:1A8FH         LINE#         205
  C:1A8FH         LINE#         206
  C:1A96H         LINE#         207
  C:1A96H         LINE#         208
  C:1A96H         LINE#         209
  C:1A99H         LINE#         210
  C:1A99H         LINE#         211
  C:1A99H         LINE#         212
  C:1A9CH         LINE#         213
  C:1A9CH         LINE#         214
  C:1A9CH         LINE#         215
  C:1AA3H         LINE#         216
  C:1AA3H         LINE#         218
  C:1AA3H         LINE#         219
  C:1AA3H         LINE#         220
  C:1AA3H         LINE#         221
  -------         ENDPROC       COMMANDEXECUTE
  -------         PROC          MANUALMODE
  -------         DO            
  D:0004H         SYMBOL        addr
  X:0000H         SYMBOL        tmpb
  X:01DCH         SYMBOL        dat
  -------         ENDDO         
  C:28F5H         LINE#         287
  C:28F5H         LINE#         288
  C:28F5H         LINE#         293
  C:28FEH         LINE#         294
  C:28FEH         LINE#         295
  C:28FEH         LINE#         296
  C:2908H         LINE#         297
  C:290FH         LINE#         298
  C:2919H         LINE#         300
  C:2919H         LINE#         302
  C:2938H         LINE#         303
BL51 BANKED LINKER/LOCATER V5.15                                                      10/11/2010  10:34:16  PAGE 33


  C:2941H         LINE#         304
  C:2943H         LINE#         305
  C:2943H         LINE#         307
  C:2943H         LINE#         308
  C:2943H         LINE#         309
  C:2943H         LINE#         310
  -------         ENDPROC       MANUALMODE
  C:1B3BH         SYMBOL        L?0178
  -------         PROC          JTAGMODE
  -------         DO            
  X:0000H         SYMBOL        i
  D:0007H         SYMBOL        cnt
  X:0001H         SYMBOL        buff
  -------         ENDDO         
  C:1AA4H         LINE#         351
  C:1AA4H         LINE#         352
  C:1AA4H         LINE#         359
  C:1AA6H         LINE#         362
  C:1AA8H         LINE#         364
  C:1AABH         LINE#         365
  C:1AABH         LINE#         366
  C:1AABH         LINE#         367
  C:1AABH         LINE#         368
  C:1AAEH         LINE#         370
  C:1AB0H         LINE#         376
  C:1AB3H         LINE#         377
  C:1AB6H         LINE#         378
  C:1AB9H         LINE#         379
  C:1ABBH         LINE#         380
  C:1ABEH         LINE#         381
  C:1AC1H         LINE#         382
  C:1AC3H         LINE#         386
  C:1AC6H         LINE#         387
  C:1AC8H         LINE#         389
  C:1ACAH         LINE#         391
  C:1ACDH         LINE#         394
  C:1AD0H         LINE#         395
[...]
  C:1C7EH         LINE#         359
  C:1C7EH         LINE#         364
  C:1C83H         LINE#         365
  C:1C87H         LINE#         367
  C:1C91H         LINE#         369
  C:1C96H         LINE#         370
  C:1C96H         LINE#         371
  C:1CC2H         LINE#         372
  C:1CC8H         LINE#         373
  C:1CD5H         LINE#         374
  C:1CD5H         LINE#         375
  C:1CD9H         LINE#         376
  C:1CDDH         LINE#         377
  C:1CE3H         LINE#         378
  C:1CE3H         LINE#         379
  C:1CF2H         LINE#         380
  C:1CFEH         LINE#         381
  C:1D03H         LINE#         382
  -------         ENDPROC       _WRITEVAL
  -------         PROC          _WRITESTRING
  X:000AH         SYMBOL        Str
  -------         DO            
  D:0006H         SYMBOL        checksum
  -------         ENDDO         
  C:2A18H         LINE#         398
  C:2A23H         LINE#         399
  C:2A23H         LINE#         400
  C:2A25H         LINE#         402
  C:2A2AH         LINE#         404
  C:2A3BH         LINE#         405
  C:2A3BH         LINE#         406
  C:2A3EH         LINE#         407
  C:2A46H         LINE#         408
BL51 BANKED LINKER/LOCATER V5.15                                                      10/11/2010  10:34:16  PAGE 52


  C:2A48H         LINE#         409
  C:2A4DH         LINE#         410
  C:2A52H         LINE#         411
  -------         ENDPROC       _WRITESTRING
  -------         PROC          CHARHANDLER
  C:1087H         LINE#         426
  C:1087H         LINE#         427
  C:1087H         LINE#         428
  C:109CH         LINE#         430
  C:10A6H         LINE#         432
  C:10D4H         LINE#         433
  C:10D4H         LINE#         434
  C:10D4H         LINE#         435
  C:10DCH         LINE#         436
  C:10DCH         LINE#         437
  C:10E2H         LINE#         438
  C:10E7H         LINE#         439
  C:10ECH         LINE#         440
  C:110BH         LINE#         442
  C:110BH         LINE#         443
  C:1113H         LINE#         444
  C:1116H         LINE#         446
  C:1116H         LINE#         447
  C:1127H         LINE#         448
  C:1127H         LINE#         449
  C:1127H         LINE#         450
  C:1130H         LINE#         452
  C:1130H         LINE#         453
  C:1130H         LINE#         454
  C:1133H         LINE#         456
  C:1133H         LINE#         457
  C:1133H         LINE#         458
  C:1136H         LINE#         460
  C:1136H         LINE#         461
  C:1153H         LINE#         462
  C:1156H         LINE#         464
  C:1156H         LINE#         465
  C:1156H         LINE#         466
  C:1156H         LINE#         467
  C:1159H         LINE#         468
  C:1159H         LINE#         469
  C:1166H         LINE#         470
  C:1166H         LINE#         471
  C:1166H         LINE#         472
  C:11C6H         LINE#         474
  C:11C6H         LINE#         475
  C:11CDH         LINE#         477
  C:11CDH         LINE#         478
  C:11CDH         LINE#         479
  C:11CFH         LINE#         481
  C:11CFH         LINE#         482
  C:11CFH         LINE#         483
  C:11CFH         LINE#         484
  C:11D2H         LINE#         485
  C:11D2H         LINE#         486
  C:11D9H         LINE#         487
  C:11D9H         LINE#         488
BL51 BANKED LINKER/LOCATER V5.15                                                      10/11/2010  10:34:16  PAGE 53


  C:11F0H         LINE#         489
  C:11F3H         LINE#         491
  C:11F3H         LINE#         492
  C:11FCH         LINE#         493
  C:11FDH         LINE#         494
  C:11FDH         LINE#         495
  C:120AH         LINE#         496
  C:120AH         LINE#         497
  C:120AH         LINE#         498
  C:1210H         LINE#         499
  C:1210H         LINE#         500
  C:1212H         LINE#         501
  C:1212H         LINE#         502
  C:1212H         LINE#         503
  C:1215H         LINE#         504
  C:1215H         LINE#         505
  C:121DH         LINE#         506
  C:1223H         LINE#         507
  C:1224H         LINE#         508
  C:1224H         LINE#         509
  C:1226H         LINE#         511
  C:1226H         LINE#         512
  C:1226H         LINE#         513
  C:1226H         LINE#         514
  C:1232H         LINE#         515
  C:1232H         LINE#         516
  C:1232H         LINE#         517
  C:1238H         LINE#         518
  C:123EH         LINE#         519
  C:123FH         LINE#         520
  C:123FH         LINE#         521
  C:1269H         LINE#         522
  C:126FH         LINE#         523
  C:1270H         LINE#         524
  C:1270H         LINE#         525
  C:1277H         LINE#         527
  C:1277H         LINE#         528
  C:1277H         LINE#         529
  C:1277H         LINE#         530
  C:127EH         LINE#         531
  C:127EH         LINE#         532
  C:1285H         LINE#         533
  C:1288H         LINE#         534
  C:1288H         LINE#         535
  C:128AH         LINE#         537
  C:128AH         LINE#         538
  C:1291H         LINE#         539
  C:1298H         LINE#         541
  C:1298H         LINE#         542
  C:129DH         LINE#         544
  C:129DH         LINE#         545
  -------         ENDPROC       CHARHANDLER
  -------         PROC          L?0121
  -------         ENDPROC       L?0121
  -------         PROC          _SPI_TRANSFER
  D:0007H         SYMBOL        spi_byte
  D:0005H         SYMBOL        cnt
BL51 BANKED LINKER/LOCATER V5.15                                                      10/11/2010  10:34:16  PAGE 54


  -------         DO            
  D:0006H         SYMBOL        i
  -------         ENDDO         
  C:2C2DH         LINE#         565
  C:2C2DH         LINE#         566
  C:2C2DH         LINE#         569
  C:2C34H         LINE#         570
  C:2C34H         LINE#         571
  C:2C36H         LINE#         573
  C:2C3AH         LINE#         574
  C:2C3EH         LINE#         576
  C:2C40H         LINE#         577
  C:2C44H         LINE#         578
  C:2C46H         LINE#         579
  C:2C4CH         LINE#         580
  C:2C4FH         LINE#         581
  C:2C4FH         LINE#         582
  -------         ENDPROC       _SPI_TRANSFER
  -------         PROC          _SEND
  X:000FH         SYMBOL        gen
  D:0004H         SYMBOL        addr
  X:0012H         SYMBOL        dat
  X:0015H         SYMBOL        cnt
  -------         DO            
  X:0017H         SYMBOL        i
  X:0018H         SYMBOL        j
  -------         ENDDO         
  C:289DH         LINE#         605
  C:28ADH         LINE#         606
  C:28ADH         LINE#         610
  C:28AFH         LINE#         611
  C:28B9H         LINE#         612
  C:28BFH         LINE#         613
  C:28C2H         LINE#         614
  C:28C5H         LINE#         616
  C:28E1H         LINE#         617
  C:28E1H         LINE#         618
  C:28EAH         LINE#         619
  C:28F2H         LINE#         620
  C:28F4H         LINE#         621
  -------         ENDPROC       _SEND
  -------         PROC          _RECEIVE_BYTE
  X:000AH         SYMBOL        gen
  D:0004H         SYMBOL        addr
  D:0001H         SYMBOL        dat
  -------         DO            
  X:000BH         SYMBOL        i
  X:000CH         SYMBOL        j
  X:000EH         SYMBOL        tmp
  -------         ENDDO         
  C:2B3FH         LINE#         647
  C:2B44H         LINE#         648
  C:2B44H         LINE#         653
  C:2B4BH         LINE#         655
  C:2B4DH         LINE#         656
  C:2B57H         LINE#         657
  C:2B5DH         LINE#         658
BL51 BANKED LINKER/LOCATER V5.15                                                      10/11/2010  10:34:16  PAGE 55


  C:2B60H         LINE#         659
  C:2B63H         LINE#         661
  C:2B6DH         LINE#         662
  C:2B6FH         LINE#         663
  -------         ENDPROC       _RECEIVE_BYTE
  -------         ENDMOD        SER_SPI

  -------         MODULE        SERIAL
  C:0000H         SYMBOL        _ICE_DUMMY_
  D:0080H         PUBLIC        P0
  D:0090H         PUBLIC        P1
  C:3051H         PUBLIC        serinit
  C:2DF5H         PUBLIC        Timer2_ISR
  C:3059H         PUBLIC        _putch
  C:2DD6H         PUBLIC        _Timer2_Init
  C:301BH         PUBLIC        delay
  B:0020H.1       PUBLIC        T2timeout
  B:00C8H.7       PUBLIC        TF2H
  C:2F6EH         PUBLIC        flush
  D:00CCH         PUBLIC        TMR2
  D:00C8H         PUBLIC        TMR2CN
  X:0218H         PUBLIC        csum
  D:00CAH         PUBLIC        TMR2RL
  B:00A8H.4       PUBLIC        ES0
  C:2F29H         PUBLIC        serint0
  B:00A8H.5       PUBLIC        ET2
  B:0098H.0       PUBLIC        RI0
  B:0098H.1       PUBLIC        TI0
  B:0090H.2       PUBLIC        LED
  I:0023H         PUBLIC        rx_serbuf
  B:00C8H.2       PUBLIC        TR2
  D:0020H         PUBLIC        serflags
  X:0219H         PUBLIC        t2del
  D:0099H         PUBLIC        SBUF0
  C:26D1H         PUBLIC        _getch
  X:021AH         PUBLIC        rx_inptr
  X:021BH         PUBLIC        rx_outptr
  -------         PROC          SERINIT
  C:3051H         LINE#         50
  C:3051H         LINE#         51
  C:3051H         LINE#         53
  C:3056H         LINE#         54
  C:3058H         LINE#         55
  -------         ENDPROC       SERINIT
  -------         PROC          FLUSH
  -------         DO            
  D:0007H         SYMBOL        i
  -------         ENDDO         
  C:2F6EH         LINE#         69
  C:2F6EH         LINE#         70
  C:2F6EH         LINE#         72
  C:2F70H         LINE#         73
  C:2F75H         LINE#         74
  C:2F77H         LINE#         76
  C:2F77H         LINE#         77
  C:2F77H         LINE#         78
  C:2F80H         LINE#         79
BL51 BANKED LINKER/LOCATER V5.15                                                      10/11/2010  10:34:16  PAGE 56


  C:2F80H         LINE#         80
  C:2F82H         LINE#         81
  -------         ENDPROC       FLUSH
  -------         PROC          _PUTCH
  D:0007H         SYMBOL        c
  C:3059H         LINE#         96
  C:3059H         LINE#         97
  C:3059H         LINE#         98
  C:305BH         LINE#         99
  C:305EH         LINE#         101
  C:3060H         LINE#         102
  -------         ENDPROC       _PUTCH
  -------         PROC          SERINT0
  C:2F29H         LINE#         122
  C:2F29H         LINE#         123
  C:2F29H         LINE#         125
  C:2F2CH         LINE#         126
  C:2F2CH         LINE#         127
  C:2F35H         LINE#         128
  C:2F37H         LINE#         129
  C:2F3AH         LINE#         130
  C:2F3EH         LINE#         131
  C:2F40H         LINE#         132
  C:2F40H         LINE#         133
  -------         ENDPROC       SERINT0
  -------         PROC          _GETCH
  X:010BH         SYMBOL        c
  C:26D1H         LINE#         157
  C:26DCH         LINE#         158
  C:26DCH         LINE#         160
  C:26DEH         LINE#         161
  C:26E4H         LINE#         162
  C:26E4H         LINE#         164
  C:26E6H         LINE#         166
  C:26EBH         LINE#         167
  C:26EBH         LINE#         168
  C:26EDH         LINE#         170
  C:26F4H         LINE#         172
  C:2700H         LINE#         173
  C:2700H         LINE#         174
  C:2703H         LINE#         175
  C:2703H         LINE#         176
  C:2705H         LINE#         177
  C:2708H         LINE#         178
  C:2708H         LINE#         179
  C:2708H         LINE#         181
  C:270AH         LINE#         182
  C:270CH         LINE#         183
  C:2721H         LINE#         184
  C:2727H         LINE#         185
  C:272BH         LINE#         186
  C:272DH         LINE#         187
  C:272FH         LINE#         188
  C:2731H         LINE#         189
  -------         ENDPROC       _GETCH
  -------         PROC          _TIMER2_INIT
  D:0006H         SYMBOL        counts
BL51 BANKED LINKER/LOCATER V5.15                                                      10/11/2010  10:34:16  PAGE 57


  C:2DD6H         LINE#         204
  C:2DD6H         LINE#         205
  C:2DD6H         LINE#         206
  C:2DD9H         LINE#         208
  C:2DE2H         LINE#         209
  C:2DE8H         LINE#         210
  C:2DEAH         LINE#         211
  C:2DECH         LINE#         212
  C:2DF2H         LINE#         213
  C:2DF4H         LINE#         214
  -------         ENDPROC       _TIMER2_INIT
  -------         PROC          DELAY
  C:301BH         LINE#         216
  C:301BH         LINE#         217
  C:301BH         LINE#         218
  C:3022H         LINE#         220
  C:3022H         LINE#         221
  C:3022H         LINE#         222
  C:3025H         LINE#         223
  C:3025H         LINE#         224
  C:3027H         LINE#         226
  C:3027H         LINE#         227
  C:3027H         LINE#         228
  -------         ENDPROC       DELAY
  -------         PROC          TIMER2_ISR
  C:2DF5H         LINE#         232
  C:2DFBH         LINE#         234
  C:2DFDH         LINE#         236
  C:2E03H         LINE#         237
  C:2E06H         LINE#         238
  C:2E06H         LINE#         239
  C:2E08H         LINE#         240
  C:2E0BH         LINE#         241
  C:2E0BH         LINE#         242
  -------         ENDPROC       TIMER2_ISR
  -------         ENDMOD        SERIAL

  -------         MODULE        ?C?CLDPTR
  C:002EH         PUBLIC        ?C?CLDPTR
  -------         ENDMOD        ?C?CLDPTR

  -------         MODULE        ?C?CLDOPTR
  C:0047H         PUBLIC        ?C?CLDOPTR
  -------         ENDMOD        ?C?CLDOPTR

  -------         MODULE        ?C?CILDPTR
  C:0074H         PUBLIC        ?C?CILDPTR
  -------         ENDMOD        ?C?CILDPTR

  -------         MODULE        ?C?CSTPTR
  C:0096H         PUBLIC        ?C?CSTPTR
  -------         ENDMOD        ?C?CSTPTR

  -------         MODULE        ?C?CSTOPTR
  C:00A8H         PUBLIC        ?C?CSTOPTR
  -------         ENDMOD        ?C?CSTOPTR

BL51 BANKED LINKER/LOCATER V5.15                                                      10/11/2010  10:34:16  PAGE 58


  -------         MODULE        ?C?IMUL
  C:00CAH         PUBLIC        ?C?IMUL
  -------         ENDMOD        ?C?IMUL

  -------         MODULE        ?C?IILDX
  C:00DCH         PUBLIC        ?C?IILDX
  -------         ENDMOD        ?C?IILDX

  -------         MODULE        ?C?ILDIX
  C:00F2H         PUBLIC        ?C?ILDIX
  -------         ENDMOD        ?C?ILDIX

  -------         MODULE        ?C?ILDPTR
  C:0108H         PUBLIC        ?C?ILDPTR
  -------         ENDMOD        ?C?ILDPTR

  -------         MODULE        ?C?ILDOPTR
  C:0133H         PUBLIC        ?C?ILDOPTR
  -------         ENDMOD        ?C?ILDOPTR

  -------         MODULE        ?C?ISTPTR
  C:016BH         PUBLIC        ?C?ISTPTR
  -------         ENDMOD        ?C?ISTPTR

  -------         MODULE        ?C?ISTOPTR
  C:018AH         PUBLIC        ?C?ISTOPTR
  -------         ENDMOD        ?C?ISTOPTR

  -------         MODULE        ?C?LMUL
  C:01B7H         PUBLIC        ?C?LMUL
  -------         ENDMOD        ?C?LMUL

  -------         MODULE        ?C?ULDIV
  C:0242H         PUBLIC        ?C?ULDIV
  -------         ENDMOD        ?C?ULDIV

  -------         MODULE        ?C?SLDIV
  C:29D4H         PUBLIC        ?C?SLDIV
  -------         ENDMOD        ?C?SLDIV

  -------         MODULE        ?C?SLCMP
  C:02D4H         PUBLIC        ?C?SLCMP
  -------         ENDMOD        ?C?SLCMP

  -------         MODULE        ?C?SLSHR
  C:02EAH         PUBLIC        ?C?SLSHR
  -------         ENDMOD        ?C?SLSHR

  -------         MODULE        ?C?LSHL
  C:02FEH         PUBLIC        ?C?LSHL
  -------         ENDMOD        ?C?LSHL

  -------         MODULE        ?C?LLDOPTR
  C:0311H         PUBLIC        ?C?LLDOPTR
  -------         ENDMOD        ?C?LLDOPTR

  -------         MODULE        ?C?LSTOPTR
BL51 BANKED LINKER/LOCATER V5.15                                                      10/11/2010  10:34:16  PAGE 59


  C:0341H         PUBLIC        ?C?LSTOPTR
  -------         ENDMOD        ?C?LSTOPTR

  -------         MODULE        ?C?LSTXDATA
  C:0365H         PUBLIC        ?C?LSTXDATA
  -------         ENDMOD        ?C?LSTXDATA

  -------         MODULE        ?C?LSTKXDATA
  C:0371H         PUBLIC        ?C?LSTKXDATA
  -------         ENDMOD        ?C?LSTKXDATA

  -------         MODULE        ?C?LSTKOPTR
  C:03A2H         PUBLIC        ?C?LSTKOPTR
  -------         ENDMOD        ?C?LSTKOPTR

  -------         MODULE        ?C?ICALL
  C:03C6H         PUBLIC        ?C?ICALL
  C:03CAH         PUBLIC        ?C?ICALL2
  -------         ENDMOD        ?C?ICALL

  -------         MODULE        PRINTF
  X:000AH         PUBLIC        ?_PRINTF517?BYTE
  X:000AH         PUBLIC        ?_PRINTF?BYTE
  X:000AH         PUBLIC        ?_SPRINTF517?BYTE
  X:000AH         PUBLIC        ?_SPRINTF?BYTE
  C:05E4H         PUBLIC        _PRINTF
  C:05E4H         PUBLIC        _PRINTF517
  C:05DEH         PUBLIC        _SPRINTF
  C:05DEH         PUBLIC        _SPRINTF517
  -------         ENDMOD        PRINTF

  -------         MODULE        ?C?STRCPY
  C:0498H         PUBLIC        ?C?STRCPY
  -------         ENDMOD        ?C?STRCPY

  -------         MODULE        STRLEN
  C:2F83H         PUBLIC        _STRLEN
  -------         ENDMOD        STRLEN

  -------         MODULE        ?C?LLDIDATA
  C:04B5H         PUBLIC        ?C?LLDIDATA
  -------         ENDMOD        ?C?LLDIDATA

  -------         MODULE        ?C?LLDXDATA
  C:04C1H         PUBLIC        ?C?LLDXDATA
  -------         ENDMOD        ?C?LLDXDATA

  -------         MODULE        ?C?LLDPDATA
  C:04CDH         PUBLIC        ?C?LLDPDATA
  -------         ENDMOD        ?C?LLDPDATA

  -------         MODULE        ?C?LLDCODE
  C:04D9H         PUBLIC        ?C?LLDCODE
  -------         ENDMOD        ?C?LLDCODE

  -------         MODULE        ?C?LSTIDATA
  C:04E9H         PUBLIC        ?C?LSTIDATA
BL51 BANKED LINKER/LOCATER V5.15                                                      10/11/2010  10:34:16  PAGE 60


  -------         ENDMOD        ?C?LSTIDATA

  -------         MODULE        ?C?LSTPDATA
  C:04F5H         PUBLIC        ?C?LSTPDATA
  -------         ENDMOD        ?C?LSTPDATA

  -------         MODULE        ?C?LSTKIDATA
  C:0501H         PUBLIC        ?C?LSTKIDATA
  -------         ENDMOD        ?C?LSTKIDATA

  -------         MODULE        ?C?LSTKPDATA
  C:051AH         PUBLIC        ?C?LSTKPDATA
  -------         ENDMOD        ?C?LSTKPDATA

  -------         MODULE        ?C?PLDIXDATA
  C:0533H         PUBLIC        ?C?PLDIXDATA
  -------         ENDMOD        ?C?PLDIXDATA

  -------         MODULE        ?C?PSTXDATA
  C:054AH         PUBLIC        ?C?PSTXDATA
  -------         ENDMOD        ?C?PSTXDATA

  -------         MODULE        ?C?CCASE
  C:0553H         PUBLIC        ?C?CCASE
  -------         ENDMOD        ?C?CCASE

  -------         MODULE        PUTCHAR
  C:2D43H         PUBLIC        _PUTCHAR
  -------         ENDMOD        PUTCHAR

Program Size: data=76.7 xdata=542 code=12383
LINK/LOCATE RUN COMPLETE.  0 WARNING(S),  0 ERROR(S)
