XA assembler v2.0 r2                    SN00085795-037 (c) 1998 TASKING, Inc.
                                                                                                                            Page   1
C:\LT428\work\ver.4_9\temp\xa\cqueue.src
ADDR   CODE            LINE SOURCELINE
                          1 ; XA C compiler v2.0 r2                   SN00085795-Ccz (c) 1998 TASKING, Inc.
                          2 ; options: -A1 -Cxag3 -e -g -Ic:\cxa\include -Ic:\LT428\rtxc\xa\include -I. -Ml
                          3 ;          -O2 -s
                          5 $NOZPAGE
                          6         NAME    CQUEUE
                         10 ; cqueue.c    1 /* cqueue.c - RTXC Queue definitions - Default              12/28/99 08:33 */
                         11 ; cqueue.c    2 
                         12 ; cqueue.c    3 #include "typedef.h"
                         19 ; cqueue.c    4 #include "rtxstruc.h"
                        108 ; cqueue.c    5 
                        109 ; cqueue.c    6 #include "cqueue.h"
                        113 ; cqueue.c    7 
                        114 ; cqueue.c    8 const QUEUE nqueues = NQUEUES+DNQUEUES;
000000                  115 CQUEUE_INI_FA   SEGMENT HDATA INSEGMENT INIT
000000                  116         RSEG    CQUEUE_INI_FA
                        119         PUBLIC  _nqueues
000000                  120 _nqueues:
                        136 ; cqueue.c    9 
                        137 ; cqueue.c   10 
                        138 ; cqueue.c   11 QHEADER ks_tblx qheader[1+NQUEUES+DNQUEUES];
                        144 ; cqueue.c   12 
                        145 ; cqueue.c   13 const QKHEADER qkheader[1+NQUEUES] =
000000 08               146         DB      008H
                        150         PUBLIC  _qkheader
000001 RESERVED         151         ALIGN   1
000001
000002                  152 _qkheader:
000002 00000000         153         DD      000000000H
                        154 ; cqueue.c   14 {
                        155 ; cqueue.c   15    { (char *)0, (size_t)0, 0 }  /* not used */
                        156 ; cqueue.c   16 };
                        157 ; cqueue.c   17 
                        158 ; cqueue.c   18 #define NAMMAX 8
                        159 ; cqueue.c   19 
                        160 ; cqueue.c   20 const char queuename[1+NQUEUES][NAMMAX+1] =
000006 00000000         161         DW      00000H,00000H
                        166         PUBLIC  _queuename
00000A                  167 _queuename:
00000A 00000000000000   168         DB      000H,000H,000H,000H,000H,000H,000H,000H,000H
       0000                 
                        169 ; cqueue.c   21 {
                        170 ; cqueue.c   22    ""
                        171 ; cqueue.c   23 };
000000                  177 CQUEUE_CLR_FA   SEGMENT HDATA INSEGMENT CLEAR
000000                  178         RSEG    CQUEUE_CLR_FA
                        179         PUBLIC  _qheader
                        180         ALIGN   1
000000                  181 _qheader:       DS      216
   |  RESERVED             
0000D7
                        182         EXTRN   DATA(__lc_ub_xvwbuffer)
                        183         EXTRN   DATA(__lc_ue_xvwbuffer)
