XA assembler v2.0 r2                    SN00085795-037 (c) 1998 TASKING, Inc.
                                                                                                                            Page   1
F:\PTV\Pt5201\Design\DDD\SW\Master\work\peh_work\temp\xa\cpart.src
ADDR   CODE            LINE SOURCELINE
                          1 ; XA C compiler v2.0 r2                   SN00085795-Ccz (c) 1998 TASKING, Inc.
                          2 ; options: -A1 -Cxag3 -e -g -Ic:\cxa\include -Ic:\cxa\rtxc\xa\include -I. -Ml
                          3 ;          -O2 -s
                          5 $NOZPAGE
                          6         NAME    CPART
                         10 ; cpart.c     1 /* cpart.c - RTXC Partition definitions - Default           12/28/99 08:34 */
                         11 ; cpart.c     2 
                         12 ; cpart.c     3 #include "typedef.h"
                         19 ; cpart.c     4 #include "rtxstruc.h"
                        108 ; cpart.c     5 
                        109 ; cpart.c     6 #include "cpart.h"
                        112 ; cpart.c     7 
                        113 ; cpart.c     8 const MAP nparts = NPARTS;
000000                  114 CPART_INI_FA    SEGMENT HDATA INSEGMENT INIT
000000                  115         RSEG    CPART_INI_FA
                        118         PUBLIC  _nparts
000000                  119 _nparts:
                        120 ; cpart.c     9 const MAP dnparts = DNPARTS;
000000 00               121         DB      000H
                        124         PUBLIC  _dnparts
000001                  125 _dnparts:
                        141 ; cpart.c    10 
                        142 ; cpart.c    11 
                        143 ; cpart.c    12 PHEADER ks_tblx pheader[1+NPARTS+DNPARTS];
                        149 ; cpart.c    13 
                        150 ; cpart.c    14 const PKHEADER pkheader[1+NPARTS] = 
000001 20               151         DB      020H
                        155         PUBLIC  _pkheader
                        156         ALIGN   1
000002                  157 _pkheader:
000002 00000000         158         DD      000000000H
                        159 ; cpart.c    15 {
                        160 ; cpart.c    16    { (struct xmap *)0, (size_t)0, 0 }
                        161 ; cpart.c    17 };
                        162 ; cpart.c    18 
                        163 ; cpart.c    19 #define NAMMAX 8
                        164 ; cpart.c    20 
                        165 ; cpart.c    21 const char partname[1+NPARTS][NAMMAX+1] =
000006 00000000         166         DW      00000H,00000H
                        171         PUBLIC  _partname
00000A                  172 _partname:
00000A 00000000000000   173         DB      000H,000H,000H,000H,000H,000H,000H,000H,000H
       0000                 
                        174 ; cpart.c    22 {
                        175 ; cpart.c    23    ""
                        176 ; cpart.c    24 };
000000                  182 CPART_CLR_FA    SEGMENT HDATA INSEGMENT CLEAR
000000                  183         RSEG    CPART_CLR_FA
                        184         PUBLIC  _pheader
                        185         ALIGN   1
000000                  186 _pheader:       DS      726
   |  RESERVED             
0002D5
                        187         EXTRN   DATA(__lc_ub_xvwbuffer)
                        188         EXTRN   DATA(__lc_ue_xvwbuffer)
