Linker command line:

-z -h+C:\WORK\5210\BBURST\TESTSPED\BBU.SYM -mBBU.MAP -pvectors=00h,text \
  -prbit=0100h/020h,rdata/text,rbss/.,data/rdata,const,strings,bss/.,stack=0200h/ \
  -pnvram=bss -pheap=nvram,FARDATA=010000h,FARBSS -ACODE=0h-0ffffhx16 \
  -ga/10000h -pfarnvram=FARBSS -oC:\TMP\L.OBJ C:\XA\LIB\RTxa--L.OBJ BBU.OBJ \
  SYSTEM.OBJ SERI1.OBJ INIIC.OBJ BB_NTSC.OBJ BB_PALG.OBJ FASEPALG.OBJ \
  FASENTSC.OBJ C:\XA\LIB\xa--LC.LIB 

Object code version is 3.3

Machine type is XA

		Name         Link     Load   Length Selector Space Scale
C:\XA\LIB\RTxa--L.OBJ
		text          104      104       D2       0     0
		vectors         0        0        4       0     0
BBU.OBJ         bss            EE       EE       10       0     1
		data           E6      308        8       0     0
		rbit          100       20       10       0     1    8
		rbss           24       24       7A       0     1
		text          1D6      1D6       10       0     0
		vectors         0        0      104       0     0
		ltext        1698     1698     1148       0     0
		code         4CF2     4CF2       C0       0     0
SYSTEM.OBJ      ltext        4DB2     4DB2       24       0     0
SERI1.OBJ       rbss           9E       9E       46       0     1
		ltext        4210     4210      5C6       0     0
INIIC.OBJ       rbit          110       22        2       0     1    8
		rbss           E4       E4        2       0     1
		ltext        31A4     31A4      838       0     0
BB_NTSC.OBJ     code         47D6     47D6      41A       0     0
BB_PALG.OBJ     code         27E0     27E0      9C4       0     0
FASEPALG.OBJ    code          310      310     1388       0     0
FASENTSC.OBJ    code         39DC     39DC      834       0     0

C:\XA\LIB\xa--LC.LIB
ctype_.obj      code         4BF0     4BF0      102       0     0
toupper.obj     ltext        4DD6     4DD6       12       0     0
ldiv.obj        text          1E6      1E6       FE       0     0
lmul.obj        text          2E4      2E4       1A       0     0
powerup.obj     text          2FE      2FE        4       0     0
indir1.obj      text          302      302        6       0     0

TOTAL		Name         Link     Load   Length
	CLASS	CODE    
		text          104      104      204
		vectors         0        0      104
		ltext        1698     1698     1148
		code         4CF2     4CF2       C0
		ltext        4DB2     4DB2       24
		ltext        4210     4210      5C6
		ltext        31A4     31A4      838
		code         47D6     47D6      41A
		code         27E0     27E0      9C4
		code          310      310     1388
		code         39DC     39DC      834
		code         4BF0     4BF0      102
		ltext        4DD6     4DD6       12

	CLASS	DATA    
		bss            EE       EE       10
		data           E6      308        8
		rbss           24       24       C2

	CLASS	BITSEG  
		rbit          100       20       12

	CLASS	FARDATA 

	CLASS	FARNVRAM

	CLASS	FARBSS  



SEGMENTS	Name		Load	Length	 Top	Selector    Space Class

		vectors         000000	000308	000308	       0       0  CODE
		rbit            000020	000003	000023	       0       1  BITSEG
		rbss            000024	0000C2	0000E6	       0       1  DATA
		bss             0000EE	000010	0000FE	       0       1  DATA
		data            000308	004AE0	004DE8	       0       0  DATA


UNUSED ADDRESS RANGES

	CODE             04DE8-0FFFF
	                 10000-1FFFF
	                 20000-2FFFF
	                 30000-3FFFF
	                 40000-4FFFF
	                 50000-5FFFF
	                 60000-6FFFF
	                 70000-7FFFF
	                 80000-8FFFF
	                 90000-9FFFF
	                 A0000-AFFFF
	                 B0000-BFFFF
	                 C0000-CFFFF
	                 D0000-DFFFF
	                 E0000-EFFFF
	                 F0000-FFFFF

                                  Symbol Table

_Acknowledge     rbit     00100  _ByteTx2         ltext    031A4
_CharHandler     ltext    024F8  _CommandExecute  ltext    02466
_NotFound        ltext    01698  _Number          rbss     00024
_Number1         rbss     00028  _Rd_iic          ltext    03254
_Rd_iic_int      ltext    01E86  _Rd_iic_long     ltext    01E3C
_RxBuf1          rbss     0009E  _Wr_iic          ltext    033A6
_Wr_iic2         ltext    0344E  __Bconst         const    00310
__Bdata          data     00308  __Brbit          rbit     00020
__Brdata         rdata    00308  __Bstack         stack    000FE
__Bstrings       strings  00310  __Hbss           bss      000FE
__Hcode          code     10000  __Hconst         const    000EE
__Hdata          data     000EE  __Hfarnvram      farnvram 10000
__Hheap          heap     000FE  __Hltext         ltext    10000
__Hnvram         nvram    000FE  __Hrbit          rbit     00112
__Hrbss          rbss     000E6  __Hrdata         rdata    00024
__Hstack         stack    00200  __Hstrings       strings  000EE
__Htext          text     00308  __Hvectors       vectors  00104
__Lbss           bss      000EE  __Lcode          code     10000
__Lconst         const    000EE  __Ldata          data     000E6
__Lfarnvram      farnvram 10000  __Lheap          heap     000FE
__Lltext         ltext    10000  __Lnvram         nvram    000FE
__Lrbit          rbit     00100  __Lrbss          rbss     00024
__Lrdata         rdata    00024  __Lstack         stack    00200
__Lstrings       strings  000EE  __Ltext          text     00104
__Lvectors       vectors  00000  __ctype_         code     04BF0
_buhiport1       (abs)    03000  _buhiport2       (abs)    0B000
_bulowport1      (abs)    02000  _bulowport2      (abs)    0A000
_cc              rbss     00096  _cksum           rbss     000E0
_daclev1         ltext    02046  _daclev2         ltext    020D6
_dacoffset1      ltext    0208E  _dacoffset2      ltext    0211E
_dalev1          rbss     00097  _dalev2          rbss     00098
_daoff1          rbss     00099  _daoff2          rbss     0009A
_dummy           ltext    01902  _errstatus       rbss     0009B
_exit            text     001AE  _ext0_int        ltext    0169A
_ext1_int        ltext    017CE  _get_char1       ltext    04326
_global1         ltext    01CEC  _global2         ltext    01D56
_hcalg1          rbss     0002A  _hcalg2          rbss     0002E
_hcalm1          rbss     00032  _hcalm2          rbss     00036
_header1         rbss     0009C  _hf1buf          rbss     0003A
_hf2buf          rbss     0003E  _hfase1          rbss     00042
_hfase2          rbss     00046  _hfasecport1     (abs)    01000
_hfasecport2     (abs)    09000  _hfasefport1     (abs)    04000
_hfasefport2     (abs)    0C000  _instr_index     bss      000F1
_instring        bss      000F2  _kommandotabel   code     04CF2
_kommun          ltext    02762  _lastphase1      rbss     0004A
_lastphase2      rbss     0004E  _lincnt1         rbss     00052
_lincnt2         rbss     00054  _load1g          ltext    01B98
_load1g7         ltext    01BD0  _load1m          ltext    01C08
_load1ms         ltext    01C40  _load2g          ltext    01BB4
_load2g7         ltext    01BEC  _load2m          ltext    01C24
_load2ms         ltext    01C88  _loaded1         rbit     00101
_loaded2         rbit     00102  _main            ltext    02778
_myaddress       rbss     0009D  _offsetg1        rbss     00056
_offsetg2        rbss     0005A  _offsetm1        rbss     0005E
_offsetm2        rbss     00062  _opstart         ltext    021D2
_pause1          ltext    0434C  _phases1         ltext    01904
_phases2         ltext    01A3A  _poff1           rbit     00103
_poff1buf        rbit     00104  _poff2           rbit     00105
_poff2buf        rbit     00106  _put_char1       ltext    04244
_quit            rbit     00107  _rcksum          rbss     000E1
_rdphase1        ltext    01C5C  _rdphase2        ltext    01C72
_rdsyst1         ltext    01CA4  _rdsyst2         ltext    01CC8
_rdtext          ltext    02180  _readstat        ltext    02456
_req             rbit     00108  _reset1          ltext    02336
_reset2          ltext    023C6  _return_char     ltext    04358
_return_int      ltext    04564  _return_long     ltext    043FA
_return_long_int ltext    045F4  _return_string   ltext    043AA
_rstate          rbss     000E3  _save            rbit     00109
_sch1            rbss     00066  _sch1buf         rbss     00068
_sch2            rbss     0006A  _sch2buf         rbss     0006C
_schcalg1        rbss     0006E  _schcalg2        rbss     00070
_schcalm1        rbss     00072  _schcalm2        rbss     00074
_scload1         ltext    01DC0  _scload2         ltext    01DFE
_serial1_init    ltext    04210  _serial1_int     ltext    04228
_serial_end      ltext    04262  _setadr          ltext    01B70
_sf1buf          rbss     00076  _sf2buf          rbss     00078
_sfaseg          code     00310  _sfasem          code     039DC
_std             rbit     0010A  _store_byte      ltext    03514
_store_phases    ltext    035C8  _store_string    ltext    03784
_subcoffs1       rbss     0007A  _subcoffs2       rbss     0007C
_subfa1          rbss     0007E  _subfa2          rbss     00080
_sys1buf         rbit     0010B  _sys2buf         rbit     0010C
_syssetup        ltext    04DB2  _syst1           rbit     0010D
_syst2           rbit     0010E  _tablephg        data     000E6
_tablephm        data     000EA  _tmp             rbss     00082
_toupper         ltext    04DD6  _trimphag1       ltext    01EAE
_trimphag2       ltext    01F12  _trimpham1       ltext    01F76
_trimpham2       ltext    01FE0  _ts              rbss     00086
_typeg           code     027E0  _typem           code     047D6
_typeport1       (abs)    00FFF  _typeport2       (abs)    08000
_vbuf1           rbss     0008A  _vbuf2           rbss     0008C
_verreport       ltext    021C2  _vfase1          rbss     0008E
_vfase1old       rbss     00090  _vfase2          rbss     00092
_vfase2old       rbss     00094  _waitms          ltext    034FC
_wrtext          ltext    02166  aldiv            text     00284
almod            text     002B2  almul            text     002E4
indir_lr1        text     00302  lldiv            text     00236
llmod            text     00248  llmul            text     002E4
powerup          text     002FE  start            text     00154
