BL51 BANKED LINKER/LOCATER V5.15              09/03/2012  12:59:47  PAGE 1


BL51 BANKED LINKER/LOCATER V5.15, INVOKED BY:
C:\SILABS\MCU\IDEFILES\C51\BIN\BL51NEW.EXE F:\PT8616\final_source\released\SW_
>> ver2.8\MCU\EEPROM_drv.obj, F:\PT8616\final_source\released\SW_ver2.8\MCU\GP
>> S_main.obj, F:\PT8616\final_source\released\SW_ver2.8\MCU\I2C_bus.obj, F:\P
>> T8616\final_source\released\SW_ver2.8\MCU\i2c_slave.obj, F:\PT8616\final_so
>> urce\released\SW_ver2.8\MCU\LTC_handler.obj, F:\PT8616\final_source\release
>> d\SW_ver2.8\MCU\pt5300_handler.obj, F:\PT8616\final_source\released\SW_ver2
>> .8\MCU\serial.obj, F:\PT8616\final_source\released\SW_ver2.8\MCU\ublox_prot
>> .obj, F:\PT8616\final_source\released\SW_ver2.8\MCU\config.obj TO F:\PT8616
>> \final_source\released\SW_ver2.8\MCU\PT8616 RS (256) PL (68) PW (78)


MEMORY MODEL: SMALL


INPUT MODULES INCLUDED:
  F:\PT8616\final_source\released\SW_ver2.8\MCU\EEPROM_drv.obj (EEPROM_DRV)
  F:\PT8616\final_source\released\SW_ver2.8\MCU\GPS_main.obj (GPS_MAIN)
  F:\PT8616\final_source\released\SW_ver2.8\MCU\I2C_bus.obj (I2C_BUS)
  F:\PT8616\final_source\released\SW_ver2.8\MCU\i2c_slave.obj (I2C_SLAVE)
  F:\PT8616\final_source\released\SW_ver2.8\MCU\LTC_handler.obj (LTC_HANDLER)
  F:\PT8616\final_source\released\SW_ver2.8\MCU\pt5300_handler.obj (PT5300_HAN
>> DLER)
  F:\PT8616\final_source\released\SW_ver2.8\MCU\serial.obj (SERIAL)
  F:\PT8616\final_source\released\SW_ver2.8\MCU\ublox_prot.obj (UBLOX_PROT)
  F:\PT8616\final_source\released\SW_ver2.8\MCU\config.obj (CONFIG)
  C:\SILABS\MCU\IDEFILES\C51\LIB\C51S.LIB (?C_STARTUP)
  C:\SILABS\MCU\IDEFILES\C51\LIB\C51S.LIB (?C?COPY)
  C:\SILABS\MCU\IDEFILES\C51\LIB\C51S.LIB (?C?SCDIV)
  C:\SILABS\MCU\IDEFILES\C51\LIB\C51S.LIB (?C?CLDPTR)
  C:\SILABS\MCU\IDEFILES\C51\LIB\C51S.LIB (?C?CLDOPTR)
  C:\SILABS\MCU\IDEFILES\C51\LIB\C51S.LIB (?C?CSTPTR)
  C:\SILABS\MCU\IDEFILES\C51\LIB\C51S.LIB (?C?IMUL)
  C:\SILABS\MCU\IDEFILES\C51\LIB\C51S.LIB (?C?UIDIV)
  C:\SILABS\MCU\IDEFILES\C51\LIB\C51S.LIB (?C?SIDIV)
  C:\SILABS\MCU\IDEFILES\C51\LIB\C51S.LIB (?C?LMUL)
  C:\SILABS\MCU\IDEFILES\C51\LIB\C51S.LIB (?C?ULDIV)
  C:\SILABS\MCU\IDEFILES\C51\LIB\C51S.LIB (?C?SLDIV)
  C:\SILABS\MCU\IDEFILES\C51\LIB\C51S.LIB (?C?ULCMP)
  C:\SILABS\MCU\IDEFILES\C51\LIB\C51S.LIB (?C?LSTXDATA)
  C:\SILABS\MCU\IDEFILES\C51\LIB\C51S.LIB (?C?LSTKXDATA)
  C:\SILABS\MCU\IDEFILES\C51\LIB\C51S.LIB (?C?CCASE)
  C:\SILABS\MCU\IDEFILES\C51\LIB\C51S.LIB (PRINTF)
  C:\SILABS\MCU\IDEFILES\C51\LIB\C51S.LIB (?C?MEMSET)
  C:\SILABS\MCU\IDEFILES\C51\LIB\C51S.LIB (?C_INIT)
  C:\SILABS\MCU\IDEFILES\C51\LIB\C51S.LIB (?C?PLDIIDATA)
  C:\SILABS\MCU\IDEFILES\C51\LIB\C51S.LIB (PUTCHAR)


LINK MAP OF MODULE:  F:\PT8616\final_source\released\SW_ver2.8\MCU\PT8616 (EEP
>> ROM_DRV)


            TYPE    BASE      LENGTH    RELOCATION   SEGMENT NAME
            -----------------------------------------------------

            * * * * * * *   D A T A   M E M O R Y   * * * * * * *
            REG     0000H     0008H     ABSOLUTE     "REG BANK 0"
            DATA    0008H     000BH     UNIT         ?DT?UBLOX_PROT
            DATA    0013H     0008H     UNIT         ?DT?LTC_HANDLER
            DATA    001BH     0004H     UNIT         ?DT?I2C_SLAVE
                    001FH     0001H                  *** GAP ***
            BIT     0020H.0   0001H.1   UNIT         _BIT_GROUP_
            BIT     0021H.1   0000H.3   UNIT         ?BI?GPS_MAIN
            BIT     0021H.4   0000H.3   UNIT         ?BI?LTC_HANDLER
            BIT     0021H.7   0000H.3   UNIT         ?BI?UBLOX_PROT
BL51 BANKED LINKER/LOCATER V5.15            09/03/2012  12:59:47  PAGE 2


            BIT     0022H.2   0000H.1   UNIT         ?BI?I2C_SLAVE
                    0022H.3   0000H.5                *** GAP ***
            DATA    0023H     0025H     UNIT         ?DT?GPS_MAIN
            DATA    0048H     0025H     UNIT         _DATA_GROUP_
            DATA    006DH     0002H     UNIT         ?DT?SERIAL
            IDATA   006FH     0001H     UNIT         ?STACK

            * * * * * * *  X D A T A   M E M O R Y  * * * * * * *
            XDATA   0000H     0141H     UNIT         ?XD?UBLOX_PROT
            XDATA   0141H     0130H     UNIT         _XDATA_GROUP_
            XDATA   0271H     0091H     UNIT         ?XD?LTC_HANDLER
            XDATA   0302H     004FH     UNIT         ?XD?GPS_MAIN
            XDATA   0351H     0010H     UNIT         ?XD?I2C_SLAVE
            XDATA   0361H     0008H     UNIT         ?XD?SERIAL

            * * * * * * *   C O D E   M E M O R Y   * * * * * * *
            CODE    0000H     0003H     ABSOLUTE     
            CODE    0003H     0003H     ABSOLUTE     
            CODE    0006H     000DH     UNIT         ?PR?_SET_BIT?GPS_MAIN
            CODE    0013H     0003H     ABSOLUTE     
            CODE    0016H     000CH     UNIT         ?PR?I2C_STOP?I2C_BUS
                    0022H     0001H                  *** GAP ***
            CODE    0023H     0003H     ABSOLUTE     
            CODE    0026H     0015H     UNIT         ?PR?INIT_DEVICE?CONFIG
            CODE    003BH     0003H     ABSOLUTE     
            CODE    003EH     0032H     UNIT         ?PR?I2C_GETACK?I2C_BUS
            CODE    0070H     0003H     UNIT         ?PR?INT_RISE?GPS_MAIN
            CODE    0073H     0003H     ABSOLUTE     
            CODE    0076H     0467H     UNIT         ?PR?MAIN?GPS_MAIN
            CODE    04DDH     044EH     UNIT         ?PR?LTC_MANAGER?LTC_HANDL
>> ER
            CODE    092BH     0441H     UNIT         ?PR?LTC_HANDLER
            CODE    0D6CH     03DAH     UNIT         ?C?LIB_CODE
            CODE    1146H     0392H     UNIT         ?CO?UBLOX_PROT
            CODE    14D8H     035CH     UNIT         ?PR?PRINTF?PRINTF
            CODE    1834H     033EH     UNIT         ?PR?PT5300_IN_HANDLE?PT53
>> 00_HANDLER
            CODE    1B72H     0222H     UNIT         ?PR?INTERPRET_MESSAGE?UBL
>> OX_PROT
            CODE    1D94H     013DH     UNIT         ?PR?CHECK_DAYLIGHT_SWITCH
>> ?LTC_HANDLER
            CODE    1ED1H     011CH     UNIT         ?PR?OFFSET_TIME?LTC_HANDL
>> ER
            CODE    1FEDH     00E5H     UNIT         ?PR?PACKET_PROCESS?UBLOX_
>> PROT
            CODE    20D2H     00E4H     UNIT         ?PR?I2C_PUTCH?I2C_SLAVE
            CODE    21B6H     00D4H     UNIT         ?PR?SETUP_UBLOX?UBLOX_PRO
>> T
            CODE    228AH     00C4H     UNIT         ?PR?INIT_LTC?LTC_HANDLER
            CODE    234EH     00B6H     UNIT         ?PR?SMBUS_ISR?I2C_SLAVE
            CODE    2404H     00ADH     UNIT         ?PR?_SEND_PACKET?UBLOX_PR
>> OT
            CODE    24B1H     008CH     UNIT         ?C_C51STARTUP
            CODE    253DH     007BH     UNIT         ?PR?PT5300_OUT_HANDLE?PT5
>> 300_HANDLER
            CODE    25B8H     0078H     UNIT         ?CO?GPS_MAIN
            CODE    2630H     0072H     UNIT         ?PR?SEC_INC?LTC_HANDLER
            CODE    26A2H     0071H     UNIT         ?PR?CONFIRM_DAYLIGHT_SWIT
>> CH?LTC_HANDLER
            CODE    2713H     0070H     UNIT         ?C_INITSEG
            CODE    2783H     006AH     UNIT         ?PR?TRANSMIT_LTC_DATA?LTC
>> _HANDLER
            CODE    27EDH     0068H     UNIT         ?PR?UBLOX_PROT
            CODE    2855H     005CH     UNIT         ?PR?GPS_MAIN
            CODE    28B1H     0044H     UNIT         ?C?LDIV
BL51 BANKED LINKER/LOCATER V5.15            09/03/2012  12:59:47  PAGE 3


            CODE    28F5H     0043H     UNIT         ?PR?_EEPROM_READ_BYTE?EEP
>> ROM_DRV
            CODE    2938H     0043H     UNIT         ?PR?SORT_QUALITIES?GPS_MA
>> IN
            CODE    297BH     0037H     UNIT         ?PR?_EEPROM_WRITE_BYTE?EE
>> PROM_DRV
            CODE    29B2H     0037H     UNIT         ?PR?UPDATE_LTC_STRINGS?LT
>> C_HANDLER
            CODE    29E9H     0036H     UNIT         ?PR?PT5300_HANDLER
            CODE    2A1FH     0031H     UNIT         ?PR?_GETCH?SERIAL
            CODE    2A50H     002EH     UNIT         ?PR?SERINT0?SERIAL
            CODE    2A7EH     0027H     UNIT         ?PR?_FPGA_WRITE_ARRAY?I2C
>> _BUS
            CODE    2AA5H     0027H     UNIT         ?PR?PUTCHAR?PUTCHAR
            CODE    2ACCH     0022H     UNIT         ?PR?_SET_MESSAGE_RATE?UBL
>> OX_PROT
            CODE    2AEEH     0021H     UNIT         ?PR?I2C_READBYTE?I2C_BUS
            CODE    2B0FH     0020H     UNIT         ?PR?OSCILLATOR_INIT?CONFI
>> G
            CODE    2B2FH     001EH     UNIT         ?CO?LTC_HANDLER
            CODE    2B4DH     001EH     UNIT         ?PR?_GET_PACKET?UBLOX_PRO
>> T
            CODE    2B6BH     0019H     UNIT         ?PR?_I2C_SENDBYTE?I2C_BUS
>> 
            CODE    2B84H     0019H     UNIT         ?PR?_FPGA_READ_BYTE?I2C_B
>> US
            CODE    2B9DH     0019H     UNIT         ?PR?_GET_UTC_TIME?UBLOX_P
>> ROT
            CODE    2BB6H     0014H     UNIT         ?PR?I2C_START?I2C_BUS
            CODE    2BCAH     0013H     UNIT         ?PR?TIMER_INIT?CONFIG
            CODE    2BDDH     0013H     UNIT         ?PR?PORT_IO_INIT?CONFIG
            CODE    2BF0H     0012H     UNIT         ?PR?SDELAY?I2C_BUS
            CODE    2C02H     0012H     UNIT         ?PR?_FPGA_WRITE_BYTE?I2C_
>> BUS
            CODE    2C14H     0012H     UNIT         ?PR?_BIN_TO_BCD?LTC_HANDL
>> ER
            CODE    2C26H     0011H     UNIT         ?PR?I2C_BUS
            CODE    2C37H     0010H     UNIT         ?PR?_DELAY?I2C_BUS
            CODE    2C47H     0010H     UNIT         ?PR?_POLL_PACKET?UBLOX_PR
>> OT
            CODE    2C57H     000EH     UNIT         ?PR?_CLEAR_BIT?GPS_MAIN
            CODE    2C65H     000AH     UNIT         ?PR?I2C_GIVEACK?I2C_BUS
            CODE    2C6FH     000AH     UNIT         ?PR?TIMER3_ISR?I2C_SLAVE
            CODE    2C79H     000AH     UNIT         ?PR?INTERRUPTS_INIT?CONFI
>> G
            CODE    2C83H     0008H     UNIT         ?PR?_PUTCH?SERIAL
            CODE    2C8BH     0007H     UNIT         ?PR?PCA_INIT?CONFIG
            CODE    2C92H     0004H     UNIT         ?PR?UART_INIT?CONFIG
            CODE    2C96H     0004H     UNIT         ?PR?SMBUS_INIT?CONFIG
            CODE    2C9AH     0003H     UNIT         ?PR?INT_FALL?GPS_MAIN



OVERLAY MAP OF MODULE:   F:\PT8616\final_source\released\SW_ver2.8\MCU\PT8616 
>> (EEPROM_DRV)


SEGMENT                                            BIT_GROUP          DATA_GRO
>> UP          XDATA_GROUP
  +--> CALLED SEGMENT                           START    LENGTH     START    L
>> ENGTH     START    LENGTH
------------------------------------------------------------------------------
>> -------------------------
?PR?SMBUS_ISR?I2C_SLAVE                         -----    -----      -----    -
>> ----      -----    -----
BL51 BANKED LINKER/LOCATER V5.15            09/03/2012  12:59:47  PAGE 4


  +--> ?PR?I2C_PUTCH?I2C_SLAVE
  +--> ?PR?PT5300_OUT_HANDLE?PT5300_HANDLER

?PR?I2C_PUTCH?I2C_SLAVE                         -----    -----      -----    -
>> ----      -----    -----
  +--> ?CO?GPS_MAIN

*** NEW ROOT ***************************************************

?C_C51STARTUP                                   -----    -----      -----    -
>> ----      -----    -----
  +--> ?PR?MAIN?GPS_MAIN
  +--> ?C_INITSEG

?PR?MAIN?GPS_MAIN                               -----    -----      -----    -
>> ----      -----    -----
  +--> ?PR?INIT_DEVICE?CONFIG
  +--> ?CO?GPS_MAIN
  +--> ?PR?_FPGA_READ_BYTE?I2C_BUS
  +--> ?PR?_SET_BIT?GPS_MAIN
  +--> ?PR?_CLEAR_BIT?GPS_MAIN
  +--> ?PR?PACKET_PROCESS?UBLOX_PROT
  +--> ?PR?CONFIRM_DAYLIGHT_SWITCH?LTC_HANDLER
  +--> ?PR?_POLL_PACKET?UBLOX_PROT
  +--> ?PR?PT5300_IN_HANDLE?PT5300_HANDLER
  +--> ?PR?INTERPRET_MESSAGE?UBLOX_PROT
  +--> ?PR?_FPGA_WRITE_BYTE?I2C_BUS
  +--> ?PR?UPDATE_LTC_STRINGS?LTC_HANDLER
  +--> ?PR?CHECK_DAYLIGHT_SWITCH?LTC_HANDLER
  +--> ?PR?GPS_MAIN
  +--> ?PR?PRINTF?PRINTF
  +--> ?PR?LTC_MANAGER?LTC_HANDLER
  +--> ?PR?TRANSMIT_LTC_DATA?LTC_HANDLER
  +--> ?PR?SORT_QUALITIES?GPS_MAIN
  +--> ?PR?_EEPROM_READ_BYTE?EEPROM_DRV
  +--> ?PR?INIT_LTC?LTC_HANDLER
  +--> ?PR?SETUP_UBLOX?UBLOX_PROT

?PR?INIT_DEVICE?CONFIG                          -----    -----      -----    -
>> ----      -----    -----
  +--> ?PR?PCA_INIT?CONFIG
  +--> ?PR?TIMER_INIT?CONFIG
  +--> ?PR?UART_INIT?CONFIG
  +--> ?PR?SMBUS_INIT?CONFIG
  +--> ?PR?PORT_IO_INIT?CONFIG
  +--> ?PR?OSCILLATOR_INIT?CONFIG
  +--> ?PR?INTERRUPTS_INIT?CONFIG

?PR?_FPGA_READ_BYTE?I2C_BUS                     -----    -----      -----    -
>> ----      -----    -----
  +--> ?PR?I2C_GETACK?I2C_BUS
  +--> ?PR?I2C_START?I2C_BUS
  +--> ?PR?I2C_BUS
  +--> ?PR?I2C_READBYTE?I2C_BUS
  +--> ?PR?I2C_STOP?I2C_BUS

?PR?I2C_GETACK?I2C_BUS                          -----    -----      -----    -
>> ----      -----    -----
  +--> ?PR?I2C_START?I2C_BUS
  +--> ?PR?_I2C_SENDBYTE?I2C_BUS
  +--> ?PR?SDELAY?I2C_BUS

?PR?I2C_START?I2C_BUS                           -----    -----      -----    -
>> ----      -----    -----
  +--> ?PR?SDELAY?I2C_BUS
BL51 BANKED LINKER/LOCATER V5.15            09/03/2012  12:59:47  PAGE 5



?PR?_I2C_SENDBYTE?I2C_BUS                       -----    -----      -----    -
>> ----      -----    -----
  +--> ?PR?SDELAY?I2C_BUS

?PR?I2C_BUS                                     -----    -----      -----    -
>> ----      -----    -----
  +--> ?PR?SDELAY?I2C_BUS
  +--> ?PR?_I2C_SENDBYTE?I2C_BUS
  +--> ?PR?I2C_GETACK?I2C_BUS

?PR?I2C_READBYTE?I2C_BUS                        -----    -----      -----    -
>> ----      -----    -----
  +--> ?PR?SDELAY?I2C_BUS

?PR?I2C_STOP?I2C_BUS                            -----    -----      -----    -
>> ----      -----    -----
  +--> ?PR?SDELAY?I2C_BUS

?PR?_SET_BIT?GPS_MAIN                           -----    -----      -----    -
>> ----      -----    -----
  +--> ?PR?GPS_MAIN

?PR?GPS_MAIN                                    -----    -----      -----    -
>> ----      -----    -----
  +--> ?CO?GPS_MAIN

?PR?_CLEAR_BIT?GPS_MAIN                         -----    -----      -----    -
>> ----      -----    -----
  +--> ?PR?GPS_MAIN

?PR?PACKET_PROCESS?UBLOX_PROT                   -----    -----      -----    -
>> ----      -----    -----
  +--> ?PR?_GETCH?SERIAL
  +--> ?PR?UBLOX_PROT
  +--> ?CO?UBLOX_PROT

?PR?_POLL_PACKET?UBLOX_PROT                     -----    -----      -----    -
>> ----      0141H    0130H
  +--> ?PR?UBLOX_PROT
  +--> ?PR?_SEND_PACKET?UBLOX_PROT

?PR?_SEND_PACKET?UBLOX_PROT                     -----    -----      004BH    0
>> 003H      -----    -----
  +--> ?PR?_PUTCH?SERIAL
  +--> ?PR?UBLOX_PROT

?PR?PT5300_IN_HANDLE?PT5300_HANDLER             -----    -----      0048H    0
>> 001H      -----    -----
  +--> ?PR?_SET_BIT?GPS_MAIN
  +--> ?PR?_CLEAR_BIT?GPS_MAIN
  +--> ?PR?_FPGA_WRITE_BYTE?I2C_BUS
  +--> ?PR?_EEPROM_WRITE_BYTE?EEPROM_DRV
  +--> ?PR?PT5300_HANDLER

?PR?_FPGA_WRITE_BYTE?I2C_BUS                    -----    -----      -----    -
>> ----      -----    -----
  +--> ?PR?I2C_START?I2C_BUS
  +--> ?PR?I2C_BUS
  +--> ?PR?I2C_GETACK?I2C_BUS
  +--> ?PR?I2C_STOP?I2C_BUS

?PR?_EEPROM_WRITE_BYTE?EEPROM_DRV               -----    -----      0049H    0
>> 003H      -----    -----
  +--> ?PR?I2C_START?I2C_BUS
BL51 BANKED LINKER/LOCATER V5.15            09/03/2012  12:59:47  PAGE 6


  +--> ?PR?_I2C_SENDBYTE?I2C_BUS
  +--> ?PR?I2C_GETACK?I2C_BUS
  +--> ?PR?I2C_STOP?I2C_BUS
  +--> ?PR?_DELAY?I2C_BUS

?PR?INTERPRET_MESSAGE?UBLOX_PROT                -----    -----      004BH    0
>> 001H      0141H    0130H
  +--> ?PR?_GET_PACKET?UBLOX_PROT
  +--> ?PR?UBLOX_PROT

?PR?_GET_PACKET?UBLOX_PROT                      -----    -----      004CH    0
>> 003H      -----    -----

?PR?UPDATE_LTC_STRINGS?LTC_HANDLER              -----    -----      0048H    0
>> 001H      -----    -----
  +--> ?PR?LTC_HANDLER
  +--> ?PR?PRINTF?PRINTF

?PR?LTC_HANDLER                                 -----    -----      -----    -
>> ----      -----    -----
  +--> ?CO?LTC_HANDLER

?PR?PRINTF?PRINTF                               0020H.0  0001H.1    0049H    0
>> 014H      -----    -----
  +--> ?PR?PUTCHAR?PUTCHAR

?PR?CHECK_DAYLIGHT_SWITCH?LTC_HANDLER           -----    -----      -----    -
>> ----      -----    -----
  +--> ?PR?LTC_HANDLER
  +--> ?PR?_SET_BIT?GPS_MAIN

?PR?LTC_MANAGER?LTC_HANDLER                     -----    -----      0048H    0
>> 011H      -----    -----
  +--> ?PR?_GET_UTC_TIME?UBLOX_PROT
  +--> ?PR?LTC_HANDLER
  +--> ?PR?SEC_INC?LTC_HANDLER
  +--> ?PR?_SET_BIT?GPS_MAIN
  +--> ?PR?_CLEAR_BIT?GPS_MAIN
  +--> ?PR?OFFSET_TIME?LTC_HANDLER
  +--> ?PR?_BIN_TO_BCD?LTC_HANDLER

?PR?_GET_UTC_TIME?UBLOX_PROT                    -----    -----      0059H    0
>> 003H      -----    -----

?PR?SEC_INC?LTC_HANDLER                         -----    -----      -----    -
>> ----      -----    -----
  +--> ?PR?LTC_HANDLER

?PR?OFFSET_TIME?LTC_HANDLER                     -----    -----      0059H    0
>> 014H      -----    -----
  +--> ?PR?LTC_HANDLER

?PR?TRANSMIT_LTC_DATA?LTC_HANDLER               -----    -----      -----    -
>> ----      -----    -----
  +--> ?PR?_FPGA_WRITE_ARRAY?I2C_BUS

?PR?_FPGA_WRITE_ARRAY?I2C_BUS                   -----    -----      0048H    0
>> 005H      -----    -----
  +--> ?PR?I2C_GETACK?I2C_BUS
  +--> ?PR?I2C_BUS
  +--> ?PR?I2C_STOP?I2C_BUS

?PR?SORT_QUALITIES?GPS_MAIN                     -----    -----      0048H    0
>> 001H      -----    -----

BL51 BANKED LINKER/LOCATER V5.15            09/03/2012  12:59:47  PAGE 7


?PR?_EEPROM_READ_BYTE?EEPROM_DRV                -----    -----      0048H    0
>> 003H      -----    -----
  +--> ?PR?I2C_START?I2C_BUS
  +--> ?PR?_I2C_SENDBYTE?I2C_BUS
  +--> ?PR?I2C_GETACK?I2C_BUS
  +--> ?PR?I2C_READBYTE?I2C_BUS
  +--> ?PR?I2C_STOP?I2C_BUS
  +--> ?PR?_DELAY?I2C_BUS

?PR?INIT_LTC?LTC_HANDLER                        -----    -----      -----    -
>> ----      -----    -----
  +--> ?PR?LTC_HANDLER

?PR?SETUP_UBLOX?UBLOX_PROT                      -----    -----      0048H    0
>> 003H      -----    -----
  +--> ?CO?UBLOX_PROT
  +--> ?PR?_SEND_PACKET?UBLOX_PROT
  +--> ?PR?PACKET_PROCESS?UBLOX_PROT
  +--> ?PR?INTERPRET_MESSAGE?UBLOX_PROT
  +--> ?PR?_SET_MESSAGE_RATE?UBLOX_PROT

?PR?_SET_MESSAGE_RATE?UBLOX_PROT                -----    -----      -----    -
>> ----      0141H    0130H
  +--> ?PR?UBLOX_PROT
  +--> ?PR?_SEND_PACKET?UBLOX_PROT



SYMBOL TABLE OF MODULE:  F:\PT8616\final_source\released\SW_ver2.8\MCU\PT8616 
>> (EEPROM_DRV)

  VALUE           TYPE          NAME
  ----------------------------------

  -------         MODULE        EEPROM_DRV
  C:0000H         SYMBOL        _ICE_DUMMY_
  C:28F5H         PUBLIC        _EEPROM_read_byte
  C:297BH         PUBLIC        _EEPROM_write_byte
  -------         PROC          _EEPROM_WRITE_BYTE
  D:0049H         SYMBOL        bank
  D:004AH         SYMBOL        adresse
  D:004BH         SYMBOL        byte
  C:297BH         LINE#         3
  C:2981H         LINE#         4
  C:2981H         LINE#         6
  C:298AH         LINE#         8
  C:298DH         LINE#         9
  C:2995H         LINE#         10
  C:2998H         LINE#         11
  C:299DH         LINE#         12
  C:29A0H         LINE#         13
  C:29A5H         LINE#         14
  C:29A8H         LINE#         15
  C:29ABH         LINE#         16
  -------         ENDPROC       _EEPROM_WRITE_BYTE
  -------         PROC          _EEPROM_READ_BYTE
  D:0048H         SYMBOL        bank
  D:0049H         SYMBOL        adresse
  -------         DO            
  D:004AH         SYMBOL        in_byte
  -------         ENDDO         
  C:28F5H         LINE#         20
  C:28F9H         LINE#         21
  C:28F9H         LINE#         22
  C:28FCH         LINE#         26
BL51 BANKED LINKER/LOCATER V5.15            09/03/2012  12:59:47  PAGE 8


  C:2905H         LINE#         28
  C:2908H         LINE#         29
  C:2910H         LINE#         30
  C:2913H         LINE#         31
  C:2918H         LINE#         32
  C:291BH         LINE#         33
  C:291EH         LINE#         34
  C:2923H         LINE#         35
  C:2926H         LINE#         36
  C:292BH         LINE#         37
  C:292EH         LINE#         38
  C:2935H         LINE#         41
  C:2937H         LINE#         42
  -------         ENDPROC       _EEPROM_READ_BYTE
  -------         ENDMOD        EEPROM_DRV

  -------         MODULE        GPS_MAIN
  C:0000H         SYMBOL        _ICE_DUMMY_
  B:00A0H.6       PUBLIC        NTP_REQUEST
  D:0090H         PUBLIC        P1
  D:00A0H         PUBLIC        P2
  C:2938H         PUBLIC        sort_qualities
  B:0021H.1       PUBLIC        ext1_fall_flag
  D:0023H         PUBLIC        sorted_quality
  D:0027H         PUBLIC        counter
  C:262FH         PUBLIC        current_MCU_sw_version
  B:00A0H.0       PUBLIC        LED1
  B:00A0H.1       PUBLIC        LED2
  C:2C57H         PUBLIC        _clear_bit
  D:0029H         PUBLIC        FPGA_system_control
  B:0021H.2       PUBLIC        ext1_rise_flag
  B:0021H.3       PUBLIC        OCXO_locked_status
  D:002AH         PUBLIC        blink_count
  B:00A0H.2       PUBLIC        FPGA_reset
  C:0076H         PUBLIC        main
  X:0302H         PUBLIC        PT5300_str
  X:030DH         PUBLIC        OCXO_phase_diff
  D:002CH         PUBLIC        main_state
  D:002DH         PUBLIC        master_status_byte
  C:262EH         PUBLIC        current_FPGA_sw_version
  X:030FH         PUBLIC        counter_str
  D:002EH         PUBLIC        OCXO_dac_value
  B:00A0H.5       PUBLIC        NTP_LOCK_STATUS
  X:031AH         PUBLIC        debug_str
  D:0030H         PUBLIC        next_state
  X:0325H         PUBLIC        quality_str
  C:2C9AH         PUBLIC        int_fall
  C:0006H         PUBLIC        _set_bit
  D:0031H         PUBLIC        message_counter
  X:0330H         PUBLIC        phase_str
  D:0032H         PUBLIC        NTP_request_edge
  D:0033H         PUBLIC        blinkpat
  X:033BH         PUBLIC        KU_str
  D:0034H         PUBLIC        FPGA_software_version
  D:0035H         PUBLIC        blinkseq
  C:0070H         PUBLIC        int_rise
  X:0346H         PUBLIC        status_str
  D:0036H         PUBLIC        OCXO_avg_dac_value
  B:0090H.0       PUBLIC        timepulse_status
  D:0038H         PUBLIC        signal_quality
  C:2855H         SYMBOL        Com006D
  C:2855H         SYMBOL        L?0110
  C:2857H         SYMBOL        L?0111
  C:285EH         SYMBOL        L?0112
  C:2865H         SYMBOL        L?0113
BL51 BANKED LINKER/LOCATER V5.15            09/03/2012  12:59:47  PAGE 9


  C:286FH         SYMBOL        L?0115
  C:286FH         SYMBOL        L?0116
  C:2878H         SYMBOL        L?0118
  C:2884H         SYMBOL        L?0119
  C:288FH         SYMBOL        L?0120
  C:288FH         SYMBOL        L?0121
  C:2896H         SYMBOL        L?0122
  C:2896H         SYMBOL        L?0123
  C:289DH         SYMBOL        L?0124
  C:28A7H         SYMBOL        L?0125
  -------         PROC          COM006D
  -------         ENDPROC       COM006D
  -------         PROC          INT_RISE
  C:0070H         LINE#         144
  C:0070H         LINE#         146
  C:0072H         LINE#         147
  -------         ENDPROC       INT_RISE
  -------         PROC          INT_FALL
  C:2C9AH         LINE#         150
  C:2C9AH         LINE#         152
  C:2C9CH         LINE#         153
  -------         ENDPROC       INT_FALL
  -------         PROC          SORT_QUALITIES
  -------         DO            
  D:0006H         SYMBOL        idx1
  D:0007H         SYMBOL        idx2
  D:0048H         SYMBOL        max_quality
  -------         ENDDO         
  C:2938H         LINE#         156
  C:2938H         LINE#         157
  C:2938H         LINE#         159
  C:293BH         LINE#         162
  C:294AH         LINE#         165
  C:294CH         LINE#         166
  C:294CH         LINE#         167
  C:294EH         LINE#         169
  C:295EH         LINE#         171
  C:2963H         LINE#         172
  C:296FH         LINE#         175
  C:2976H         LINE#         176
  C:297AH         LINE#         177
  -------         ENDPROC       SORT_QUALITIES
  C:04A1H         SYMBOL        L?0106
  C:04ABH         SYMBOL        L?0107
  C:04C0H         SYMBOL        L?0108
  C:04CAH         SYMBOL        L?0114
  C:04D4H         SYMBOL        L?0117
  -------         PROC          MAIN
  C:0076H         LINE#         223
  C:0076H         LINE#         224
  C:0076H         LINE#         225
  C:0079H         LINE#         228
  C:007CH         LINE#         229
  C:007FH         LINE#         232
  C:0088H         LINE#         233
  C:0091H         LINE#         236
  C:0091H         LINE#         237
  C:0091H         LINE#         243
  C:009CH         LINE#         245
  C:00A7H         LINE#         246
  C:00ACH         LINE#         248
  C:00AFH         LINE#         251
  C:00B2H         LINE#         254
  C:00B5H         LINE#         257
  C:00B9H         LINE#         260
BL51 BANKED LINKER/LOCATER V5.15            09/03/2012  12:59:47  PAGE 10


  C:00BCH         LINE#         261
  C:00BFH         LINE#         263
  C:00C5H         LINE#         266
  C:00C8H         LINE#         267
  C:00CFH         LINE#         270
  C:00D2H         LINE#         271
  C:00D2H         LINE#         272
  C:00D5H         LINE#         273
  C:00D7H         LINE#         274
  C:00D7H         LINE#         277
  C:00DAH         LINE#         278
  C:00DAH         LINE#         279
  C:00DDH         LINE#         280
  C:00DFH         LINE#         281
  C:00DFH         LINE#         284
  C:00F1H         LINE#         285
  C:00F1H         LINE#         286
  C:00F6H         LINE#         287
  C:00F8H         LINE#         288
  C:00FBH         LINE#         290
  C:010BH         LINE#         291
  C:010FH         LINE#         293
  C:0111H         LINE#         294
  C:0111H         LINE#         301
  C:0117H         LINE#         302
  C:0117H         LINE#         307
  C:013AH         LINE#         310
  C:0141H         LINE#         312
  C:0146H         LINE#         313
  C:0146H         LINE#         314
  C:014DH         LINE#         315
  C:0154H         LINE#         318
  C:016FH         LINE#         319
  C:0187H         LINE#         320
  C:0187H         LINE#         322
  C:018AH         LINE#         323
  C:018DH         LINE#         325
  C:0195H         LINE#         326
  C:0197H         LINE#         333
  C:01A7H         LINE#         340
  C:01C2H         LINE#         341
  C:01DDH         LINE#         342
  C:0203H         LINE#         343
  C:022DH         LINE#         345
  C:022FH         LINE#         346
  C:0231H         LINE#         347
  C:0231H         LINE#         350
  C:0234H         LINE#         351
  C:0234H         LINE#         353
  C:0237H         LINE#         354
  C:023AH         LINE#         355
  C:023DH         LINE#         357
  C:023FH         LINE#         358
  C:0241H         LINE#         359
  C:0241H         LINE#         366
  C:024AH         LINE#         367
  C:024AH         LINE#         368
  C:0276H         LINE#         369
  C:0276H         LINE#         370
  C:0276H         LINE#         371
  C:0276H         LINE#         374
  C:0282H         LINE#         376
  C:0287H         LINE#         377
  C:028BH         LINE#         380
  C:028DH         LINE#         383
BL51 BANKED LINKER/LOCATER V5.15            09/03/2012  12:59:47  PAGE 11


  C:0291H         LINE#         384
  C:02B9H         LINE#         386
  C:02BCH         LINE#         389
  C:02C7H         LINE#         392
  C:02CEH         LINE#         393
  C:02D5H         LINE#         405
  C:02DBH         LINE#         408
  C:02E1H         LINE#         411
  C:02E9H         LINE#         412
  C:02EEH         LINE#         414
  C:02F1H         LINE#         416
  C:02F1H         LINE#         417
  C:02F4H         LINE#         419
  C:0300H         LINE#         421
  C:0302H         LINE#         423
  C:0305H         LINE#         425
  C:0305H         LINE#         426
  C:0305H         LINE#         427
  C:030EH         LINE#         428
  C:0311H         LINE#         430
  C:0311H         LINE#         431
  C:0314H         LINE#         433
  C:0320H         LINE#         435
  C:0322H         LINE#         438
  C:0322H         LINE#         439
  C:0322H         LINE#         440
  C:0327H         LINE#         442
  C:032AH         LINE#         444
  C:032AH         LINE#         445
  C:032DH         LINE#         447
  C:0339H         LINE#         449
  C:0339H         LINE#         450
  C:0341H         LINE#         451
  C:0349H         LINE#         452
  C:0349H         LINE#         454
  C:034BH         LINE#         456
  C:034BH         LINE#         457
  C:034EH         LINE#         459
  C:0354H         LINE#         461
  C:0356H         LINE#         462
  C:035EH         LINE#         463
  C:0366H         LINE#         465
  C:0368H         LINE#         467
  C:0368H         LINE#         468
  C:036BH         LINE#         470
  C:0377H         LINE#         473
  C:0377H         LINE#         474
  C:0377H         LINE#         476
  C:037CH         LINE#         477
  C:037EH         LINE#         479
  C:037EH         LINE#         480
  C:0381H         LINE#         482
  C:038AH         LINE#         484
  C:038CH         LINE#         486
  C:038CH         LINE#         487
  C:038CH         LINE#         489
  C:039BH         LINE#         491
  C:039BH         LINE#         493
  C:03A3H         LINE#         495
  C:03A3H         LINE#         500
  C:03A3H         LINE#         501
  C:03A3H         LINE#         503
  C:03A8H         LINE#         504
  C:03ABH         LINE#         505
  C:03ABH         LINE#         507
BL51 BANKED LINKER/LOCATER V5.15            09/03/2012  12:59:47  PAGE 12


  C:03D7H         LINE#         508
  C:03D7H         LINE#         509
  C:03D7H         LINE#         510
  C:03DAH         LINE#         511
  C:03DDH         LINE#         513
  C:03DDH         LINE#         514
  C:03EBH         LINE#         515
  C:03EBH         LINE#         516
  C:03F1H         LINE#         517
  C:03F4H         LINE#         523
  C:03F4H         LINE#         524
  C:03F7H         LINE#         525
  C:03F7H         LINE#         526
  C:0405H         LINE#         527
  C:0405H         LINE#         528
  C:0408H         LINE#         534
  C:0408H         LINE#         536
  C:040BH         LINE#         537
  C:0411H         LINE#         540
  C:041BH         LINE#         541
  C:041BH         LINE#         543
  C:0429H         LINE#         544
  C:0429H         LINE#         545
  C:042BH         LINE#         547
  C:0430H         LINE#         549
  C:0433H         LINE#         551
  C:0433H         LINE#         553
  C:0436H         LINE#         554
  C:0438H         LINE#         557
  C:044DH         LINE#         558
  C:0450H         LINE#         563
  C:0453H         LINE#         565
  C:0453H         LINE#         567
  C:0456H         LINE#         568
  C:0458H         LINE#         570
  C:0460H         LINE#         571
  C:0463H         LINE#         573
  C:0466H         LINE#         575
  C:0466H         LINE#         577
  C:0470H         LINE#         578
  C:0476H         LINE#         581
  C:0479H         LINE#         582
  C:047FH         LINE#         584
  C:0487H         LINE#         585
  C:0487H         LINE#         587
  C:0489H         LINE#         589
  C:0489H         LINE#         590
  C:048FH         LINE#         591
  C:0492H         LINE#         593
  C:0495H         LINE#         595
  C:0495H         LINE#         596
  C:0498H         LINE#         597
  C:049BH         LINE#         608
  C:049BH         LINE#         609
  C:049EH         LINE#         610
  C:04A1H         LINE#         611
  C:04A1H         LINE#         612
  C:04A1H         LINE#         613
  -------         ENDPROC       MAIN
  -------         PROC          _SET_BIT
  D:0001H         SYMBOL        byte
  D:0005H         SYMBOL        bit_number
  C:0006H         LINE#         617
  C:0006H         LINE#         618
  C:0006H         LINE#         619
BL51 BANKED LINKER/LOCATER V5.15            09/03/2012  12:59:47  PAGE 13


  -------         ENDPROC       _SET_BIT
  -------         PROC          _CLEAR_BIT
  D:0001H         SYMBOL        byte
  D:0005H         SYMBOL        bit_number
  C:2C57H         LINE#         623
  C:2C57H         LINE#         624
  C:2C57H         LINE#         625
  -------         ENDPROC       _CLEAR_BIT
  -------         ENDMOD        GPS_MAIN

  -------         MODULE        I2C_BUS
  C:0000H         SYMBOL        _ICE_DUMMY_
  D:0090H         PUBLIC        P1
  C:2BF0H         PUBLIC        sdelay
  C:2A7EH         PUBLIC        _FPGA_write_array
  C:2BB6H         PUBLIC        i2c_start
  C:2B84H         PUBLIC        _FPGA_read_byte
  B:0090H.1       PUBLIC        sda_int_io
  C:2B6BH         PUBLIC        _i2c_sendbyte
  C:2C02H         PUBLIC        _FPGA_write_byte
  C:0016H         PUBLIC        i2c_stop
  B:0090H.2       PUBLIC        scl_int_io
  C:2AEEH         PUBLIC        i2c_readbyte
  D:0088H         PUBLIC        TCON
  C:2C65H         PUBLIC        i2c_giveack
  D:008CH         PUBLIC        TH0
  D:008AH         PUBLIC        TL0
  C:0052H         PUBLIC        i2c_getack
  C:2C37H         PUBLIC        _delay
  C:2C26H         SYMBOL        Com001E
  C:2C26H         SYMBOL        L?0031
  C:2C29H         SYMBOL        L?0032
  C:2C31H         SYMBOL        L?0033
  C:2C31H         SYMBOL        L?0034
  -------         PROC          COM001E
  -------         ENDPROC       COM001E
  -------         PROC          _DELAY
  D:0007H         SYMBOL        hi
  D:0005H         SYMBOL        lo
  C:2C37H         LINE#         9
  C:2C37H         LINE#         10
  C:2C37H         LINE#         11
  C:2C3AH         LINE#         12
  C:2C3CH         LINE#         13
  C:2C3EH         LINE#         14
  C:2C41H         LINE#         15
  C:2C46H         LINE#         17
  -------         ENDPROC       _DELAY
  -------         PROC          SDELAY
  C:2BF0H         LINE#         20
  C:2BF0H         LINE#         21
  C:2BF0H         LINE#         22
  C:2BF3H         LINE#         23
  C:2BF6H         LINE#         24
  C:2BF9H         LINE#         25
  C:2BFCH         LINE#         26
  C:2C01H         LINE#         28
  -------         ENDPROC       SDELAY
  -------         PROC          I2C_START
  C:2BB6H         LINE#         30
  C:2BB6H         LINE#         31
  C:2BB6H         LINE#         32
  C:2BB8H         LINE#         33
  C:2BBBH         LINE#         34
  C:2BBDH         LINE#         35
BL51 BANKED LINKER/LOCATER V5.15            09/03/2012  12:59:47  PAGE 14


  C:2BC0H         LINE#         36
  C:2BC2H         LINE#         37
  C:2BC5H         LINE#         38
  C:2BC7H         LINE#         39
  -------         ENDPROC       I2C_START
  -------         PROC          I2C_STOP
  C:0016H         LINE#         42
  C:0016H         LINE#         43
  C:0016H         LINE#         44
  C:0018H         LINE#         45
  C:001AH         LINE#         46
  C:001DH         LINE#         47
  C:001FH         LINE#         48
  -------         ENDPROC       I2C_STOP
  -------         PROC          _I2C_SENDBYTE
  D:0007H         SYMBOL        byte
  -------         DO            
  D:0006H         SYMBOL        count
  -------         ENDDO         
  C:2B6BH         LINE#         51
  C:2B6BH         LINE#         52
  C:2B6BH         LINE#         53
  C:2B6DH         LINE#         55
  C:2B6DH         LINE#         56
  C:2B6DH         LINE#         57
  C:2B71H         LINE#         58
  C:2B71H         LINE#         59
  C:2B71H         LINE#         60
  C:2B71H         LINE#         61
  C:2B74H         LINE#         62
  C:2B78H         LINE#         63
  C:2B7BH         LINE#         64
  C:2B7FH         LINE#         67
  C:2B81H         LINE#         69
  -------         ENDPROC       _I2C_SENDBYTE
  -------         PROC          I2C_READBYTE
  -------         DO            
  D:0007H         SYMBOL        inbyte
  D:0006H         SYMBOL        count
  -------         ENDDO         
  C:2AEEH         LINE#         72
  C:2AEEH         LINE#         73
  C:2AEEH         LINE#         74
  C:2AF0H         LINE#         75
  C:2AF1H         LINE#         77
  C:2AF1H         LINE#         78
  C:2AF1H         LINE#         79
  C:2AF5H         LINE#         80
  C:2AF7H         LINE#         81
  C:2AFAH         LINE#         82
  C:2B00H         LINE#         83
  C:2B02H         LINE#         84
  C:2B05H         LINE#         85
  C:2B09H         LINE#         87
  C:2B0BH         LINE#         88
  C:2B0EH         LINE#         90
  C:2B0EH         LINE#         91
  -------         ENDPROC       I2C_READBYTE
  C:0047H         SYMBOL        L?0029
  -------         PROC          L?0028
  -------         ENDPROC       L?0028
  C:0047H         SYMBOL        L?0029
  -------         PROC          I2C_GETACK
  -------         DO            
  D:0007H         SYMBOL        count
BL51 BANKED LINKER/LOCATER V5.15            09/03/2012  12:59:47  PAGE 15


  D:0006H         SYMBOL        sda_temp
  -------         ENDDO         
  C:0052H         LINE#         93
  C:0052H         LINE#         94
  C:0052H         LINE#         96
  C:0054H         LINE#         97
  C:0056H         LINE#         98
  C:0058H         LINE#         99
  C:005BH         LINE#         100
  C:005BH         LINE#         101
  C:0060H         LINE#         103
  C:0061H         LINE#         104
  C:0064H         LINE#         105
  C:0067H         LINE#         106
  C:0067H         LINE#         108
  C:0067H         LINE#         109
  C:0067H         LINE#         110
  C:006AH         LINE#         111
  C:006DH         LINE#         113
  C:006FH         LINE#         114
  -------         ENDPROC       I2C_GETACK
  -------         PROC          I2C_GIVEACK
  C:2C65H         LINE#         116
  C:2C65H         LINE#         117
  C:2C65H         LINE#         118
  C:2C67H         LINE#         119
  C:2C69H         LINE#         120
  C:2C69H         LINE#         121
  C:2C69H         LINE#         122
  C:2C69H         LINE#         123
  C:2C6CH         LINE#         124
  -------         ENDPROC       I2C_GIVEACK
  -------         PROC          _FPGA_READ_BYTE
  D:0005H         SYMBOL        subaddress
  -------         DO            
  D:0004H         SYMBOL        in_byte
  -------         ENDDO         
  C:2B84H         LINE#         127
  C:2B84H         LINE#         128
  C:2B84H         LINE#         129
  C:2B84H         LINE#         131
  C:2B84H         LINE#         132
  C:2B84H         LINE#         133
  C:2B84H         LINE#         134
  C:2B84H         LINE#         135
  C:2B87H         LINE#         136
  C:2B8AH         LINE#         137
  C:2B8CH         LINE#         138
  C:2B8FH         LINE#         139
  C:2B94H         LINE#         140
  C:2B97H         LINE#         141
  C:2B9AH         LINE#         143
  C:2B9CH         LINE#         144
  -------         ENDPROC       _FPGA_READ_BYTE
  -------         PROC          _FPGA_WRITE_BYTE
  D:0004H         SYMBOL        subaddress
  D:0005H         SYMBOL        byte
  C:2C02H         LINE#         146
  C:2C04H         LINE#         147
  C:2C04H         LINE#         148
  C:2C07H         LINE#         149
  C:2C09H         LINE#         150
  C:2C0CH         LINE#         151
  C:2C0EH         LINE#         152
  C:2C0EH         LINE#         153
BL51 BANKED LINKER/LOCATER V5.15            09/03/2012  12:59:47  PAGE 16


  C:2C0EH         LINE#         154
  C:2C11H         LINE#         155
  -------         ENDPROC       _FPGA_WRITE_BYTE
  -------         PROC          _FPGA_WRITE_ARRAY
  D:0005H         SYMBOL        subaddress
  D:0049H         SYMBOL        array
  D:004CH         SYMBOL        num_of_bytes
  -------         DO            
  D:0004H         SYMBOL        byte_count
  -------         ENDDO         
  C:2A7EH         LINE#         158
  C:2A84H         LINE#         159
  C:2A84H         LINE#         160
  C:2A84H         LINE#         162
  C:2A84H         LINE#         163
  C:2A84H         LINE#         164
  C:2A84H         LINE#         165
  C:2A84H         LINE#         166
  C:2A87H         LINE#         168
  C:2A8DH         LINE#         169
  C:2A8DH         LINE#         170
  C:2A9CH         LINE#         171
  C:2A9FH         LINE#         172
  C:2AA2H         LINE#         174
  -------         ENDPROC       _FPGA_WRITE_ARRAY
  -------         ENDMOD        I2C_BUS

  -------         MODULE        I2C_SLAVE
  C:0000H         SYMBOL        _ICE_DUMMY_
  D:00A0H         PUBLIC        P2
  C:20D2H         PUBLIC        i2c_putch
  B:00C0H.2       PUBLIC        ARBLOST
  C:234EH         PUBLIC        SMBus_ISR
  B:00C0H.0       PUBLIC        SI
  D:001BH         PUBLIC        out_buffer_select
  D:00C1H         PUBLIC        SMB0CF
  D:00C0H         PUBLIC        SMB0CN
  C:2C6FH         PUBLIC        timer3_ISR
  B:0022H.2       PUBLIC        i2c_msgupdate
  X:0351H         PUBLIC        in_buffer
  D:0091H         PUBLIC        TMR3CN
  B:00C0H.1       PUBLIC        ACK
  D:001CH         PUBLIC        in_index
  D:001DH         PUBLIC        out_index
  D:001EH         PUBLIC        SMB_DATA
  B:00C0H.5       PUBLIC        STA
  D:00C2H         PUBLIC        SMB0DAT
  B:00C0H.4       PUBLIC        STO
  -------         PROC          TIMER3_ISR
  C:2C6FH         LINE#         43
  C:2C6FH         LINE#         45
  C:2C72H         LINE#         46
  C:2C75H         LINE#         47
  C:2C78H         LINE#         48
  -------         ENDPROC       TIMER3_ISR
  -------         PROC          SMBUS_ISR
  C:234EH         LINE#         50
  C:236BH         LINE#         52
  C:236EH         LINE#         53
  C:236EH         LINE#         56
  C:2384H         LINE#         57
  C:2384H         LINE#         59
  C:2384H         LINE#         60
  C:2386H         LINE#         61
  C:238EH         LINE#         62
BL51 BANKED LINKER/LOCATER V5.15            09/03/2012  12:59:47  PAGE 17


  C:238EH         LINE#         63
  C:2393H         LINE#         64
  C:239AH         LINE#         66
  C:239DH         LINE#         68
  C:239FH         LINE#         69
  C:23A1H         LINE#         71
  C:23A3H         LINE#         72
  C:23A5H         LINE#         75
  C:23A5H         LINE#         76
  C:23A8H         LINE#         78
  C:23B9H         LINE#         81
  C:23C5H         LINE#         82
  C:23C5H         LINE#         83
  C:23C8H         LINE#         84
  C:23CBH         LINE#         85
  C:23CBH         LINE#         89
  C:23CDH         LINE#         90
  C:23CFH         LINE#         94
  C:23CFH         LINE#         95
  C:23D1H         LINE#         96
  C:23D3H         LINE#         98
  C:23D5H         LINE#         101
  C:23D5H         LINE#         103
  C:23D5H         LINE#         109
  C:23D5H         LINE#         110
  C:23D7H         LINE#         113
  C:23D9H         LINE#         115
  C:23D9H         LINE#         116
  C:23DCH         LINE#         117
  C:23DFH         LINE#         118
  C:23DFH         LINE#         119
  C:23DFH         LINE#         120
  C:23DFH         LINE#         121
  C:23E1H         LINE#         122
  C:23E1H         LINE#         123
  C:23E1H         LINE#         127
  C:23E1H         LINE#         128
  C:23E3H         LINE#         129
  C:23E5H         LINE#         130
  C:23E7H         LINE#         131
  C:23E7H         LINE#         132
  C:23E9H         LINE#         133
  -------         ENDPROC       SMBUS_ISR
  -------         PROC          I2C_PUTCH
  -------         DO            
  D:0007H         SYMBOL        out
  -------         ENDDO         
  C:20D2H         LINE#         135
  C:20D2H         LINE#         136
  C:20D2H         LINE#         140
  C:2119H         LINE#         141
  C:2119H         LINE#         142
  C:2119H         LINE#         143
  C:2125H         LINE#         144
  C:2128H         LINE#         145
  C:2128H         LINE#         146
  C:2134H         LINE#         147
  C:2136H         LINE#         148
  C:2136H         LINE#         149
  C:2142H         LINE#         150
  C:2144H         LINE#         152
  C:2144H         LINE#         153
  C:2146H         LINE#         154
  C:2148H         LINE#         155
  C:2148H         LINE#         156
BL51 BANKED LINKER/LOCATER V5.15            09/03/2012  12:59:47  PAGE 18


  C:214DH         LINE#         157
  C:214FH         LINE#         158
  C:214FH         LINE#         159
  C:2154H         LINE#         160
  C:2156H         LINE#         161
  C:2156H         LINE#         162
  C:2158H         LINE#         163
  C:215BH         LINE#         164
  C:215CH         LINE#         165
  C:215FH         LINE#         166
  C:2163H         LINE#         167
  C:2165H         LINE#         169
  C:2165H         LINE#         170
  C:2171H         LINE#         171
  C:2173H         LINE#         172
  C:2173H         LINE#         173
  C:217FH         LINE#         174
  C:2181H         LINE#         175
  C:2181H         LINE#         176
  C:218DH         LINE#         177
  C:218FH         LINE#         178
  C:218FH         LINE#         179
  C:219BH         LINE#         180
  C:219DH         LINE#         182
  C:219DH         LINE#         183
  C:21A3H         LINE#         184
  C:21A5H         LINE#         185
  C:21A5H         LINE#         186
  C:21B5H         LINE#         187
  C:21B5H         LINE#         190
  C:21B5H         LINE#         192
  C:21B5H         LINE#         193
  -------         ENDPROC       I2C_PUTCH
  -------         ENDMOD        I2C_SLAVE

  -------         MODULE        LTC_HANDLER
  C:0000H         SYMBOL        _ICE_DUMMY_
  X:0271H         PUBLIC        BCD_coded_time_a
  X:0275H         PUBLIC        BCD_coded_time_b
  D:0090H         PUBLIC        P1
  D:00A0H         PUBLIC        P2
  X:0279H         PUBLIC        LTC_a_frames
  X:027AH         PUBLIC        secs_since_sync_a
  X:027EH         PUBLIC        LTC_b_frames
  C:2C14H         PUBLIC        _bin_to_BCD
  X:027FH         PUBLIC        secs_since_sync_b
  X:0283H         PUBLIC        send_buffer
  X:0298H         PUBLIC        LTC_a_offset
  X:029CH         PUBLIC        LTC_b_offset
  D:0013H         PUBLIC        i2c_byte
  C:1ED1H         PUBLIC        offset_time
  C:04DDH         PUBLIC        LTC_manager
  D:0014H         PUBLIC        NTSC_offset
  C:26A2H         PUBLIC        confirm_daylight_switch
  X:02A0H         PUBLIC        int_GPS_week
  X:02A2H         PUBLIC        LTC_a_watchoffset
  X:02A5H         PUBLIC        LTC_b_watchoffset
  D:0016H         PUBLIC        byte_index
  C:1D94H         PUBLIC        check_daylight_switch
  X:02A8H         PUBLIC        LTC_confirm
  X:02A9H         PUBLIC        LTC_a_time
  X:02B0H         PUBLIC        LTC_b_time
  C:2783H         PUBLIC        transmit_LTC_data
  C:29B2H         PUBLIC        update_LTC_strings
  X:02B7H         PUBLIC        quant_error_100MHz
BL51 BANKED LINKER/LOCATER V5.15            09/03/2012  12:59:47  PAGE 19


  C:2B41H         PUBLIC        month_days
  D:0017H         PUBLIC        temp_long
  X:02B8H         PUBLIC        daylight_off_a_time
  X:02BFH         PUBLIC        daylight_off_b_time
  X:02C6H         PUBLIC        LTC_request
  X:02C7H         PUBLIC        int_GPS_tow
  C:2630H         PUBLIC        sec_inc
  X:02CBH         PUBLIC        dropframe_setup
  X:02CCH         PUBLIC        int_time
  B:0021H.4       PUBLIC        LTC_a_daylight_flag
  B:0021H.5       PUBLIC        LTC_b_daylight_flag
  X:02D3H         PUBLIC        LTC_a_str
  X:02E0H         PUBLIC        LTC_b_str
  X:02EDH         PUBLIC        LTC_a_sync_hour
  B:0090H.0       PUBLIC        timepulse_status
  X:02EEH         PUBLIC        daylight_switch_setup
  X:02EFH         PUBLIC        LTC_b_sync_hour
  X:02F0H         PUBLIC        LTC_a_sync_min
  X:02F1H         PUBLIC        LTC_b_sync_min
  X:02F2H         PUBLIC        daylight_on_a_time
  X:02F9H         PUBLIC        daylight_on_b_time
  X:0300H         PUBLIC        LTC_sync_request
  B:0021H.6       PUBLIC        first_time_run
  X:0301H         PUBLIC        LTC_setup
  C:228AH         PUBLIC        init_LTC
  C:092BH         SYMBOL        Com008F
  C:092BH         SYMBOL        L?0144
  C:0B24H         SYMBOL        L?0145
  C:0B4CH         SYMBOL        L?0146
  C:0B4FH         SYMBOL        L?0147
  C:0B5AH         SYMBOL        L?0148
  C:0B68H         SYMBOL        L?0149
  C:0B92H         SYMBOL        L?0150
  C:0B9DH         SYMBOL        L?0151
  C:0BA1H         SYMBOL        L?0152
  C:0BB0H         SYMBOL        L?0153
  C:0BB9H         SYMBOL        L?0154
  C:0BC4H         SYMBOL        L?0156
  C:0BC7H         SYMBOL        L?0157
  C:0BD8H         SYMBOL        L?0158
  C:0BD8H         SYMBOL        L?0159
  C:0BEAH         SYMBOL        L?0160
  C:0C04H         SYMBOL        L?0161
  C:0C05H         SYMBOL        L?0162
  C:0C11H         SYMBOL        L?0163
  C:0C1CH         SYMBOL        L?0165
  C:0C37H         SYMBOL        L?0166
  C:0C52H         SYMBOL        L?0167
  C:0C52H         SYMBOL        L?0168
  C:0C59H         SYMBOL        L?0169
  C:0C71H         SYMBOL        L?0170
  C:0C71H         SYMBOL        L?0171
  C:0C76H         SYMBOL        L?0172
  C:0C7DH         SYMBOL        L?0173
  C:0C87H         SYMBOL        L?0174
  C:0C8FH         SYMBOL        L?0175
  C:0C98H         SYMBOL        L?0176
  C:0C9FH         SYMBOL        L?0177
  C:0CB3H         SYMBOL        L?0178
  C:0CC2H         SYMBOL        L?0179
  C:0CD5H         SYMBOL        L?0180
  C:0CE9H         SYMBOL        L?0181
  C:0CF0H         SYMBOL        L?0182
  C:0D03H         SYMBOL        L?0183
  C:0D10H         SYMBOL        L?0184
BL51 BANKED LINKER/LOCATER V5.15            09/03/2012  12:59:47  PAGE 20


  C:0D10H         SYMBOL        L?0185
  C:0D17H         SYMBOL        L?0186
  C:0D24H         SYMBOL        L?0187
  C:0D2FH         SYMBOL        L?0188
  C:0D3AH         SYMBOL        L?0189
  C:0D44H         SYMBOL        L?0190
  C:0D4EH         SYMBOL        L?0191
  C:0D58H         SYMBOL        L?0192
  C:0D62H         SYMBOL        L?0193
  -------         PROC          COM008F
  -------         ENDPROC       COM008F
  -------         PROC          _BIN_TO_BCD
  D:0007H         SYMBOL        binary
  -------         DO            
  D:0007H         SYMBOL        tens
  D:0006H         SYMBOL        ones
  D:0007H         SYMBOL        BCD
  -------         ENDDO         
  C:2C14H         LINE#         164
  C:2C14H         LINE#         165
  C:2C14H         LINE#         168
  C:2C1BH         LINE#         169
  C:2C20H         LINE#         170
  C:2C25H         LINE#         172
  C:2C25H         LINE#         173
  -------         ENDPROC       _BIN_TO_BCD
  -------         PROC          SEC_INC
  C:2630H         LINE#         179
  C:2630H         LINE#         180
  C:2630H         LINE#         181
  C:2636H         LINE#         184
  C:263BH         LINE#         185
  C:263BH         LINE#         186
  C:263CH         LINE#         187
  C:2642H         LINE#         190
  C:2647H         LINE#         191
  C:2647H         LINE#         192
  C:2648H         LINE#         193
  C:264EH         LINE#         196
  C:2653H         LINE#         197
  C:2653H         LINE#         198
  C:2654H         LINE#         199
  C:265AH         LINE#         202
  C:2664H         LINE#         203
  C:2664H         LINE#         204
  C:266AH         LINE#         205
  C:266AH         LINE#         206
  C:266BH         LINE#         207
  C:266BH         LINE#         208
  C:266BH         LINE#         209
  C:266DH         LINE#         211
  C:2680H         LINE#         212
  C:2680H         LINE#         213
  C:2683H         LINE#         214
  C:2689H         LINE#         215
  C:2689H         LINE#         218
  C:2690H         LINE#         219
  C:2690H         LINE#         220
  C:2693H         LINE#         221
  C:26A1H         LINE#         222
  C:26A1H         LINE#         223
  C:26A1H         LINE#         224
  C:26A1H         LINE#         225
  C:26A1H         LINE#         226
  -------         ENDPROC       SEC_INC
BL51 BANKED LINKER/LOCATER V5.15            09/03/2012  12:59:47  PAGE 21


  -------         PROC          OFFSET_TIME
  D:0059H         SYMBOL        in_time
  D:0060H         SYMBOL        out_time
  D:0063H         SYMBOL        hours
  D:0064H         SYMBOL        mins
  D:0065H         SYMBOL        secs
  -------         DO            
  D:0066H         SYMBOL        temp_time
  -------         ENDDO         
  C:1ED1H         LINE#         233
  C:1ED1H         LINE#         234
  C:1ED1H         LINE#         238
  C:1EE4H         LINE#         241
  C:1EEAH         LINE#         244
  C:1EF1H         LINE#         245
  C:1EF1H         LINE#         246
  C:1EF3H         LINE#         247
  C:1EF9H         LINE#         248
  C:1EFBH         LINE#         250
  C:1F04H         LINE#         251
  C:1F04H         LINE#         252
  C:1F06H         LINE#         253
  C:1F11H         LINE#         254
  C:1F11H         LINE#         258
  C:1F17H         LINE#         261
  C:1F1EH         LINE#         262
  C:1F1EH         LINE#         263
  C:1F20H         LINE#         264
  C:1F26H         LINE#         265
  C:1F28H         LINE#         267
  C:1F31H         LINE#         268
  C:1F31H         LINE#         269
  C:1F33H         LINE#         270
  C:1F3EH         LINE#         271
  C:1F3EH         LINE#         275
  C:1F44H         LINE#         278
  C:1F4BH         LINE#         279
  C:1F4BH         LINE#         280
  C:1F4DH         LINE#         281
  C:1F53H         LINE#         282
  C:1F55H         LINE#         284
  C:1F5EH         LINE#         285
  C:1F5EH         LINE#         286
  C:1F60H         LINE#         287
  C:1F6BH         LINE#         288
  C:1F6BH         LINE#         292
  C:1F74H         LINE#         293
  C:1F74H         LINE#         294
  C:1F76H         LINE#         296
  C:1F80H         LINE#         297
  C:1F85H         LINE#         299
  C:1F8AH         LINE#         301
  C:1F93H         LINE#         302
  C:1F93H         LINE#         303
  C:1F9BH         LINE#         304
  C:1F9EH         LINE#         305
  C:1F9EH         LINE#         306
  C:1FA0H         LINE#         309
  C:1FAAH         LINE#         310
  C:1FAAH         LINE#         311
  C:1FB3H         LINE#         312
  C:1FB3H         LINE#         313
  C:1FB3H         LINE#         314
  C:1FB3H         LINE#         315
  C:1FB3H         LINE#         316
BL51 BANKED LINKER/LOCATER V5.15            09/03/2012  12:59:47  PAGE 22


  C:1FB5H         LINE#         318
  C:1FC1H         LINE#         319
  C:1FC1H         LINE#         320
  C:1FC3H         LINE#         321
  C:1FC6H         LINE#         322
  C:1FC6H         LINE#         324
  C:1FCFH         LINE#         325
  C:1FCFH         LINE#         326
  C:1FD7H         LINE#         327
  C:1FDAH         LINE#         328
  C:1FDAH         LINE#         330
  -------         ENDPROC       OFFSET_TIME
  C:091BH         SYMBOL        L?0164
  -------         PROC          LTC_MANAGER
  -------         DO            
  D:0048H         SYMBOL        NTSC_offset_long
  D:004CH         SYMBOL        skipped_frames
  D:004EH         SYMBOL        temp_offset
  D:0051H         SYMBOL        temp_sec_offset
  D:0055H         SYMBOL        temp_secs_since_sync
  -------         ENDDO         
  C:04DDH         LINE#         341
  C:04DDH         LINE#         342
  C:04DDH         LINE#         345
  C:04E2H         LINE#         348
  C:04EAH         LINE#         360
  C:04F0H         LINE#         361
  C:04F0H         LINE#         362
  C:04F9H         LINE#         363
  C:050DH         LINE#         364
  C:051CH         LINE#         365
  C:051EH         LINE#         367
  C:051EH         LINE#         368
  C:0536H         LINE#         371
  C:054FH         LINE#         372
  C:055DH         LINE#         373
  C:055DH         LINE#         376
  C:056DH         LINE#         377
  C:057DH         LINE#         380
  C:0580H         LINE#         383
  C:0592H         LINE#         384
  C:05A6H         LINE#         386
  C:05C2H         LINE#         393
  C:05C2H         LINE#         394
  C:05C8H         LINE#         395
  C:05D5H         LINE#         397
  C:05E7H         LINE#         398
  C:05F3H         LINE#         400
  C:05FEH         LINE#         408
  C:05FEH         LINE#         409
  C:0604H         LINE#         410
  C:0619H         LINE#         412
  C:061DH         LINE#         421
  C:0624H         LINE#         424
  C:0627H         LINE#         425
  C:0629H         LINE#         432
  C:0633H         LINE#         433
  C:0633H         LINE#         434
  C:0637H         LINE#         437
  C:0641H         LINE#         438
  C:064AH         LINE#         445
  C:0650H         LINE#         446
  C:0650H         LINE#         447
  C:0650H         LINE#         450
  C:0656H         LINE#         453
BL51 BANKED LINKER/LOCATER V5.15            09/03/2012  12:59:47  PAGE 23


  C:0656H         LINE#         454
  C:0656H         LINE#         457
  C:0656H         LINE#         458
  C:0656H         LINE#         461
  C:0656H         LINE#         462
  C:0656H         LINE#         463
  C:0656H         LINE#         466
  C:0656H         LINE#         468
  C:0656H         LINE#         469
  C:0656H         LINE#         471
  C:0656H         LINE#         472
  C:0656H         LINE#         474
  C:0656H         LINE#         475
  C:0659H         LINE#         477
  C:0660H         LINE#         478
  C:0665H         LINE#         480
  C:066BH         LINE#         481
  C:066BH         LINE#         482
  C:066DH         LINE#         485
  C:066DH         LINE#         486
  C:0670H         LINE#         487
  C:0674H         LINE#         488
  C:0674H         LINE#         495
  C:067AH         LINE#         498
  C:0683H         LINE#         499
  C:0683H         LINE#         500
  C:0683H         LINE#         501
  C:0686H         LINE#         502
  C:0686H         LINE#         505
  C:0690H         LINE#         506
  C:0690H         LINE#         507
  C:0690H         LINE#         510
  C:06A4H         LINE#         511
  C:06A4H         LINE#         512
  C:06A7H         LINE#         513
  C:06A9H         LINE#         515
  C:06B5H         LINE#         516
  C:06B5H         LINE#         517
  C:06B5H         LINE#         518
  C:06B8H         LINE#         519
  C:06B8H         LINE#         520
  C:06B8H         LINE#         522
  C:06BEH         LINE#         525
  C:06C4H         LINE#         526
  C:06CFH         LINE#         528
  C:06CFH         LINE#         529
  C:06D4H         LINE#         530
  C:06E4H         LINE#         531
  C:06E4H         LINE#         533
  C:06E7H         LINE#         534
  C:06E7H         LINE#         535
  C:06E7H         LINE#         536
  C:06E7H         LINE#         543
  C:06F0H         LINE#         544
  C:06F0H         LINE#         546
  C:06FAH         LINE#         547
  C:06FAH         LINE#         548
  C:0700H         LINE#         549
  C:0700H         LINE#         550
  C:070CH         LINE#         551
  C:070CH         LINE#         553
  C:070DH         LINE#         554
  C:0712H         LINE#         555
  C:0712H         LINE#         556
  C:0712H         LINE#         557
BL51 BANKED LINKER/LOCATER V5.15            09/03/2012  12:59:47  PAGE 24


  C:0714H         LINE#         560
  C:071EH         LINE#         561
  C:071EH         LINE#         562
  C:0724H         LINE#         563
  C:0724H         LINE#         564
  C:0730H         LINE#         565
  C:0730H         LINE#         567
  C:073AH         LINE#         568
  C:0745H         LINE#         569
  C:0745H         LINE#         570
  C:0745H         LINE#         571
  C:0745H         LINE#         572
  C:0745H         LINE#         578
  C:0752H         LINE#         579
  C:075FH         LINE#         580
  C:076CH         LINE#         581
  C:0779H         LINE#         593
  C:0780H         LINE#         596
  C:0783H         LINE#         597
  C:0785H         LINE#         604
  C:078FH         LINE#         605
  C:078FH         LINE#         606
  C:0793H         LINE#         609
  C:079DH         LINE#         610
  C:07A6H         LINE#         617
  C:07ACH         LINE#         618
  C:07ACH         LINE#         619
  C:07ACH         LINE#         621
  C:07B2H         LINE#         624
  C:07B2H         LINE#         625
  C:07B2H         LINE#         628
  C:07B2H         LINE#         629
  C:07B2H         LINE#         632
  C:07B2H         LINE#         633
  C:07B2H         LINE#         634
  C:07B2H         LINE#         637
  C:07B2H         LINE#         639
  C:07B2H         LINE#         640
  C:07B2H         LINE#         642
  C:07B2H         LINE#         643
  C:07B2H         LINE#         645
  C:07B2H         LINE#         646
  C:07B5H         LINE#         648
  C:07BCH         LINE#         649
  C:07C1H         LINE#         651
  C:07C7H         LINE#         652
  C:07C7H         LINE#         653
  C:07C9H         LINE#         656
  C:07C9H         LINE#         657
  C:07CCH         LINE#         658
  C:07D0H         LINE#         659
  C:07D0H         LINE#         666
  C:07D6H         LINE#         669
  C:07DFH         LINE#         670
  C:07DFH         LINE#         671
  C:07DFH         LINE#         672
  C:07E2H         LINE#         673
  C:07E2H         LINE#         676
  C:07ECH         LINE#         677
  C:07ECH         LINE#         678
  C:07ECH         LINE#         681
  C:0800H         LINE#         682
  C:0800H         LINE#         683
  C:0803H         LINE#         684
  C:0805H         LINE#         686
BL51 BANKED LINKER/LOCATER V5.15            09/03/2012  12:59:47  PAGE 25


  C:0811H         LINE#         687
  C:0811H         LINE#         688
  C:0811H         LINE#         689
  C:0814H         LINE#         690
  C:0814H         LINE#         691
  C:0814H         LINE#         693
  C:081AH         LINE#         697
  C:0820H         LINE#         698
  C:082EH         LINE#         700
  C:082EH         LINE#         701
  C:0833H         LINE#         702
  C:0852H         LINE#         703
  C:0852H         LINE#         705
  C:0855H         LINE#         706
  C:0855H         LINE#         707
  C:0855H         LINE#         708
  C:0855H         LINE#         715
  C:085EH         LINE#         716
  C:085EH         LINE#         718
  C:0868H         LINE#         719
  C:0868H         LINE#         720
  C:086EH         LINE#         721
  C:086EH         LINE#         722
  C:087AH         LINE#         723
  C:087AH         LINE#         725
  C:087CH         LINE#         726
  C:0881H         LINE#         727
  C:0881H         LINE#         728
  C:0881H         LINE#         729
  C:0883H         LINE#         732
  C:088DH         LINE#         733
  C:088DH         LINE#         734
  C:0893H         LINE#         735
  C:0893H         LINE#         736
  C:089FH         LINE#         737
  C:089FH         LINE#         739
  C:08A9H         LINE#         740
  C:08B4H         LINE#         741
  C:08B4H         LINE#         742
  C:08B4H         LINE#         743
  C:08B4H         LINE#         744
  C:08B4H         LINE#         750
  C:08C1H         LINE#         751
  C:08CEH         LINE#         752
  C:08DBH         LINE#         753
  C:08E8H         LINE#         762
  C:08F2H         LINE#         763
  C:08F2H         LINE#         764
  C:0905H         LINE#         765
  C:0918H         LINE#         766
  C:091AH         LINE#         767
  C:091AH         LINE#         768
  -------         ENDPROC       LTC_MANAGER
  C:1EC7H         SYMBOL        L?0155
  -------         PROC          CHECK_DAYLIGHT_SWITCH
  C:1D94H         LINE#         771
  C:1D94H         LINE#         772
  C:1D94H         LINE#         776
  C:1DA4H         LINE#         777
  C:1DA4H         LINE#         779
  C:1DC8H         LINE#         780
  C:1DC8H         LINE#         781
  C:1DD5H         LINE#         782
  C:1DD5H         LINE#         784
  C:1DD5H         LINE#         785
BL51 BANKED LINKER/LOCATER V5.15            09/03/2012  12:59:47  PAGE 26


  C:1DD5H         LINE#         787
  C:1DD5H         LINE#         788
  C:1DDAH         LINE#         789
  C:1DDAH         LINE#         790
  C:1DDCH         LINE#         792
  C:1DDCH         LINE#         793
  C:1DDEH         LINE#         794
  C:1DE3H         LINE#         795
  C:1DE5H         LINE#         796
  C:1DE5H         LINE#         797
  C:1DE5H         LINE#         800
  C:1E09H         LINE#         801
  C:1E09H         LINE#         802
  C:1E16H         LINE#         803
  C:1E16H         LINE#         805
  C:1E16H         LINE#         806
  C:1E16H         LINE#         808
  C:1E16H         LINE#         809
  C:1E1BH         LINE#         810
  C:1E20H         LINE#         811
  C:1E22H         LINE#         813
  C:1E22H         LINE#         814
  C:1E24H         LINE#         815
  C:1E2CH         LINE#         816
  C:1E2CH         LINE#         817
  C:1E2CH         LINE#         818
  C:1E2CH         LINE#         819
  C:1E2CH         LINE#         824
  C:1E3CH         LINE#         825
  C:1E3CH         LINE#         827
  C:1E60H         LINE#         828
  C:1E60H         LINE#         829
  C:1E6EH         LINE#         830
  C:1E6EH         LINE#         832
  C:1E6EH         LINE#         833
  C:1E6EH         LINE#         835
  C:1E6EH         LINE#         836
  C:1E73H         LINE#         837
  C:1E73H         LINE#         838
  C:1E75H         LINE#         840
  C:1E75H         LINE#         841
  C:1E77H         LINE#         842
  C:1E7CH         LINE#         843
  C:1E7EH         LINE#         844
  C:1E7EH         LINE#         845
  C:1E7EH         LINE#         848
  C:1EA2H         LINE#         849
  C:1EA2H         LINE#         850
  C:1EB0H         LINE#         851
  C:1EB0H         LINE#         853
  C:1EB0H         LINE#         854
  C:1EB0H         LINE#         856
  C:1EB0H         LINE#         857
  C:1EB5H         LINE#         858
  C:1EBAH         LINE#         859
  C:1EBCH         LINE#         861
  C:1EBCH         LINE#         862
  C:1EBEH         LINE#         863
  C:1EC6H         LINE#         864
  C:1EC6H         LINE#         865
  C:1EC6H         LINE#         866
  C:1EC6H         LINE#         867
  C:1EC6H         LINE#         868
  -------         ENDPROC       CHECK_DAYLIGHT_SWITCH
  -------         PROC          CONFIRM_DAYLIGHT_SWITCH
BL51 BANKED LINKER/LOCATER V5.15            09/03/2012  12:59:47  PAGE 27


  C:26A2H         LINE#         871
  C:26A2H         LINE#         872
  C:26A2H         LINE#         874
  C:26AAH         LINE#         875
  C:26AAH         LINE#         877
  C:26B2H         LINE#         878
  C:26B6H         LINE#         880
  C:26BAH         LINE#         881
  C:26BCH         LINE#         883
  C:26C2H         LINE#         884
  C:26C2H         LINE#         885
  C:26C4H         LINE#         887
  C:26CCH         LINE#         888
  C:26CCH         LINE#         889
  C:26D3H         LINE#         890
  C:26DAH         LINE#         891
  C:26DAH         LINE#         894
  C:26E2H         LINE#         895
  C:26E2H         LINE#         897
  C:26EAH         LINE#         898
  C:26EEH         LINE#         900
  C:26F2H         LINE#         901
  C:26F4H         LINE#         903
  C:26FAH         LINE#         904
  C:26FAH         LINE#         905
  C:26FCH         LINE#         907
  C:2704H         LINE#         908
  C:2704H         LINE#         909
  C:270BH         LINE#         910
  C:2712H         LINE#         911
  C:2712H         LINE#         912
  -------         ENDPROC       CONFIRM_DAYLIGHT_SWITCH
  -------         PROC          UPDATE_LTC_STRINGS
  -------         DO            
  D:0048H         SYMBOL        GPSLock
  -------         ENDDO         
  C:29B2H         LINE#         915
  C:29B2H         LINE#         916
  C:29B2H         LINE#         922
  C:29BDH         LINE#         924
  C:29D3H         LINE#         926
  -------         ENDPROC       UPDATE_LTC_STRINGS
  -------         PROC          TRANSMIT_LTC_DATA
  C:2783H         LINE#         934
  C:2783H         LINE#         935
  C:2783H         LINE#         937
  C:278BH         LINE#         938
  C:278FH         LINE#         939
  C:2793H         LINE#         940
  C:279BH         LINE#         941
  C:27A3H         LINE#         942
  C:27ABH         LINE#         943
  C:27B3H         LINE#         945
  C:27BBH         LINE#         946
  C:27C3H         LINE#         947
  C:27CBH         LINE#         948
  C:27D3H         LINE#         950
  C:27DBH         LINE#         951
  C:27DFH         LINE#         954
  -------         ENDPROC       TRANSMIT_LTC_DATA
  -------         PROC          INIT_LTC
  C:228AH         LINE#         959
  C:228AH         LINE#         960
  C:228AH         LINE#         961
  C:228FH         LINE#         962
BL51 BANKED LINKER/LOCATER V5.15            09/03/2012  12:59:47  PAGE 28


  C:2299H         LINE#         963
  C:22A3H         LINE#         964
  C:22A8H         LINE#         965
  C:22ACH         LINE#         966
  C:22B0H         LINE#         967
  C:22B4H         LINE#         970
  C:22BDH         LINE#         971
  C:22C1H         LINE#         972
  C:22CBH         LINE#         974
  C:22D2H         LINE#         975
  C:22D9H         LINE#         977
  C:22E0H         LINE#         978
  C:22E7H         LINE#         980
  C:22E9H         LINE#         981
  C:22EBH         LINE#         983
  C:22F0H         LINE#         984
  C:22F4H         LINE#         986
  C:22FEH         LINE#         987
  C:2305H         LINE#         989
  C:2312H         LINE#         990
  C:2316H         LINE#         992
  C:2322H         LINE#         993
  C:232BH         LINE#         995
  C:2332H         LINE#         996
  C:2339H         LINE#         998
  C:2343H         LINE#         999
  C:234DH         LINE#         1000
  -------         ENDPROC       INIT_LTC
  -------         ENDMOD        LTC_HANDLER

  -------         MODULE        PT5300_HANDLER
  C:0000H         SYMBOL        _ICE_DUMMY_
  D:00A0H         PUBLIC        P2
  C:1834H         PUBLIC        pt5300_in_handle
  C:253DH         PUBLIC        pt5300_out_handle
  C:29E9H         SYMBOL        Com0064
  C:29E9H         SYMBOL        L?0101
  C:29E9H         SYMBOL        L?0102
  C:2A0AH         SYMBOL        L?0103
  C:2A0DH         SYMBOL        L?0104
  C:2A14H         SYMBOL        L?0106
  -------         PROC          COM0064
  -------         ENDPROC       COM0064
  C:1B68H         SYMBOL        L?0105
  -------         PROC          PT5300_IN_HANDLE
  -------         DO            
  D:0048H         SYMBOL        counter
  -------         ENDDO         
  C:1834H         LINE#         12
  C:1834H         LINE#         13
  C:1834H         LINE#         15
  C:1837H         LINE#         17
  C:18C3H         LINE#         18
  C:18C3H         LINE#         21
  C:18C3H         LINE#         23
  C:18D0H         LINE#         24
  C:18D7H         LINE#         26
  C:18DCH         LINE#         29
  C:18E3H         LINE#         30
  C:18EBH         LINE#         32
  C:18EBH         LINE#         36
  C:18EBH         LINE#         37
  C:18F3H         LINE#         38
  C:18F4H         LINE#         39
  C:18F4H         LINE#         40
BL51 BANKED LINKER/LOCATER V5.15            09/03/2012  12:59:47  PAGE 29


  C:18FCH         LINE#         41
  C:18FDH         LINE#         42
  C:18FDH         LINE#         43
  C:1905H         LINE#         44
  C:1906H         LINE#         45
  C:1906H         LINE#         46
  C:190EH         LINE#         47
  C:190FH         LINE#         50
  C:190FH         LINE#         51
  C:1916H         LINE#         53
  C:192DH         LINE#         54
  C:192DH         LINE#         55
  C:192DH         LINE#         56
  C:192DH         LINE#         57
  C:1930H         LINE#         58
  C:1930H         LINE#         59
  C:1937H         LINE#         60
  C:1938H         LINE#         61
  C:1938H         LINE#         62
  C:193FH         LINE#         63
  C:1940H         LINE#         64
  C:1940H         LINE#         65
  C:1947H         LINE#         66
  C:1948H         LINE#         67
  C:1948H         LINE#         68
  C:194FH         LINE#         69
  C:1950H         LINE#         70
  C:1950H         LINE#         71
  C:1950H         LINE#         74
  C:1950H         LINE#         75
  C:1953H         LINE#         76
  C:1956H         LINE#         77
  C:1959H         LINE#         79
  C:1959H         LINE#         80
  C:1961H         LINE#         81
  C:1962H         LINE#         83
  C:1962H         LINE#         84
  C:196AH         LINE#         85
  C:196BH         LINE#         88
  C:196BH         LINE#         89
  C:1973H         LINE#         90
  C:1974H         LINE#         93
  C:1974H         LINE#         94
  C:197CH         LINE#         95
  C:197DH         LINE#         98
  C:197DH         LINE#         99
  C:1980H         LINE#         100
  C:1983H         LINE#         101
  C:1986H         LINE#         104
  C:1986H         LINE#         105
  C:198FH         LINE#         106
  C:1990H         LINE#         107
  C:1990H         LINE#         108
  C:1998H         LINE#         109
  C:1999H         LINE#         110
  C:1999H         LINE#         111
  C:19A1H         LINE#         112
  C:19A2H         LINE#         115
  C:19A2H         LINE#         116
  C:19ABH         LINE#         117
  C:19ACH         LINE#         118
  C:19ACH         LINE#         119
  C:19B4H         LINE#         120
  C:19B5H         LINE#         121
  C:19B5H         LINE#         122
BL51 BANKED LINKER/LOCATER V5.15            09/03/2012  12:59:47  PAGE 30


  C:19BDH         LINE#         123
  C:19BEH         LINE#         128
  C:19BEH         LINE#         129
  C:19C6H         LINE#         130
  C:19C7H         LINE#         131
  C:19C7H         LINE#         132
  C:19CFH         LINE#         133
  C:19D0H         LINE#         134
  C:19D0H         LINE#         135
  C:19D8H         LINE#         136
  C:19D9H         LINE#         137
  C:19D9H         LINE#         138
  C:19E1H         LINE#         139
  C:19E2H         LINE#         142
  C:19E2H         LINE#         143
  C:19E9H         LINE#         145
  C:1A00H         LINE#         146
  C:1A00H         LINE#         147
  C:1A00H         LINE#         148
  C:1A05H         LINE#         149
  C:1A06H         LINE#         150
  C:1A06H         LINE#         151
  C:1A0DH         LINE#         152
  C:1A0EH         LINE#         153
  C:1A0EH         LINE#         154
  C:1A15H         LINE#         155
  C:1A16H         LINE#         156
  C:1A16H         LINE#         157
  C:1A1DH         LINE#         158
  C:1A1EH         LINE#         159
  C:1A1EH         LINE#         160
  C:1A25H         LINE#         161
  C:1A26H         LINE#         162
  C:1A26H         LINE#         163
  C:1A26H         LINE#         166
  C:1A26H         LINE#         167
  C:1A2CH         LINE#         168
  C:1A37H         LINE#         169
  C:1A38H         LINE#         171
  C:1A38H         LINE#         172
  C:1A40H         LINE#         173
  C:1A41H         LINE#         175
  C:1A41H         LINE#         176
  C:1A49H         LINE#         177
  C:1A4AH         LINE#         180
  C:1A4AH         LINE#         181
  C:1A52H         LINE#         182
  C:1A53H         LINE#         185
  C:1A53H         LINE#         186
  C:1A5BH         LINE#         187
  C:1A5CH         LINE#         189
  C:1A5CH         LINE#         190
  C:1A62H         LINE#         191
  C:1A6DH         LINE#         192
  C:1A6EH         LINE#         195
  C:1A6EH         LINE#         196
  C:1A77H         LINE#         197
  C:1A78H         LINE#         198
  C:1A78H         LINE#         199
  C:1A80H         LINE#         200
  C:1A81H         LINE#         201
  C:1A81H         LINE#         202
  C:1A89H         LINE#         203
  C:1A8AH         LINE#         206
  C:1A8AH         LINE#         207
BL51 BANKED LINKER/LOCATER V5.15            09/03/2012  12:59:47  PAGE 31


  C:1A93H         LINE#         208
  C:1A94H         LINE#         209
  C:1A94H         LINE#         210
  C:1A9CH         LINE#         211
  C:1A9DH         LINE#         212
  C:1A9DH         LINE#         213
  C:1AA5H         LINE#         214
  C:1AA6H         LINE#         217
  C:1AA6H         LINE#         218
  C:1AABH         LINE#         219
  C:1AAFH         LINE#         221
  C:1AB1H         LINE#         222
  C:1AB3H         LINE#         224
  C:1AB3H         LINE#         225
  C:1AB8H         LINE#         226
  C:1ABCH         LINE#         228
  C:1AC1H         LINE#         229
  C:1AC1H         LINE#         232
  C:1AC1H         LINE#         233
  C:1AC7H         LINE#         234
  C:1AC9H         LINE#         235
  C:1AC9H         LINE#         236
  C:1AD2H         LINE#         237
[...]
  D:000CH         PUBLIC        str_ptr
  D:000DH         PUBLIC        noise
  D:000FH         PUBLIC        state
  C:14D6H         PUBLIC        ub_header
  X:0000H         PUBLIC        GPS_timemode
  X:0001H         PUBLIC        GPS_tow
  B:0022H.0       PUBLIC        msg_update_flag
  C:1B72H         PUBLIC        interpret_message
  D:0010H         PUBLIC        buf_index
  X:0005H         PUBLIC        quant_error
  C:21B6H         PUBLIC        setup_ublox
  B:0022H.1       PUBLIC        gps_utc_init_ok
  C:1146H         PUBLIC        timemode
  X:0009H         PUBLIC        UTC_time_buffer
  C:1FEDH         PUBLIC        packet_process
  X:0010H         PUBLIC        msg_buf
  C:2404H         PUBLIC        _send_packet
  C:1276H         PUBLIC        cfg_prt
  D:0011H         PUBLIC        maxnoise
  X:013CH         PUBLIC        GPS_time_valid
  X:013DH         PUBLIC        UTC_time_valid
  C:2C47H         PUBLIC        _poll_packet
  C:13A6H         PUBLIC        nav2
  X:013EH         PUBLIC        leap_seconds
BL51 BANKED LINKER/LOCATER V5.15            09/03/2012  12:59:47  PAGE 34


  X:013FH         PUBLIC        GPS_week
  C:2B4DH         PUBLIC        _get_packet
  C:27EDH         SYMBOL        Com003F
  C:27EDH         SYMBOL        L?0064
  C:27F7H         SYMBOL        L?0065
  C:280CH         SYMBOL        L?0066
  C:2812H         SYMBOL        L?0067
  C:2815H         SYMBOL        L?0068
  C:281EH         SYMBOL        L?0069
  C:2820H         SYMBOL        L?0070
  C:282DH         SYMBOL        L?0072
  C:2830H         SYMBOL        L?0073
  C:2837H         SYMBOL        L?0074
  C:2843H         SYMBOL        L?0075
  C:284EH         SYMBOL        L?0076
  -------         PROC          COM003F
  -------         ENDPROC       COM003F
  -------         PROC          PACKET_PROCESS
  C:1FEDH         LINE#         114
  C:1FEDH         LINE#         115
  C:1FEDH         LINE#         117
  C:1FF8H         LINE#         118
  C:1FF8H         LINE#         119
  C:1FFBH         LINE#         120
  C:1FFDH         LINE#         121
  C:1FFFH         LINE#         122
  C:1FFFH         LINE#         124
  C:2015H         LINE#         125
  C:2015H         LINE#         127
  C:2019H         LINE#         128
  C:2019H         LINE#         129
  C:2028H         LINE#         130
  C:202CH         LINE#         132
  C:202FH         LINE#         134
  C:2031H         LINE#         137
  C:203AH         LINE#         138
  C:203AH         LINE#         139
  C:203CH         LINE#         140
  C:203EH         LINE#         141
  C:2041H         LINE#         142
  C:2043H         LINE#         143
  C:2045H         LINE#         144
  C:2049H         LINE#         145
  C:2049H         LINE#         146
  C:204AH         LINE#         149
  C:2050H         LINE#         150
  C:2050H         LINE#         151
  C:2050H         LINE#         154
  C:2053H         LINE#         155
  C:2056H         LINE#         158
  C:205BH         LINE#         159
  C:205BH         LINE#         160
  C:206BH         LINE#         161
  C:206EH         LINE#         162
  C:2071H         LINE#         163
  C:2071H         LINE#         165
  C:2073H         LINE#         166
  C:2074H         LINE#         169
  C:2079H         LINE#         170
  C:2079H         LINE#         171
  C:2079H         LINE#         174
  C:207CH         LINE#         175
  C:207FH         LINE#         178
  C:2088H         LINE#         179
  C:208BH         LINE#         181
BL51 BANKED LINKER/LOCATER V5.15            09/03/2012  12:59:47  PAGE 35


  C:208DH         LINE#         189
  C:208EH         LINE#         192
  C:2094H         LINE#         193
  C:2094H         LINE#         194
  C:2096H         LINE#         197
  C:20A7H         LINE#         198
  C:20A7H         LINE#         199
  C:20A9H         LINE#         200
  C:20ABH         LINE#         201
  C:20ADH         LINE#         204
  C:20CDH         LINE#         205
  C:20CFH         LINE#         206
  C:20CFH         LINE#         208
  C:20D1H         LINE#         209
  C:20D1H         LINE#         210
  C:20D1H         LINE#         211
  -------         ENDPROC       PACKET_PROCESS
  -------         PROC          INTERPRET_MESSAGE
  -------         DO            
  X:0141H         SYMBOL        in_packet
  D:0007H         SYMBOL        count
  D:004BH         SYMBOL        index
  -------         ENDDO         
  C:1B72H         LINE#         213
  C:1B72H         LINE#         214
  C:1B72H         LINE#         218
  C:1B7BH         LINE#         221
  C:1B97H         LINE#         222
  C:1B97H         LINE#         223
  C:1B97H         LINE#         224
  C:1BA2H         LINE#         225
  C:1BA2H         LINE#         227
  C:1BA2H         LINE#         228
  C:1BB2H         LINE#         230
  C:1BC0H         LINE#         231
  C:1BC6H         LINE#         232
  C:1BC7H         LINE#         233
  C:1BC7H         LINE#         234
  C:1BC7H         LINE#         237
  C:1BC7H         LINE#         239
  C:1BE0H         LINE#         240
  C:1BE0H         LINE#         242
  C:1BE0H         LINE#         244
  C:1BE8H         LINE#         247
  C:1BF0H         LINE#         248
  C:1BF8H         LINE#         249
  C:1C00H         LINE#         250
  C:1C08H         LINE#         251
  C:1C28H         LINE#         254
  C:1C51H         LINE#         257
  C:1C5EH         LINE#         258
  C:1C70H         LINE#         261
  C:1C78H         LINE#         262
  C:1C79H         LINE#         265
  C:1C79H         LINE#         267
  C:1C90H         LINE#         268
  C:1C98H         LINE#         269
  C:1CA0H         LINE#         270
  C:1CA8H         LINE#         271
  C:1CB0H         LINE#         272
  C:1CB8H         LINE#         273
  C:1CC0H         LINE#         276
  C:1CC2H         LINE#         277
  C:1CC3H         LINE#         279
  C:1CC3H         LINE#         280
BL51 BANKED LINKER/LOCATER V5.15            09/03/2012  12:59:47  PAGE 36


  C:1CC6H         LINE#         281
  C:1CC8H         LINE#         282
  C:1CC8H         LINE#         283
  C:1CDBH         LINE#         284
  C:1CE1H         LINE#         285
  C:1CE6H         LINE#         287
  C:1CE6H         LINE#         291
  C:1CE6H         LINE#         292
  C:1CE6H         LINE#         293
  C:1CE6H         LINE#         294
  C:1CE6H         LINE#         297
  C:1CE6H         LINE#         298
  C:1CEFH         LINE#         299
  C:1CEFH         LINE#         301
  C:1CEFH         LINE#         302
  C:1CF1H         LINE#         303
  C:1CF2H         LINE#         305
  C:1CF2H         LINE#         308
  C:1CF2H         LINE#         309
  C:1CF4H         LINE#         310
  C:1CF4H         LINE#         311
  C:1CF5H         LINE#         314
  C:1CF5H         LINE#         315
  C:1D07H         LINE#         316
  C:1D07H         LINE#         318
  C:1D07H         LINE#         319
  C:1D10H         LINE#         320
  C:1D21H         LINE#         321
  C:1D4CH         LINE#         322
  C:1D87H         LINE#         323
  C:1D87H         LINE#         326
  C:1D87H         LINE#         327
  C:1D8FH         LINE#         328
  C:1D90H         LINE#         329
  C:1D90H         LINE#         330
  C:1D90H         LINE#         332
  C:1D90H         LINE#         333
  C:1D93H         LINE#         334
  C:1D93H         LINE#         335
  C:1D93H         LINE#         336
  -------         ENDPROC       INTERPRET_MESSAGE
  -------         PROC          _POLL_PACKET
  D:0007H         SYMBOL        class_num
  D:0005H         SYMBOL        id_num
  -------         DO            
  X:0141H         SYMBOL        poll_packet
  -------         ENDDO         
  C:2C47H         LINE#         338
  C:2C47H         LINE#         339
  C:2C47H         LINE#         342
  C:2C4AH         LINE#         343
  C:2C4AH         LINE#         344
  C:2C4AH         LINE#         345
  C:2C4EH         LINE#         347
  -------         ENDPROC       _POLL_PACKET
  C:24A6H         SYMBOL        L?0071
  -------         PROC          _SEND_PACKET
  D:004BH         SYMBOL        out_packet
  C:2404H         LINE#         350
  C:240AH         LINE#         351
  C:240AH         LINE#         352
  C:240FH         LINE#         354
  C:241AH         LINE#         357
  C:241FH         LINE#         358
  C:2424H         LINE#         361
BL51 BANKED LINKER/LOCATER V5.15            09/03/2012  12:59:47  PAGE 37


  C:242DH         LINE#         362
  C:2437H         LINE#         364
  C:2441H         LINE#         365
  C:2447H         LINE#         368
  C:2451H         LINE#         369
  C:2457H         LINE#         371
  C:245DH         LINE#         372
  C:2466H         LINE#         375
  C:2476H         LINE#         376
  C:2476H         LINE#         377
  C:2486H         LINE#         378
  C:2498H         LINE#         379
  C:249CH         LINE#         382
  C:24A1H         LINE#         383
  C:24A6H         LINE#         384
  -------         ENDPROC       _SEND_PACKET
  -------         PROC          _GET_PACKET
  D:004CH         SYMBOL        in_packet
  C:2B4DH         LINE#         386
  C:2B53H         LINE#         387
  C:2B53H         LINE#         389
  -------         ENDPROC       _GET_PACKET
  -------         PROC          SETUP_UBLOX
  -------         DO            
  D:0048H         SYMBOL        timer
  D:004AH         SYMBOL        retry
  -------         ENDDO         
  C:21B6H         LINE#         392
  C:21B6H         LINE#         393
  C:21B6H         LINE#         395
  C:21B9H         LINE#         398
  C:21C3H         LINE#         399
  C:21C8H         LINE#         400
  C:21D0H         LINE#         401
  C:21D7H         LINE#         402
  C:21DBH         LINE#         403
  C:21DFH         LINE#         404
  C:21E3H         LINE#         405
  C:21E7H         LINE#         406
  C:21E9H         LINE#         407
  C:21EBH         LINE#         408
  C:21EFH         LINE#         409
  C:21F1H         LINE#         410
  C:21F3H         LINE#         411
  C:2201H         LINE#         413
  C:220BH         LINE#         414
  C:220BH         LINE#         415
  C:2210H         LINE#         418
  C:2219H         LINE#         421
  C:2228H         LINE#         422
  C:2228H         LINE#         423
  C:2230H         LINE#         424
  C:2233H         LINE#         425
  C:2235H         LINE#         427
  C:2237H         LINE#         429
  C:223AH         LINE#         430
  C:223CH         LINE#         431
  C:223EH         LINE#         433
  C:2243H         LINE#         434
  C:2246H         LINE#         437
  C:2248H         LINE#         440
  C:2251H         LINE#         441
  C:225AH         LINE#         444
  C:2263H         LINE#         447
  C:226CH         LINE#         450
BL51 BANKED LINKER/LOCATER V5.15            09/03/2012  12:59:47  PAGE 38


  C:2275H         LINE#         453
  C:227EH         LINE#         456
  C:2287H         LINE#         458
  C:2289H         LINE#         459
  -------         ENDPROC       SETUP_UBLOX
  -------         PROC          _SET_MESSAGE_RATE
  D:0007H         SYMBOL        class_num
  D:0005H         SYMBOL        id_num
  D:0003H         SYMBOL        rate
  -------         DO            
  X:0141H         SYMBOL        temp_packet
  -------         ENDDO         
  C:2ACCH         LINE#         462
  C:2ACCH         LINE#         463
  C:2ACCH         LINE#         466
  C:2AD2H         LINE#         467
  C:2AD6H         LINE#         468
  C:2AD8H         LINE#         469
  C:2AD8H         LINE#         471
  C:2ADBH         LINE#         472
  C:2ADBH         LINE#         473
  C:2ADBH         LINE#         474
  C:2AE0H         LINE#         475
  C:2AE3H         LINE#         476
  C:2AE5H         LINE#         478
  -------         ENDPROC       _SET_MESSAGE_RATE
  -------         PROC          _GET_UTC_TIME
  D:0059H         SYMBOL        out_time
  C:2B9DH         LINE#         482
  C:2BA3H         LINE#         483
  C:2BA3H         LINE#         484
  -------         ENDPROC       _GET_UTC_TIME
  -------         ENDMOD        UBLOX_PROT

  -------         MODULE        CONFIG
  C:0000H         SYMBOL        _ICE_DUMMY_
  D:00E6H         PUBLIC        EIE1
  D:00E4H         PUBLIC        IT01CF
  D:00A5H         PUBLIC        P1MDOUT
  D:00A8H         PUBLIC        IE
  D:00A6H         PUBLIC        P2MDOUT
  D:0093H         PUBLIC        TMR3RLH
  D:0092H         PUBLIC        TMR3RLL
  C:2BDDH         PUBLIC        Port_IO_Init
  D:00D9H         PUBLIC        PCA0MD
  C:2B0FH         PUBLIC        Oscillator_Init
  D:00E1H         PUBLIC        XBR0
  D:00C1H         PUBLIC        SMB0CF
  D:00E2H         PUBLIC        XBR1
  D:00F1H         PUBLIC        P0MDIN
  C:2C92H         PUBLIC        UART_Init
  D:0089H         PUBLIC        TMOD
  D:0088H         PUBLIC        TCON
  D:00D4H         PUBLIC        P0SKIP
  D:0091H         PUBLIC        TMR3CN
  C:2C79H         PUBLIC        Interrupts_Init
  D:00A9H         PUBLIC        CLKSEL
  D:00B2H         PUBLIC        OSCICN
  C:2C96H         PUBLIC        SMBus_Init
  C:0026H         PUBLIC        Init_Device
  D:00B9H         PUBLIC        CLKMUL
  C:2C8BH         PUBLIC        PCA_Init
  D:008DH         PUBLIC        TH1
  D:0098H         PUBLIC        SCON0
  C:2BCAH         PUBLIC        Timer_Init
BL51 BANKED LINKER/LOCATER V5.15            09/03/2012  12:59:47  PAGE 39


  -------         PROC          PCA_INIT
  C:2C8BH         LINE#         9
  C:2C8BH         LINE#         10
  C:2C8BH         LINE#         11
  C:2C8EH         LINE#         12
  C:2C91H         LINE#         13
  -------         ENDPROC       PCA_INIT
  -------         PROC          TIMER_INIT
  C:2BCAH         LINE#         15
  C:2BCAH         LINE#         16
  C:2BCAH         LINE#         17
  C:2BCDH         LINE#         18
  C:2BD0H         LINE#         19
  C:2BD3H         LINE#         20
  C:2BD6H         LINE#         21
  C:2BD9H         LINE#         22
  C:2BDCH         LINE#         23
  -------         ENDPROC       TIMER_INIT
  -------         PROC          UART_INIT
  C:2C92H         LINE#         25
  C:2C92H         LINE#         26
  C:2C92H         LINE#         27
  C:2C95H         LINE#         28
  -------         ENDPROC       UART_INIT
  -------         PROC          SMBUS_INIT
  C:2C96H         LINE#         30
  C:2C96H         LINE#         31
  C:2C96H         LINE#         32
  C:2C99H         LINE#         33
  -------         ENDPROC       SMBUS_INIT
  -------         PROC          PORT_IO_INIT
  C:2BDDH         LINE#         35
  C:2BDDH         LINE#         36
  C:2BDDH         LINE#         59
  C:2BE0H         LINE#         60
  C:2BE3H         LINE#         61
  C:2BE6H         LINE#         62
  C:2BE9H         LINE#         63
  C:2BECH         LINE#         64
  C:2BEFH         LINE#         65
  -------         ENDPROC       PORT_IO_INIT
  -------         PROC          OSCILLATOR_INIT
  -------         DO            
  D:0006H         SYMBOL        i
  -------         ENDDO         
  C:2B0FH         LINE#         67
  C:2B0FH         LINE#         68
  C:2B0FH         LINE#         69
  C:2B12H         LINE#         70
  C:2B15H         LINE#         71
  C:2B20H         LINE#         72
  C:2B23H         LINE#         73
  C:2B28H         LINE#         74
  C:2B2BH         LINE#         75
  C:2B2EH         LINE#         76
  -------         ENDPROC       OSCILLATOR_INIT
  -------         PROC          INTERRUPTS_INIT
  C:2C79H         LINE#         78
  C:2C79H         LINE#         79
  C:2C79H         LINE#         80
  C:2C7CH         LINE#         81
  C:2C7FH         LINE#         82
  C:2C82H         LINE#         83
  -------         ENDPROC       INTERRUPTS_INIT
  -------         PROC          INIT_DEVICE
BL51 BANKED LINKER/LOCATER V5.15            09/03/2012  12:59:47  PAGE 40


  C:0026H         LINE#         87
  C:0026H         LINE#         88
  C:0026H         LINE#         89
  C:0029H         LINE#         90
  C:002CH         LINE#         91
  C:002FH         LINE#         92
  C:0032H         LINE#         93
  C:0035H         LINE#         94
  C:0038H         LINE#         95
  -------         ENDPROC       INIT_DEVICE
  -------         ENDMOD        CONFIG

  -------         MODULE        ?C?COPY
  C:0E3CH         PUBLIC        ?C?COPY
  -------         ENDMOD        ?C?COPY

  -------         MODULE        ?C?SCDIV
  C:0E62H         PUBLIC        ?C?SCDIV
  -------         ENDMOD        ?C?SCDIV

  -------         MODULE        ?C?CLDPTR
  C:0E84H         PUBLIC        ?C?CLDPTR
  -------         ENDMOD        ?C?CLDPTR

  -------         MODULE        ?C?CLDOPTR
  C:0E9DH         PUBLIC        ?C?CLDOPTR
  -------         ENDMOD        ?C?CLDOPTR

  -------         MODULE        ?C?CSTPTR
  C:0ECAH         PUBLIC        ?C?CSTPTR
  -------         ENDMOD        ?C?CSTPTR

  -------         MODULE        ?C?IMUL
  C:0EDCH         PUBLIC        ?C?IMUL
  -------         ENDMOD        ?C?IMUL

  -------         MODULE        ?C?UIDIV
  C:0EEEH         PUBLIC        ?C?UIDIV
  -------         ENDMOD        ?C?UIDIV

  -------         MODULE        ?C?SIDIV
  C:0F43H         PUBLIC        ?C?SIDIV
  -------         ENDMOD        ?C?SIDIV

  -------         MODULE        ?C?LMUL
  C:0F79H         PUBLIC        ?C?LMUL
  -------         ENDMOD        ?C?LMUL

  -------         MODULE        ?C?ULDIV
  C:1004H         PUBLIC        ?C?ULDIV
  -------         ENDMOD        ?C?ULDIV

  -------         MODULE        ?C?SLDIV
  C:28B1H         PUBLIC        ?C?SLDIV
  -------         ENDMOD        ?C?SLDIV

  -------         MODULE        ?C?ULCMP
  C:1096H         PUBLIC        ?C?ULCMP
  -------         ENDMOD        ?C?ULCMP

  -------         MODULE        ?C?LSTXDATA
  C:10A7H         PUBLIC        ?C?LSTXDATA
  -------         ENDMOD        ?C?LSTXDATA

  -------         MODULE        ?C?LSTKXDATA
BL51 BANKED LINKER/LOCATER V5.15            09/03/2012  12:59:47  PAGE 41


  C:10B3H         PUBLIC        ?C?LSTKXDATA
  -------         ENDMOD        ?C?LSTKXDATA

  -------         MODULE        ?C?CCASE
  C:10E4H         PUBLIC        ?C?CCASE
  -------         ENDMOD        ?C?CCASE

  -------         MODULE        PRINTF
  D:0049H         PUBLIC        ?_PRINTF517?BYTE
  D:0049H         PUBLIC        ?_PRINTF?BYTE
  D:0049H         PUBLIC        ?_SPRINTF517?BYTE
  D:0049H         PUBLIC        ?_SPRINTF?BYTE
  C:153AH         PUBLIC        _PRINTF
  C:153AH         PUBLIC        _PRINTF517
  C:1534H         PUBLIC        _SPRINTF
  C:1534H         PUBLIC        _SPRINTF517
  -------         ENDMOD        PRINTF

  -------         MODULE        ?C?MEMSET
  C:110AH         PUBLIC        ?C?MEMSET
  -------         ENDMOD        ?C?MEMSET

  -------         MODULE        ?C?PLDIIDATA
  C:1136H         PUBLIC        ?C?PLDIIDATA
  -------         ENDMOD        ?C?PLDIIDATA

  -------         MODULE        PUTCHAR
  C:2AA5H         PUBLIC        _PUTCHAR
  -------         ENDMOD        PUTCHAR

*** WARNING L16: UNCALLED SEGMENT, IGNORED FOR OVERLAY PROCESS
    SEGMENT: ?PR?I2C_GIVEACK?I2C_BUS

Program Size: data=110.3 xdata=873 code=11420
LINK/LOCATE RUN COMPLETE.  1 WARNING(S),  0 ERROR(S)
